******************************************************************************
             TMS320C2000 Linker PC v25.11.0                    
******************************************************************************
>> Linked Thu May 21 17:06:17 2026

OUTPUT FILE NAME:   <epwm_svm.out>
ENTRY POINT SYMBOL: "code_start"  address: 00000000


MEMORY CONFIGURATION

         name            origin    length      used     unused   attr    fill
----------------------  --------  ---------  --------  --------  ----  --------
PAGE 0:
  BEGIN                 00000000   00000002  00000002  00000000  RWIX
  RAMM0                 000000f6   0000030a  00000050  000002ba  RWIX
  RAMLS0                00008000   00000800  00000800  00000000  RWIX
  RAMLS1                00008800   00000800  00000800  00000000  RWIX
  RAMLS2                00009000   00000800  00000800  00000000  RWIX
  RAMLS3                00009800   00000800  00000800  00000000  RWIX
  RAMLS4                0000a000   00000800  00000141  000006bf  RWIX
  FLASH_BANK0_SEC0      00080000   00001000  00000000  00001000  RWIX
  FLASH_BANK0_SEC1      00081000   00001000  00000000  00001000  RWIX
  FLASH_BANK0_SEC2      00082000   00001000  00000000  00001000  RWIX
  FLASH_BANK0_SEC3      00083000   00001000  00000000  00001000  RWIX
  FLASH_BANK0_SEC4      00084000   00001000  00000000  00001000  RWIX
  FLASH_BANK0_SEC5      00085000   00001000  00000000  00001000  RWIX
  FLASH_BANK0_SEC6      00086000   00001000  00000000  00001000  RWIX
  FLASH_BANK0_SEC7      00087000   00001000  00000000  00001000  RWIX
  FLASH_BANK0_SEC8      00088000   00001000  00000000  00001000  RWIX
  FLASH_BANK0_SEC9      00089000   00001000  00000000  00001000  RWIX
  FLASH_BANK0_SEC10     0008a000   00001000  00000000  00001000  RWIX
  FLASH_BANK0_SEC11     0008b000   00001000  00000000  00001000  RWIX
  FLASH_BANK0_SEC12     0008c000   00001000  00000000  00001000  RWIX
  FLASH_BANK0_SEC13     0008d000   00001000  00000000  00001000  RWIX
  FLASH_BANK0_SEC14     0008e000   00001000  00000000  00001000  RWIX
  FLASH_BANK0_SEC15     0008f000   00001000  00000000  00001000  RWIX
  FLASH_BANK1_SEC0      00090000   00001000  00000000  00001000  RWIX
  FLASH_BANK1_SEC1      00091000   00001000  00000000  00001000  RWIX
  FLASH_BANK1_SEC2      00092000   00001000  00000000  00001000  RWIX
  FLASH_BANK1_SEC3      00093000   00001000  00000000  00001000  RWIX
  FLASH_BANK1_SEC4      00094000   00001000  00000000  00001000  RWIX
  FLASH_BANK1_SEC5      00095000   00001000  00000000  00001000  RWIX
  FLASH_BANK1_SEC6      00096000   00001000  00000000  00001000  RWIX
  FLASH_BANK1_SEC7      00097000   00001000  00000000  00001000  RWIX
  FLASH_BANK1_SEC8      00098000   00001000  00000000  00001000  RWIX
  FLASH_BANK1_SEC9      00099000   00001000  00000000  00001000  RWIX
  FLASH_BANK1_SEC10     0009a000   00001000  00000000  00001000  RWIX
  FLASH_BANK1_SEC11     0009b000   00001000  00000000  00001000  RWIX
  FLASH_BANK1_SEC12     0009c000   00001000  00000000  00001000  RWIX
  FLASH_BANK1_SEC13     0009d000   00001000  00000000  00001000  RWIX
  FLASH_BANK1_SEC14     0009e000   00001000  00000000  00001000  RWIX
  FLASH_BANK1_SEC15     0009f000   00001000  00000000  00001000  RWIX
  RESET                 003fffc0   00000002  00000000  00000002  RWIX

PAGE 1:
  BOOT_RSVD             00000002   000000f1  00000000  000000f1  RWIX
  RAMM1                 00000400   000003f8  000003f8  00000000  RWIX
  RAMLS5                0000a800   00000800  00000800  00000000  RWIX
  RAMLS6                0000b000   00000800  00000800  00000000  RWIX
  RAMLS7                0000b800   00000800  00000000  00000800  RWIX
  RAMGS0                0000c000   00002000  00000258  00001da8  RWIX
  RAMGS1                0000e000   00002000  00000000  00002000  RWIX
  RAMGS2                00010000   00002000  00000c46  000013ba  RWIX
  RAMGS3                00012000   00001ff8  00000000  00001ff8  RWIX


SECTION ALLOCATION MAP

 output                                  attributes/
section   page    origin      length       input sections
--------  ----  ----------  ----------   ----------------
codestart 
*          0    00000000    00000002     
                  00000000    00000002     f28004x_codestartbranch.obj (codestart)

.TI.ramfunc 
*          0    000000f6    00000004     
                  000000f6    00000004     driverlib_eabi.lib : sysctl.obj (.TI.ramfunc)

.cinit     0    000000fa    0000004c     
                  000000fa    0000001c     (.cinit..data.2.load) [load image, compression = lzss]
                  00000116    0000000c     (.cinit..data.1.load) [load image, compression = lzss]
                  00000122    0000000a     (.cinit..data.3.load) [load image, compression = lzss]
                  0000012c    00000006     (__TI_handler_table)
                  00000132    00000004     (.cinit.ramgs0.load) [load image, compression = zero_init]
                  00000136    00000010     (__TI_cinit_table)

.reset     0    003fffc0    00000000     DSECT

.stack     1    00000400    000003f8     UNINITIALIZED
                  00000400    000003f8     --HOLE--

.init_array 
*          0    000000f6    00000000     UNINITIALIZED

ramgs0     1    0000c000    00000258     UNINITIALIZED
                  0000c000    00000258     sopwm.obj (ramgs0)

.text.1    0    00008000    00000800     
                  00008000    000002e9     board.obj (.text:EPWM_init)
                  000082e9    00000172     signalsight.obj (.text:SIGNALSIGHT_sendPlotData)
                  0000845b    0000011a     sopwm.obj (.text:SOPWM_BuildSchedule)
                  00008575    000000e2     signalsight.obj (.text:EXPORTPACKAGE_takeActionOnMessage)
                  00008657    000000e0     device.obj (.text:Device_enableAllPeripherals)
                  00008737    000000c8     sopwm.obj (.text:SOPWM_GetAngles)
                  000087ff    00000001     export.obj (.text:EXPORT_init)

.text.2    0    00008800    00000800     
                  00008800    000000d0     signalsight.obj (.text:SIGNALSIGHT_queueUpStreamData)
                  000088d0    000000c8     driverlib_eabi.lib : sysctl.obj (.text:SysCtl_setClock)
                  00008998    000000bd                        : sysctl.obj (.text:SysCtl_isPLLValid)
                  00008a55    000000b2     sopwm.obj (.text:sopwm_build_phase)
                  00008b07    0000009d     driverlib_eabi.lib : dma.obj (.text:DMA_configMode)
                  00008ba4    0000007f                        : interrupt.obj (.text:Interrupt_clearIFR)
                  00008c23    00000075     board.obj (.text:EPWM_setADCTriggerSource)
                  00008c98    00000073     driverlib_eabi.lib : sysctl.obj (.text:DCC_setCounterSeeds)
                  00008d0b    00000072     board.obj (.text:PinMux_init)
                  00008d7d    00000071     main.obj (.text:epwm1ISR)
                  00008dee    00000064     main.obj (.text:main)
                  00008e52    0000005e     driverlib_eabi.lib : sysctl.obj (.text:SysCtl_getClock)
                  00008eb0    00000056     export.obj (.text:INT_myMCUSignalSight0_transferLayer_SCI_RX_ISR)
                  00008f06    00000052     driverlib_eabi.lib : gpio.obj (.text:GPIO_setPadConfig)
                  00008f58    00000051     device.obj (.text:Device_init)
                  00008fa9    0000004e     driverlib_eabi.lib : interrupt.obj (.text:Interrupt_disable)
                  00008ff7    00000009     board.obj (.text:DMA_init)

.text.3    0    00009000    00000800     
                  00009000    0000004d     driverlib_eabi.lib : sysctl.obj (.text:SysCtl_selectOscSource)
                  0000904d    0000004b     board.obj (.text:EPWM_setInterruptSource)
                  00009098    00000048     signalsight.obj (.text:SIGNALSIGHT_capturePlotData)
                  000090e0    00000046     driverlib_eabi.lib : dma.obj (.text:DMA_configWrap)
                  00009126    00000045                        : sci.obj (.text:SCI_clearInterruptStatus)
                  0000916b    00000044                        : sci.obj (.text:SCI_enableInterrupt)
                  000091af    00000043     board.obj (.text:myMCUSignalSight0_transferLayer_SCI_init)
                  000091f2    00000040     board.obj (.text:EPWM_setActionQualifierAction)
                  00009232    00000040     driverlib_eabi.lib : sysctl.obj (.text:SysCtl_pollX1Counter)
                  00009272    00000040                        : sysctl.obj (.text:SysCtl_selectXTAL)
                  000092b2    0000003e     board.obj (.text:EPWM_setCounterCompareShadowLoadMode)
                  000092f0    0000003e     driverlib_eabi.lib : sci.obj (.text:SCI_setConfig)
                  0000932e    0000003d                        : interrupt.obj (.text:Interrupt_initModule)
                  0000936b    0000003c                        : dma.obj (.text:DMA_configTransfer)
                  000093a7    0000003c     export_package.obj (.text:EXPORTPACKAGE_sendFloatArrayAsByteArray)
                  000093e3    0000003c     export.obj (.text:INT_myMCUSignalSight0_transferLayer_SCI_TX_ISR)
                  0000941f    0000003a     board.obj (.text:EPWM_setADCTriggerEventPrescale)
                  00009459    0000003a     board.obj (.text:EPWM_setActionQualifierShadowLoadMode)
                  00009493    0000003a     driverlib_eabi.lib : gpio.obj (.text:GPIO_setAnalogMode)
                  000094cd    00000039     board.obj (.text:myDMA0_init)
                  00009506    00000039     board.obj (.text:myDMA1_init)
                  0000953f    00000039     board.obj (.text:myDMA2_init)
                  00009578    00000037     driverlib_eabi.lib : dma.obj (.text:DMA_configBurst)
                  000095af    00000037                        : gpio.obj (.text:GPIO_setPinConfig)
                  000095e6    00000037                        : gpio.obj (.text:GPIO_setQualificationMode)
                  0000961d    00000037                        : interrupt.obj (.text:Interrupt_enable)
                  00009654    00000031                        : gpio.obj (.text:GPIO_setDirectionMode)
                  00009685    0000002e     rts2800_fpu32_eabi.lib : copy_decompress_lzss.c.obj (.text:decompress:lzss)
                  000096b3    0000002c     board.obj (.text:EPWM_setDeadBandDelayMode)
                  000096df    0000002b     board.obj (.text:EPWM_isBaseValid)
                  0000970a    0000002b     main.obj (.text:EPWM_isBaseValid)
                  00009735    0000002b     rts2800_fpu32_eabi.lib : autoinit.c.obj (.text:__TI_auto_init_nobinit_nopinit)
                  00009760    00000029                            : exit.c.obj (.text)
                  00009789    00000028     board.obj (.text:EPWM_setInterruptEventCount)
                  000097b1    00000027     board.obj (.text:EPWM_setSyncOutPulseMode)
                  000097d8    00000027     board.obj (.text:SysCtl_setSyncInputConfig)
                  000097ff    00000001     rts2800_fpu32_eabi.lib : startup.c.obj (.text)

.text.4    0    00009800    00000800     
                  00009800    00000026     board.obj (.text:SCI_setFIFOInterruptLevel)
                  00009826    00000025     driverlib_eabi.lib : dma.obj (.text:DMA_configAddresses)
                  0000984b    00000025     main.obj (.text:GPIO_writePin)
                  00009870    00000025     driverlib_eabi.lib : sysctl.obj (.text:SysCtl_selectXTALSingleEnded)
                  00009895    00000024                        : sysctl.obj (.text:DCC_enableSingleShotMode)
                  000098b9    00000024     board.obj (.text:EPWM_setDeadBandDelayPolarity)
                  000098dd    00000023     board.obj (.text:DMA_isBaseValid)
                  00009900    00000023     driverlib_eabi.lib : dma.obj (.text:DMA_isBaseValid)
                  00009923    00000023     main.obj (.text:DMA_isBaseValid)
                  00009946    00000022     board.obj (.text:EPWM_setCounterCompareValue)
                  00009968    00000021     transfer_utils.obj (.text:f32toBytes)
                  00009989    00000020     board.obj (.text:XBAR_setInputPin)
                  000099a9    00000020     rts2800_fpu32_eabi.lib : memcpy.c.obj (.text)
                  000099c9    0000001f     board.obj (.text:EPWM_setFallingEdgeDelayCountShadowLoadMode)
                  000099e8    0000001f     board.obj (.text:EPWM_setRisingEdgeDelayCountShadowLoadMode)
                  00009a07    0000001f     export_package.obj (.text:EXPORT_receivedData)
                  00009a26    0000001e     driverlib_eabi.lib : sysctl.obj (.text:DCC_setCounter1ClkSource)
                  00009a44    0000001e     board.obj (.text:EPWM_setPhaseShift)
                  00009a62    0000001e     driverlib_eabi.lib : interrupt.obj (.text:Interrupt_initVectorTable)
                  00009a80    0000001e     board.obj (.text:SYNC_init)
                  00009a9e    0000001d     board.obj (.text:EPWM_setFallingEdgeDelayCount)
                  00009abb    0000001d     board.obj (.text:EPWM_setRisingEdgeDelayCount)
                  00009ad8    0000001d     board.obj (.text:SCI_enableFIFO)
                  00009af5    0000001d     sopwm.obj (.text:SOPWM_InitSchedule)
                  00009b12    0000001c     driverlib_eabi.lib : sysctl.obj (.text:DCC_setCounter0ClkSource)
                  00009b2e    0000001c     board.obj (.text:EPWM_enableADCTrigger)
                  00009b4a    0000001c     board.obj (.text:EPWM_setClockPrescaler)
                  00009b66    0000001b     board.obj (.text:EPWM_setDeadBandControlShadowLoadMode)
                  00009b81    0000001a     driverlib_eabi.lib : sysctl.obj (.text:SysCtl_getLowSpeedClock)
                  00009b9b    00000019     board.obj (.text:INTERRUPT_init)
                  00009bb4    00000019     export.obj (.text:SCI_writeCharBlockingFIFO)
                  00009bcd    00000018     board.obj (.text:EPWM_disableDeadBandControlShadowLoadMode)
                  00009be5    00000018     board.obj (.text:EPWM_disableFallingEdgeDelayCountShadowLoadMode)
                  00009bfd    00000018     board.obj (.text:EPWM_disableRisingEdgeDelayCountShadowLoadMode)
                  00009c15    00000018     driverlib_eabi.lib : sci.obj (.text:SCI_disableModule)
                  00009c2d    00000018     board.obj (.text:SCI_performSoftwareReset)
                  00009c45    00000018     driverlib_eabi.lib : sci.obj (.text:SCI_performSoftwareReset)
                  00009c5d    00000018     board.obj (.text:SCI_resetChannels)
                  00009c75    00000018     board.obj (.text:SCI_resetRxFIFO)
                  00009c8d    00000018     board.obj (.text:SCI_resetTxFIFO)
                  00009ca5    00000018     main.obj (.text:SysCtl_disablePeripheral)
                  00009cbd    00000017     device.obj (.text:SysCtl_enablePeripheral)
                  00009cd4    00000017     driverlib_eabi.lib : sysctl.obj (.text:SysCtl_enablePeripheral)
                  00009ceb    00000017     main.obj (.text:SysCtl_enablePeripheral)
                  00009d02    00000017     rts2800_fpu32_eabi.lib : boot28.asm.obj (.text)
                  00009d19    00000016     driverlib_eabi.lib : sysctl.obj (.text:DCC_disableDoneSignal)
                  00009d2f    00000016                        : sysctl.obj (.text:DCC_enableDoneSignal)
                  00009d45    00000016                        : interrupt.obj (.text:Interrupt_defaultHandler)
                  00009d5b    00000015                        : sysctl.obj (.text:DCC_clearDoneFlag)
                  00009d70    00000015                        : sysctl.obj (.text:DCC_clearErrorFlag)
                  00009d85    00000015                        : sysctl.obj (.text:DCC_disableErrorSignal)
                  00009d9a    00000015                        : sysctl.obj (.text:DCC_enableErrorSignal)
                  00009daf    00000015     board.obj (.text:DMA_setEmulationMode)
                  00009dc4    00000015     main.obj (.text:DMA_startChannel)
                  00009dd9    00000015     board.obj (.text:DMA_stopChannel)
                  00009dee    00000015     device.obj (.text:GPIO_unlockPortConfig)
                  00009e03    00000014     driverlib_eabi.lib : sysctl.obj (.text:DCC_disableModule)
                  00009e17    00000014                        : sysctl.obj (.text:DCC_enableModule)
                  00009e2b    00000014     board.obj (.text:EPWM_setTimeBaseCounterMode)
                  00009e3f    00000014     board.obj (.text:EPWM_setTimeBasePeriod)
                  00009e53    00000014     driverlib_eabi.lib : gpio.obj (.text:GPIO_isPinValid)
                  00009e67    00000014     main.obj (.text:GPIO_isPinValid)
                  00009e7b    00000014     export.obj (.text:SCI_getTxFIFOStatus)
                  00009e8f    00000014     device.obj (.text:SysCtl_deviceCal)
                  00009ea3    00000013     board.obj (.text:DMA_enableTrigger)
                  00009eb6    00000013     main.obj (.text:EPWM_clearEventTriggerInterruptFlag)
                  00009ec9    00000013     board.obj (.text:EPWM_enableInterrupt)
                  00009edc    00000013     board.obj (.text:SCI_clearOverflowStatus)
                  00009eef    00000013     export.obj (.text:SCI_clearOverflowStatus)
                  00009f02    00000013     board.obj (.text:SCI_enableModule)
                  00009f15    00000013     driverlib_eabi.lib : sci.obj (.text:SCI_enableModule)
                  00009f28    00000013     board.obj (.text:SCI_isBaseValid)
                  00009f3b    00000013     driverlib_eabi.lib : sci.obj (.text:SCI_isBaseValid)
                  00009f4e    00000013     export.obj (.text:SCI_isBaseValid)
                  00009f61    00000012     board.obj (.text:EPWM_setTimeBaseCounter)
                  00009f73    00000012     signalsight.obj (.text:SIGNALSIGHT_sendAcknowledge)
                  00009f85    00000012     board.obj (.text:SysCtl_setSyncOutputConfig)
                  00009f97    00000012     rts2800_fpu32_eabi.lib : args_main.c.obj (.text)
                  00009fa9    00000011     board.obj (.text:Board_init)
                  00009fba    00000011     board.obj (.text:EPWM_disablePhaseShiftLoad)
                  00009fcb    00000011     board.obj (.text:EPWM_enablePhaseShiftLoad)
                  00009fdc    00000011     board.obj (.text:SCI_disableLoopback)
                  00009fed    00000011     export.obj (.text:SCI_readCharNonBlocking)
                  00009ffe    00000002     rts2800_fpu32_eabi.lib : pre_init.c.obj (.text)

.text.5    0    0000a000    00000141     
                  0000a000    00000011     sopwm.obj (.text:SOPWM_schedISR)
                  0000a011    00000010     driverlib_eabi.lib : sysctl.obj (.text:DCC_isBaseValid)
                  0000a021    00000010     device.obj (.text:Device_initGPIO)
                  0000a031    0000000f     device.obj (.text:ASysCtl_disableDCDC)
                  0000a040    0000000f     board.obj (.text:Interrupt_register)
                  0000a04f    0000000f     main.obj (.text:Interrupt_register)
                  0000a05e    0000000e     signalsight.obj (.text:SIGNALSIGHT_getVariableAddressAtHashIndex)
                  0000a06c    0000000d     driverlib_eabi.lib : interrupt.obj (.text:Interrupt_disableGlobal)
                  0000a079    0000000d                        : interrupt.obj (.text:Interrupt_enableGlobal)
                  0000a086    0000000d     device.obj (.text:SysCtl_setLowSpeedClock)
                  0000a093    0000000d     rts2800_fpu32_eabi.lib : copy_zero_init.c.obj (.text:decompress:ZI:__TI_zero_init_nomemset)
                  0000a0a0    0000000c     board.obj (.text:SysCtl_enableExtADCSOCSource)
                  0000a0ac    0000000b     device.obj (.text:SysCtl_disableWatchdog)
                  0000a0b7    0000000b     driverlib_eabi.lib : sysctl.obj (.text:SysCtl_isMCDClockFailureDetected)
                  0000a0c2    0000000a     board.obj (.text:DMA_initController)
                  0000a0cc    0000000a     driverlib_eabi.lib : interrupt.obj (.text:Interrupt_illegalOperationHandler)
                  0000a0d6    0000000a                        : interrupt.obj (.text:Interrupt_nmiHandler)
                  0000a0e0    00000009     export.obj (.text:EXPORT_transmitCharBlocking)
                  0000a0e9    00000009     signalsight.obj (.text:SIGNALSIGHT_resetStates)
                  0000a0f2    00000009     rts2800_fpu32_eabi.lib : _lock.c.obj (.text)
                  0000a0fb    00000008                            : copy_decompress_none.c.obj (.text:decompress:none)
                  0000a103    00000008     f28004x_codestartbranch.obj (.text)
                  0000a10b    00000007     driverlib_eabi.lib : sysctl.obj (.text:SysCtl_resetMCD)
                  0000a112    00000007     device.obj (.text:__error__)
                  0000a119    00000006     export.obj (.text:Interrupt_clearACKGroup)
                  0000a11f    00000006     main.obj (.text:Interrupt_clearACKGroup)
                  0000a125    00000005     board.obj (.text:INPUTXBAR_init)
                  0000a12a    00000005     signalsight.obj (.text:SIGNALSIGHT_init)
                  0000a12f    00000005     sopwm.obj (.text:SOPWM_CommitSchedule)
                  0000a134    00000005     board.obj (.text:myINPUTXBARINPUT0_init)
                  0000a139    00000005     board.obj (.text:myINPUTXBARINPUT1_init)
                  0000a13e    00000003     board.obj (.text:SCI_init)

.const.1   1    0000a800    000007d6     
                  0000a800    00000578     sopwm.obj (.const:SOPWM_LUT_N15)
                  0000ad78    00000258     sopwm.obj (.const:SOPWM_LUT_N7)
                  0000afd0    00000006     sopwm.obj (.const:SOPWM_PHASE_OFFSET_DEG)

.data.1    1    0000afd6    0000002a     UNINITIALIZED
                  0000afd6    00000020     sopwm.obj (.data)
                  0000aff6    0000000a     signalsight.obj (.data)

.const.2   1    0000b000    000007d0     
                  0000b000    000004b0     sopwm.obj (.const:SOPWM_LUT_N13)
                  0000b4b0    00000320     sopwm.obj (.const:SOPWM_LUT_N9)

.data.2    1    0000b7d0    00000030     UNINITIALIZED
                  0000b7d0    00000012     signalsight_hash.obj (.data:SSHASH_hash_table)
                  0000b7e2    00000010     export.obj (.data:exportRXData)
                  0000b7f2    00000006     rts2800_fpu32_eabi.lib : exit.c.obj (.data)
                  0000b7f8    00000004     signalsight.obj (.data:SS_currentPlotHashIndices)
                  0000b7fc    00000004     signalsight.obj (.data:SS_streamToggleStates)

.const.3   1    00010000    00000920     
                  00010000    000003e8     sopwm.obj (.const:SOPWM_LUT_N11)
                  000103e8    00000114     board.obj (.const:.string)
                  000104fc    000000cf     main.obj (.const:.string)
                  000105cb    00000001     --HOLE-- [fill = 0]
                  000105cc    0000009a     driverlib_eabi.lib : sysctl.obj (.const:.string)
                  00010666    00000098                        : gpio.obj (.const:.string)
                  000106fe    00000097                        : dma.obj (.const:.string)
                  00010795    00000001     --HOLE-- [fill = 0]
                  00010796    00000097                        : sci.obj (.const:.string)
                  0001082d    00000001     --HOLE-- [fill = 0]
                  0001082e    0000005b     device.obj (.const:.string)
                  00010889    00000001     --HOLE-- [fill = 0]
                  0001088a    00000051     driverlib_eabi.lib : interrupt.obj (.const:.string)
                  000108db    00000001     --HOLE-- [fill = 0]
                  000108dc    00000044     export.obj (.const:.string)

.data.3    1    00010920    00000326     UNINITIALIZED
                  00010920    00000064     signalsight.obj (.data:SS_streamA_buffer2)
                  00010984    00000064     signalsight.obj (.data:SS_streamA_buffer)
                  000109e8    00000064     signalsight.obj (.data:SS_streamB_buffer2)
                  00010a4c    00000064     signalsight.obj (.data:SS_streamB_buffer)
                  00010ab0    00000064     signalsight.obj (.data:SS_streamC_buffer2)
                  00010b14    00000064     signalsight.obj (.data:SS_streamC_buffer)
                  00010b78    00000064     signalsight.obj (.data:SS_streamD_buffer2)
                  00010bdc    00000064     signalsight.obj (.data:SS_streamD_buffer)
                  00010c40    00000002     rts2800_fpu32_eabi.lib : _lock.c.obj (.data:_lock)
                  00010c42    00000002                            : _lock.c.obj (.data:_unlock)
                  00010c44    00000002     main.obj (.data)

MODULE SUMMARY

       Module                        code   ro data   rw data
       ------                        ----   -------   -------
    .\
       main.obj                      456    207       2      
    +--+-----------------------------+------+---------+---------+
       Total:                        456    207       2      
                                                             
    .\device\
       device.obj                    431    91        0      
       f28004x_codestartbranch.obj   10     0         0      
    +--+-----------------------------+------+---------+---------+
       Total:                        441    91        0      
                                                             
    .\pwm\sopwm\
       sopwm.obj                     711    5006      632    
    +--+-----------------------------+------+---------+---------+
       Total:                        711    5006      632    
                                                             
    .\syscfg\
       board.obj                     2741   276       0      
       transfer_utils.obj            33     0         0      
    +--+-----------------------------+------+---------+---------+
       Total:                        2774   276       0      
                                                             
    .\syscfg\export\
       export.obj                    262    68        16     
       export_package.obj            91     0         0      
    +--+-----------------------------+------+---------+---------+
       Total:                        353    68        16     
                                                             
    .\syscfg\signalsight\
       signalsight.obj               922    0         818    
       signalsight_hash.obj          0      0         18     
    +--+-----------------------------+------+---------+---------+
       Total:                        922    0         836    
                                                             
    C:\ti\c2000\C2000Ware_26_00_00_00\driverlib\f28004x\driverlib\ccs\Debug\driverlib_eabi.lib
       sysctl.obj                    1189   154       0      
       dma.obj                       414    151       0      
       interrupt.obj                 419    81        0      
       gpio.obj                      319    152       0      
       sci.obj                       285    151       0      
    +--+-----------------------------+------+---------+---------+
       Total:                        2626   689       0      
                                                             
    C:\ti\ccs2050\ccs\tools\compiler\ti-cgt-c2000_25.11.0.LTS\lib\rts2800_fpu32_eabi.lib
       exit.c.obj                    41     0         6      
       copy_decompress_lzss.c.obj    46     0         0      
       autoinit.c.obj                43     0         0      
       memcpy.c.obj                  32     0         0      
       boot28.asm.obj                23     0         0      
       args_main.c.obj               18     0         0      
       _lock.c.obj                   9      0         4      
       copy_zero_init.c.obj          13     0         0      
       copy_decompress_none.c.obj    8      0         0      
       pre_init.c.obj                2      0         0      
       startup.c.obj                 1      0         0      
    +--+-----------------------------+------+---------+---------+
       Total:                        236    0         10     
                                                             
       Stack:                        0      0         1016   
       Linker Generated:             0      76        0      
    +--+-----------------------------+------+---------+---------+
       Grand Total:                  8519   6413      2512   


LINKER GENERATED COPY TABLES

__TI_cinit_table @ 00000136 records: 4, size/record: 4, table size: 16
	.data.2: load addr=000000fa, load size=0000001c bytes, run addr=0000b7d0, run size=00000030 bytes, compression=lzss
	.data.1: load addr=00000116, load size=0000000c bytes, run addr=0000afd6, run size=0000002a bytes, compression=lzss
	.data.3: load addr=00000122, load size=0000000a bytes, run addr=00010920, run size=00000326 bytes, compression=lzss
	ramgs0: load addr=00000132, load size=00000004 bytes, run addr=0000c000, run size=00000258 bytes, compression=zero_init


LINKER GENERATED HANDLER TABLE

__TI_handler_table @ 0000012c records: 3, size/record: 2, table size: 6
	index: 0, handler: __TI_decompress_lzss
	index: 1, handler: __TI_decompress_none
	index: 2, handler: __TI_zero_init


GLOBAL DATA SYMBOLS: SORTED BY DATA PAGE

address     data page           name
--------    ----------------    ----
00000400      10 (00000400)     __stack

0000a800     2a0 (0000a800)     SOPWM_LUT_N15

0000ad78     2b5 (0000ad40)     SOPWM_LUT_N7

0000afd9     2bf (0000afc0)     sopwm_num_angles
0000afda     2bf (0000afc0)     sopwm_sched_active
0000afdb     2bf (0000afc0)     sopwm_fund_tick
0000afdc     2bf (0000afc0)     sopwm_init_done
0000afdd     2bf (0000afc0)     sopwm_lut_n_base
0000afde     2bf (0000afc0)     sopwm_build_count
0000afe4     2bf (0000afc0)     sopwm_m
0000afe6     2bf (0000afc0)     sopwm_theta
0000afe8     2bf (0000afc0)     sopwm_angle1
0000afea     2bf (0000afc0)     sopwm_angle2
0000afec     2bf (0000afc0)     sopwm_angle3
0000afee     2bf (0000afc0)     sopwm_angle4
0000aff0     2bf (0000afc0)     sopwm_angle5
0000aff2     2bf (0000afc0)     sopwm_angle6
0000aff4     2bf (0000afc0)     sopwm_angle7
0000aff6     2bf (0000afc0)     SS_currentStreamState
0000aff7     2bf (0000afc0)     SS_nextTxCMD
0000aff8     2bf (0000afc0)     SS_bufferElementIndex
0000aff9     2bf (0000afc0)     SS_bufferIsFull
0000affa     2bf (0000afc0)     SS_streamDataSkips
0000affb     2bf (0000afc0)     SS_initiallyClearBuffer
0000affc     2bf (0000afc0)     SS_bufferElementIndex2
0000affd     2bf (0000afc0)     SS_bufferIsFull2
0000affe     2bf (0000afc0)     SS_writeBuffer1readBuffer2
0000afff     2bf (0000afc0)     SS_streamDataSkips2

0000b000     2c0 (0000b000)     SOPWM_LUT_N13

0000b4b0     2d2 (0000b480)     SOPWM_LUT_N9

0000b7d0     2df (0000b7c0)     SSHASH_hash_table
0000b7e2     2df (0000b7c0)     exportRXData
0000b7f2     2df (0000b7c0)     __TI_enable_exit_profile_output
0000b7f4     2df (0000b7c0)     __TI_cleanup_ptr
0000b7f6     2df (0000b7c0)     __TI_dtors_ptr
0000b7f8     2df (0000b7c0)     SS_currentPlotHashIndices
0000b7fc     2df (0000b7c0)     SS_streamToggleStates

0000c000     300 (0000c000)     sopwm_sched

00010000     400 (00010000)     SOPWM_LUT_N11

00010920     424 (00010900)     SS_streamA_buffer2

00010984     426 (00010980)     SS_streamA_buffer

000109e8     427 (000109c0)     SS_streamB_buffer2

00010a4c     429 (00010a40)     SS_streamB_buffer

00010ab0     42a (00010a80)     SS_streamC_buffer2

00010b14     42c (00010b00)     SS_streamC_buffer

00010b78     42d (00010b40)     SS_streamD_buffer2

00010bdc     42f (00010bc0)     SS_streamD_buffer

00010c40     431 (00010c40)     _lock
00010c42     431 (00010c40)     _unlock
00010c44     431 (00010c40)     sopwm_m_cmd


GLOBAL SYMBOLS: SORTED ALPHABETICALLY BY Name 

page  address   name                                          
----  -------   ----                                          
0     00009fa9  Board_init                                    
0     00009760  C$$EXIT                                       
0     00009826  DMA_configAddresses                           
0     00009578  DMA_configBurst                               
0     00008b07  DMA_configMode                                
0     0000936b  DMA_configTransfer                            
0     000090e0  DMA_configWrap                                
0     00008ff7  DMA_init                                      
0     00008657  Device_enableAllPeripherals                   
0     00008f58  Device_init                                   
0     0000a021  Device_initGPIO                               
0     00008000  EPWM_init                                     
0     000093a7  EXPORTPACKAGE_sendFloatArrayAsByteArray       
0     00008575  EXPORTPACKAGE_takeActionOnMessage             
0     000087ff  EXPORT_init                                   
0     00009a07  EXPORT_receivedData                           
0     0000a0e0  EXPORT_transmitCharBlocking                   
0     00009493  GPIO_setAnalogMode                            
0     00009654  GPIO_setDirectionMode                         
0     00008f06  GPIO_setPadConfig                             
0     000095af  GPIO_setPinConfig                             
0     000095e6  GPIO_setQualificationMode                     
0     0000a125  INPUTXBAR_init                                
0     00009b9b  INTERRUPT_init                                
0     00008eb0  INT_myMCUSignalSight0_transferLayer_SCI_RX_ISR
0     000093e3  INT_myMCUSignalSight0_transferLayer_SCI_TX_ISR
0     00009d45  Interrupt_defaultHandler                      
0     00008fa9  Interrupt_disable                             
0     0000961d  Interrupt_enable                              
0     0000a0cc  Interrupt_illegalOperationHandler             
0     0000932e  Interrupt_initModule                          
0     00009a62  Interrupt_initVectorTable                     
0     0000a0d6  Interrupt_nmiHandler                          
0     00008d0b  PinMux_init                                   
0     00009126  SCI_clearInterruptStatus                      
0     0000916b  SCI_enableInterrupt                           
0     0000a13e  SCI_init                                      
0     000092f0  SCI_setConfig                                 
0     00009098  SIGNALSIGHT_capturePlotData                   
0     0000a05e  SIGNALSIGHT_getVariableAddressAtHashIndex     
0     0000a12a  SIGNALSIGHT_init                              
0     00008800  SIGNALSIGHT_queueUpStreamData                 
0     0000a0e9  SIGNALSIGHT_resetStates                       
0     00009f73  SIGNALSIGHT_sendAcknowledge                   
0     000082e9  SIGNALSIGHT_sendPlotData                      
0     0000845b  SOPWM_BuildSchedule                           
0     0000a12f  SOPWM_CommitSchedule                          
0     00009af5  SOPWM_InitSchedule                            
1     00010000  SOPWM_LUT_N11                                 
1     0000b000  SOPWM_LUT_N13                                 
1     0000a800  SOPWM_LUT_N15                                 
1     0000ad78  SOPWM_LUT_N7                                  
1     0000b4b0  SOPWM_LUT_N9                                  
0     0000a000  SOPWM_schedISR                                
1     0000b7d0  SSHASH_hash_table                             
1     0000aff8  SS_bufferElementIndex                         
1     0000affc  SS_bufferElementIndex2                        
1     0000aff9  SS_bufferIsFull                               
1     0000affd  SS_bufferIsFull2                              
1     0000b7f8  SS_currentPlotHashIndices                     
1     0000aff6  SS_currentStreamState                         
1     0000affb  SS_initiallyClearBuffer                       
1     0000aff7  SS_nextTxCMD                                  
1     00010984  SS_streamA_buffer                             
1     00010920  SS_streamA_buffer2                            
1     00010a4c  SS_streamB_buffer                             
1     000109e8  SS_streamB_buffer2                            
1     00010b14  SS_streamC_buffer                             
1     00010ab0  SS_streamC_buffer2                            
1     00010bdc  SS_streamD_buffer                             
1     00010b78  SS_streamD_buffer2                            
1     0000affa  SS_streamDataSkips                            
1     0000afff  SS_streamDataSkips2                           
1     0000b7fc  SS_streamToggleStates                         
1     0000affe  SS_writeBuffer1readBuffer2                    
0     00009a80  SYNC_init                                     
0     000000f6  SysCtl_delay                                  
0     00008e52  SysCtl_getClock                               
0     00009b81  SysCtl_getLowSpeedClock                       
0     00008998  SysCtl_isPLLValid                             
0     00009000  SysCtl_selectOscSource                        
0     00009272  SysCtl_selectXTAL                             
0     00009870  SysCtl_selectXTALSingleEnded                  
0     000088d0  SysCtl_setClock                               
0     00000136  __TI_CINIT_Base                               
0     00000146  __TI_CINIT_Limit                              
0     00000146  __TI_CINIT_Warm                               
0     0000012c  __TI_Handler_Table_Base                       
0     00000132  __TI_Handler_Table_Limit                      
1     000007f8  __TI_STACK_END                                
abs   000003f8  __TI_STACK_SIZE                               
0     00009735  __TI_auto_init_nobinit_nopinit                
1     0000b7f4  __TI_cleanup_ptr                              
0     00009685  __TI_decompress_lzss                          
0     0000a0fb  __TI_decompress_none                          
1     0000b7f6  __TI_dtors_ptr                                
1     0000b7f2  __TI_enable_exit_profile_output               
abs   ffffffff  __TI_pprof_out_hndl                           
abs   ffffffff  __TI_prof_data_size                           
abs   ffffffff  __TI_prof_data_start                          
0     0000a093  __TI_zero_init_nomemset                       
abs   ffffffff  __c_args__                                    
0     0000a112  __error__                                     
1     00000400  __stack                                       
0     00009f97  _args_main                                    
0     00009d02  _c_int00                                      
1     00010c40  _lock                                         
0     0000a0fa  _nop                                          
0     0000a0f6  _register_lock                                
0     0000a0f2  _register_unlock                              
0     000097ff  _system_post_cinit                            
0     00009ffe  _system_pre_init                              
1     00010c42  _unlock                                       
0     00009760  abort                                         
0     00000000  code_start                                    
0     00008d7d  epwm1ISR                                      
0     00009762  exit                                          
1     0000b7e2  exportRXData                                  
0     00009968  f32toBytes                                    
0     00008dee  main                                          
0     000099a9  memcpy                                        
0     000094cd  myDMA0_init                                   
0     00009506  myDMA1_init                                   
0     0000953f  myDMA2_init                                   
0     0000a134  myINPUTXBARINPUT0_init                        
0     0000a139  myINPUTXBARINPUT1_init                        
0     000091af  myMCUSignalSight0_transferLayer_SCI_init      
1     0000afe8  sopwm_angle1                                  
1     0000afea  sopwm_angle2                                  
1     0000afec  sopwm_angle3                                  
1     0000afee  sopwm_angle4                                  
1     0000aff0  sopwm_angle5                                  
1     0000aff2  sopwm_angle6                                  
1     0000aff4  sopwm_angle7                                  
1     0000afde  sopwm_build_count                             
1     0000afdb  sopwm_fund_tick                               
1     0000afdc  sopwm_init_done                               
1     0000afdd  sopwm_lut_n_base                              
1     0000afe4  sopwm_m                                       
1     00010c44  sopwm_m_cmd                                   
1     0000afd9  sopwm_num_angles                              
1     0000c000  sopwm_sched                                   
1     0000afda  sopwm_sched_active                            
1     0000afe6  sopwm_theta                                   


GLOBAL SYMBOLS: SORTED BY Symbol Address 

page  address   name                                          
----  -------   ----                                          
0     00000000  code_start                                    
0     000000f6  SysCtl_delay                                  
0     0000012c  __TI_Handler_Table_Base                       
0     00000132  __TI_Handler_Table_Limit                      
0     00000136  __TI_CINIT_Base                               
0     00000146  __TI_CINIT_Limit                              
0     00000146  __TI_CINIT_Warm                               
0     00008000  EPWM_init                                     
0     000082e9  SIGNALSIGHT_sendPlotData                      
0     0000845b  SOPWM_BuildSchedule                           
0     00008575  EXPORTPACKAGE_takeActionOnMessage             
0     00008657  Device_enableAllPeripherals                   
0     000087ff  EXPORT_init                                   
0     00008800  SIGNALSIGHT_queueUpStreamData                 
0     000088d0  SysCtl_setClock                               
0     00008998  SysCtl_isPLLValid                             
0     00008b07  DMA_configMode                                
0     00008d0b  PinMux_init                                   
0     00008d7d  epwm1ISR                                      
0     00008dee  main                                          
0     00008e52  SysCtl_getClock                               
0     00008eb0  INT_myMCUSignalSight0_transferLayer_SCI_RX_ISR
0     00008f06  GPIO_setPadConfig                             
0     00008f58  Device_init                                   
0     00008fa9  Interrupt_disable                             
0     00008ff7  DMA_init                                      
0     00009000  SysCtl_selectOscSource                        
0     00009098  SIGNALSIGHT_capturePlotData                   
0     000090e0  DMA_configWrap                                
0     00009126  SCI_clearInterruptStatus                      
0     0000916b  SCI_enableInterrupt                           
0     000091af  myMCUSignalSight0_transferLayer_SCI_init      
0     00009272  SysCtl_selectXTAL                             
0     000092f0  SCI_setConfig                                 
0     0000932e  Interrupt_initModule                          
0     0000936b  DMA_configTransfer                            
0     000093a7  EXPORTPACKAGE_sendFloatArrayAsByteArray       
0     000093e3  INT_myMCUSignalSight0_transferLayer_SCI_TX_ISR
0     00009493  GPIO_setAnalogMode                            
0     000094cd  myDMA0_init                                   
0     00009506  myDMA1_init                                   
0     0000953f  myDMA2_init                                   
0     00009578  DMA_configBurst                               
0     000095af  GPIO_setPinConfig                             
0     000095e6  GPIO_setQualificationMode                     
0     0000961d  Interrupt_enable                              
0     00009654  GPIO_setDirectionMode                         
0     00009685  __TI_decompress_lzss                          
0     00009735  __TI_auto_init_nobinit_nopinit                
0     00009760  C$$EXIT                                       
0     00009760  abort                                         
0     00009762  exit                                          
0     000097ff  _system_post_cinit                            
0     00009826  DMA_configAddresses                           
0     00009870  SysCtl_selectXTALSingleEnded                  
0     00009968  f32toBytes                                    
0     000099a9  memcpy                                        
0     00009a07  EXPORT_receivedData                           
0     00009a62  Interrupt_initVectorTable                     
0     00009a80  SYNC_init                                     
0     00009af5  SOPWM_InitSchedule                            
0     00009b81  SysCtl_getLowSpeedClock                       
0     00009b9b  INTERRUPT_init                                
0     00009d02  _c_int00                                      
0     00009d45  Interrupt_defaultHandler                      
0     00009f73  SIGNALSIGHT_sendAcknowledge                   
0     00009f97  _args_main                                    
0     00009fa9  Board_init                                    
0     00009ffe  _system_pre_init                              
0     0000a000  SOPWM_schedISR                                
0     0000a021  Device_initGPIO                               
0     0000a05e  SIGNALSIGHT_getVariableAddressAtHashIndex     
0     0000a093  __TI_zero_init_nomemset                       
0     0000a0cc  Interrupt_illegalOperationHandler             
0     0000a0d6  Interrupt_nmiHandler                          
0     0000a0e0  EXPORT_transmitCharBlocking                   
0     0000a0e9  SIGNALSIGHT_resetStates                       
0     0000a0f2  _register_unlock                              
0     0000a0f6  _register_lock                                
0     0000a0fa  _nop                                          
0     0000a0fb  __TI_decompress_none                          
0     0000a112  __error__                                     
0     0000a125  INPUTXBAR_init                                
0     0000a12a  SIGNALSIGHT_init                              
0     0000a12f  SOPWM_CommitSchedule                          
0     0000a134  myINPUTXBARINPUT0_init                        
0     0000a139  myINPUTXBARINPUT1_init                        
0     0000a13e  SCI_init                                      
1     00000400  __stack                                       
1     000007f8  __TI_STACK_END                                
1     0000a800  SOPWM_LUT_N15                                 
1     0000ad78  SOPWM_LUT_N7                                  
1     0000afd9  sopwm_num_angles                              
1     0000afda  sopwm_sched_active                            
1     0000afdb  sopwm_fund_tick                               
1     0000afdc  sopwm_init_done                               
1     0000afdd  sopwm_lut_n_base                              
1     0000afde  sopwm_build_count                             
1     0000afe4  sopwm_m                                       
1     0000afe6  sopwm_theta                                   
1     0000afe8  sopwm_angle1                                  
1     0000afea  sopwm_angle2                                  
1     0000afec  sopwm_angle3                                  
1     0000afee  sopwm_angle4                                  
1     0000aff0  sopwm_angle5                                  
1     0000aff2  sopwm_angle6                                  
1     0000aff4  sopwm_angle7                                  
1     0000aff6  SS_currentStreamState                         
1     0000aff7  SS_nextTxCMD                                  
1     0000aff8  SS_bufferElementIndex                         
1     0000aff9  SS_bufferIsFull                               
1     0000affa  SS_streamDataSkips                            
1     0000affb  SS_initiallyClearBuffer                       
1     0000affc  SS_bufferElementIndex2                        
1     0000affd  SS_bufferIsFull2                              
1     0000affe  SS_writeBuffer1readBuffer2                    
1     0000afff  SS_streamDataSkips2                           
1     0000b000  SOPWM_LUT_N13                                 
1     0000b4b0  SOPWM_LUT_N9                                  
1     0000b7d0  SSHASH_hash_table                             
1     0000b7e2  exportRXData                                  
1     0000b7f2  __TI_enable_exit_profile_output               
1     0000b7f4  __TI_cleanup_ptr                              
1     0000b7f6  __TI_dtors_ptr                                
1     0000b7f8  SS_currentPlotHashIndices                     
1     0000b7fc  SS_streamToggleStates                         
1     0000c000  sopwm_sched                                   
1     00010000  SOPWM_LUT_N11                                 
1     00010920  SS_streamA_buffer2                            
1     00010984  SS_streamA_buffer                             
1     000109e8  SS_streamB_buffer2                            
1     00010a4c  SS_streamB_buffer                             
1     00010ab0  SS_streamC_buffer2                            
1     00010b14  SS_streamC_buffer                             
1     00010b78  SS_streamD_buffer2                            
1     00010bdc  SS_streamD_buffer                             
1     00010c40  _lock                                         
1     00010c42  _unlock                                       
1     00010c44  sopwm_m_cmd                                   
abs   000003f8  __TI_STACK_SIZE                               
abs   ffffffff  __TI_pprof_out_hndl                           
abs   ffffffff  __TI_prof_data_size                           
abs   ffffffff  __TI_prof_data_start                          
abs   ffffffff  __c_args__                                    

[144 symbols]
