******************************************************************************
             TMS320C2000 Linker PC v25.11.0                    
******************************************************************************
>> Linked Thu May 28 17:56:03 2026

OUTPUT FILE NAME:   <epwm_svm.out>
ENTRY POINT SYMBOL: "code_start"  address: 00000000


MEMORY CONFIGURATION

         name            origin    length      used     unused   attr    fill
----------------------  --------  ---------  --------  --------  ----  --------
PAGE 0:
  BEGIN                 00000000   00000002  00000002  00000000  RWIX
  RAMM0                 000000f6   0000030a  0000003e  000002cc  RWIX
  RAMLS0                00008000   00000800  00000800  00000000  RWIX
  RAMLS1                00008800   00000800  00000800  00000000  RWIX
  RAMLS2                00009000   00000800  00000800  00000000  RWIX
  RAMLS3                00009800   00000800  00000800  00000000  RWIX
  RAMLS4                0000a000   00000800  0000030c  000004f4  RWIX
  FLASH_BANK0_SEC0      00080000   00001000  00000000  00001000  RWIX
  FLASH_BANK0_SEC1      00081000   00001000  00000000  00001000  RWIX
  FLASH_BANK0_SEC2      00082000   00001000  00000000  00001000  RWIX
  FLASH_BANK0_SEC3      00083000   00001000  00000000  00001000  RWIX
  FLASH_BANK0_SEC4      00084000   00001000  00000000  00001000  RWIX
  FLASH_BANK0_SEC5      00085000   00001000  00000000  00001000  RWIX
  FLASH_BANK0_SEC6      00086000   00001000  00000000  00001000  RWIX
  FLASH_BANK0_SEC7      00087000   00001000  00000000  00001000  RWIX
  FLASH_BANK0_SEC8      00088000   00001000  00000000  00001000  RWIX
  FLASH_BANK0_SEC9      00089000   00001000  00000000  00001000  RWIX
  FLASH_BANK0_SEC10     0008a000   00001000  00000000  00001000  RWIX
  FLASH_BANK0_SEC11     0008b000   00001000  00000000  00001000  RWIX
  FLASH_BANK0_SEC12     0008c000   00001000  00000000  00001000  RWIX
  FLASH_BANK0_SEC13     0008d000   00001000  00000000  00001000  RWIX
  FLASH_BANK0_SEC14     0008e000   00001000  00000000  00001000  RWIX
  FLASH_BANK0_SEC15     0008f000   00001000  00000000  00001000  RWIX
  FLASH_BANK1_SEC0      00090000   00001000  00000000  00001000  RWIX
  FLASH_BANK1_SEC1      00091000   00001000  00000000  00001000  RWIX
  FLASH_BANK1_SEC2      00092000   00001000  00000000  00001000  RWIX
  FLASH_BANK1_SEC3      00093000   00001000  00000000  00001000  RWIX
  FLASH_BANK1_SEC4      00094000   00001000  00000000  00001000  RWIX
  FLASH_BANK1_SEC5      00095000   00001000  00000000  00001000  RWIX
  FLASH_BANK1_SEC6      00096000   00001000  00000000  00001000  RWIX
  FLASH_BANK1_SEC7      00097000   00001000  00000000  00001000  RWIX
  FLASH_BANK1_SEC8      00098000   00001000  00000000  00001000  RWIX
  FLASH_BANK1_SEC9      00099000   00001000  00000000  00001000  RWIX
  FLASH_BANK1_SEC10     0009a000   00001000  00000000  00001000  RWIX
  FLASH_BANK1_SEC11     0009b000   00001000  00000000  00001000  RWIX
  FLASH_BANK1_SEC12     0009c000   00001000  00000000  00001000  RWIX
  FLASH_BANK1_SEC13     0009d000   00001000  00000000  00001000  RWIX
  FLASH_BANK1_SEC14     0009e000   00001000  00000000  00001000  RWIX
  FLASH_BANK1_SEC15     0009f000   00001000  00000000  00001000  RWIX
  RESET                 003fffc0   00000002  00000000  00000002  RWIX

PAGE 1:
  BOOT_RSVD             00000002   000000f1  00000000  000000f1  RWIX
  RAMM1                 00000400   000003f8  000003f8  00000000  RWIX
  RAMLS5                0000a800   00000800  000007ef  00000011  RWIX
  RAMLS6                0000b000   00000800  000003f6  0000040a  RWIX
  RAMLS7                0000b800   00000800  00000000  00000800  RWIX
  RAMGS0                0000c000   00002000  00000000  00002000  RWIX
  RAMGS1                0000e000   00002000  00000000  00002000  RWIX
  RAMGS2                00010000   00002000  00000000  00002000  RWIX
  RAMGS3                00012000   00001ff8  00000000  00001ff8  RWIX


SECTION ALLOCATION MAP

 output                                  attributes/
section   page    origin      length       input sections
--------  ----  ----------  ----------   ----------------
codestart 
*          0    00000000    00000002     
                  00000000    00000002     f28004x_codestartbranch.obj (codestart)

.TI.ramfunc 
*          0    000000f6    00000004     
                  000000f6    00000004     driverlib_eabi.lib : sysctl.obj (.TI.ramfunc)

.cinit     0    000000fa    0000003a     
                  000000fa    00000028     (.cinit..data.load) [load image, compression = lzss]
                  00000122    00000006     (__TI_handler_table)
                  00000128    00000004     (.cinit..bss.load) [load image, compression = zero_init]
                  0000012c    00000008     (__TI_cinit_table)

.reset     0    003fffc0    00000000     DSECT

.stack     1    00000400    000003f8     UNINITIALIZED
                  00000400    000003f8     --HOLE--

.init_array 
*          0    000000f6    00000000     UNINITIALIZED

.text.1    0    00008000    00000800     
                  00008000    0000048b     svm.obj (.text:SVM_EXEC)
                  0000848b    00000303     board.obj (.text:EPWM_init)
                  0000878e    00000072     board.obj (.text:PinMux_init)

.text.2    0    00008800    00000800     
                  00008800    00000172     signalsight.obj (.text:SIGNALSIGHT_sendPlotData)
                  00008972    000000e2     signalsight.obj (.text:EXPORTPACKAGE_takeActionOnMessage)
                  00008a54    000000e0     device.obj (.text:Device_enableAllPeripherals)
                  00008b34    000000d0     signalsight.obj (.text:SIGNALSIGHT_queueUpStreamData)
                  00008c04    000000c8     driverlib_eabi.lib : sysctl.obj (.text:SysCtl_setClock)
                  00008ccc    000000bd                        : sysctl.obj (.text:SysCtl_isPLLValid)
                  00008d89    000000af     main.obj (.text:epwm1ISR)
                  00008e38    0000007f     driverlib_eabi.lib : interrupt.obj (.text:Interrupt_clearIFR)
                  00008eb7    00000075     board.obj (.text:EPWM_setADCTriggerSource)
                  00008f2c    00000073     driverlib_eabi.lib : sysctl.obj (.text:DCC_setCounterSeeds)
                  00008f9f    0000005e                        : sysctl.obj (.text:SysCtl_getClock)
                  00008ffd    00000003     board.obj (.text:SCI_init)

.text.3    0    00009000    00000800     
                  00009000    00000066     svm.obj (.text:SVM_openLoopRun)
                  00009066    0000005d     svm.obj (.text:SVM_openLoopInit)
                  000090c3    00000056     export.obj (.text:INT_myMCUSignalSight0_transferLayer_SCI_RX_ISR)
                  00009119    00000052     driverlib_eabi.lib : gpio.obj (.text:GPIO_setPadConfig)
                  0000916b    00000051     device.obj (.text:Device_init)
                  000091bc    00000050     svm.obj (.text:SVM_INIT)
                  0000920c    0000004e     driverlib_eabi.lib : interrupt.obj (.text:Interrupt_disable)
                  0000925a    0000004d                        : sysctl.obj (.text:SysCtl_selectOscSource)
                  000092a7    0000004b     board.obj (.text:EPWM_setInterruptSource)
                  000092f2    00000048     signalsight.obj (.text:SIGNALSIGHT_capturePlotData)
                  0000933a    00000045     driverlib_eabi.lib : sci.obj (.text:SCI_clearInterruptStatus)
                  0000937f    00000044                        : sci.obj (.text:SCI_enableInterrupt)
                  000093c3    00000043     board.obj (.text:myMCUSignalSight0_transferLayer_SCI_init)
                  00009406    00000040     board.obj (.text:EPWM_setActionQualifierAction)
                  00009446    00000040     driverlib_eabi.lib : sysctl.obj (.text:SysCtl_pollX1Counter)
                  00009486    00000040                        : sysctl.obj (.text:SysCtl_selectXTAL)
                  000094c6    0000003e     board.obj (.text:EPWM_setCounterCompareShadowLoadMode)
                  00009504    0000003e     driverlib_eabi.lib : sci.obj (.text:SCI_setConfig)
                  00009542    0000003d                        : interrupt.obj (.text:Interrupt_initModule)
                  0000957f    0000003c     export_package.obj (.text:EXPORTPACKAGE_sendFloatArrayAsByteArray)
                  000095bb    0000003c     export.obj (.text:INT_myMCUSignalSight0_transferLayer_SCI_TX_ISR)
                  000095f7    0000003b     main.obj (.text:main)
                  00009632    0000003a     board.obj (.text:EPWM_setADCTriggerEventPrescale)
                  0000966c    0000003a     board.obj (.text:EPWM_setActionQualifierShadowLoadMode)
                  000096a6    0000003a     driverlib_eabi.lib : gpio.obj (.text:GPIO_setAnalogMode)
                  000096e0    00000037                        : gpio.obj (.text:GPIO_setPinConfig)
                  00009717    00000037                        : gpio.obj (.text:GPIO_setQualificationMode)
                  0000974e    00000037                        : interrupt.obj (.text:Interrupt_enable)
                  00009785    00000031                        : gpio.obj (.text:GPIO_setDirectionMode)
                  000097b6    0000002e     rts2800_fpu32_eabi.lib : copy_decompress_lzss.c.obj (.text:decompress:lzss)
                  000097e4    0000001c     driverlib_eabi.lib : sysctl.obj (.text:DCC_setCounter0ClkSource)

.text.4    0    00009800    00000800     
                  00009800    0000002c     board.obj (.text:EPWM_setDeadBandDelayMode)
                  0000982c    0000002b     board.obj (.text:EPWM_isBaseValid)
                  00009857    0000002b     main.obj (.text:EPWM_isBaseValid)
                  00009882    0000002b     rts2800_fpu32_eabi.lib : autoinit.c.obj (.text:__TI_auto_init_nobinit_nopinit)
                  000098ad    00000029                            : exit.c.obj (.text)
                  000098d6    00000028     board.obj (.text:EPWM_setInterruptEventCount)
                  000098fe    00000027     board.obj (.text:EPWM_setSyncOutPulseMode)
                  00009925    00000027     board.obj (.text:SysCtl_setSyncInputConfig)
                  0000994c    00000026     board.obj (.text:SCI_setFIFOInterruptLevel)
                  00009972    00000025     main.obj (.text:GPIO_writePin)
                  00009997    00000025     driverlib_eabi.lib : sysctl.obj (.text:SysCtl_selectXTALSingleEnded)
                  000099bc    00000024                        : sysctl.obj (.text:DCC_enableSingleShotMode)
                  000099e0    00000024     board.obj (.text:EPWM_setDeadBandDelayPolarity)
                  00009a04    00000022     board.obj (.text:EPWM_setCounterCompareValue)
                  00009a26    00000022     main.obj (.text:EPWM_setCounterCompareValue)
                  00009a48    00000021     transfer_utils.obj (.text:f32toBytes)
                  00009a69    00000020     board.obj (.text:XBAR_setInputPin)
                  00009a89    00000020     rts2800_fpu32_eabi.lib : memcpy.c.obj (.text)
                  00009aa9    0000001f     board.obj (.text:DAC_setShadowValue)
                  00009ac8    0000001f     main.obj (.text:DAC_setShadowValue)
                  00009ae7    0000001f     board.obj (.text:EPWM_setFallingEdgeDelayCountShadowLoadMode)
                  00009b06    0000001f     board.obj (.text:EPWM_setRisingEdgeDelayCountShadowLoadMode)
                  00009b25    0000001f     export_package.obj (.text:EXPORT_receivedData)
                  00009b44    0000001e     driverlib_eabi.lib : sysctl.obj (.text:DCC_setCounter1ClkSource)
                  00009b62    0000001e     board.obj (.text:EPWM_setPhaseShift)
                  00009b80    0000001e     driverlib_eabi.lib : interrupt.obj (.text:Interrupt_initVectorTable)
                  00009b9e    0000001e     board.obj (.text:SYNC_init)
                  00009bbc    0000001d     board.obj (.text:EPWM_setFallingEdgeDelayCount)
                  00009bd9    0000001d     board.obj (.text:EPWM_setRisingEdgeDelayCount)
                  00009bf6    0000001d     board.obj (.text:SCI_enableFIFO)
                  00009c13    0000001d     board.obj (.text:myDAC0_init)
                  00009c30    0000001d     board.obj (.text:myDAC1_init)
                  00009c4d    0000001c     board.obj (.text:EPWM_enableADCTrigger)
                  00009c69    0000001c     board.obj (.text:EPWM_setClockPrescaler)
                  00009c85    0000001b     board.obj (.text:EPWM_setDeadBandControlShadowLoadMode)
                  00009ca0    0000001a     board.obj (.text:EPWM_disableActionQualifierShadowLoadMode)
                  00009cba    0000001a     driverlib_eabi.lib : sysctl.obj (.text:SysCtl_getLowSpeedClock)
                  00009cd4    00000019     board.obj (.text:EPWM_setCountModeAfterSync)
                  00009ced    00000019     board.obj (.text:INTERRUPT_init)
                  00009d06    00000019     export.obj (.text:SCI_writeCharBlockingFIFO)
                  00009d1f    00000018     board.obj (.text:ASysCtl_setAnalogReferenceExternal)
                  00009d37    00000018     main.obj (.text:ASysCtl_setAnalogReferenceInternal)
                  00009d4f    00000018     board.obj (.text:EPWM_disableDeadBandControlShadowLoadMode)
                  00009d67    00000018     board.obj (.text:EPWM_disableFallingEdgeDelayCountShadowLoadMode)
                  00009d7f    00000018     board.obj (.text:EPWM_disableRisingEdgeDelayCountShadowLoadMode)
                  00009d97    00000018     driverlib_eabi.lib : sci.obj (.text:SCI_disableModule)
                  00009daf    00000018     board.obj (.text:SCI_performSoftwareReset)
                  00009dc7    00000018     driverlib_eabi.lib : sci.obj (.text:SCI_performSoftwareReset)
                  00009ddf    00000018     board.obj (.text:SCI_resetChannels)
                  00009df7    00000018     board.obj (.text:SCI_resetRxFIFO)
                  00009e0f    00000018     board.obj (.text:SCI_resetTxFIFO)
                  00009e27    00000018     main.obj (.text:SysCtl_disablePeripheral)
                  00009e3f    00000017     board.obj (.text:EPWM_selectPeriodLoadEvent)
                  00009e56    00000017     device.obj (.text:SysCtl_enablePeripheral)
                  00009e6d    00000017     driverlib_eabi.lib : sysctl.obj (.text:SysCtl_enablePeripheral)
                  00009e84    00000017     main.obj (.text:SysCtl_enablePeripheral)
                  00009e9b    00000017     rts2800_fpu32_eabi.lib : boot28.asm.obj (.text)
                  00009eb2    00000016     board.obj (.text:DAC_setLoadMode)
                  00009ec8    00000016     driverlib_eabi.lib : sysctl.obj (.text:DCC_disableDoneSignal)
                  00009ede    00000016                        : sysctl.obj (.text:DCC_enableDoneSignal)
                  00009ef4    00000016                        : interrupt.obj (.text:Interrupt_defaultHandler)
                  00009f0a    00000015     board.obj (.text:DAC_enableOutput)
                  00009f1f    00000015     board.obj (.text:DAC_setGainMode)
                  00009f34    00000015     board.obj (.text:DAC_setReferenceVoltage)
                  00009f49    00000015     driverlib_eabi.lib : sysctl.obj (.text:DCC_clearDoneFlag)
                  00009f5e    00000015                        : sysctl.obj (.text:DCC_clearErrorFlag)
                  00009f73    00000015                        : sysctl.obj (.text:DCC_disableErrorSignal)
                  00009f88    00000015                        : sysctl.obj (.text:DCC_enableErrorSignal)
                  00009f9d    00000015     device.obj (.text:GPIO_unlockPortConfig)
                  00009fb2    00000014     driverlib_eabi.lib : sysctl.obj (.text:DCC_disableModule)
                  00009fc6    00000014                        : sysctl.obj (.text:DCC_enableModule)
                  00009fda    00000014     board.obj (.text:EPWM_setTimeBaseCounterMode)
                  00009fee    00000012     board.obj (.text:EPWM_setTimeBaseCounter)

.text.5    0    0000a000    0000030c     
                  0000a000    00000014     board.obj (.text:EPWM_setTimeBasePeriod)
                  0000a014    00000014     driverlib_eabi.lib : gpio.obj (.text:GPIO_isPinValid)
                  0000a028    00000014     main.obj (.text:GPIO_isPinValid)
                  0000a03c    00000014     export.obj (.text:SCI_getTxFIFOStatus)
                  0000a050    00000014     device.obj (.text:SysCtl_deviceCal)
                  0000a064    00000013     board.obj (.text:Board_init)
                  0000a077    00000013     board.obj (.text:DAC_isBaseValid)
                  0000a08a    00000013     main.obj (.text:DAC_isBaseValid)
                  0000a09d    00000013     main.obj (.text:EPWM_clearEventTriggerInterruptFlag)
                  0000a0b0    00000013     board.obj (.text:EPWM_enableInterrupt)
                  0000a0c3    00000013     board.obj (.text:SCI_clearOverflowStatus)
                  0000a0d6    00000013     export.obj (.text:SCI_clearOverflowStatus)
                  0000a0e9    00000013     board.obj (.text:SCI_enableModule)
                  0000a0fc    00000013     driverlib_eabi.lib : sci.obj (.text:SCI_enableModule)
                  0000a10f    00000013     board.obj (.text:SCI_isBaseValid)
                  0000a122    00000013     driverlib_eabi.lib : sci.obj (.text:SCI_isBaseValid)
                  0000a135    00000013     export.obj (.text:SCI_isBaseValid)
                  0000a148    00000012     signalsight.obj (.text:SIGNALSIGHT_sendAcknowledge)
                  0000a15a    00000012     board.obj (.text:SysCtl_setSyncOutputConfig)
                  0000a16c    00000012     rts2800_fpu32_eabi.lib : args_main.c.obj (.text)
                  0000a17e    00000011     board.obj (.text:EPWM_disablePhaseShiftLoad)
                  0000a18f    00000011     board.obj (.text:EPWM_enablePhaseShiftLoad)
                  0000a1a0    00000011     board.obj (.text:SCI_disableLoopback)
                  0000a1b1    00000011     export.obj (.text:SCI_readCharNonBlocking)
                  0000a1c2    00000010     driverlib_eabi.lib : sysctl.obj (.text:DCC_isBaseValid)
                  0000a1d2    00000010     device.obj (.text:Device_initGPIO)
                  0000a1e2    0000000f     device.obj (.text:ASysCtl_disableDCDC)
                  0000a1f1    0000000f     board.obj (.text:Interrupt_register)
                  0000a200    0000000f     main.obj (.text:Interrupt_register)
                  0000a20f    0000000e     signalsight.obj (.text:SIGNALSIGHT_getVariableAddressAtHashIndex)
                  0000a21d    0000000d     driverlib_eabi.lib : interrupt.obj (.text:Interrupt_disableGlobal)
                  0000a22a    0000000d                        : interrupt.obj (.text:Interrupt_enableGlobal)
                  0000a237    0000000d     device.obj (.text:SysCtl_setLowSpeedClock)
                  0000a244    0000000d     rts2800_fpu32_eabi.lib : copy_zero_init.c.obj (.text:decompress:ZI:__TI_zero_init_nomemset)
                  0000a251    0000000c     board.obj (.text:SysCtl_enableExtADCSOCSource)
                  0000a25d    0000000b     device.obj (.text:SysCtl_disableWatchdog)
                  0000a268    0000000b     driverlib_eabi.lib : sysctl.obj (.text:SysCtl_isMCDClockFailureDetected)
                  0000a273    0000000b     svm.obj (.text:__relaxed_cosf)
                  0000a27e    0000000b     svm.obj (.text:__relaxed_sinf)
                  0000a289    0000000a     driverlib_eabi.lib : interrupt.obj (.text:Interrupt_illegalOperationHandler)
                  0000a293    0000000a                        : interrupt.obj (.text:Interrupt_nmiHandler)
                  0000a29d    00000009     export.obj (.text:EXPORT_transmitCharBlocking)
                  0000a2a6    00000009     signalsight.obj (.text:SIGNALSIGHT_resetStates)
                  0000a2af    00000009     rts2800_fpu32_eabi.lib : _lock.c.obj (.text)
                  0000a2b8    00000008                            : copy_decompress_none.c.obj (.text:decompress:none)
                  0000a2c0    00000008     f28004x_codestartbranch.obj (.text)
                  0000a2c8    00000007     board.obj (.text:ASysCtl_disableTemperatureSensor)
                  0000a2cf    00000007     driverlib_eabi.lib : sysctl.obj (.text:SysCtl_resetMCD)
                  0000a2d6    00000007     device.obj (.text:__error__)
                  0000a2dd    00000006     board.obj (.text:ASYSCTL_init)
                  0000a2e3    00000006     export.obj (.text:Interrupt_clearACKGroup)
                  0000a2e9    00000006     main.obj (.text:Interrupt_clearACKGroup)
                  0000a2ef    00000005     board.obj (.text:DAC_init)
                  0000a2f4    00000005     board.obj (.text:INPUTXBAR_init)
                  0000a2f9    00000005     signalsight.obj (.text:SIGNALSIGHT_init)
                  0000a2fe    00000005     board.obj (.text:myINPUTXBARINPUT0_init)
                  0000a303    00000005     board.obj (.text:myINPUTXBARINPUT1_init)
                  0000a308    00000002     rts2800_fpu32_eabi.lib : pre_init.c.obj (.text)
                  0000a30a    00000001     export.obj (.text:EXPORT_init)
                  0000a30b    00000001     rts2800_fpu32_eabi.lib : startup.c.obj (.text)

.data      1    0000a800    00000693     UNINITIALIZED
                  0000a800    00000190     svm.obj (.data:alphaSnapshot)
                  0000a990    00000190     svm.obj (.data:betaSnapshot)
                  0000ab20    00000064     signalsight.obj (.data:SS_streamA_buffer2)
                  0000ab84    00000064     signalsight.obj (.data:SS_streamA_buffer)
                  0000abe8    00000064     signalsight.obj (.data:SS_streamB_buffer2)
                  0000ac4c    00000064     signalsight.obj (.data:SS_streamB_buffer)
                  0000acb0    00000064     signalsight.obj (.data:SS_streamC_buffer2)
                  0000ad14    00000064     signalsight.obj (.data:SS_streamC_buffer)
                  0000ad78    00000064     signalsight.obj (.data:SS_streamD_buffer2)
                  0000addc    00000064     signalsight.obj (.data:SS_streamD_buffer)
                  0000ae40    00000014     svm.obj (.data)
                  0000ae54    00000012     signalsight_hash.obj (.data:SSHASH_hash_table)
                  0000ae66    00000010     export.obj (.data:exportRXData)
                  0000ae76    0000000a     signalsight.obj (.data)
                  0000ae80    00000006     rts2800_fpu32_eabi.lib : exit.c.obj (.data)
                  0000ae86    00000004     signalsight.obj (.data:SS_currentPlotHashIndices)
                  0000ae8a    00000004     signalsight.obj (.data:SS_streamToggleStates)
                  0000ae8e    00000002     rts2800_fpu32_eabi.lib : _lock.c.obj (.data:_lock)
                  0000ae90    00000002                            : _lock.c.obj (.data:_unlock)
                  0000ae92    00000001     main.obj (.data)

.const.1   1    0000ae94    0000015c     
                  0000ae94    0000015c     board.obj (.const:.string)

.const.2   1    0000b000    000003d4     
                  0000b000    00000117     main.obj (.const:.string)
                  0000b117    00000001     --HOLE-- [fill = 0]
                  0000b118    0000009a     driverlib_eabi.lib : sysctl.obj (.const:.string)
                  0000b1b2    00000098                        : gpio.obj (.const:.string)
                  0000b24a    00000097                        : sci.obj (.const:.string)
                  0000b2e1    00000001     --HOLE-- [fill = 0]
                  0000b2e2    0000005b     device.obj (.const:.string)
                  0000b33d    00000001     --HOLE-- [fill = 0]
                  0000b33e    00000051     driverlib_eabi.lib : interrupt.obj (.const:.string)
                  0000b38f    00000001     --HOLE-- [fill = 0]
                  0000b390    00000044     export.obj (.const:.string)

.bss       1    0000b3d4    00000022     UNINITIALIZED
                  0000b3d4    00000022     svm.obj (.bss)

MODULE SUMMARY

       Module                        code   ro data   rw data
       ------                        ----   -------   -------
    .\
       main.obj                      529    279       1      
    +--+-----------------------------+------+---------+---------+
       Total:                        529    279       1      
                                                             
    .\device\
       device.obj                    431    91        0      
       f28004x_codestartbranch.obj   10     0         0      
    +--+-----------------------------+------+---------+---------+
       Total:                        441    91        0      
                                                             
    .\pwm\svm\
       svm.obj                       1460   0         854    
    +--+-----------------------------+------+---------+---------+
       Total:                        1460   0         854    
                                                             
    .\syscfg\
       board.obj                     2792   348       0      
       transfer_utils.obj            33     0         0      
    +--+-----------------------------+------+---------+---------+
       Total:                        2825   348       0      
                                                             
    .\syscfg\export\
       export.obj                    262    68        16     
       export_package.obj            91     0         0      
    +--+-----------------------------+------+---------+---------+
       Total:                        353    68        16     
                                                             
    .\syscfg\signalsight\
       signalsight.obj               922    0         818    
       signalsight_hash.obj          0      0         18     
    +--+-----------------------------+------+---------+---------+
       Total:                        922    0         836    
                                                             
    C:\ti\c2000\C2000Ware_26_00_00_00\driverlib\f28004x\driverlib\ccs\Debug\driverlib_eabi.lib
       sysctl.obj                    1189   154       0      
       interrupt.obj                 419    81        0      
       gpio.obj                      319    152       0      
       sci.obj                       285    151       0      
    +--+-----------------------------+------+---------+---------+
       Total:                        2212   538       0      
                                                             
    C:\ti\ccs2050\ccs\tools\compiler\ti-cgt-c2000_25.11.0.LTS\lib\rts2800_fpu32_eabi.lib
       exit.c.obj                    41     0         6      
       copy_decompress_lzss.c.obj    46     0         0      
       autoinit.c.obj                43     0         0      
       memcpy.c.obj                  32     0         0      
       boot28.asm.obj                23     0         0      
       args_main.c.obj               18     0         0      
       _lock.c.obj                   9      0         4      
       copy_zero_init.c.obj          13     0         0      
       copy_decompress_none.c.obj    8      0         0      
       pre_init.c.obj                2      0         0      
       startup.c.obj                 1      0         0      
    +--+-----------------------------+------+---------+---------+
       Total:                        236    0         10     
                                                             
       Stack:                        0      0         1016   
       Linker Generated:             0      58        0      
    +--+-----------------------------+------+---------+---------+
       Grand Total:                  8978   1382      2733   


LINKER GENERATED COPY TABLES

__TI_cinit_table @ 0000012c records: 2, size/record: 4, table size: 8
	.data: load addr=000000fa, load size=00000028 bytes, run addr=0000a800, run size=00000693 bytes, compression=lzss
	.bss: load addr=00000128, load size=00000004 bytes, run addr=0000b3d4, run size=00000022 bytes, compression=zero_init


LINKER GENERATED HANDLER TABLE

__TI_handler_table @ 00000122 records: 3, size/record: 2, table size: 6
	index: 0, handler: __TI_zero_init
	index: 1, handler: __TI_decompress_lzss
	index: 2, handler: __TI_decompress_none


GLOBAL DATA SYMBOLS: SORTED BY DATA PAGE

address     data page           name
--------    ----------------    ----
00000400      10 (00000400)     __stack

0000ab20     2ac (0000ab00)     SS_streamA_buffer2

0000ab84     2ae (0000ab80)     SS_streamA_buffer

0000abe8     2af (0000abc0)     SS_streamB_buffer2

0000ac4c     2b1 (0000ac40)     SS_streamB_buffer

0000acb0     2b2 (0000ac80)     SS_streamC_buffer2

0000ad14     2b4 (0000ad00)     SS_streamC_buffer

0000ad78     2b5 (0000ad40)     SS_streamD_buffer2

0000addc     2b7 (0000adc0)     SS_streamD_buffer

0000ae42     2b9 (0000ae40)     svm_Ta
0000ae44     2b9 (0000ae40)     svm_Tb
0000ae46     2b9 (0000ae40)     svm_Tc
0000ae48     2b9 (0000ae40)     svm_d1
0000ae4a     2b9 (0000ae40)     svm_d2
0000ae4c     2b9 (0000ae40)     svm_d0
0000ae4e     2b9 (0000ae40)     svm_Ualpha
0000ae50     2b9 (0000ae40)     svm_Ubeta
0000ae52     2b9 (0000ae40)     svm_Sector
0000ae54     2b9 (0000ae40)     SSHASH_hash_table
0000ae66     2b9 (0000ae40)     exportRXData
0000ae76     2b9 (0000ae40)     SS_currentStreamState
0000ae77     2b9 (0000ae40)     SS_nextTxCMD
0000ae78     2b9 (0000ae40)     SS_bufferElementIndex
0000ae79     2b9 (0000ae40)     SS_bufferIsFull
0000ae7a     2b9 (0000ae40)     SS_streamDataSkips
0000ae7b     2b9 (0000ae40)     SS_initiallyClearBuffer
0000ae7c     2b9 (0000ae40)     SS_bufferElementIndex2
0000ae7d     2b9 (0000ae40)     SS_bufferIsFull2
0000ae7e     2b9 (0000ae40)     SS_writeBuffer1readBuffer2
0000ae7f     2b9 (0000ae40)     SS_streamDataSkips2

0000ae80     2ba (0000ae80)     __TI_enable_exit_profile_output
0000ae82     2ba (0000ae80)     __TI_cleanup_ptr
0000ae84     2ba (0000ae80)     __TI_dtors_ptr
0000ae86     2ba (0000ae80)     SS_currentPlotHashIndices
0000ae8a     2ba (0000ae80)     SS_streamToggleStates
0000ae8e     2ba (0000ae80)     _lock
0000ae90     2ba (0000ae80)     _unlock


GLOBAL SYMBOLS: SORTED ALPHABETICALLY BY Name 

page  address   name                                          
----  -------   ----                                          
0     0000a2dd  ASYSCTL_init                                  
0     0000a064  Board_init                                    
0     000098ad  C$$EXIT                                       
0     0000a2ef  DAC_init                                      
0     00008a54  Device_enableAllPeripherals                   
0     0000916b  Device_init                                   
0     0000a1d2  Device_initGPIO                               
0     0000848b  EPWM_init                                     
0     0000957f  EXPORTPACKAGE_sendFloatArrayAsByteArray       
0     00008972  EXPORTPACKAGE_takeActionOnMessage             
0     0000a30a  EXPORT_init                                   
0     00009b25  EXPORT_receivedData                           
0     0000a29d  EXPORT_transmitCharBlocking                   
0     000096a6  GPIO_setAnalogMode                            
0     00009785  GPIO_setDirectionMode                         
0     00009119  GPIO_setPadConfig                             
0     000096e0  GPIO_setPinConfig                             
0     00009717  GPIO_setQualificationMode                     
0     0000a2f4  INPUTXBAR_init                                
0     00009ced  INTERRUPT_init                                
0     000090c3  INT_myMCUSignalSight0_transferLayer_SCI_RX_ISR
0     000095bb  INT_myMCUSignalSight0_transferLayer_SCI_TX_ISR
0     00009ef4  Interrupt_defaultHandler                      
0     0000920c  Interrupt_disable                             
0     0000974e  Interrupt_enable                              
0     0000a289  Interrupt_illegalOperationHandler             
0     00009542  Interrupt_initModule                          
0     00009b80  Interrupt_initVectorTable                     
0     0000a293  Interrupt_nmiHandler                          
0     0000878e  PinMux_init                                   
0     0000933a  SCI_clearInterruptStatus                      
0     0000937f  SCI_enableInterrupt                           
0     00008ffd  SCI_init                                      
0     00009504  SCI_setConfig                                 
0     000092f2  SIGNALSIGHT_capturePlotData                   
0     0000a20f  SIGNALSIGHT_getVariableAddressAtHashIndex     
0     0000a2f9  SIGNALSIGHT_init                              
0     00008b34  SIGNALSIGHT_queueUpStreamData                 
0     0000a2a6  SIGNALSIGHT_resetStates                       
0     0000a148  SIGNALSIGHT_sendAcknowledge                   
0     00008800  SIGNALSIGHT_sendPlotData                      
1     0000ae54  SSHASH_hash_table                             
1     0000ae78  SS_bufferElementIndex                         
1     0000ae7c  SS_bufferElementIndex2                        
1     0000ae79  SS_bufferIsFull                               
1     0000ae7d  SS_bufferIsFull2                              
1     0000ae86  SS_currentPlotHashIndices                     
1     0000ae76  SS_currentStreamState                         
1     0000ae7b  SS_initiallyClearBuffer                       
1     0000ae77  SS_nextTxCMD                                  
1     0000ab84  SS_streamA_buffer                             
1     0000ab20  SS_streamA_buffer2                            
1     0000ac4c  SS_streamB_buffer                             
1     0000abe8  SS_streamB_buffer2                            
1     0000ad14  SS_streamC_buffer                             
1     0000acb0  SS_streamC_buffer2                            
1     0000addc  SS_streamD_buffer                             
1     0000ad78  SS_streamD_buffer2                            
1     0000ae7a  SS_streamDataSkips                            
1     0000ae7f  SS_streamDataSkips2                           
1     0000ae8a  SS_streamToggleStates                         
1     0000ae7e  SS_writeBuffer1readBuffer2                    
0     00009066  SVM_openLoopInit                              
0     00009000  SVM_openLoopRun                               
0     00009b9e  SYNC_init                                     
0     000000f6  SysCtl_delay                                  
0     00008f9f  SysCtl_getClock                               
0     00009cba  SysCtl_getLowSpeedClock                       
0     00008ccc  SysCtl_isPLLValid                             
0     0000925a  SysCtl_selectOscSource                        
0     00009486  SysCtl_selectXTAL                             
0     00009997  SysCtl_selectXTALSingleEnded                  
0     00008c04  SysCtl_setClock                               
0     0000012c  __TI_CINIT_Base                               
0     00000134  __TI_CINIT_Limit                              
0     00000134  __TI_CINIT_Warm                               
0     00000122  __TI_Handler_Table_Base                       
0     00000128  __TI_Handler_Table_Limit                      
1     000007f8  __TI_STACK_END                                
abs   000003f8  __TI_STACK_SIZE                               
0     00009882  __TI_auto_init_nobinit_nopinit                
1     0000ae82  __TI_cleanup_ptr                              
0     000097b6  __TI_decompress_lzss                          
0     0000a2b8  __TI_decompress_none                          
1     0000ae84  __TI_dtors_ptr                                
1     0000ae80  __TI_enable_exit_profile_output               
abs   ffffffff  __TI_pprof_out_hndl                           
abs   ffffffff  __TI_prof_data_size                           
abs   ffffffff  __TI_prof_data_start                          
0     0000a244  __TI_zero_init_nomemset                       
abs   ffffffff  __c_args__                                    
0     0000a2d6  __error__                                     
0     0000a273  __relaxed_cosf                                
0     0000a27e  __relaxed_sinf                                
1     00000400  __stack                                       
0     0000a16c  _args_main                                    
0     00009e9b  _c_int00                                      
1     0000ae8e  _lock                                         
0     0000a2b7  _nop                                          
0     0000a2b3  _register_lock                                
0     0000a2af  _register_unlock                              
0     0000a30b  _system_post_cinit                            
0     0000a308  _system_pre_init                              
1     0000ae90  _unlock                                       
0     000098ad  abort                                         
0     00000000  code_start                                    
0     00008d89  epwm1ISR                                      
0     000098af  exit                                          
1     0000ae66  exportRXData                                  
0     00009a48  f32toBytes                                    
0     000095f7  main                                          
0     00009a89  memcpy                                        
0     00009c13  myDAC0_init                                   
0     00009c30  myDAC1_init                                   
0     0000a2fe  myINPUTXBARINPUT0_init                        
0     0000a303  myINPUTXBARINPUT1_init                        
0     000093c3  myMCUSignalSight0_transferLayer_SCI_init      
1     0000ae52  svm_Sector                                    
1     0000ae42  svm_Ta                                        
1     0000ae44  svm_Tb                                        
1     0000ae46  svm_Tc                                        
1     0000ae4e  svm_Ualpha                                    
1     0000ae50  svm_Ubeta                                     
1     0000ae4c  svm_d0                                        
1     0000ae48  svm_d1                                        
1     0000ae4a  svm_d2                                        


GLOBAL SYMBOLS: SORTED BY Symbol Address 

page  address   name                                          
----  -------   ----                                          
0     00000000  code_start                                    
0     000000f6  SysCtl_delay                                  
0     00000122  __TI_Handler_Table_Base                       
0     00000128  __TI_Handler_Table_Limit                      
0     0000012c  __TI_CINIT_Base                               
0     00000134  __TI_CINIT_Limit                              
0     00000134  __TI_CINIT_Warm                               
0     0000848b  EPWM_init                                     
0     0000878e  PinMux_init                                   
0     00008800  SIGNALSIGHT_sendPlotData                      
0     00008972  EXPORTPACKAGE_takeActionOnMessage             
0     00008a54  Device_enableAllPeripherals                   
0     00008b34  SIGNALSIGHT_queueUpStreamData                 
0     00008c04  SysCtl_setClock                               
0     00008ccc  SysCtl_isPLLValid                             
0     00008d89  epwm1ISR                                      
0     00008f9f  SysCtl_getClock                               
0     00008ffd  SCI_init                                      
0     00009000  SVM_openLoopRun                               
0     00009066  SVM_openLoopInit                              
0     000090c3  INT_myMCUSignalSight0_transferLayer_SCI_RX_ISR
0     00009119  GPIO_setPadConfig                             
0     0000916b  Device_init                                   
0     0000920c  Interrupt_disable                             
0     0000925a  SysCtl_selectOscSource                        
0     000092f2  SIGNALSIGHT_capturePlotData                   
0     0000933a  SCI_clearInterruptStatus                      
0     0000937f  SCI_enableInterrupt                           
0     000093c3  myMCUSignalSight0_transferLayer_SCI_init      
0     00009486  SysCtl_selectXTAL                             
0     00009504  SCI_setConfig                                 
0     00009542  Interrupt_initModule                          
0     0000957f  EXPORTPACKAGE_sendFloatArrayAsByteArray       
0     000095bb  INT_myMCUSignalSight0_transferLayer_SCI_TX_ISR
0     000095f7  main                                          
0     000096a6  GPIO_setAnalogMode                            
0     000096e0  GPIO_setPinConfig                             
0     00009717  GPIO_setQualificationMode                     
0     0000974e  Interrupt_enable                              
0     00009785  GPIO_setDirectionMode                         
0     000097b6  __TI_decompress_lzss                          
0     00009882  __TI_auto_init_nobinit_nopinit                
0     000098ad  C$$EXIT                                       
0     000098ad  abort                                         
0     000098af  exit                                          
0     00009997  SysCtl_selectXTALSingleEnded                  
0     00009a48  f32toBytes                                    
0     00009a89  memcpy                                        
0     00009b25  EXPORT_receivedData                           
0     00009b80  Interrupt_initVectorTable                     
0     00009b9e  SYNC_init                                     
0     00009c13  myDAC0_init                                   
0     00009c30  myDAC1_init                                   
0     00009cba  SysCtl_getLowSpeedClock                       
0     00009ced  INTERRUPT_init                                
0     00009e9b  _c_int00                                      
0     00009ef4  Interrupt_defaultHandler                      
0     0000a064  Board_init                                    
0     0000a148  SIGNALSIGHT_sendAcknowledge                   
0     0000a16c  _args_main                                    
0     0000a1d2  Device_initGPIO                               
0     0000a20f  SIGNALSIGHT_getVariableAddressAtHashIndex     
0     0000a244  __TI_zero_init_nomemset                       
0     0000a273  __relaxed_cosf                                
0     0000a27e  __relaxed_sinf                                
0     0000a289  Interrupt_illegalOperationHandler             
0     0000a293  Interrupt_nmiHandler                          
0     0000a29d  EXPORT_transmitCharBlocking                   
0     0000a2a6  SIGNALSIGHT_resetStates                       
0     0000a2af  _register_unlock                              
0     0000a2b3  _register_lock                                
0     0000a2b7  _nop                                          
0     0000a2b8  __TI_decompress_none                          
0     0000a2d6  __error__                                     
0     0000a2dd  ASYSCTL_init                                  
0     0000a2ef  DAC_init                                      
0     0000a2f4  INPUTXBAR_init                                
0     0000a2f9  SIGNALSIGHT_init                              
0     0000a2fe  myINPUTXBARINPUT0_init                        
0     0000a303  myINPUTXBARINPUT1_init                        
0     0000a308  _system_pre_init                              
0     0000a30a  EXPORT_init                                   
0     0000a30b  _system_post_cinit                            
1     00000400  __stack                                       
1     000007f8  __TI_STACK_END                                
1     0000ab20  SS_streamA_buffer2                            
1     0000ab84  SS_streamA_buffer                             
1     0000abe8  SS_streamB_buffer2                            
1     0000ac4c  SS_streamB_buffer                             
1     0000acb0  SS_streamC_buffer2                            
1     0000ad14  SS_streamC_buffer                             
1     0000ad78  SS_streamD_buffer2                            
1     0000addc  SS_streamD_buffer                             
1     0000ae42  svm_Ta                                        
1     0000ae44  svm_Tb                                        
1     0000ae46  svm_Tc                                        
1     0000ae48  svm_d1                                        
1     0000ae4a  svm_d2                                        
1     0000ae4c  svm_d0                                        
1     0000ae4e  svm_Ualpha                                    
1     0000ae50  svm_Ubeta                                     
1     0000ae52  svm_Sector                                    
1     0000ae54  SSHASH_hash_table                             
1     0000ae66  exportRXData                                  
1     0000ae76  SS_currentStreamState                         
1     0000ae77  SS_nextTxCMD                                  
1     0000ae78  SS_bufferElementIndex                         
1     0000ae79  SS_bufferIsFull                               
1     0000ae7a  SS_streamDataSkips                            
1     0000ae7b  SS_initiallyClearBuffer                       
1     0000ae7c  SS_bufferElementIndex2                        
1     0000ae7d  SS_bufferIsFull2                              
1     0000ae7e  SS_writeBuffer1readBuffer2                    
1     0000ae7f  SS_streamDataSkips2                           
1     0000ae80  __TI_enable_exit_profile_output               
1     0000ae82  __TI_cleanup_ptr                              
1     0000ae84  __TI_dtors_ptr                                
1     0000ae86  SS_currentPlotHashIndices                     
1     0000ae8a  SS_streamToggleStates                         
1     0000ae8e  _lock                                         
1     0000ae90  _unlock                                       
abs   000003f8  __TI_STACK_SIZE                               
abs   ffffffff  __TI_pprof_out_hndl                           
abs   ffffffff  __TI_prof_data_size                           
abs   ffffffff  __TI_prof_data_start                          
abs   ffffffff  __c_args__                                    

[126 symbols]
