******************************************************************************
             TMS320C2000 Linker PC v25.11.0                    
******************************************************************************
>> Linked Wed May 27 16:28:36 2026

OUTPUT FILE NAME:   <epwm_svm.out>
ENTRY POINT SYMBOL: "code_start"  address: 00000000


MEMORY CONFIGURATION

         name            origin    length      used     unused   attr    fill
----------------------  --------  ---------  --------  --------  ----  --------
PAGE 0:
  BEGIN                 00000000   00000002  00000002  00000000  RWIX
  RAMM0                 000000f6   0000030a  00000052  000002b8  RWIX
  RAMLS0                00008000   00000800  00000800  00000000  RWIX
  RAMLS1                00008800   00000800  00000800  00000000  RWIX
  RAMLS2                00009000   00000800  00000800  00000000  RWIX
  RAMLS3                00009800   00000800  00000800  00000000  RWIX
  RAMLS4                0000a000   00000800  00000201  000005ff  RWIX
  FLASH_BANK0_SEC0      00080000   00001000  00000000  00001000  RWIX
  FLASH_BANK0_SEC1      00081000   00001000  00000000  00001000  RWIX
  FLASH_BANK0_SEC2      00082000   00001000  00000000  00001000  RWIX
  FLASH_BANK0_SEC3      00083000   00001000  00000000  00001000  RWIX
  FLASH_BANK0_SEC4      00084000   00001000  00000000  00001000  RWIX
  FLASH_BANK0_SEC5      00085000   00001000  00000000  00001000  RWIX
  FLASH_BANK0_SEC6      00086000   00001000  00000000  00001000  RWIX
  FLASH_BANK0_SEC7      00087000   00001000  00000000  00001000  RWIX
  FLASH_BANK0_SEC8      00088000   00001000  00000000  00001000  RWIX
  FLASH_BANK0_SEC9      00089000   00001000  00000000  00001000  RWIX
  FLASH_BANK0_SEC10     0008a000   00001000  00000000  00001000  RWIX
  FLASH_BANK0_SEC11     0008b000   00001000  00000000  00001000  RWIX
  FLASH_BANK0_SEC12     0008c000   00001000  00000000  00001000  RWIX
  FLASH_BANK0_SEC13     0008d000   00001000  00000000  00001000  RWIX
  FLASH_BANK0_SEC14     0008e000   00001000  00000000  00001000  RWIX
  FLASH_BANK0_SEC15     0008f000   00001000  00000000  00001000  RWIX
  FLASH_BANK1_SEC0      00090000   00001000  00000000  00001000  RWIX
  FLASH_BANK1_SEC1      00091000   00001000  00000000  00001000  RWIX
  FLASH_BANK1_SEC2      00092000   00001000  00000000  00001000  RWIX
  FLASH_BANK1_SEC3      00093000   00001000  00000000  00001000  RWIX
  FLASH_BANK1_SEC4      00094000   00001000  00000000  00001000  RWIX
  FLASH_BANK1_SEC5      00095000   00001000  00000000  00001000  RWIX
  FLASH_BANK1_SEC6      00096000   00001000  00000000  00001000  RWIX
  FLASH_BANK1_SEC7      00097000   00001000  00000000  00001000  RWIX
  FLASH_BANK1_SEC8      00098000   00001000  00000000  00001000  RWIX
  FLASH_BANK1_SEC9      00099000   00001000  00000000  00001000  RWIX
  FLASH_BANK1_SEC10     0009a000   00001000  00000000  00001000  RWIX
  FLASH_BANK1_SEC11     0009b000   00001000  00000000  00001000  RWIX
  FLASH_BANK1_SEC12     0009c000   00001000  00000000  00001000  RWIX
  FLASH_BANK1_SEC13     0009d000   00001000  00000000  00001000  RWIX
  FLASH_BANK1_SEC14     0009e000   00001000  00000000  00001000  RWIX
  FLASH_BANK1_SEC15     0009f000   00001000  00000000  00001000  RWIX
  RESET                 003fffc0   00000002  00000000  00000002  RWIX

PAGE 1:
  BOOT_RSVD             00000002   000000f1  00000000  000000f1  RWIX
  RAMM1                 00000400   000003f8  000003f8  00000000  RWIX
  RAMLS5                0000a800   00000800  00000800  00000000  RWIX
  RAMLS6                0000b000   00000800  00000800  00000000  RWIX
  RAMLS7                0000b800   00000800  00000000  00000800  RWIX
  RAMGS0                0000c000   00002000  00000258  00001da8  RWIX
  RAMGS1                0000e000   00002000  00000000  00002000  RWIX
  RAMGS2                00010000   00002000  00000c4c  000013b4  RWIX
  RAMGS3                00012000   00001ff8  00000000  00001ff8  RWIX


SECTION ALLOCATION MAP

 output                                  attributes/
section   page    origin      length       input sections
--------  ----  ----------  ----------   ----------------
codestart 
*          0    00000000    00000002     
                  00000000    00000002     f28004x_codestartbranch.obj (codestart)

.TI.ramfunc 
*          0    000000f6    00000004     
                  000000f6    00000004     driverlib_eabi.lib : sysctl.obj (.TI.ramfunc)

.cinit     0    000000fa    0000004e     
                  000000fa    0000001c     (.cinit..data.2.load) [load image, compression = lzss]
                  00000116    0000000c     (.cinit..data.1.load) [load image, compression = lzss]
                  00000122    0000000c     (.cinit..data.3.load) [load image, compression = lzss]
                  0000012e    00000006     (__TI_handler_table)
                  00000134    00000004     (.cinit.ramgs0.load) [load image, compression = zero_init]
                  00000138    00000010     (__TI_cinit_table)

.reset     0    003fffc0    00000000     DSECT

.stack     1    00000400    000003f8     UNINITIALIZED
                  00000400    000003f8     --HOLE--

.init_array 
*          0    000000f6    00000000     UNINITIALIZED

ramgs0     1    0000c000    00000258     UNINITIALIZED
                  0000c000    00000258     sopwm.obj (ramgs0)

.text.1    0    00008000    00000800     
                  00008000    000002fd     board.obj (.text:EPWM_init)
                  000082fd    00000172     signalsight.obj (.text:SIGNALSIGHT_sendPlotData)
                  0000846f    00000124     sopwm.obj (.text:SOPWM_BuildSchedule)
                  00008593    000000fe     sopwm.obj (.text:sopwm_build_phase)
                  00008691    000000e2     signalsight.obj (.text:EXPORTPACKAGE_takeActionOnMessage)
                  00008773    0000007f     driverlib_eabi.lib : interrupt.obj (.text:Interrupt_clearIFR)
                  000087f2    0000000e     signalsight.obj (.text:SIGNALSIGHT_getVariableAddressAtHashIndex)

.text.2    0    00008800    00000800     
                  00008800    000000e0     device.obj (.text:Device_enableAllPeripherals)
                  000088e0    000000d0     signalsight.obj (.text:SIGNALSIGHT_queueUpStreamData)
                  000089b0    000000c8     sopwm.obj (.text:SOPWM_GetAngles)
                  00008a78    000000c8     driverlib_eabi.lib : sysctl.obj (.text:SysCtl_setClock)
                  00008b40    000000bd                        : sysctl.obj (.text:SysCtl_isPLLValid)
                  00008bfd    000000a5     main.obj (.text:epwm1ISR)
                  00008ca2    0000009d     driverlib_eabi.lib : dma.obj (.text:DMA_configMode)
                  00008d3f    00000075     board.obj (.text:EPWM_setADCTriggerSource)
                  00008db4    00000073     driverlib_eabi.lib : sysctl.obj (.text:DCC_setCounterSeeds)
                  00008e27    00000072     board.obj (.text:PinMux_init)
                  00008e99    00000064     main.obj (.text:main)
                  00008efd    0000005e     driverlib_eabi.lib : sysctl.obj (.text:SysCtl_getClock)
                  00008f5b    00000056     export.obj (.text:INT_myMCUSignalSight0_transferLayer_SCI_RX_ISR)
                  00008fb1    0000004e     driverlib_eabi.lib : interrupt.obj (.text:Interrupt_disable)
                  00008fff    00000001     export.obj (.text:EXPORT_init)

.text.3    0    00009000    00000800     
                  00009000    00000052     driverlib_eabi.lib : gpio.obj (.text:GPIO_setPadConfig)
                  00009052    00000051     device.obj (.text:Device_init)
                  000090a3    0000004d     driverlib_eabi.lib : sysctl.obj (.text:SysCtl_selectOscSource)
                  000090f0    0000004b     board.obj (.text:EPWM_setInterruptSource)
                  0000913b    00000048     signalsight.obj (.text:SIGNALSIGHT_capturePlotData)
                  00009183    00000046     driverlib_eabi.lib : dma.obj (.text:DMA_configWrap)
                  000091c9    00000045                        : sci.obj (.text:SCI_clearInterruptStatus)
                  0000920e    00000044                        : sci.obj (.text:SCI_enableInterrupt)
                  00009252    00000043     board.obj (.text:myMCUSignalSight0_transferLayer_SCI_init)
                  00009295    00000040     board.obj (.text:EPWM_setActionQualifierAction)
                  000092d5    00000040     driverlib_eabi.lib : sysctl.obj (.text:SysCtl_pollX1Counter)
                  00009315    00000040                        : sysctl.obj (.text:SysCtl_selectXTAL)
                  00009355    0000003e     board.obj (.text:EPWM_setCounterCompareShadowLoadMode)
                  00009393    0000003e     driverlib_eabi.lib : sci.obj (.text:SCI_setConfig)
                  000093d1    0000003d                        : interrupt.obj (.text:Interrupt_initModule)
                  0000940e    0000003c                        : dma.obj (.text:DMA_configTransfer)
                  0000944a    0000003c     export_package.obj (.text:EXPORTPACKAGE_sendFloatArrayAsByteArray)
                  00009486    0000003c     export.obj (.text:INT_myMCUSignalSight0_transferLayer_SCI_TX_ISR)
                  000094c2    0000003a     board.obj (.text:EPWM_setADCTriggerEventPrescale)
                  000094fc    0000003a     board.obj (.text:EPWM_setActionQualifierShadowLoadMode)
                  00009536    0000003a     driverlib_eabi.lib : gpio.obj (.text:GPIO_setAnalogMode)
                  00009570    00000039     board.obj (.text:myDMA0_init)
                  000095a9    00000039     board.obj (.text:myDMA1_init)
                  000095e2    00000039     board.obj (.text:myDMA2_init)
                  0000961b    00000037     driverlib_eabi.lib : dma.obj (.text:DMA_configBurst)
                  00009652    00000037                        : gpio.obj (.text:GPIO_setPinConfig)
                  00009689    00000037                        : gpio.obj (.text:GPIO_setQualificationMode)
                  000096c0    00000037                        : interrupt.obj (.text:Interrupt_enable)
                  000096f7    00000031                        : gpio.obj (.text:GPIO_setDirectionMode)
                  00009728    0000002e     rts2800_fpu32_eabi.lib : copy_decompress_lzss.c.obj (.text:decompress:lzss)
                  00009756    0000002c     board.obj (.text:EPWM_setDeadBandDelayMode)
                  00009782    0000002b     board.obj (.text:EPWM_isBaseValid)
                  000097ad    0000002b     main.obj (.text:EPWM_isBaseValid)
                  000097d8    00000028     board.obj (.text:EPWM_setInterruptEventCount)

.text.4    0    00009800    00000800     
                  00009800    0000002b     rts2800_fpu32_eabi.lib : autoinit.c.obj (.text:__TI_auto_init_nobinit_nopinit)
                  0000982b    00000029                            : exit.c.obj (.text)
                  00009854    00000027     board.obj (.text:EPWM_setSyncOutPulseMode)
                  0000987b    00000027     board.obj (.text:SysCtl_setSyncInputConfig)
                  000098a2    00000026     board.obj (.text:SCI_setFIFOInterruptLevel)
                  000098c8    00000025     driverlib_eabi.lib : dma.obj (.text:DMA_configAddresses)
                  000098ed    00000025     main.obj (.text:GPIO_writePin)
                  00009912    00000025     driverlib_eabi.lib : sysctl.obj (.text:SysCtl_selectXTALSingleEnded)
                  00009937    00000024                        : sysctl.obj (.text:DCC_enableSingleShotMode)
                  0000995b    00000024     board.obj (.text:EPWM_setDeadBandDelayPolarity)
                  0000997f    00000023     board.obj (.text:DMA_isBaseValid)
                  000099a2    00000023     driverlib_eabi.lib : dma.obj (.text:DMA_isBaseValid)
                  000099c5    00000023     main.obj (.text:DMA_isBaseValid)
                  000099e8    00000022     main.obj (.text:EPWM_getCounterCompareValue)
                  00009a0a    00000022     board.obj (.text:EPWM_setCounterCompareValue)
                  00009a2c    00000021     transfer_utils.obj (.text:f32toBytes)
                  00009a4d    00000020     board.obj (.text:XBAR_setInputPin)
                  00009a6d    00000020     rts2800_fpu32_eabi.lib : memcpy.c.obj (.text)
                  00009a8d    0000001f     board.obj (.text:EPWM_setFallingEdgeDelayCountShadowLoadMode)
                  00009aac    0000001f     board.obj (.text:EPWM_setRisingEdgeDelayCountShadowLoadMode)
                  00009acb    0000001f     export_package.obj (.text:EXPORT_receivedData)
                  00009aea    0000001e     driverlib_eabi.lib : sysctl.obj (.text:DCC_setCounter1ClkSource)
                  00009b08    0000001e     board.obj (.text:EPWM_setPhaseShift)
                  00009b26    0000001e     driverlib_eabi.lib : interrupt.obj (.text:Interrupt_initVectorTable)
                  00009b44    0000001e     board.obj (.text:SYNC_init)
                  00009b62    0000001d     board.obj (.text:EPWM_setFallingEdgeDelayCount)
                  00009b7f    0000001d     board.obj (.text:EPWM_setRisingEdgeDelayCount)
                  00009b9c    0000001d     board.obj (.text:SCI_enableFIFO)
                  00009bb9    0000001d     sopwm.obj (.text:SOPWM_InitSchedule)
                  00009bd6    0000001c     driverlib_eabi.lib : sysctl.obj (.text:DCC_setCounter0ClkSource)
                  00009bf2    0000001c     board.obj (.text:EPWM_enableADCTrigger)
                  00009c0e    0000001c     board.obj (.text:EPWM_setClockPrescaler)
                  00009c2a    0000001b     board.obj (.text:EPWM_setDeadBandControlShadowLoadMode)
                  00009c45    0000001a     driverlib_eabi.lib : sysctl.obj (.text:SysCtl_getLowSpeedClock)
                  00009c5f    00000019     board.obj (.text:INTERRUPT_init)
                  00009c78    00000019     export.obj (.text:SCI_writeCharBlockingFIFO)
                  00009c91    00000018     board.obj (.text:EPWM_disableDeadBandControlShadowLoadMode)
                  00009ca9    00000018     board.obj (.text:EPWM_disableFallingEdgeDelayCountShadowLoadMode)
                  00009cc1    00000018     board.obj (.text:EPWM_disableRisingEdgeDelayCountShadowLoadMode)
                  00009cd9    00000018     driverlib_eabi.lib : sci.obj (.text:SCI_disableModule)
                  00009cf1    00000018     board.obj (.text:SCI_performSoftwareReset)
                  00009d09    00000018     driverlib_eabi.lib : sci.obj (.text:SCI_performSoftwareReset)
                  00009d21    00000018     board.obj (.text:SCI_resetChannels)
                  00009d39    00000018     board.obj (.text:SCI_resetRxFIFO)
                  00009d51    00000018     board.obj (.text:SCI_resetTxFIFO)
                  00009d69    00000018     main.obj (.text:SysCtl_disablePeripheral)
                  00009d81    00000017     device.obj (.text:SysCtl_enablePeripheral)
                  00009d98    00000017     driverlib_eabi.lib : sysctl.obj (.text:SysCtl_enablePeripheral)
                  00009daf    00000017     main.obj (.text:SysCtl_enablePeripheral)
                  00009dc6    00000017     rts2800_fpu32_eabi.lib : boot28.asm.obj (.text)
                  00009ddd    00000016     driverlib_eabi.lib : sysctl.obj (.text:DCC_disableDoneSignal)
                  00009df3    00000016                        : sysctl.obj (.text:DCC_enableDoneSignal)
                  00009e09    00000016                        : interrupt.obj (.text:Interrupt_defaultHandler)
                  00009e1f    00000015                        : sysctl.obj (.text:DCC_clearDoneFlag)
                  00009e34    00000015                        : sysctl.obj (.text:DCC_clearErrorFlag)
                  00009e49    00000015                        : sysctl.obj (.text:DCC_disableErrorSignal)
                  00009e5e    00000015                        : sysctl.obj (.text:DCC_enableErrorSignal)
                  00009e73    00000015     board.obj (.text:DMA_setEmulationMode)
                  00009e88    00000015     main.obj (.text:DMA_startChannel)
                  00009e9d    00000015     board.obj (.text:DMA_stopChannel)
                  00009eb2    00000015     device.obj (.text:GPIO_unlockPortConfig)
                  00009ec7    00000014     driverlib_eabi.lib : sysctl.obj (.text:DCC_disableModule)
                  00009edb    00000014                        : sysctl.obj (.text:DCC_enableModule)
                  00009eef    00000014     board.obj (.text:EPWM_setTimeBaseCounterMode)
                  00009f03    00000014     board.obj (.text:EPWM_setTimeBasePeriod)
                  00009f17    00000014     driverlib_eabi.lib : gpio.obj (.text:GPIO_isPinValid)
                  00009f2b    00000014     main.obj (.text:GPIO_isPinValid)
                  00009f3f    00000014     export.obj (.text:SCI_getTxFIFOStatus)
                  00009f53    00000014     device.obj (.text:SysCtl_deviceCal)
                  00009f67    00000013     board.obj (.text:DMA_enableTrigger)
                  00009f7a    00000013     main.obj (.text:EPWM_clearEventTriggerInterruptFlag)
                  00009f8d    00000013     board.obj (.text:EPWM_enableInterrupt)
                  00009fa0    00000013     board.obj (.text:SCI_clearOverflowStatus)
                  00009fb3    00000013     export.obj (.text:SCI_clearOverflowStatus)
                  00009fc6    00000013     board.obj (.text:SCI_enableModule)
                  00009fd9    00000013     driverlib_eabi.lib : sci.obj (.text:SCI_enableModule)
                  00009fec    00000013     board.obj (.text:SCI_isBaseValid)
                  00009fff    00000001     rts2800_fpu32_eabi.lib : startup.c.obj (.text)

.text.5    0    0000a000    00000201     
                  0000a000    00000013     driverlib_eabi.lib : sci.obj (.text:SCI_isBaseValid)
                  0000a013    00000013     export.obj (.text:SCI_isBaseValid)
                  0000a026    00000012     board.obj (.text:EPWM_setTimeBaseCounter)
                  0000a038    00000012     signalsight.obj (.text:SIGNALSIGHT_sendAcknowledge)
                  0000a04a    00000012     board.obj (.text:SysCtl_setSyncOutputConfig)
                  0000a05c    00000012     rts2800_fpu32_eabi.lib : args_main.c.obj (.text)
                  0000a06e    00000011     board.obj (.text:Board_init)
                  0000a07f    00000011     board.obj (.text:EPWM_disablePhaseShiftLoad)
                  0000a090    00000011     board.obj (.text:EPWM_enablePhaseShiftLoad)
                  0000a0a1    00000011     board.obj (.text:SCI_disableLoopback)
                  0000a0b2    00000011     export.obj (.text:SCI_readCharNonBlocking)
                  0000a0c3    00000011     sopwm.obj (.text:SOPWM_schedISR)
                  0000a0d4    00000010     driverlib_eabi.lib : sysctl.obj (.text:DCC_isBaseValid)
                  0000a0e4    00000010     device.obj (.text:Device_initGPIO)
                  0000a0f4    0000000f     device.obj (.text:ASysCtl_disableDCDC)
                  0000a103    0000000f     board.obj (.text:Interrupt_register)
                  0000a112    0000000f     main.obj (.text:Interrupt_register)
                  0000a121    0000000d     driverlib_eabi.lib : interrupt.obj (.text:Interrupt_disableGlobal)
                  0000a12e    0000000d                        : interrupt.obj (.text:Interrupt_enableGlobal)
                  0000a13b    0000000d     device.obj (.text:SysCtl_setLowSpeedClock)
                  0000a148    0000000d     rts2800_fpu32_eabi.lib : copy_zero_init.c.obj (.text:decompress:ZI:__TI_zero_init_nomemset)
                  0000a155    0000000c     board.obj (.text:SysCtl_enableExtADCSOCSource)
                  0000a161    0000000b     device.obj (.text:SysCtl_disableWatchdog)
                  0000a16c    0000000b     driverlib_eabi.lib : sysctl.obj (.text:SysCtl_isMCDClockFailureDetected)
                  0000a177    0000000a     board.obj (.text:DMA_initController)
                  0000a181    0000000a     driverlib_eabi.lib : interrupt.obj (.text:Interrupt_illegalOperationHandler)
                  0000a18b    0000000a                        : interrupt.obj (.text:Interrupt_nmiHandler)
                  0000a195    00000009     board.obj (.text:DMA_init)
                  0000a19e    00000009     export.obj (.text:EXPORT_transmitCharBlocking)
                  0000a1a7    00000009     signalsight.obj (.text:SIGNALSIGHT_resetStates)
                  0000a1b0    00000009     rts2800_fpu32_eabi.lib : _lock.c.obj (.text)
                  0000a1b9    00000008                            : copy_decompress_none.c.obj (.text:decompress:none)
                  0000a1c1    00000008     f28004x_codestartbranch.obj (.text)
                  0000a1c9    00000007     driverlib_eabi.lib : sysctl.obj (.text:SysCtl_resetMCD)
                  0000a1d0    00000007     device.obj (.text:__error__)
                  0000a1d7    00000006     export.obj (.text:Interrupt_clearACKGroup)
                  0000a1dd    00000006     main.obj (.text:Interrupt_clearACKGroup)
                  0000a1e3    00000005     board.obj (.text:INPUTXBAR_init)
                  0000a1e8    00000005     signalsight.obj (.text:SIGNALSIGHT_init)
                  0000a1ed    00000005     sopwm.obj (.text:SOPWM_CommitSchedule)
                  0000a1f2    00000005     board.obj (.text:myINPUTXBARINPUT0_init)
                  0000a1f7    00000005     board.obj (.text:myINPUTXBARINPUT1_init)
                  0000a1fc    00000003     board.obj (.text:SCI_init)
                  0000a1ff    00000002     rts2800_fpu32_eabi.lib : pre_init.c.obj (.text)

.const.1   1    0000a800    000007d6     
                  0000a800    00000578     sopwm.obj (.const:SOPWM_LUT_N15)
                  0000ad78    00000258     sopwm.obj (.const:SOPWM_LUT_N7)
                  0000afd0    00000006     sopwm.obj (.const:SOPWM_PHASE_OFFSET_DEG)

.data.1    1    0000afd6    0000002a     UNINITIALIZED
                  0000afd6    00000020     sopwm.obj (.data)
                  0000aff6    0000000a     signalsight.obj (.data)

.const.2   1    0000b000    000007d0     
                  0000b000    000004b0     sopwm.obj (.const:SOPWM_LUT_N13)
                  0000b4b0    00000320     sopwm.obj (.const:SOPWM_LUT_N9)

.data.2    1    0000b7d0    00000030     UNINITIALIZED
                  0000b7d0    00000012     signalsight_hash.obj (.data:SSHASH_hash_table)
                  0000b7e2    00000010     export.obj (.data:exportRXData)
                  0000b7f2    00000008     main.obj (.data)
                  0000b7fa    00000006     rts2800_fpu32_eabi.lib : exit.c.obj (.data)

.const.3   1    00010000    00000920     
                  00010000    000003e8     sopwm.obj (.const:SOPWM_LUT_N11)
                  000103e8    00000114     board.obj (.const:.string)
                  000104fc    000000cf     main.obj (.const:.string)
                  000105cb    00000001     --HOLE-- [fill = 0]
                  000105cc    0000009a     driverlib_eabi.lib : sysctl.obj (.const:.string)
                  00010666    00000098                        : gpio.obj (.const:.string)
                  000106fe    00000097                        : dma.obj (.const:.string)
                  00010795    00000001     --HOLE-- [fill = 0]
                  00010796    00000097                        : sci.obj (.const:.string)
                  0001082d    00000001     --HOLE-- [fill = 0]
                  0001082e    0000005b     device.obj (.const:.string)
                  00010889    00000001     --HOLE-- [fill = 0]
                  0001088a    00000051     driverlib_eabi.lib : interrupt.obj (.const:.string)
                  000108db    00000001     --HOLE-- [fill = 0]
                  000108dc    00000044     export.obj (.const:.string)

.data.3    1    00010920    0000032c     UNINITIALIZED
                  00010920    00000064     signalsight.obj (.data:SS_streamA_buffer2)
                  00010984    00000064     signalsight.obj (.data:SS_streamA_buffer)
                  000109e8    00000064     signalsight.obj (.data:SS_streamB_buffer2)
                  00010a4c    00000064     signalsight.obj (.data:SS_streamB_buffer)
                  00010ab0    00000064     signalsight.obj (.data:SS_streamC_buffer2)
                  00010b14    00000064     signalsight.obj (.data:SS_streamC_buffer)
                  00010b78    00000064     signalsight.obj (.data:SS_streamD_buffer2)
                  00010bdc    00000064     signalsight.obj (.data:SS_streamD_buffer)
                  00010c40    00000004     signalsight.obj (.data:SS_currentPlotHashIndices)
                  00010c44    00000004     signalsight.obj (.data:SS_streamToggleStates)
                  00010c48    00000002     rts2800_fpu32_eabi.lib : _lock.c.obj (.data:_lock)
                  00010c4a    00000002                            : _lock.c.obj (.data:_unlock)

MODULE SUMMARY

       Module                        code   ro data   rw data
       ------                        ----   -------   -------
    .\
       main.obj                      542    207       8      
    +--+-----------------------------+------+---------+---------+
       Total:                        542    207       8      
                                                             
    .\device\
       device.obj                    431    91        0      
       f28004x_codestartbranch.obj   10     0         0      
    +--+-----------------------------+------+---------+---------+
       Total:                        441    91        0      
                                                             
    .\pwm\sopwm\
       sopwm.obj                     797    5006      632    
    +--+-----------------------------+------+---------+---------+
       Total:                        797    5006      632    
                                                             
    .\syscfg\
       board.obj                     2761   276       0      
       transfer_utils.obj            33     0         0      
    +--+-----------------------------+------+---------+---------+
       Total:                        2794   276       0      
                                                             
    .\syscfg\export\
       export.obj                    262    68        16     
       export_package.obj            91     0         0      
    +--+-----------------------------+------+---------+---------+
       Total:                        353    68        16     
                                                             
    .\syscfg\signalsight\
       signalsight.obj               922    0         818    
       signalsight_hash.obj          0      0         18     
    +--+-----------------------------+------+---------+---------+
       Total:                        922    0         836    
                                                             
    C:\ti\c2000\C2000Ware_26_00_00_00\driverlib\f28004x\driverlib\ccs\Debug\driverlib_eabi.lib
       sysctl.obj                    1189   154       0      
       dma.obj                       414    151       0      
       interrupt.obj                 419    81        0      
       gpio.obj                      319    152       0      
       sci.obj                       285    151       0      
    +--+-----------------------------+------+---------+---------+
       Total:                        2626   689       0      
                                                             
    C:\ti\ccs2050\ccs\tools\compiler\ti-cgt-c2000_25.11.0.LTS\lib\rts2800_fpu32_eabi.lib
       exit.c.obj                    41     0         6      
       copy_decompress_lzss.c.obj    46     0         0      
       autoinit.c.obj                43     0         0      
       memcpy.c.obj                  32     0         0      
       boot28.asm.obj                23     0         0      
       args_main.c.obj               18     0         0      
       _lock.c.obj                   9      0         4      
       copy_zero_init.c.obj          13     0         0      
       copy_decompress_none.c.obj    8      0         0      
       pre_init.c.obj                2      0         0      
       startup.c.obj                 1      0         0      
    +--+-----------------------------+------+---------+---------+
       Total:                        236    0         10     
                                                             
       Stack:                        0      0         1016   
       Linker Generated:             0      78        0      
    +--+-----------------------------+------+---------+---------+
       Grand Total:                  8711   6415      2518   


LINKER GENERATED COPY TABLES

__TI_cinit_table @ 00000138 records: 4, size/record: 4, table size: 16
	.data.2: load addr=000000fa, load size=0000001c bytes, run addr=0000b7d0, run size=00000030 bytes, compression=lzss
	.data.1: load addr=00000116, load size=0000000c bytes, run addr=0000afd6, run size=0000002a bytes, compression=lzss
	.data.3: load addr=00000122, load size=0000000c bytes, run addr=00010920, run size=0000032c bytes, compression=lzss
	ramgs0: load addr=00000134, load size=00000004 bytes, run addr=0000c000, run size=00000258 bytes, compression=zero_init


LINKER GENERATED HANDLER TABLE

__TI_handler_table @ 0000012e records: 3, size/record: 2, table size: 6
	index: 0, handler: __TI_decompress_lzss
	index: 1, handler: __TI_decompress_none
	index: 2, handler: __TI_zero_init


GLOBAL DATA SYMBOLS: SORTED BY DATA PAGE

address     data page           name
--------    ----------------    ----
00000400      10 (00000400)     __stack

0000a800     2a0 (0000a800)     SOPWM_LUT_N15

0000ad78     2b5 (0000ad40)     SOPWM_LUT_N7

0000afd9     2bf (0000afc0)     sopwm_num_angles
0000afda     2bf (0000afc0)     sopwm_sched_active
0000afdb     2bf (0000afc0)     sopwm_fund_tick
0000afdc     2bf (0000afc0)     sopwm_init_done
0000afdd     2bf (0000afc0)     sopwm_lut_n_base
0000afde     2bf (0000afc0)     sopwm_build_count
0000afe0     2bf (0000afc0)     sopwm_cycle_idx
0000afe4     2bf (0000afc0)     sopwm_m
0000afe6     2bf (0000afc0)     sopwm_theta
0000afe8     2bf (0000afc0)     sopwm_angle1
0000afea     2bf (0000afc0)     sopwm_angle2
0000afec     2bf (0000afc0)     sopwm_angle3
0000afee     2bf (0000afc0)     sopwm_angle4
0000aff0     2bf (0000afc0)     sopwm_angle5
0000aff2     2bf (0000afc0)     sopwm_angle6
0000aff4     2bf (0000afc0)     sopwm_angle7
0000aff6     2bf (0000afc0)     SS_currentStreamState
0000aff7     2bf (0000afc0)     SS_nextTxCMD
0000aff8     2bf (0000afc0)     SS_bufferElementIndex
0000aff9     2bf (0000afc0)     SS_bufferIsFull
0000affa     2bf (0000afc0)     SS_streamDataSkips
0000affb     2bf (0000afc0)     SS_initiallyClearBuffer
0000affc     2bf (0000afc0)     SS_bufferElementIndex2
0000affd     2bf (0000afc0)     SS_bufferIsFull2
0000affe     2bf (0000afc0)     SS_writeBuffer1readBuffer2
0000afff     2bf (0000afc0)     SS_streamDataSkips2

0000b000     2c0 (0000b000)     SOPWM_LUT_N13

0000b4b0     2d2 (0000b480)     SOPWM_LUT_N9

0000b7d0     2df (0000b7c0)     SSHASH_hash_table
0000b7e2     2df (0000b7c0)     exportRXData
0000b7f2     2df (0000b7c0)     dbg_cmpa_snapshot
0000b7f3     2df (0000b7c0)     dbg_cmpb_snapshot
0000b7f4     2df (0000b7c0)     dbg_phB_cmpa_slot0
0000b7f5     2df (0000b7c0)     dbg_phC_cmpa_slot17
0000b7f6     2df (0000b7c0)     sopwm_m_cmd
0000b7f8     2df (0000b7c0)     dbg_isr_count
0000b7fa     2df (0000b7c0)     __TI_enable_exit_profile_output
0000b7fc     2df (0000b7c0)     __TI_cleanup_ptr
0000b7fe     2df (0000b7c0)     __TI_dtors_ptr

0000c000     300 (0000c000)     sopwm_sched

00010000     400 (00010000)     SOPWM_LUT_N11

00010920     424 (00010900)     SS_streamA_buffer2

00010984     426 (00010980)     SS_streamA_buffer

000109e8     427 (000109c0)     SS_streamB_buffer2

00010a4c     429 (00010a40)     SS_streamB_buffer

00010ab0     42a (00010a80)     SS_streamC_buffer2

00010b14     42c (00010b00)     SS_streamC_buffer

00010b78     42d (00010b40)     SS_streamD_buffer2

00010bdc     42f (00010bc0)     SS_streamD_buffer

00010c40     431 (00010c40)     SS_currentPlotHashIndices
00010c44     431 (00010c40)     SS_streamToggleStates
00010c48     431 (00010c40)     _lock
00010c4a     431 (00010c40)     _unlock


GLOBAL SYMBOLS: SORTED ALPHABETICALLY BY Name 

page  address   name                                          
----  -------   ----                                          
0     0000a06e  Board_init                                    
0     0000982b  C$$EXIT                                       
0     000098c8  DMA_configAddresses                           
0     0000961b  DMA_configBurst                               
0     00008ca2  DMA_configMode                                
0     0000940e  DMA_configTransfer                            
0     00009183  DMA_configWrap                                
0     0000a195  DMA_init                                      
0     00008800  Device_enableAllPeripherals                   
0     00009052  Device_init                                   
0     0000a0e4  Device_initGPIO                               
0     00008000  EPWM_init                                     
0     0000944a  EXPORTPACKAGE_sendFloatArrayAsByteArray       
0     00008691  EXPORTPACKAGE_takeActionOnMessage             
0     00008fff  EXPORT_init                                   
0     00009acb  EXPORT_receivedData                           
0     0000a19e  EXPORT_transmitCharBlocking                   
0     00009536  GPIO_setAnalogMode                            
0     000096f7  GPIO_setDirectionMode                         
0     00009000  GPIO_setPadConfig                             
0     00009652  GPIO_setPinConfig                             
0     00009689  GPIO_setQualificationMode                     
0     0000a1e3  INPUTXBAR_init                                
0     00009c5f  INTERRUPT_init                                
0     00008f5b  INT_myMCUSignalSight0_transferLayer_SCI_RX_ISR
0     00009486  INT_myMCUSignalSight0_transferLayer_SCI_TX_ISR
0     00009e09  Interrupt_defaultHandler                      
0     00008fb1  Interrupt_disable                             
0     000096c0  Interrupt_enable                              
0     0000a181  Interrupt_illegalOperationHandler             
0     000093d1  Interrupt_initModule                          
0     00009b26  Interrupt_initVectorTable                     
0     0000a18b  Interrupt_nmiHandler                          
0     00008e27  PinMux_init                                   
0     000091c9  SCI_clearInterruptStatus                      
0     0000920e  SCI_enableInterrupt                           
0     0000a1fc  SCI_init                                      
0     00009393  SCI_setConfig                                 
0     0000913b  SIGNALSIGHT_capturePlotData                   
0     000087f2  SIGNALSIGHT_getVariableAddressAtHashIndex     
0     0000a1e8  SIGNALSIGHT_init                              
0     000088e0  SIGNALSIGHT_queueUpStreamData                 
0     0000a1a7  SIGNALSIGHT_resetStates                       
0     0000a038  SIGNALSIGHT_sendAcknowledge                   
0     000082fd  SIGNALSIGHT_sendPlotData                      
0     0000846f  SOPWM_BuildSchedule                           
0     0000a1ed  SOPWM_CommitSchedule                          
0     00009bb9  SOPWM_InitSchedule                            
1     00010000  SOPWM_LUT_N11                                 
1     0000b000  SOPWM_LUT_N13                                 
1     0000a800  SOPWM_LUT_N15                                 
1     0000ad78  SOPWM_LUT_N7                                  
1     0000b4b0  SOPWM_LUT_N9                                  
0     0000a0c3  SOPWM_schedISR                                
1     0000b7d0  SSHASH_hash_table                             
1     0000aff8  SS_bufferElementIndex                         
1     0000affc  SS_bufferElementIndex2                        
1     0000aff9  SS_bufferIsFull                               
1     0000affd  SS_bufferIsFull2                              
1     00010c40  SS_currentPlotHashIndices                     
1     0000aff6  SS_currentStreamState                         
1     0000affb  SS_initiallyClearBuffer                       
1     0000aff7  SS_nextTxCMD                                  
1     00010984  SS_streamA_buffer                             
1     00010920  SS_streamA_buffer2                            
1     00010a4c  SS_streamB_buffer                             
1     000109e8  SS_streamB_buffer2                            
1     00010b14  SS_streamC_buffer                             
1     00010ab0  SS_streamC_buffer2                            
1     00010bdc  SS_streamD_buffer                             
1     00010b78  SS_streamD_buffer2                            
1     0000affa  SS_streamDataSkips                            
1     0000afff  SS_streamDataSkips2                           
1     00010c44  SS_streamToggleStates                         
1     0000affe  SS_writeBuffer1readBuffer2                    
0     00009b44  SYNC_init                                     
0     000000f6  SysCtl_delay                                  
0     00008efd  SysCtl_getClock                               
0     00009c45  SysCtl_getLowSpeedClock                       
0     00008b40  SysCtl_isPLLValid                             
0     000090a3  SysCtl_selectOscSource                        
0     00009315  SysCtl_selectXTAL                             
0     00009912  SysCtl_selectXTALSingleEnded                  
0     00008a78  SysCtl_setClock                               
0     00000138  __TI_CINIT_Base                               
0     00000148  __TI_CINIT_Limit                              
0     00000148  __TI_CINIT_Warm                               
0     0000012e  __TI_Handler_Table_Base                       
0     00000134  __TI_Handler_Table_Limit                      
1     000007f8  __TI_STACK_END                                
abs   000003f8  __TI_STACK_SIZE                               
0     00009800  __TI_auto_init_nobinit_nopinit                
1     0000b7fc  __TI_cleanup_ptr                              
0     00009728  __TI_decompress_lzss                          
0     0000a1b9  __TI_decompress_none                          
1     0000b7fe  __TI_dtors_ptr                                
1     0000b7fa  __TI_enable_exit_profile_output               
abs   ffffffff  __TI_pprof_out_hndl                           
abs   ffffffff  __TI_prof_data_size                           
abs   ffffffff  __TI_prof_data_start                          
0     0000a148  __TI_zero_init_nomemset                       
abs   ffffffff  __c_args__                                    
0     0000a1d0  __error__                                     
1     00000400  __stack                                       
0     0000a05c  _args_main                                    
0     00009dc6  _c_int00                                      
1     00010c48  _lock                                         
0     0000a1b8  _nop                                          
0     0000a1b4  _register_lock                                
0     0000a1b0  _register_unlock                              
0     00009fff  _system_post_cinit                            
0     0000a1ff  _system_pre_init                              
1     00010c4a  _unlock                                       
0     0000982b  abort                                         
0     00000000  code_start                                    
1     0000b7f2  dbg_cmpa_snapshot                             
1     0000b7f3  dbg_cmpb_snapshot                             
1     0000b7f8  dbg_isr_count                                 
1     0000b7f4  dbg_phB_cmpa_slot0                            
1     0000b7f5  dbg_phC_cmpa_slot17                           
0     00008bfd  epwm1ISR                                      
0     0000982d  exit                                          
1     0000b7e2  exportRXData                                  
0     00009a2c  f32toBytes                                    
0     00008e99  main                                          
0     00009a6d  memcpy                                        
0     00009570  myDMA0_init                                   
0     000095a9  myDMA1_init                                   
0     000095e2  myDMA2_init                                   
0     0000a1f2  myINPUTXBARINPUT0_init                        
0     0000a1f7  myINPUTXBARINPUT1_init                        
0     00009252  myMCUSignalSight0_transferLayer_SCI_init      
1     0000afe8  sopwm_angle1                                  
1     0000afea  sopwm_angle2                                  
1     0000afec  sopwm_angle3                                  
1     0000afee  sopwm_angle4                                  
1     0000aff0  sopwm_angle5                                  
1     0000aff2  sopwm_angle6                                  
1     0000aff4  sopwm_angle7                                  
1     0000afde  sopwm_build_count                             
1     0000afe0  sopwm_cycle_idx                               
1     0000afdb  sopwm_fund_tick                               
1     0000afdc  sopwm_init_done                               
1     0000afdd  sopwm_lut_n_base                              
1     0000afe4  sopwm_m                                       
1     0000b7f6  sopwm_m_cmd                                   
1     0000afd9  sopwm_num_angles                              
1     0000c000  sopwm_sched                                   
1     0000afda  sopwm_sched_active                            
1     0000afe6  sopwm_theta                                   


GLOBAL SYMBOLS: SORTED BY Symbol Address 

page  address   name                                          
----  -------   ----                                          
0     00000000  code_start                                    
0     000000f6  SysCtl_delay                                  
0     0000012e  __TI_Handler_Table_Base                       
0     00000134  __TI_Handler_Table_Limit                      
0     00000138  __TI_CINIT_Base                               
0     00000148  __TI_CINIT_Limit                              
0     00000148  __TI_CINIT_Warm                               
0     00008000  EPWM_init                                     
0     000082fd  SIGNALSIGHT_sendPlotData                      
0     0000846f  SOPWM_BuildSchedule                           
0     00008691  EXPORTPACKAGE_takeActionOnMessage             
0     000087f2  SIGNALSIGHT_getVariableAddressAtHashIndex     
0     00008800  Device_enableAllPeripherals                   
0     000088e0  SIGNALSIGHT_queueUpStreamData                 
0     00008a78  SysCtl_setClock                               
0     00008b40  SysCtl_isPLLValid                             
0     00008bfd  epwm1ISR                                      
0     00008ca2  DMA_configMode                                
0     00008e27  PinMux_init                                   
0     00008e99  main                                          
0     00008efd  SysCtl_getClock                               
0     00008f5b  INT_myMCUSignalSight0_transferLayer_SCI_RX_ISR
0     00008fb1  Interrupt_disable                             
0     00008fff  EXPORT_init                                   
0     00009000  GPIO_setPadConfig                             
0     00009052  Device_init                                   
0     000090a3  SysCtl_selectOscSource                        
0     0000913b  SIGNALSIGHT_capturePlotData                   
0     00009183  DMA_configWrap                                
0     000091c9  SCI_clearInterruptStatus                      
0     0000920e  SCI_enableInterrupt                           
0     00009252  myMCUSignalSight0_transferLayer_SCI_init      
0     00009315  SysCtl_selectXTAL                             
0     00009393  SCI_setConfig                                 
0     000093d1  Interrupt_initModule                          
0     0000940e  DMA_configTransfer                            
0     0000944a  EXPORTPACKAGE_sendFloatArrayAsByteArray       
0     00009486  INT_myMCUSignalSight0_transferLayer_SCI_TX_ISR
0     00009536  GPIO_setAnalogMode                            
0     00009570  myDMA0_init                                   
0     000095a9  myDMA1_init                                   
0     000095e2  myDMA2_init                                   
0     0000961b  DMA_configBurst                               
0     00009652  GPIO_setPinConfig                             
0     00009689  GPIO_setQualificationMode                     
0     000096c0  Interrupt_enable                              
0     000096f7  GPIO_setDirectionMode                         
0     00009728  __TI_decompress_lzss                          
0     00009800  __TI_auto_init_nobinit_nopinit                
0     0000982b  C$$EXIT                                       
0     0000982b  abort                                         
0     0000982d  exit                                          
0     000098c8  DMA_configAddresses                           
0     00009912  SysCtl_selectXTALSingleEnded                  
0     00009a2c  f32toBytes                                    
0     00009a6d  memcpy                                        
0     00009acb  EXPORT_receivedData                           
0     00009b26  Interrupt_initVectorTable                     
0     00009b44  SYNC_init                                     
0     00009bb9  SOPWM_InitSchedule                            
0     00009c45  SysCtl_getLowSpeedClock                       
0     00009c5f  INTERRUPT_init                                
0     00009dc6  _c_int00                                      
0     00009e09  Interrupt_defaultHandler                      
0     00009fff  _system_post_cinit                            
0     0000a038  SIGNALSIGHT_sendAcknowledge                   
0     0000a05c  _args_main                                    
0     0000a06e  Board_init                                    
0     0000a0c3  SOPWM_schedISR                                
0     0000a0e4  Device_initGPIO                               
0     0000a148  __TI_zero_init_nomemset                       
0     0000a181  Interrupt_illegalOperationHandler             
0     0000a18b  Interrupt_nmiHandler                          
0     0000a195  DMA_init                                      
0     0000a19e  EXPORT_transmitCharBlocking                   
0     0000a1a7  SIGNALSIGHT_resetStates                       
0     0000a1b0  _register_unlock                              
0     0000a1b4  _register_lock                                
0     0000a1b8  _nop                                          
0     0000a1b9  __TI_decompress_none                          
0     0000a1d0  __error__                                     
0     0000a1e3  INPUTXBAR_init                                
0     0000a1e8  SIGNALSIGHT_init                              
0     0000a1ed  SOPWM_CommitSchedule                          
0     0000a1f2  myINPUTXBARINPUT0_init                        
0     0000a1f7  myINPUTXBARINPUT1_init                        
0     0000a1fc  SCI_init                                      
0     0000a1ff  _system_pre_init                              
1     00000400  __stack                                       
1     000007f8  __TI_STACK_END                                
1     0000a800  SOPWM_LUT_N15                                 
1     0000ad78  SOPWM_LUT_N7                                  
1     0000afd9  sopwm_num_angles                              
1     0000afda  sopwm_sched_active                            
1     0000afdb  sopwm_fund_tick                               
1     0000afdc  sopwm_init_done                               
1     0000afdd  sopwm_lut_n_base                              
1     0000afde  sopwm_build_count                             
1     0000afe0  sopwm_cycle_idx                               
1     0000afe4  sopwm_m                                       
1     0000afe6  sopwm_theta                                   
1     0000afe8  sopwm_angle1                                  
1     0000afea  sopwm_angle2                                  
1     0000afec  sopwm_angle3                                  
1     0000afee  sopwm_angle4                                  
1     0000aff0  sopwm_angle5                                  
1     0000aff2  sopwm_angle6                                  
1     0000aff4  sopwm_angle7                                  
1     0000aff6  SS_currentStreamState                         
1     0000aff7  SS_nextTxCMD                                  
1     0000aff8  SS_bufferElementIndex                         
1     0000aff9  SS_bufferIsFull                               
1     0000affa  SS_streamDataSkips                            
1     0000affb  SS_initiallyClearBuffer                       
1     0000affc  SS_bufferElementIndex2                        
1     0000affd  SS_bufferIsFull2                              
1     0000affe  SS_writeBuffer1readBuffer2                    
1     0000afff  SS_streamDataSkips2                           
1     0000b000  SOPWM_LUT_N13                                 
1     0000b4b0  SOPWM_LUT_N9                                  
1     0000b7d0  SSHASH_hash_table                             
1     0000b7e2  exportRXData                                  
1     0000b7f2  dbg_cmpa_snapshot                             
1     0000b7f3  dbg_cmpb_snapshot                             
1     0000b7f4  dbg_phB_cmpa_slot0                            
1     0000b7f5  dbg_phC_cmpa_slot17                           
1     0000b7f6  sopwm_m_cmd                                   
1     0000b7f8  dbg_isr_count                                 
1     0000b7fa  __TI_enable_exit_profile_output               
1     0000b7fc  __TI_cleanup_ptr                              
1     0000b7fe  __TI_dtors_ptr                                
1     0000c000  sopwm_sched                                   
1     00010000  SOPWM_LUT_N11                                 
1     00010920  SS_streamA_buffer2                            
1     00010984  SS_streamA_buffer                             
1     000109e8  SS_streamB_buffer2                            
1     00010a4c  SS_streamB_buffer                             
1     00010ab0  SS_streamC_buffer2                            
1     00010b14  SS_streamC_buffer                             
1     00010b78  SS_streamD_buffer2                            
1     00010bdc  SS_streamD_buffer                             
1     00010c40  SS_currentPlotHashIndices                     
1     00010c44  SS_streamToggleStates                         
1     00010c48  _lock                                         
1     00010c4a  _unlock                                       
abs   000003f8  __TI_STACK_SIZE                               
abs   ffffffff  __TI_pprof_out_hndl                           
abs   ffffffff  __TI_prof_data_size                           
abs   ffffffff  __TI_prof_data_start                          
abs   ffffffff  __c_args__                                    

[150 symbols]
