******************************************************************************
             TMS320C2000 Linker PC v25.11.0                    
******************************************************************************
>> Linked Sat Jul  4 14:08:14 2026

OUTPUT FILE NAME:   <epwm_svm.out>
ENTRY POINT SYMBOL: "code_start"  address: 00000000


MEMORY CONFIGURATION

         name            origin    length      used     unused   attr    fill
----------------------  --------  ---------  --------  --------  ----  --------
PAGE 0:
  BEGIN                 00000000   00000002  00000002  00000000  RWIX
  RAMM0                 000000f6   0000030a  00000062  000002a8  RWIX
  RAMLS0                00008000   00000800  00000800  00000000  RWIX
  RAMLS1                00008800   00000800  00000800  00000000  RWIX
  RAMLS2                00009000   00000800  00000800  00000000  RWIX
  RAMLS3                00009800   00000800  00000800  00000000  RWIX
  RAMLS4                0000a000   00000800  000007e2  0000001e  RWIX
  FLASH_BANK0_SEC0      00080000   00001000  00000000  00001000  RWIX
  FLASH_BANK0_SEC1      00081000   00001000  00000000  00001000  RWIX
  FLASH_BANK0_SEC2      00082000   00001000  00000000  00001000  RWIX
  FLASH_BANK0_SEC3      00083000   00001000  00000000  00001000  RWIX
  FLASH_BANK0_SEC4      00084000   00001000  00000000  00001000  RWIX
  FLASH_BANK0_SEC5      00085000   00001000  00000000  00001000  RWIX
  FLASH_BANK0_SEC6      00086000   00001000  00000000  00001000  RWIX
  FLASH_BANK0_SEC7      00087000   00001000  00000000  00001000  RWIX
  FLASH_BANK0_SEC8      00088000   00001000  00000000  00001000  RWIX
  FLASH_BANK0_SEC9      00089000   00001000  00000000  00001000  RWIX
  FLASH_BANK0_SEC10     0008a000   00001000  00000000  00001000  RWIX
  FLASH_BANK0_SEC11     0008b000   00001000  00000000  00001000  RWIX
  FLASH_BANK0_SEC12     0008c000   00001000  00000000  00001000  RWIX
  FLASH_BANK0_SEC13     0008d000   00001000  00000000  00001000  RWIX
  FLASH_BANK0_SEC14     0008e000   00001000  00000000  00001000  RWIX
  FLASH_BANK0_SEC15     0008f000   00001000  00000000  00001000  RWIX
  FLASH_BANK1_SEC0      00090000   00001000  00000000  00001000  RWIX
  FLASH_BANK1_SEC1      00091000   00001000  00000000  00001000  RWIX
  FLASH_BANK1_SEC2      00092000   00001000  00000000  00001000  RWIX
  FLASH_BANK1_SEC3      00093000   00001000  00000000  00001000  RWIX
  FLASH_BANK1_SEC4      00094000   00001000  00000000  00001000  RWIX
  FLASH_BANK1_SEC5      00095000   00001000  00000000  00001000  RWIX
  FLASH_BANK1_SEC6      00096000   00001000  00000000  00001000  RWIX
  FLASH_BANK1_SEC7      00097000   00001000  00000000  00001000  RWIX
  FLASH_BANK1_SEC8      00098000   00001000  00000000  00001000  RWIX
  FLASH_BANK1_SEC9      00099000   00001000  00000000  00001000  RWIX
  FLASH_BANK1_SEC10     0009a000   00001000  00000000  00001000  RWIX
  FLASH_BANK1_SEC11     0009b000   00001000  00000000  00001000  RWIX
  FLASH_BANK1_SEC12     0009c000   00001000  00000000  00001000  RWIX
  FLASH_BANK1_SEC13     0009d000   00001000  00000000  00001000  RWIX
  FLASH_BANK1_SEC14     0009e000   00001000  00000000  00001000  RWIX
  FLASH_BANK1_SEC15     0009f000   00001000  00000000  00001000  RWIX
  RESET                 003fffc0   00000002  00000000  00000002  RWIX

PAGE 1:
  BOOT_RSVD             00000002   000000f1  00000000  000000f1  RWIX
  RAMM1                 00000400   000003f8  000003f8  00000000  RWIX
  RAMLS5                0000a800   00000800  00000800  00000000  RWIX
  RAMLS6                0000b000   00000800  00000800  00000000  RWIX
  RAMLS7                0000b800   00000800  00000000  00000800  RWIX
  RAMGS0                0000c000   00002000  000005dc  00001a24  RWIX
  RAMGS1                0000e000   00002000  00000000  00002000  RWIX
  RAMGS2                00010000   00002000  00000cde  00001322  RWIX
  RAMGS3                00012000   00001ff8  00000000  00001ff8  RWIX


SECTION ALLOCATION MAP

 output                                  attributes/
section   page    origin      length       input sections
--------  ----  ----------  ----------   ----------------
codestart 
*          0    00000000    00000002     
                  00000000    00000002     f28004x_codestartbranch.obj (codestart)

.TI.ramfunc 
*          0    000000f6    00000004     
                  000000f6    00000004     driverlib_eabi.lib : sysctl.obj (.TI.ramfunc)

.cinit     0    000000fa    0000005e     
                  000000fa    00000020     (.cinit..data.2.load) [load image, compression = lzss]
                  0000011a    00000017     (.cinit..data.1.load) [load image, compression = lzss]
                  00000131    0000000d     (.cinit..data.3.load) [load image, compression = lzss]
                  0000013e    00000006     (__TI_handler_table)
                  00000144    00000004     (.cinit.ramgs0.load) [load image, compression = zero_init]
                  00000148    00000010     (__TI_cinit_table)

.reset     0    003fffc0    00000000     DSECT

.stack     1    00000400    000003f8     UNINITIALIZED
                  00000400    000003f8     --HOLE--

.init_array 
*          0    000000f6    00000000     UNINITIALIZED

ramgs0     1    0000c000    000005dc     UNINITIALIZED
                  0000c000    000005dc     sopwm.obj (ramgs0)

.text.1    0    00008000    00000800     
                  00008000    0000056e     board.obj (.text:EPWM_init)
                  0000856e    00000172     signalsight.obj (.text:SIGNALSIGHT_sendPlotData)
                  000086e0    000000e2     signalsight.obj (.text:EXPORTPACKAGE_takeActionOnMessage)
                  000087c2    0000003e     board.obj (.text:EPWM_setCounterCompareShadowLoadMode)

.text.2    0    00008800    00000800     
                  00008800    000000e0     device.obj (.text:Device_enableAllPeripherals)
                  000088e0    000000d5     sopwm.obj (.text:SOPWM_BuildSchedule)
                  000089b5    000000d0     signalsight.obj (.text:SIGNALSIGHT_queueUpStreamData)
                  00008a85    000000c8     sopwm.obj (.text:SOPWM_GetAngles)
                  00008b4d    000000c8     driverlib_eabi.lib : sysctl.obj (.text:SysCtl_setClock)
                  00008c15    000000c6     board.obj (.text:PinMux_init)
                  00008cdb    000000bd     driverlib_eabi.lib : sysctl.obj (.text:SysCtl_isPLLValid)
                  00008d98    000000a0     sopwm.obj (.text:sopwm_bin_lut)
                  00008e38    0000009d     driverlib_eabi.lib : dma.obj (.text:DMA_configMode)
                  00008ed5    0000008f     main.obj (.text:epwm1ISR)
                  00008f64    0000008f     sopwm.obj (.text:sopwm_force_halfwave_toggle)
                  00008ff3    0000000d     sopwm.obj (.text:DMA_triggerSoftReset)

.text.3    0    00009000    00000800     
                  00009000    0000008e     main.obj (.text:main)
                  0000908e    00000083     main.obj (.text:sopwm_apply_param_change)
                  00009111    0000007f     driverlib_eabi.lib : interrupt.obj (.text:Interrupt_clearIFR)
                  00009190    00000077     sopwm.obj (.text:SOPWM_SetFundamentalHz)
                  00009207    00000075     board.obj (.text:EPWM_setADCTriggerSource)
                  0000927c    00000073     driverlib_eabi.lib : sysctl.obj (.text:DCC_setCounterSeeds)
                  000092ef    0000005e                        : sysctl.obj (.text:SysCtl_getClock)
                  0000934d    00000056     export.obj (.text:INT_myMCUSignalSight0_transferLayer_SCI_RX_ISR)
                  000093a3    00000054     sopwm.obj (.text:sopwm_frame_closure)
                  000093f7    00000052     driverlib_eabi.lib : gpio.obj (.text:GPIO_setPadConfig)
                  00009449    00000052     sopwm.obj (.text:SOPWM_ReconfigDma)
                  0000949b    00000051     device.obj (.text:Device_init)
                  000094ec    0000004e     driverlib_eabi.lib : interrupt.obj (.text:Interrupt_disable)
                  0000953a    0000004d                        : sysctl.obj (.text:SysCtl_selectOscSource)
                  00009587    0000004b     board.obj (.text:EPWM_setInterruptSource)
                  000095d2    00000048     signalsight.obj (.text:SIGNALSIGHT_capturePlotData)
                  0000961a    00000046     driverlib_eabi.lib : dma.obj (.text:DMA_configWrap)
                  00009660    00000045                        : sci.obj (.text:SCI_clearInterruptStatus)
                  000096a5    00000044                        : sci.obj (.text:SCI_enableInterrupt)
                  000096e9    00000043     board.obj (.text:myMCUSignalSight0_transferLayer_SCI_init)
                  0000972c    00000040     board.obj (.text:EPWM_setActionQualifierAction)
                  0000976c    00000040     driverlib_eabi.lib : sysctl.obj (.text:SysCtl_pollX1Counter)
                  000097ac    00000040                        : sysctl.obj (.text:SysCtl_selectXTAL)
                  000097ec    00000014                        : sysctl.obj (.text:DCC_disableModule)

.text.4    0    00009800    00000800     
                  00009800    0000003e     driverlib_eabi.lib : sci.obj (.text:SCI_setConfig)
                  0000983e    0000003d                        : interrupt.obj (.text:Interrupt_initModule)
                  0000987b    0000003c                        : dma.obj (.text:DMA_configTransfer)
                  000098b7    0000003c     export_package.obj (.text:EXPORTPACKAGE_sendFloatArrayAsByteArray)
                  000098f3    0000003c     export.obj (.text:INT_myMCUSignalSight0_transferLayer_SCI_TX_ISR)
                  0000992f    0000003a     board.obj (.text:EPWM_setADCTriggerEventPrescale)
                  00009969    0000003a     board.obj (.text:EPWM_setActionQualifierShadowLoadMode)
                  000099a3    0000003a     driverlib_eabi.lib : gpio.obj (.text:GPIO_setAnalogMode)
                  000099dd    00000039     board.obj (.text:myDMA0_init)
                  00009a16    00000039     board.obj (.text:myDMA1_init)
                  00009a4f    00000039     board.obj (.text:myDMA2_init)
                  00009a88    00000037     driverlib_eabi.lib : dma.obj (.text:DMA_configBurst)
                  00009abf    00000037                        : gpio.obj (.text:GPIO_setPinConfig)
                  00009af6    00000037                        : gpio.obj (.text:GPIO_setQualificationMode)
                  00009b2d    00000037                        : interrupt.obj (.text:Interrupt_enable)
                  00009b64    00000037     sopwm.obj (.text:sopwm_copy_rotated_phase)
                  00009b9b    00000031     driverlib_eabi.lib : gpio.obj (.text:GPIO_setDirectionMode)
                  00009bcc    0000002e     board.obj (.text:EPWM_setDeadBandOutputSwapMode)
                  00009bfa    0000002e     rts2800_fpu32_eabi.lib : copy_decompress_lzss.c.obj (.text:decompress:lzss)
                  00009c28    0000002e     main.obj (.text:sopwm_repoint_dma)
                  00009c56    0000002c     main.obj (.text:EPWM_setActionQualifierSWAction)
                  00009c82    0000002c     board.obj (.text:EPWM_setDeadBandDelayMode)
                  00009cae    0000002b     board.obj (.text:EPWM_isBaseValid)
                  00009cd9    0000002b     main.obj (.text:EPWM_isBaseValid)
                  00009d04    0000002b     rts2800_fpu32_eabi.lib : autoinit.c.obj (.text:__TI_auto_init_nobinit_nopinit)
                  00009d2f    00000029                            : exit.c.obj (.text)
                  00009d58    00000028     board.obj (.text:EPWM_setInterruptEventCount)
                  00009d80    00000027     board.obj (.text:EPWM_setSyncOutPulseMode)
                  00009da7    00000027     board.obj (.text:SysCtl_setSyncInputConfig)
                  00009dce    00000026     board.obj (.text:SCI_setFIFOInterruptLevel)
                  00009df4    00000025     driverlib_eabi.lib : dma.obj (.text:DMA_configAddresses)
                  00009e19    00000025     main.obj (.text:GPIO_writePin)
                  00009e3e    00000025     driverlib_eabi.lib : sysctl.obj (.text:SysCtl_selectXTALSingleEnded)
                  00009e63    00000024                        : sysctl.obj (.text:DCC_enableSingleShotMode)
                  00009e87    00000024     board.obj (.text:EPWM_setDeadBandDelayPolarity)
                  00009eab    00000023     board.obj (.text:DMA_isBaseValid)
                  00009ece    00000023     driverlib_eabi.lib : dma.obj (.text:DMA_isBaseValid)
                  00009ef1    00000023     main.obj (.text:DMA_isBaseValid)
                  00009f14    00000023     sopwm.obj (.text:DMA_isBaseValid)
                  00009f37    00000022     main.obj (.text:EPWM_getCounterCompareValue)
                  00009f59    00000022     board.obj (.text:EPWM_setCounterCompareValue)
                  00009f7b    00000021     transfer_utils.obj (.text:f32toBytes)
                  00009f9c    00000020     board.obj (.text:XBAR_setInputPin)
                  00009fbc    00000020     rts2800_fpu32_eabi.lib : memcpy.c.obj (.text)
                  00009fdc    00000020     sopwm.obj (.text:sopwm_insert_counts)
                  00009ffc    00000003     board.obj (.text:SCI_init)
                  00009fff    00000001     export.obj (.text:EXPORT_init)

.text.5    0    0000a000    000007e2     
                  0000a000    0000001f     board.obj (.text:EPWM_setFallingEdgeDelayCountShadowLoadMode)
                  0000a01f    0000001f     board.obj (.text:EPWM_setRisingEdgeDelayCountShadowLoadMode)
                  0000a03e    0000001f     export_package.obj (.text:EXPORT_receivedData)
                  0000a05d    0000001f     sopwm.obj (.text:SOPWM_InitSchedule)
                  0000a07c    0000001e     driverlib_eabi.lib : sysctl.obj (.text:DCC_setCounter1ClkSource)
                  0000a09a    0000001e     board.obj (.text:EPWM_setPhaseShift)
                  0000a0b8    0000001e     driverlib_eabi.lib : interrupt.obj (.text:Interrupt_initVectorTable)
                  0000a0d6    0000001e     board.obj (.text:SYNC_init)
                  0000a0f4    0000001d     board.obj (.text:EPWM_setFallingEdgeDelayCount)
                  0000a111    0000001d     board.obj (.text:EPWM_setRisingEdgeDelayCount)
                  0000a12e    0000001d     board.obj (.text:SCI_enableFIFO)
                  0000a14b    0000001c     driverlib_eabi.lib : sysctl.obj (.text:DCC_setCounter0ClkSource)
                  0000a167    0000001c     board.obj (.text:EPWM_enableADCTrigger)
                  0000a183    0000001c     main.obj (.text:EPWM_forceActionQualifierSWAction)
                  0000a19f    0000001c     board.obj (.text:EPWM_setClockPrescaler)
                  0000a1bb    0000001b     board.obj (.text:EPWM_setDeadBandControlShadowLoadMode)
                  0000a1d6    0000001a     driverlib_eabi.lib : sysctl.obj (.text:SysCtl_getLowSpeedClock)
                  0000a1f0    00000019     board.obj (.text:INTERRUPT_init)
                  0000a209    00000019     export.obj (.text:SCI_writeCharBlockingFIFO)
                  0000a222    00000018     board.obj (.text:EPWM_disableDeadBandControlShadowLoadMode)
                  0000a23a    00000018     board.obj (.text:EPWM_disableFallingEdgeDelayCountShadowLoadMode)
                  0000a252    00000018     board.obj (.text:EPWM_disableRisingEdgeDelayCountShadowLoadMode)
                  0000a26a    00000018     driverlib_eabi.lib : sci.obj (.text:SCI_disableModule)
                  0000a282    00000018     board.obj (.text:SCI_performSoftwareReset)
                  0000a29a    00000018     driverlib_eabi.lib : sci.obj (.text:SCI_performSoftwareReset)
                  0000a2b2    00000018     board.obj (.text:SCI_resetChannels)
                  0000a2ca    00000018     board.obj (.text:SCI_resetRxFIFO)
                  0000a2e2    00000018     board.obj (.text:SCI_resetTxFIFO)
                  0000a2fa    00000018     main.obj (.text:SysCtl_disablePeripheral)
                  0000a312    00000017     device.obj (.text:SysCtl_enablePeripheral)
                  0000a329    00000017     driverlib_eabi.lib : sysctl.obj (.text:SysCtl_enablePeripheral)
                  0000a340    00000017     main.obj (.text:SysCtl_enablePeripheral)
                  0000a357    00000017     rts2800_fpu32_eabi.lib : boot28.asm.obj (.text)
                  0000a36e    00000016     driverlib_eabi.lib : sysctl.obj (.text:DCC_disableDoneSignal)
                  0000a384    00000016                        : sysctl.obj (.text:DCC_enableDoneSignal)
                  0000a39a    00000016                        : interrupt.obj (.text:Interrupt_defaultHandler)
                  0000a3b0    00000015                        : sysctl.obj (.text:DCC_clearDoneFlag)
                  0000a3c5    00000015                        : sysctl.obj (.text:DCC_clearErrorFlag)
                  0000a3da    00000015                        : sysctl.obj (.text:DCC_disableErrorSignal)
                  0000a3ef    00000015                        : sysctl.obj (.text:DCC_enableErrorSignal)
                  0000a404    00000015     board.obj (.text:DMA_setEmulationMode)
                  0000a419    00000015     main.obj (.text:DMA_startChannel)
                  0000a42e    00000015     board.obj (.text:DMA_stopChannel)
                  0000a443    00000015     main.obj (.text:DMA_stopChannel)
                  0000a458    00000015     device.obj (.text:GPIO_unlockPortConfig)
                  0000a46d    00000014     driverlib_eabi.lib : sysctl.obj (.text:DCC_enableModule)
                  0000a481    00000014     board.obj (.text:EPWM_setTimeBaseCounterMode)
                  0000a495    00000014     board.obj (.text:EPWM_setTimeBasePeriod)
                  0000a4a9    00000014     driverlib_eabi.lib : gpio.obj (.text:GPIO_isPinValid)
                  0000a4bd    00000014     main.obj (.text:GPIO_isPinValid)
                  0000a4d1    00000014     export.obj (.text:SCI_getTxFIFOStatus)
                  0000a4e5    00000014     device.obj (.text:SysCtl_deviceCal)
                  0000a4f9    00000014     main.obj (.text:sopwm_params_need_apply)
                  0000a50d    00000013     board.obj (.text:DMA_enableTrigger)
                  0000a520    00000013     sopwm.obj (.text:DMA_enableTrigger)
                  0000a533    00000013     main.obj (.text:EPWM_clearEventTriggerInterruptFlag)
                  0000a546    00000013     board.obj (.text:EPWM_enableInterrupt)
                  0000a559    00000013     board.obj (.text:SCI_clearOverflowStatus)
                  0000a56c    00000013     export.obj (.text:SCI_clearOverflowStatus)
                  0000a57f    00000013     board.obj (.text:SCI_enableModule)
                  0000a592    00000013     driverlib_eabi.lib : sci.obj (.text:SCI_enableModule)
                  0000a5a5    00000013     board.obj (.text:SCI_isBaseValid)
                  0000a5b8    00000013     driverlib_eabi.lib : sci.obj (.text:SCI_isBaseValid)
                  0000a5cb    00000013     export.obj (.text:SCI_isBaseValid)
                  0000a5de    00000012     board.obj (.text:EPWM_setTimeBaseCounter)
                  0000a5f0    00000012     main.obj (.text:EPWM_setTimeBaseCounter)
                  0000a602    00000012     signalsight.obj (.text:SIGNALSIGHT_sendAcknowledge)
                  0000a614    00000012     board.obj (.text:SysCtl_setSyncOutputConfig)
                  0000a626    00000012     rts2800_fpu32_eabi.lib : args_main.c.obj (.text)
                  0000a638    00000011     board.obj (.text:Board_init)
                  0000a649    00000011     board.obj (.text:EPWM_disablePhaseShiftLoad)
                  0000a65a    00000011     board.obj (.text:EPWM_enablePhaseShiftLoad)
                  0000a66b    00000011     board.obj (.text:SCI_disableLoopback)
                  0000a67c    00000011     export.obj (.text:SCI_readCharNonBlocking)
                  0000a68d    00000011     sopwm.obj (.text:SOPWM_schedISR)
                  0000a69e    00000010     driverlib_eabi.lib : sysctl.obj (.text:DCC_isBaseValid)
                  0000a6ae    00000010     device.obj (.text:Device_initGPIO)
                  0000a6be    0000000f     device.obj (.text:ASysCtl_disableDCDC)
                  0000a6cd    0000000f     board.obj (.text:Interrupt_register)
                  0000a6dc    0000000f     main.obj (.text:Interrupt_register)
                  0000a6eb    0000000e     signalsight.obj (.text:SIGNALSIGHT_getVariableAddressAtHashIndex)
                  0000a6f9    0000000d     driverlib_eabi.lib : interrupt.obj (.text:Interrupt_disableGlobal)
                  0000a706    0000000d                        : interrupt.obj (.text:Interrupt_enableGlobal)
                  0000a713    0000000d     device.obj (.text:SysCtl_setLowSpeedClock)
                  0000a720    0000000c     board.obj (.text:SysCtl_enableExtADCSOCSource)
                  0000a72c    0000000b     device.obj (.text:SysCtl_disableWatchdog)
                  0000a737    0000000b     driverlib_eabi.lib : sysctl.obj (.text:SysCtl_isMCDClockFailureDetected)
                  0000a742    0000000b     rts2800_fpu32_eabi.lib : u_div28.asm.obj (.text)
                  0000a74d    0000000a     board.obj (.text:DMA_initController)
                  0000a757    0000000a     driverlib_eabi.lib : interrupt.obj (.text:Interrupt_illegalOperationHandler)
                  0000a761    0000000a                        : interrupt.obj (.text:Interrupt_nmiHandler)
                  0000a76b    00000009     board.obj (.text:DMA_init)
                  0000a774    00000009     export.obj (.text:EXPORT_transmitCharBlocking)
                  0000a77d    00000009     signalsight.obj (.text:SIGNALSIGHT_resetStates)
                  0000a786    00000009     rts2800_fpu32_eabi.lib : _lock.c.obj (.text)
                  0000a78f    00000008                            : copy_decompress_none.c.obj (.text:decompress:none)
                  0000a797    00000008     f28004x_codestartbranch.obj (.text)
                  0000a79f    00000007     driverlib_eabi.lib : sysctl.obj (.text:SysCtl_resetMCD)
                  0000a7a6    00000007     device.obj (.text:__error__)
                  0000a7ad    00000007     rts2800_fpu32_eabi.lib : memset.c.obj (.text)
                  0000a7b4    00000006     export.obj (.text:Interrupt_clearACKGroup)
                  0000a7ba    00000006     main.obj (.text:Interrupt_clearACKGroup)
                  0000a7c0    00000006     rts2800_fpu32_eabi.lib : copy_zero_init.c.obj (.text:decompress:ZI)
                  0000a7c6    00000005     board.obj (.text:INPUTXBAR_init)
                  0000a7cb    00000005     signalsight.obj (.text:SIGNALSIGHT_init)
                  0000a7d0    00000005     sopwm.obj (.text:SOPWM_CommitSchedule)
                  0000a7d5    00000005     board.obj (.text:myINPUTXBARINPUT0_init)
                  0000a7da    00000005     board.obj (.text:myINPUTXBARINPUT1_init)
                  0000a7df    00000002     rts2800_fpu32_eabi.lib : pre_init.c.obj (.text)
                  0000a7e1    00000001                            : startup.c.obj (.text)

.const.1   1    0000a800    000007d0     
                  0000a800    00000578     sopwm.obj (.const:SOPWM_LUT_N15)
                  0000ad78    00000258     sopwm.obj (.const:SOPWM_LUT_N7)

.data.1    1    0000afd0    00000030     UNINITIALIZED
                  0000afd0    00000028     sopwm.obj (.data)
                  0000aff8    00000006     rts2800_fpu32_eabi.lib : exit.c.obj (.data)
                  0000affe    00000002                            : _lock.c.obj (.data:_lock)

.const.2   1    0000b000    000007d0     
                  0000b000    000004b0     sopwm.obj (.const:SOPWM_LUT_N13)
                  0000b4b0    00000320     sopwm.obj (.const:SOPWM_LUT_N9)

.data.2    1    0000b7d0    00000030     UNINITIALIZED
                  0000b7d0    00000012     signalsight_hash.obj (.data:SSHASH_hash_table)
                  0000b7e2    00000010     export.obj (.data:exportRXData)
                  0000b7f2    0000000e     main.obj (.data)

.const.3   1    00010000    000009aa     
                  00010000    000003e8     sopwm.obj (.const:SOPWM_LUT_N11)
                  000103e8    00000114     board.obj (.const:.string)
                  000104fc    000000cf     main.obj (.const:.string)
                  000105cb    00000001     --HOLE-- [fill = 0]
                  000105cc    0000009a     driverlib_eabi.lib : sysctl.obj (.const:.string)
                  00010666    00000098                        : gpio.obj (.const:.string)
                  000106fe    00000097                        : dma.obj (.const:.string)
                  00010795    00000001     --HOLE-- [fill = 0]
                  00010796    00000097                        : sci.obj (.const:.string)
                  0001082d    00000001     --HOLE-- [fill = 0]
                  0001082e    00000089     sopwm.obj (.const:.string)
                  000108b7    00000001     --HOLE-- [fill = 0]
                  000108b8    0000005b     device.obj (.const:.string)
                  00010913    00000001     --HOLE-- [fill = 0]
                  00010914    00000051     driverlib_eabi.lib : interrupt.obj (.const:.string)
                  00010965    00000001     --HOLE-- [fill = 0]
                  00010966    00000044     export.obj (.const:.string)

.data.3    1    000109aa    00000334     UNINITIALIZED
                  000109aa    00000064     signalsight.obj (.data:SS_streamA_buffer2)
                  00010a0e    00000064     signalsight.obj (.data:SS_streamA_buffer)
                  00010a72    00000064     signalsight.obj (.data:SS_streamB_buffer2)
                  00010ad6    00000064     signalsight.obj (.data:SS_streamB_buffer)
                  00010b3a    00000064     signalsight.obj (.data:SS_streamC_buffer2)
                  00010b9e    00000064     signalsight.obj (.data:SS_streamC_buffer)
                  00010c02    00000064     signalsight.obj (.data:SS_streamD_buffer2)
                  00010c66    00000064     signalsight.obj (.data:SS_streamD_buffer)
                  00010cca    0000000a     signalsight.obj (.data)
                  00010cd4    00000004     signalsight.obj (.data:SS_currentPlotHashIndices)
                  00010cd8    00000004     signalsight.obj (.data:SS_streamToggleStates)
                  00010cdc    00000002     rts2800_fpu32_eabi.lib : _lock.c.obj (.data:_unlock)

MODULE SUMMARY

       Module                        code    ro data   rw data
       ------                        ----    -------   -------
    .\
       main.obj                      870     207       14     
    +--+-----------------------------+-------+---------+---------+
       Total:                        870     207       14     
                                                              
    .\device\
       device.obj                    431     91        0      
       f28004x_codestartbranch.obj   10      0         0      
    +--+-----------------------------+-------+---------+---------+
       Total:                        441     91        0      
                                                              
    .\pwm\sopwm\
       sopwm.obj                     1208    5137      1540   
    +--+-----------------------------+-------+---------+---------+
       Total:                        1208    5137      1540   
                                                              
    .\syscfg\
       board.obj                     3516    276       0      
       transfer_utils.obj            33      0         0      
    +--+-----------------------------+-------+---------+---------+
       Total:                        3549    276       0      
                                                              
    .\syscfg\export\
       export.obj                    262     68        16     
       export_package.obj            91      0         0      
    +--+-----------------------------+-------+---------+---------+
       Total:                        353     68        16     
                                                              
    .\syscfg\signalsight\
       signalsight.obj               922     0         818    
       signalsight_hash.obj          0       0         18     
    +--+-----------------------------+-------+---------+---------+
       Total:                        922     0         836    
                                                              
    C:\ti\c2000\C2000Ware_26_00_00_00\driverlib\f28004x\driverlib\ccs\Debug\driverlib_eabi.lib
       sysctl.obj                    1189    154       0      
       dma.obj                       414     151       0      
       interrupt.obj                 419     81        0      
       gpio.obj                      319     152       0      
       sci.obj                       285     151       0      
    +--+-----------------------------+-------+---------+---------+
       Total:                        2626    689       0      
                                                              
    C:\ti\ccs2050\ccs\tools\compiler\ti-cgt-c2000_25.11.0.LTS\lib\rts2800_fpu32_eabi.lib
       exit.c.obj                    41      0         6      
       copy_decompress_lzss.c.obj    46      0         0      
       autoinit.c.obj                43      0         0      
       memcpy.c.obj                  32      0         0      
       boot28.asm.obj                23      0         0      
       args_main.c.obj               18      0         0      
       _lock.c.obj                   9       0         4      
       u_div28.asm.obj               11      0         0      
       copy_decompress_none.c.obj    8       0         0      
       memset.c.obj                  7       0         0      
       copy_zero_init.c.obj          6       0         0      
       pre_init.c.obj                2       0         0      
       startup.c.obj                 1       0         0      
    +--+-----------------------------+-------+---------+---------+
       Total:                        247     0         10     
                                                              
       Stack:                        0       0         1016   
       Linker Generated:             0       94        0      
    +--+-----------------------------+-------+---------+---------+
       Grand Total:                  10216   6562      3432   


LINKER GENERATED COPY TABLES

__TI_cinit_table @ 00000148 records: 4, size/record: 4, table size: 16
	.data.2: load addr=000000fa, load size=00000020 bytes, run addr=0000b7d0, run size=00000030 bytes, compression=lzss
	.data.1: load addr=0000011a, load size=00000017 bytes, run addr=0000afd0, run size=00000030 bytes, compression=lzss
	.data.3: load addr=00000131, load size=0000000d bytes, run addr=000109aa, run size=00000334 bytes, compression=lzss
	ramgs0: load addr=00000144, load size=00000004 bytes, run addr=0000c000, run size=000005dc bytes, compression=zero_init


LINKER GENERATED HANDLER TABLE

__TI_handler_table @ 0000013e records: 3, size/record: 2, table size: 6
	index: 0, handler: __TI_decompress_lzss
	index: 1, handler: __TI_decompress_none
	index: 2, handler: __TI_zero_init


GLOBAL DATA SYMBOLS: SORTED BY DATA PAGE

address     data page           name
--------    ----------------    ----
00000400      10 (00000400)     __stack

0000a800     2a0 (0000a800)     SOPWM_LUT_N15

0000ad78     2b5 (0000ad40)     SOPWM_LUT_N7

0000afd3     2bf (0000afc0)     sopwm_num_angles
0000afd4     2bf (0000afc0)     sopwm_n_carr
0000afd5     2bf (0000afc0)     sopwm_mid_slot_a
0000afd6     2bf (0000afc0)     sopwm_phase_b_offset
0000afd7     2bf (0000afc0)     sopwm_phase_c_offset
0000afd8     2bf (0000afc0)     sopwm_sched_active
0000afd9     2bf (0000afc0)     sopwm_fund_tick
0000afda     2bf (0000afc0)     sopwm_init_done
0000afdb     2bf (0000afc0)     sopwm_lut_n_base
0000afdc     2bf (0000afc0)     sopwm_build_count
0000afde     2bf (0000afc0)     sopwm_cycle_idx
0000afe2     2bf (0000afc0)     sopwm_m
0000afe4     2bf (0000afc0)     sopwm_theta
0000afe6     2bf (0000afc0)     sopwm_angle1
0000afe8     2bf (0000afc0)     sopwm_angle2
0000afea     2bf (0000afc0)     sopwm_angle3
0000afec     2bf (0000afc0)     sopwm_angle4
0000afee     2bf (0000afc0)     sopwm_angle5
0000aff0     2bf (0000afc0)     sopwm_angle6
0000aff2     2bf (0000afc0)     sopwm_angle7
0000aff4     2bf (0000afc0)     sopwm_f_fund_hz
0000aff8     2bf (0000afc0)     __TI_enable_exit_profile_output
0000affa     2bf (0000afc0)     __TI_cleanup_ptr
0000affc     2bf (0000afc0)     __TI_dtors_ptr
0000affe     2bf (0000afc0)     _lock

0000b000     2c0 (0000b000)     SOPWM_LUT_N13

0000b4b0     2d2 (0000b480)     SOPWM_LUT_N9

0000b7d0     2df (0000b7c0)     SSHASH_hash_table
0000b7e2     2df (0000b7c0)     exportRXData
0000b7f2     2df (0000b7c0)     sopwm_N_cmd
0000b7f4     2df (0000b7c0)     dbg_cmpa_snapshot
0000b7f5     2df (0000b7c0)     dbg_cmpb_snapshot
0000b7f6     2df (0000b7c0)     dbg_phB_cmpa_slot0
0000b7f7     2df (0000b7c0)     dbg_phC_cmpa_slot17
0000b7f8     2df (0000b7c0)     sopwm_m_cmd
0000b7fa     2df (0000b7c0)     sopwm_f_fund_cmd
0000b7fe     2df (0000b7c0)     dbg_isr_count

0000c000     300 (0000c000)     sopwm_sched

00010000     400 (00010000)     SOPWM_LUT_N11

000109aa     426 (00010980)     SS_streamA_buffer2

00010a0e     428 (00010a00)     SS_streamA_buffer

00010a72     429 (00010a40)     SS_streamB_buffer2

00010ad6     42b (00010ac0)     SS_streamB_buffer

00010b3a     42c (00010b00)     SS_streamC_buffer2

00010b9e     42e (00010b80)     SS_streamC_buffer

00010c02     430 (00010c00)     SS_streamD_buffer2

00010c66     431 (00010c40)     SS_streamD_buffer

00010cca     433 (00010cc0)     SS_currentStreamState
00010ccb     433 (00010cc0)     SS_nextTxCMD
00010ccc     433 (00010cc0)     SS_bufferElementIndex
00010ccd     433 (00010cc0)     SS_bufferIsFull
00010cce     433 (00010cc0)     SS_streamDataSkips
00010ccf     433 (00010cc0)     SS_initiallyClearBuffer
00010cd0     433 (00010cc0)     SS_bufferElementIndex2
00010cd1     433 (00010cc0)     SS_bufferIsFull2
00010cd2     433 (00010cc0)     SS_writeBuffer1readBuffer2
00010cd3     433 (00010cc0)     SS_streamDataSkips2
00010cd4     433 (00010cc0)     SS_currentPlotHashIndices
00010cd8     433 (00010cc0)     SS_streamToggleStates
00010cdc     433 (00010cc0)     _unlock


GLOBAL SYMBOLS: SORTED ALPHABETICALLY BY Name 

page  address   name                                          
----  -------   ----                                          
0     0000a638  Board_init                                    
0     00009d2f  C$$EXIT                                       
0     00009df4  DMA_configAddresses                           
0     00009a88  DMA_configBurst                               
0     00008e38  DMA_configMode                                
0     0000987b  DMA_configTransfer                            
0     0000961a  DMA_configWrap                                
0     0000a76b  DMA_init                                      
0     00008800  Device_enableAllPeripherals                   
0     0000949b  Device_init                                   
0     0000a6ae  Device_initGPIO                               
0     00008000  EPWM_init                                     
0     000098b7  EXPORTPACKAGE_sendFloatArrayAsByteArray       
0     000086e0  EXPORTPACKAGE_takeActionOnMessage             
0     00009fff  EXPORT_init                                   
0     0000a03e  EXPORT_receivedData                           
0     0000a774  EXPORT_transmitCharBlocking                   
0     000099a3  GPIO_setAnalogMode                            
0     00009b9b  GPIO_setDirectionMode                         
0     000093f7  GPIO_setPadConfig                             
0     00009abf  GPIO_setPinConfig                             
0     00009af6  GPIO_setQualificationMode                     
0     0000a7c6  INPUTXBAR_init                                
0     0000a1f0  INTERRUPT_init                                
0     0000934d  INT_myMCUSignalSight0_transferLayer_SCI_RX_ISR
0     000098f3  INT_myMCUSignalSight0_transferLayer_SCI_TX_ISR
0     0000a39a  Interrupt_defaultHandler                      
0     000094ec  Interrupt_disable                             
0     00009b2d  Interrupt_enable                              
0     0000a757  Interrupt_illegalOperationHandler             
0     0000983e  Interrupt_initModule                          
0     0000a0b8  Interrupt_initVectorTable                     
0     0000a761  Interrupt_nmiHandler                          
0     00008c15  PinMux_init                                   
0     00009660  SCI_clearInterruptStatus                      
0     000096a5  SCI_enableInterrupt                           
0     00009ffc  SCI_init                                      
0     00009800  SCI_setConfig                                 
0     000095d2  SIGNALSIGHT_capturePlotData                   
0     0000a6eb  SIGNALSIGHT_getVariableAddressAtHashIndex     
0     0000a7cb  SIGNALSIGHT_init                              
0     000089b5  SIGNALSIGHT_queueUpStreamData                 
0     0000a77d  SIGNALSIGHT_resetStates                       
0     0000a602  SIGNALSIGHT_sendAcknowledge                   
0     0000856e  SIGNALSIGHT_sendPlotData                      
0     000088e0  SOPWM_BuildSchedule                           
0     0000a7d0  SOPWM_CommitSchedule                          
0     0000a05d  SOPWM_InitSchedule                            
1     00010000  SOPWM_LUT_N11                                 
1     0000b000  SOPWM_LUT_N13                                 
1     0000a800  SOPWM_LUT_N15                                 
1     0000ad78  SOPWM_LUT_N7                                  
1     0000b4b0  SOPWM_LUT_N9                                  
0     00009449  SOPWM_ReconfigDma                             
0     00009190  SOPWM_SetFundamentalHz                        
0     0000a68d  SOPWM_schedISR                                
1     0000b7d0  SSHASH_hash_table                             
1     00010ccc  SS_bufferElementIndex                         
1     00010cd0  SS_bufferElementIndex2                        
1     00010ccd  SS_bufferIsFull                               
1     00010cd1  SS_bufferIsFull2                              
1     00010cd4  SS_currentPlotHashIndices                     
1     00010cca  SS_currentStreamState                         
1     00010ccf  SS_initiallyClearBuffer                       
1     00010ccb  SS_nextTxCMD                                  
1     00010a0e  SS_streamA_buffer                             
1     000109aa  SS_streamA_buffer2                            
1     00010ad6  SS_streamB_buffer                             
1     00010a72  SS_streamB_buffer2                            
1     00010b9e  SS_streamC_buffer                             
1     00010b3a  SS_streamC_buffer2                            
1     00010c66  SS_streamD_buffer                             
1     00010c02  SS_streamD_buffer2                            
1     00010cce  SS_streamDataSkips                            
1     00010cd3  SS_streamDataSkips2                           
1     00010cd8  SS_streamToggleStates                         
1     00010cd2  SS_writeBuffer1readBuffer2                    
0     0000a0d6  SYNC_init                                     
0     000000f6  SysCtl_delay                                  
0     000092ef  SysCtl_getClock                               
0     0000a1d6  SysCtl_getLowSpeedClock                       
0     00008cdb  SysCtl_isPLLValid                             
0     0000953a  SysCtl_selectOscSource                        
0     000097ac  SysCtl_selectXTAL                             
0     00009e3e  SysCtl_selectXTALSingleEnded                  
0     00008b4d  SysCtl_setClock                               
0     00000148  __TI_CINIT_Base                               
0     00000158  __TI_CINIT_Limit                              
0     00000158  __TI_CINIT_Warm                               
0     0000013e  __TI_Handler_Table_Base                       
0     00000144  __TI_Handler_Table_Limit                      
1     000007f8  __TI_STACK_END                                
abs   000003f8  __TI_STACK_SIZE                               
0     00009d04  __TI_auto_init_nobinit_nopinit                
1     0000affa  __TI_cleanup_ptr                              
0     00009bfa  __TI_decompress_lzss                          
0     0000a78f  __TI_decompress_none                          
1     0000affc  __TI_dtors_ptr                                
1     0000aff8  __TI_enable_exit_profile_output               
abs   ffffffff  __TI_pprof_out_hndl                           
abs   ffffffff  __TI_prof_data_size                           
abs   ffffffff  __TI_prof_data_start                          
0     0000a7c0  __TI_zero_init                                
0     0000a742  __c28xabi_divu                                
0     0000a747  __c28xabi_modu                                
abs   ffffffff  __c_args__                                    
0     0000a7a6  __error__                                     
1     00000400  __stack                                       
0     0000a626  _args_main                                    
0     0000a357  _c_int00                                      
1     0000affe  _lock                                         
0     0000a78e  _nop                                          
0     0000a78a  _register_lock                                
0     0000a786  _register_unlock                              
0     0000a7e1  _system_post_cinit                            
0     0000a7df  _system_pre_init                              
1     00010cdc  _unlock                                       
0     00009d2f  abort                                         
0     00000000  code_start                                    
1     0000b7f4  dbg_cmpa_snapshot                             
1     0000b7f5  dbg_cmpb_snapshot                             
1     0000b7fe  dbg_isr_count                                 
1     0000b7f6  dbg_phB_cmpa_slot0                            
1     0000b7f7  dbg_phC_cmpa_slot17                           
0     00008ed5  epwm1ISR                                      
0     00009d31  exit                                          
1     0000b7e2  exportRXData                                  
0     00009f7b  f32toBytes                                    
0     00009000  main                                          
0     00009fbc  memcpy                                        
0     0000a7ad  memset                                        
0     000099dd  myDMA0_init                                   
0     00009a16  myDMA1_init                                   
0     00009a4f  myDMA2_init                                   
0     0000a7d5  myINPUTXBARINPUT0_init                        
0     0000a7da  myINPUTXBARINPUT1_init                        
0     000096e9  myMCUSignalSight0_transferLayer_SCI_init      
1     0000b7f2  sopwm_N_cmd                                   
1     0000afe6  sopwm_angle1                                  
1     0000afe8  sopwm_angle2                                  
1     0000afea  sopwm_angle3                                  
1     0000afec  sopwm_angle4                                  
1     0000afee  sopwm_angle5                                  
1     0000aff0  sopwm_angle6                                  
1     0000aff2  sopwm_angle7                                  
1     0000afdc  sopwm_build_count                             
1     0000afde  sopwm_cycle_idx                               
1     0000b7fa  sopwm_f_fund_cmd                              
1     0000aff4  sopwm_f_fund_hz                               
1     0000afd9  sopwm_fund_tick                               
1     0000afda  sopwm_init_done                               
1     0000afdb  sopwm_lut_n_base                              
1     0000afe2  sopwm_m                                       
1     0000b7f8  sopwm_m_cmd                                   
1     0000afd5  sopwm_mid_slot_a                              
1     0000afd4  sopwm_n_carr                                  
1     0000afd3  sopwm_num_angles                              
1     0000afd6  sopwm_phase_b_offset                          
1     0000afd7  sopwm_phase_c_offset                          
1     0000c000  sopwm_sched                                   
1     0000afd8  sopwm_sched_active                            
1     0000afe4  sopwm_theta                                   


GLOBAL SYMBOLS: SORTED BY Symbol Address 

page  address   name                                          
----  -------   ----                                          
0     00000000  code_start                                    
0     000000f6  SysCtl_delay                                  
0     0000013e  __TI_Handler_Table_Base                       
0     00000144  __TI_Handler_Table_Limit                      
0     00000148  __TI_CINIT_Base                               
0     00000158  __TI_CINIT_Limit                              
0     00000158  __TI_CINIT_Warm                               
0     00008000  EPWM_init                                     
0     0000856e  SIGNALSIGHT_sendPlotData                      
0     000086e0  EXPORTPACKAGE_takeActionOnMessage             
0     00008800  Device_enableAllPeripherals                   
0     000088e0  SOPWM_BuildSchedule                           
0     000089b5  SIGNALSIGHT_queueUpStreamData                 
0     00008b4d  SysCtl_setClock                               
0     00008c15  PinMux_init                                   
0     00008cdb  SysCtl_isPLLValid                             
0     00008e38  DMA_configMode                                
0     00008ed5  epwm1ISR                                      
0     00009000  main                                          
0     00009190  SOPWM_SetFundamentalHz                        
0     000092ef  SysCtl_getClock                               
0     0000934d  INT_myMCUSignalSight0_transferLayer_SCI_RX_ISR
0     000093f7  GPIO_setPadConfig                             
0     00009449  SOPWM_ReconfigDma                             
0     0000949b  Device_init                                   
0     000094ec  Interrupt_disable                             
0     0000953a  SysCtl_selectOscSource                        
0     000095d2  SIGNALSIGHT_capturePlotData                   
0     0000961a  DMA_configWrap                                
0     00009660  SCI_clearInterruptStatus                      
0     000096a5  SCI_enableInterrupt                           
0     000096e9  myMCUSignalSight0_transferLayer_SCI_init      
0     000097ac  SysCtl_selectXTAL                             
0     00009800  SCI_setConfig                                 
0     0000983e  Interrupt_initModule                          
0     0000987b  DMA_configTransfer                            
0     000098b7  EXPORTPACKAGE_sendFloatArrayAsByteArray       
0     000098f3  INT_myMCUSignalSight0_transferLayer_SCI_TX_ISR
0     000099a3  GPIO_setAnalogMode                            
0     000099dd  myDMA0_init                                   
0     00009a16  myDMA1_init                                   
0     00009a4f  myDMA2_init                                   
0     00009a88  DMA_configBurst                               
0     00009abf  GPIO_setPinConfig                             
0     00009af6  GPIO_setQualificationMode                     
0     00009b2d  Interrupt_enable                              
0     00009b9b  GPIO_setDirectionMode                         
0     00009bfa  __TI_decompress_lzss                          
0     00009d04  __TI_auto_init_nobinit_nopinit                
0     00009d2f  C$$EXIT                                       
0     00009d2f  abort                                         
0     00009d31  exit                                          
0     00009df4  DMA_configAddresses                           
0     00009e3e  SysCtl_selectXTALSingleEnded                  
0     00009f7b  f32toBytes                                    
0     00009fbc  memcpy                                        
0     00009ffc  SCI_init                                      
0     00009fff  EXPORT_init                                   
0     0000a03e  EXPORT_receivedData                           
0     0000a05d  SOPWM_InitSchedule                            
0     0000a0b8  Interrupt_initVectorTable                     
0     0000a0d6  SYNC_init                                     
0     0000a1d6  SysCtl_getLowSpeedClock                       
0     0000a1f0  INTERRUPT_init                                
0     0000a357  _c_int00                                      
0     0000a39a  Interrupt_defaultHandler                      
0     0000a602  SIGNALSIGHT_sendAcknowledge                   
0     0000a626  _args_main                                    
0     0000a638  Board_init                                    
0     0000a68d  SOPWM_schedISR                                
0     0000a6ae  Device_initGPIO                               
0     0000a6eb  SIGNALSIGHT_getVariableAddressAtHashIndex     
0     0000a742  __c28xabi_divu                                
0     0000a747  __c28xabi_modu                                
0     0000a757  Interrupt_illegalOperationHandler             
0     0000a761  Interrupt_nmiHandler                          
0     0000a76b  DMA_init                                      
0     0000a774  EXPORT_transmitCharBlocking                   
0     0000a77d  SIGNALSIGHT_resetStates                       
0     0000a786  _register_unlock                              
0     0000a78a  _register_lock                                
0     0000a78e  _nop                                          
0     0000a78f  __TI_decompress_none                          
0     0000a7a6  __error__                                     
0     0000a7ad  memset                                        
0     0000a7c0  __TI_zero_init                                
0     0000a7c6  INPUTXBAR_init                                
0     0000a7cb  SIGNALSIGHT_init                              
0     0000a7d0  SOPWM_CommitSchedule                          
0     0000a7d5  myINPUTXBARINPUT0_init                        
0     0000a7da  myINPUTXBARINPUT1_init                        
0     0000a7df  _system_pre_init                              
0     0000a7e1  _system_post_cinit                            
1     00000400  __stack                                       
1     000007f8  __TI_STACK_END                                
1     0000a800  SOPWM_LUT_N15                                 
1     0000ad78  SOPWM_LUT_N7                                  
1     0000afd3  sopwm_num_angles                              
1     0000afd4  sopwm_n_carr                                  
1     0000afd5  sopwm_mid_slot_a                              
1     0000afd6  sopwm_phase_b_offset                          
1     0000afd7  sopwm_phase_c_offset                          
1     0000afd8  sopwm_sched_active                            
1     0000afd9  sopwm_fund_tick                               
1     0000afda  sopwm_init_done                               
1     0000afdb  sopwm_lut_n_base                              
1     0000afdc  sopwm_build_count                             
1     0000afde  sopwm_cycle_idx                               
1     0000afe2  sopwm_m                                       
1     0000afe4  sopwm_theta                                   
1     0000afe6  sopwm_angle1                                  
1     0000afe8  sopwm_angle2                                  
1     0000afea  sopwm_angle3                                  
1     0000afec  sopwm_angle4                                  
1     0000afee  sopwm_angle5                                  
1     0000aff0  sopwm_angle6                                  
1     0000aff2  sopwm_angle7                                  
1     0000aff4  sopwm_f_fund_hz                               
1     0000aff8  __TI_enable_exit_profile_output               
1     0000affa  __TI_cleanup_ptr                              
1     0000affc  __TI_dtors_ptr                                
1     0000affe  _lock                                         
1     0000b000  SOPWM_LUT_N13                                 
1     0000b4b0  SOPWM_LUT_N9                                  
1     0000b7d0  SSHASH_hash_table                             
1     0000b7e2  exportRXData                                  
1     0000b7f2  sopwm_N_cmd                                   
1     0000b7f4  dbg_cmpa_snapshot                             
1     0000b7f5  dbg_cmpb_snapshot                             
1     0000b7f6  dbg_phB_cmpa_slot0                            
1     0000b7f7  dbg_phC_cmpa_slot17                           
1     0000b7f8  sopwm_m_cmd                                   
1     0000b7fa  sopwm_f_fund_cmd                              
1     0000b7fe  dbg_isr_count                                 
1     0000c000  sopwm_sched                                   
1     00010000  SOPWM_LUT_N11                                 
1     000109aa  SS_streamA_buffer2                            
1     00010a0e  SS_streamA_buffer                             
1     00010a72  SS_streamB_buffer2                            
1     00010ad6  SS_streamB_buffer                             
1     00010b3a  SS_streamC_buffer2                            
1     00010b9e  SS_streamC_buffer                             
1     00010c02  SS_streamD_buffer2                            
1     00010c66  SS_streamD_buffer                             
1     00010cca  SS_currentStreamState                         
1     00010ccb  SS_nextTxCMD                                  
1     00010ccc  SS_bufferElementIndex                         
1     00010ccd  SS_bufferIsFull                               
1     00010cce  SS_streamDataSkips                            
1     00010ccf  SS_initiallyClearBuffer                       
1     00010cd0  SS_bufferElementIndex2                        
1     00010cd1  SS_bufferIsFull2                              
1     00010cd2  SS_writeBuffer1readBuffer2                    
1     00010cd3  SS_streamDataSkips2                           
1     00010cd4  SS_currentPlotHashIndices                     
1     00010cd8  SS_streamToggleStates                         
1     00010cdc  _unlock                                       
abs   000003f8  __TI_STACK_SIZE                               
abs   ffffffff  __TI_pprof_out_hndl                           
abs   ffffffff  __TI_prof_data_size                           
abs   ffffffff  __TI_prof_data_start                          
abs   ffffffff  __c_args__                                    

[162 symbols]
