<?xml version="1.0" encoding="ISO-8859-1" ?>
<link_info>
   <banner>TMS320C2000 Linker PC v25.11.0.LTS</banner>
   <copyright>Copyright (c) 1996-2018 Texas Instruments Incorporated</copyright>
   <command_line>C:\ti\ccs2050\ccs\tools\compiler\ti-cgt-c2000_25.11.0.LTS\bin\lnk2000.exe -lC:\\Users\\giv6hc\\AppData\\Local\\Temp\\{E3679408-8D8F-4F62-A34F-1D67D07567FA}</command_line>
   <link_time>0x6a0451ac</link_time>
   <link_errors>0x0</link_errors>
   <output_file>C:\Users\giv6hc\workspace_ccstheia\epwm_svm\CPU1_RAM\epwm_svm.out</output_file>
   <entry_point>
      <name>code_start</name>
      <address>0x0</address>
   </entry_point>
   <input_file_list>
      <input_file id="fl-2">
         <path>C:\Users\giv6hc\workspace_ccstheia\epwm_svm\CPU1_RAM\.\syscfg\</path>
         <kind>object</kind>
         <file>board.obj</file>
         <name>board.obj</name>
      </input_file>
      <input_file id="fl-3">
         <path>C:\Users\giv6hc\workspace_ccstheia\epwm_svm\CPU1_RAM\.\syscfg\</path>
         <kind>object</kind>
         <file>c2000ware_libraries.obj</file>
         <name>c2000ware_libraries.obj</name>
      </input_file>
      <input_file id="fl-4">
         <path>C:\Users\giv6hc\workspace_ccstheia\epwm_svm\CPU1_RAM\.\syscfg\</path>
         <kind>object</kind>
         <file>transfer_utils.obj</file>
         <name>transfer_utils.obj</name>
      </input_file>
      <input_file id="fl-5">
         <path>C:\Users\giv6hc\workspace_ccstheia\epwm_svm\CPU1_RAM\.\syscfg\export\</path>
         <kind>object</kind>
         <file>export.obj</file>
         <name>export.obj</name>
      </input_file>
      <input_file id="fl-6">
         <path>C:\Users\giv6hc\workspace_ccstheia\epwm_svm\CPU1_RAM\.\syscfg\export\</path>
         <kind>object</kind>
         <file>export_package.obj</file>
         <name>export_package.obj</name>
      </input_file>
      <input_file id="fl-7">
         <path>C:\Users\giv6hc\workspace_ccstheia\epwm_svm\CPU1_RAM\.\syscfg\signalsight\</path>
         <kind>object</kind>
         <file>signalsight.obj</file>
         <name>signalsight.obj</name>
      </input_file>
      <input_file id="fl-8">
         <path>C:\Users\giv6hc\workspace_ccstheia\epwm_svm\CPU1_RAM\.\syscfg\signalsight\</path>
         <kind>object</kind>
         <file>signalsight_hash.obj</file>
         <name>signalsight_hash.obj</name>
      </input_file>
      <input_file id="fl-9">
         <path>C:\Users\giv6hc\workspace_ccstheia\epwm_svm\CPU1_RAM\.\</path>
         <kind>object</kind>
         <file>main.obj</file>
         <name>main.obj</name>
      </input_file>
      <input_file id="fl-a">
         <path>C:\Users\giv6hc\workspace_ccstheia\epwm_svm\CPU1_RAM\.\device\</path>
         <kind>object</kind>
         <file>device.obj</file>
         <name>device.obj</name>
      </input_file>
      <input_file id="fl-b">
         <path>C:\Users\giv6hc\workspace_ccstheia\epwm_svm\CPU1_RAM\.\device\</path>
         <kind>object</kind>
         <file>f28004x_codestartbranch.obj</file>
         <name>f28004x_codestartbranch.obj</name>
      </input_file>
      <input_file id="fl-c">
         <path>C:\Users\giv6hc\workspace_ccstheia\epwm_svm\CPU1_RAM\.\pwm\svm\</path>
         <kind>object</kind>
         <file>svm.obj</file>
         <name>svm.obj</name>
      </input_file>
      <input_file id="fl-12">
         <path>C:\Users\giv6hc\workspace_ccstheia\epwm_svm\CPU1_RAM\</path>
         <kind>object</kind>
         <file>&lt;internal&gt;</file>
         <name>&lt;internal&gt;</name>
      </input_file>
      <input_file id="fl-16">
         <path>C:\ti\c2000\C2000Ware_26_00_00_00\driverlib\f28004x\driverlib\ccs\Debug\</path>
         <kind>archive</kind>
         <file>driverlib_eabi.lib</file>
         <name>dcc.obj</name>
      </input_file>
      <input_file id="fl-17">
         <path>C:\ti\c2000\C2000Ware_26_00_00_00\driverlib\f28004x\driverlib\ccs\Debug\</path>
         <kind>archive</kind>
         <file>driverlib_eabi.lib</file>
         <name>gpio.obj</name>
      </input_file>
      <input_file id="fl-18">
         <path>C:\ti\c2000\C2000Ware_26_00_00_00\driverlib\f28004x\driverlib\ccs\Debug\</path>
         <kind>archive</kind>
         <file>driverlib_eabi.lib</file>
         <name>interrupt.obj</name>
      </input_file>
      <input_file id="fl-19">
         <path>C:\ti\c2000\C2000Ware_26_00_00_00\driverlib\f28004x\driverlib\ccs\Debug\</path>
         <kind>archive</kind>
         <file>driverlib_eabi.lib</file>
         <name>sci.obj</name>
      </input_file>
      <input_file id="fl-1a">
         <path>C:\ti\c2000\C2000Ware_26_00_00_00\driverlib\f28004x\driverlib\ccs\Debug\</path>
         <kind>archive</kind>
         <file>driverlib_eabi.lib</file>
         <name>sysctl.obj</name>
      </input_file>
      <input_file id="fl-26">
         <path>C:\ti\ccs2050\ccs\tools\compiler\ti-cgt-c2000_25.11.0.LTS\lib\</path>
         <kind>archive</kind>
         <file>rts2800_fpu32_eabi.lib</file>
         <name>boot28.asm.obj</name>
      </input_file>
      <input_file id="fl-27">
         <path>C:\ti\ccs2050\ccs\tools\compiler\ti-cgt-c2000_25.11.0.LTS\lib\</path>
         <kind>archive</kind>
         <file>rts2800_fpu32_eabi.lib</file>
         <name>fs_div28.asm.obj</name>
      </input_file>
      <input_file id="fl-28">
         <path>C:\ti\ccs2050\ccs\tools\compiler\ti-cgt-c2000_25.11.0.LTS\lib\</path>
         <kind>archive</kind>
         <file>rts2800_fpu32_eabi.lib</file>
         <name>ll_cmp28.asm.obj</name>
      </input_file>
      <input_file id="fl-29">
         <path>C:\ti\ccs2050\ccs\tools\compiler\ti-cgt-c2000_25.11.0.LTS\lib\</path>
         <kind>archive</kind>
         <file>rts2800_fpu32_eabi.lib</file>
         <name>pre_init.c.obj</name>
      </input_file>
      <input_file id="fl-2a">
         <path>C:\ti\ccs2050\ccs\tools\compiler\ti-cgt-c2000_25.11.0.LTS\lib\</path>
         <kind>archive</kind>
         <file>rts2800_fpu32_eabi.lib</file>
         <name>autoinit.c.obj</name>
      </input_file>
      <input_file id="fl-2b">
         <path>C:\ti\ccs2050\ccs\tools\compiler\ti-cgt-c2000_25.11.0.LTS\lib\</path>
         <kind>archive</kind>
         <file>rts2800_fpu32_eabi.lib</file>
         <name>copy_zero_init.c.obj</name>
      </input_file>
      <input_file id="fl-2c">
         <path>C:\ti\ccs2050\ccs\tools\compiler\ti-cgt-c2000_25.11.0.LTS\lib\</path>
         <kind>archive</kind>
         <file>rts2800_fpu32_eabi.lib</file>
         <name>copy_decompress_none.c.obj</name>
      </input_file>
      <input_file id="fl-2d">
         <path>C:\ti\ccs2050\ccs\tools\compiler\ti-cgt-c2000_25.11.0.LTS\lib\</path>
         <kind>archive</kind>
         <file>rts2800_fpu32_eabi.lib</file>
         <name>copy_decompress_lzss.c.obj</name>
      </input_file>
      <input_file id="fl-2e">
         <path>C:\ti\ccs2050\ccs\tools\compiler\ti-cgt-c2000_25.11.0.LTS\lib\</path>
         <kind>archive</kind>
         <file>rts2800_fpu32_eabi.lib</file>
         <name>exit.c.obj</name>
      </input_file>
      <input_file id="fl-2f">
         <path>C:\ti\ccs2050\ccs\tools\compiler\ti-cgt-c2000_25.11.0.LTS\lib\</path>
         <kind>archive</kind>
         <file>rts2800_fpu32_eabi.lib</file>
         <name>_lock.c.obj</name>
      </input_file>
      <input_file id="fl-30">
         <path>C:\ti\ccs2050\ccs\tools\compiler\ti-cgt-c2000_25.11.0.LTS\lib\</path>
         <kind>archive</kind>
         <file>rts2800_fpu32_eabi.lib</file>
         <name>args_main.c.obj</name>
      </input_file>
      <input_file id="fl-31">
         <path>C:\ti\ccs2050\ccs\tools\compiler\ti-cgt-c2000_25.11.0.LTS\lib\</path>
         <kind>archive</kind>
         <file>rts2800_fpu32_eabi.lib</file>
         <name>memset.c.obj</name>
      </input_file>
      <input_file id="fl-32">
         <path>C:\ti\ccs2050\ccs\tools\compiler\ti-cgt-c2000_25.11.0.LTS\lib\</path>
         <kind>archive</kind>
         <file>rts2800_fpu32_eabi.lib</file>
         <name>strlen.c.obj</name>
      </input_file>
      <input_file id="fl-33">
         <path>C:\ti\ccs2050\ccs\tools\compiler\ti-cgt-c2000_25.11.0.LTS\lib\</path>
         <kind>archive</kind>
         <file>rts2800_fpu32_eabi.lib</file>
         <name>cpy_tbl.c.obj</name>
      </input_file>
      <input_file id="fl-34">
         <path>C:\ti\ccs2050\ccs\tools\compiler\ti-cgt-c2000_25.11.0.LTS\lib\</path>
         <kind>archive</kind>
         <file>rts2800_fpu32_eabi.lib</file>
         <name>memcpy.c.obj</name>
      </input_file>
      <input_file id="fl-35">
         <path>C:\ti\ccs2050\ccs\tools\compiler\ti-cgt-c2000_25.11.0.LTS\lib\</path>
         <kind>archive</kind>
         <file>rts2800_fpu32_eabi.lib</file>
         <name>startup.c.obj</name>
      </input_file>
   </input_file_list>
   <object_component_list>
      <object_component id="oc-20">
         <name>codestart</name>
         <load_address>0x0</load_address>
         <readonly>true</readonly>
         <executable>true</executable>
         <run_address>0x0</run_address>
         <size>0x2</size>
         <alignment>0x1</alignment>
         <input_file_ref idref="fl-b"/>
      </object_component>
      <object_component id="oc-2b9">
         <name>.TI.ramfunc</name>
         <load_address>0xf6</load_address>
         <readonly>true</readonly>
         <executable>true</executable>
         <run_address>0xf6</run_address>
         <size>0x4</size>
         <alignment>0x1</alignment>
         <input_file_ref idref="fl-1a"/>
      </object_component>
      <object_component id="oc-188">
         <name>.text:SVM_EXEC</name>
         <load_address>0x8000</load_address>
         <readonly>true</readonly>
         <executable>true</executable>
         <run_address>0x8000</run_address>
         <size>0x48b</size>
         <alignment>0x1</alignment>
         <input_file_ref idref="fl-c"/>
      </object_component>
      <object_component id="oc-208">
         <name>.text:EPWM_init</name>
         <load_address>0x848b</load_address>
         <readonly>true</readonly>
         <executable>true</executable>
         <run_address>0x848b</run_address>
         <size>0x2fb</size>
         <alignment>0x1</alignment>
         <input_file_ref idref="fl-2"/>
      </object_component>
      <object_component id="oc-3a6">
         <name>.text:EPWM_setADCTriggerSource</name>
         <load_address>0x8786</load_address>
         <readonly>true</readonly>
         <executable>true</executable>
         <run_address>0x8786</run_address>
         <size>0x75</size>
         <alignment>0x1</alignment>
         <input_file_ref idref="fl-2"/>
      </object_component>
      <object_component id="oc-1fc">
         <name>.text:INPUTXBAR_init</name>
         <load_address>0x87fb</load_address>
         <readonly>true</readonly>
         <executable>true</executable>
         <run_address>0x87fb</run_address>
         <size>0x5</size>
         <alignment>0x1</alignment>
         <input_file_ref idref="fl-2"/>
      </object_component>
      <object_component id="oc-10d">
         <name>.text:SIGNALSIGHT_sendPlotData</name>
         <load_address>0x8800</load_address>
         <readonly>true</readonly>
         <executable>true</executable>
         <run_address>0x8800</run_address>
         <size>0x172</size>
         <alignment>0x1</alignment>
         <input_file_ref idref="fl-7"/>
      </object_component>
      <object_component id="oc-16c">
         <name>.text:EXPORTPACKAGE_takeActionOnMessage</name>
         <load_address>0x8972</load_address>
         <readonly>true</readonly>
         <executable>true</executable>
         <run_address>0x8972</run_address>
         <size>0xe2</size>
         <alignment>0x1</alignment>
         <input_file_ref idref="fl-7"/>
      </object_component>
      <object_component id="oc-1cc">
         <name>.text:Device_enableAllPeripherals</name>
         <load_address>0x8a54</load_address>
         <readonly>true</readonly>
         <executable>true</executable>
         <run_address>0x8a54</run_address>
         <size>0xe0</size>
         <alignment>0x1</alignment>
         <input_file_ref idref="fl-a"/>
      </object_component>
      <object_component id="oc-193">
         <name>.text:SIGNALSIGHT_queueUpStreamData</name>
         <load_address>0x8b34</load_address>
         <readonly>true</readonly>
         <executable>true</executable>
         <run_address>0x8b34</run_address>
         <size>0xd0</size>
         <alignment>0x1</alignment>
         <input_file_ref idref="fl-7"/>
      </object_component>
      <object_component id="oc-1ad">
         <name>.text:SysCtl_setClock</name>
         <load_address>0x8c04</load_address>
         <readonly>true</readonly>
         <executable>true</executable>
         <run_address>0x8c04</run_address>
         <size>0xc8</size>
         <alignment>0x1</alignment>
         <input_file_ref idref="fl-1a"/>
      </object_component>
      <object_component id="oc-2ba">
         <name>.text:SysCtl_isPLLValid</name>
         <load_address>0x8ccc</load_address>
         <readonly>true</readonly>
         <executable>true</executable>
         <run_address>0x8ccc</run_address>
         <size>0xbd</size>
         <alignment>0x1</alignment>
         <input_file_ref idref="fl-1a"/>
      </object_component>
      <object_component id="oc-37">
         <name>.text:epwm1ISR</name>
         <load_address>0x8d89</load_address>
         <readonly>true</readonly>
         <executable>true</executable>
         <run_address>0x8d89</run_address>
         <size>0x8b</size>
         <alignment>0x1</alignment>
         <input_file_ref idref="fl-9"/>
      </object_component>
      <object_component id="oc-15c">
         <name>.text:Interrupt_clearIFR</name>
         <load_address>0x8e14</load_address>
         <readonly>true</readonly>
         <executable>true</executable>
         <run_address>0x8e14</run_address>
         <size>0x7f</size>
         <alignment>0x1</alignment>
         <input_file_ref idref="fl-18"/>
      </object_component>
      <object_component id="oc-46c">
         <name>.text:DCC_setCounterSeeds</name>
         <load_address>0x8e93</load_address>
         <readonly>true</readonly>
         <executable>true</executable>
         <run_address>0x8e93</run_address>
         <size>0x73</size>
         <alignment>0x1</alignment>
         <input_file_ref idref="fl-1a"/>
      </object_component>
      <object_component id="oc-1f6">
         <name>.text:PinMux_init</name>
         <load_address>0x8f06</load_address>
         <readonly>true</readonly>
         <executable>true</executable>
         <run_address>0x8f06</run_address>
         <size>0x72</size>
         <alignment>0x1</alignment>
         <input_file_ref idref="fl-2"/>
      </object_component>
      <object_component id="oc-b6">
         <name>.text:SVM_openLoopRun</name>
         <load_address>0x8f78</load_address>
         <readonly>true</readonly>
         <executable>true</executable>
         <run_address>0x8f78</run_address>
         <size>0x66</size>
         <alignment>0x1</alignment>
         <input_file_ref idref="fl-c"/>
      </object_component>
      <object_component id="oc-334">
         <name>.text:EPWM_setCounterCompareValue</name>
         <load_address>0x8fde</load_address>
         <readonly>true</readonly>
         <executable>true</executable>
         <run_address>0x8fde</run_address>
         <size>0x22</size>
         <alignment>0x1</alignment>
         <input_file_ref idref="fl-2"/>
      </object_component>
      <object_component id="oc-1b9">
         <name>.text:SysCtl_getClock</name>
         <load_address>0x9000</load_address>
         <readonly>true</readonly>
         <executable>true</executable>
         <run_address>0x9000</run_address>
         <size>0x5e</size>
         <alignment>0x1</alignment>
         <input_file_ref idref="fl-1a"/>
      </object_component>
      <object_component id="oc-101">
         <name>.text:SVM_openLoopInit</name>
         <load_address>0x905e</load_address>
         <readonly>true</readonly>
         <executable>true</executable>
         <run_address>0x905e</run_address>
         <size>0x5d</size>
         <alignment>0x1</alignment>
         <input_file_ref idref="fl-c"/>
      </object_component>
      <object_component id="oc-31">
         <name>.text:INT_myMCUSignalSight0_transferLayer_SCI_RX_ISR</name>
         <load_address>0x90bb</load_address>
         <readonly>true</readonly>
         <executable>true</executable>
         <run_address>0x90bb</run_address>
         <size>0x56</size>
         <alignment>0x1</alignment>
         <input_file_ref idref="fl-5"/>
      </object_component>
      <object_component id="oc-1d8">
         <name>.text:GPIO_setPadConfig</name>
         <load_address>0x9111</load_address>
         <readonly>true</readonly>
         <executable>true</executable>
         <run_address>0x9111</run_address>
         <size>0x52</size>
         <alignment>0x1</alignment>
         <input_file_ref idref="fl-17"/>
      </object_component>
      <object_component id="oc-d7">
         <name>.text:Device_init</name>
         <load_address>0x9163</load_address>
         <readonly>true</readonly>
         <executable>true</executable>
         <run_address>0x9163</run_address>
         <size>0x51</size>
         <alignment>0x1</alignment>
         <input_file_ref idref="fl-a"/>
      </object_component>
      <object_component id="oc-222">
         <name>.text:SVM_INIT</name>
         <load_address>0x91b4</load_address>
         <readonly>true</readonly>
         <executable>true</executable>
         <run_address>0x91b4</run_address>
         <size>0x50</size>
         <alignment>0x1</alignment>
         <input_file_ref idref="fl-c"/>
      </object_component>
      <object_component id="oc-96">
         <name>.text:Interrupt_disable</name>
         <load_address>0x9204</load_address>
         <readonly>true</readonly>
         <executable>true</executable>
         <run_address>0x9204</run_address>
         <size>0x4e</size>
         <alignment>0x1</alignment>
         <input_file_ref idref="fl-18"/>
      </object_component>
      <object_component id="oc-2b3">
         <name>.text:SysCtl_selectOscSource</name>
         <load_address>0x9252</load_address>
         <readonly>true</readonly>
         <executable>true</executable>
         <run_address>0x9252</run_address>
         <size>0x4d</size>
         <alignment>0x1</alignment>
         <input_file_ref idref="fl-1a"/>
      </object_component>
      <object_component id="oc-394">
         <name>.text:EPWM_setInterruptSource</name>
         <load_address>0x929f</load_address>
         <readonly>true</readonly>
         <executable>true</executable>
         <run_address>0x929f</run_address>
         <size>0x4b</size>
         <alignment>0x1</alignment>
         <input_file_ref idref="fl-2"/>
      </object_component>
      <object_component id="oc-bc">
         <name>.text:SIGNALSIGHT_capturePlotData</name>
         <load_address>0x92ea</load_address>
         <readonly>true</readonly>
         <executable>true</executable>
         <run_address>0x92ea</run_address>
         <size>0x48</size>
         <alignment>0x1</alignment>
         <input_file_ref idref="fl-7"/>
      </object_component>
      <object_component id="oc-7e">
         <name>.text:SCI_clearInterruptStatus</name>
         <load_address>0x9332</load_address>
         <readonly>true</readonly>
         <executable>true</executable>
         <run_address>0x9332</run_address>
         <size>0x45</size>
         <alignment>0x1</alignment>
         <input_file_ref idref="fl-19"/>
      </object_component>
      <object_component id="oc-4ef">
         <name>.text:SCI_enableInterrupt</name>
         <load_address>0x9377</load_address>
         <readonly>true</readonly>
         <executable>true</executable>
         <run_address>0x9377</run_address>
         <size>0x44</size>
         <alignment>0x1</alignment>
         <input_file_ref idref="fl-19"/>
      </object_component>
      <object_component id="oc-3bf">
         <name>.text:myMCUSignalSight0_transferLayer_SCI_init</name>
         <load_address>0x93bb</load_address>
         <readonly>true</readonly>
         <executable>true</executable>
         <run_address>0x93bb</run_address>
         <size>0x43</size>
         <alignment>0x1</alignment>
         <input_file_ref idref="fl-2"/>
      </object_component>
      <object_component id="oc-34c">
         <name>.text:EPWM_setActionQualifierAction</name>
         <load_address>0x93fe</load_address>
         <readonly>true</readonly>
         <executable>true</executable>
         <run_address>0x93fe</run_address>
         <size>0x40</size>
         <alignment>0x1</alignment>
         <input_file_ref idref="fl-2"/>
      </object_component>
      <object_component id="oc-53d">
         <name>.text:SysCtl_pollX1Counter</name>
         <load_address>0x943e</load_address>
         <readonly>true</readonly>
         <executable>true</executable>
         <run_address>0x943e</run_address>
         <size>0x40</size>
         <alignment>0x1</alignment>
         <input_file_ref idref="fl-1a"/>
      </object_component>
      <object_component id="oc-42f">
         <name>.text:SysCtl_selectXTAL</name>
         <load_address>0x947e</load_address>
         <readonly>true</readonly>
         <executable>true</executable>
         <run_address>0x947e</run_address>
         <size>0x40</size>
         <alignment>0x1</alignment>
         <input_file_ref idref="fl-1a"/>
      </object_component>
      <object_component id="oc-33a">
         <name>.text:EPWM_setCounterCompareShadowLoadMode</name>
         <load_address>0x94be</load_address>
         <readonly>true</readonly>
         <executable>true</executable>
         <run_address>0x94be</run_address>
         <size>0x3e</size>
         <alignment>0x1</alignment>
         <input_file_ref idref="fl-2"/>
      </object_component>
      <object_component id="oc-4dd">
         <name>.text:SCI_setConfig</name>
         <load_address>0x94fc</load_address>
         <readonly>true</readonly>
         <executable>true</executable>
         <run_address>0x94fc</run_address>
         <size>0x3e</size>
         <alignment>0x1</alignment>
         <input_file_ref idref="fl-19"/>
      </object_component>
      <object_component id="oc-e3">
         <name>.text:Interrupt_initModule</name>
         <load_address>0x953a</load_address>
         <readonly>true</readonly>
         <executable>true</executable>
         <run_address>0x953a</run_address>
         <size>0x3d</size>
         <alignment>0x1</alignment>
         <input_file_ref idref="fl-18"/>
      </object_component>
      <object_component id="oc-24d">
         <name>.text:EXPORTPACKAGE_sendFloatArrayAsByteArray</name>
         <load_address>0x9577</load_address>
         <readonly>true</readonly>
         <executable>true</executable>
         <run_address>0x9577</run_address>
         <size>0x3c</size>
         <alignment>0x1</alignment>
         <input_file_ref idref="fl-6"/>
      </object_component>
      <object_component id="oc-25">
         <name>.text:INT_myMCUSignalSight0_transferLayer_SCI_TX_ISR</name>
         <load_address>0x95b3</load_address>
         <readonly>true</readonly>
         <executable>true</executable>
         <run_address>0x95b3</run_address>
         <size>0x3c</size>
         <alignment>0x1</alignment>
         <input_file_ref idref="fl-5"/>
      </object_component>
      <object_component id="oc-3ac">
         <name>.text:EPWM_setADCTriggerEventPrescale</name>
         <load_address>0x95ef</load_address>
         <readonly>true</readonly>
         <executable>true</executable>
         <run_address>0x95ef</run_address>
         <size>0x3a</size>
         <alignment>0x1</alignment>
         <input_file_ref idref="fl-2"/>
      </object_component>
      <object_component id="oc-346">
         <name>.text:EPWM_setActionQualifierShadowLoadMode</name>
         <load_address>0x9629</load_address>
         <readonly>true</readonly>
         <executable>true</executable>
         <run_address>0x9629</run_address>
         <size>0x3a</size>
         <alignment>0x1</alignment>
         <input_file_ref idref="fl-2"/>
      </object_component>
      <object_component id="oc-1e4">
         <name>.text:GPIO_setAnalogMode</name>
         <load_address>0x9663</load_address>
         <readonly>true</readonly>
         <executable>true</executable>
         <run_address>0x9663</run_address>
         <size>0x3a</size>
         <alignment>0x1</alignment>
         <input_file_ref idref="fl-17"/>
      </object_component>
      <object_component id="oc-2dd">
         <name>.text:GPIO_setPinConfig</name>
         <load_address>0x969d</load_address>
         <readonly>true</readonly>
         <executable>true</executable>
         <run_address>0x969d</run_address>
         <size>0x37</size>
         <alignment>0x1</alignment>
         <input_file_ref idref="fl-17"/>
      </object_component>
      <object_component id="oc-2e3">
         <name>.text:GPIO_setQualificationMode</name>
         <load_address>0x96d4</load_address>
         <readonly>true</readonly>
         <executable>true</executable>
         <run_address>0x96d4</run_address>
         <size>0x37</size>
         <alignment>0x1</alignment>
         <input_file_ref idref="fl-17"/>
      </object_component>
      <object_component id="oc-90">
         <name>.text:Interrupt_enable</name>
         <load_address>0x970b</load_address>
         <readonly>true</readonly>
         <executable>true</executable>
         <run_address>0x970b</run_address>
         <size>0x37</size>
         <alignment>0x1</alignment>
         <input_file_ref idref="fl-18"/>
      </object_component>
      <object_component id="oc-1de">
         <name>.text:GPIO_setDirectionMode</name>
         <load_address>0x9742</load_address>
         <readonly>true</readonly>
         <executable>true</executable>
         <run_address>0x9742</run_address>
         <size>0x31</size>
         <alignment>0x1</alignment>
         <input_file_ref idref="fl-17"/>
      </object_component>
      <object_component id="oc-3b">
         <name>.text:main</name>
         <load_address>0x9773</load_address>
         <readonly>true</readonly>
         <executable>true</executable>
         <run_address>0x9773</run_address>
         <size>0x31</size>
         <alignment>0x1</alignment>
         <input_file_ref idref="fl-9"/>
      </object_component>
      <object_component id="oc-13">
         <name>.text:decompress:lzss</name>
         <load_address>0x97a4</load_address>
         <readonly>true</readonly>
         <executable>true</executable>
         <run_address>0x97a4</run_address>
         <size>0x2e</size>
         <alignment>0x1</alignment>
         <input_file_ref idref="fl-2d"/>
      </object_component>
      <object_component id="oc-358">
         <name>.text:EPWM_setDeadBandDelayMode</name>
         <load_address>0x97d2</load_address>
         <readonly>true</readonly>
         <executable>true</executable>
         <run_address>0x97d2</run_address>
         <size>0x2c</size>
         <alignment>0x1</alignment>
         <input_file_ref idref="fl-2"/>
      </object_component>
      <object_component id="oc-26b">
         <name>.text</name>
         <load_address>0x97fe</load_address>
         <readonly>true</readonly>
         <executable>true</executable>
         <run_address>0x97fe</run_address>
         <size>0x2</size>
         <alignment>0x1</alignment>
         <input_file_ref idref="fl-29"/>
      </object_component>
      <object_component id="oc-4a0">
         <name>.text:EPWM_isBaseValid</name>
         <load_address>0x9800</load_address>
         <readonly>true</readonly>
         <executable>true</executable>
         <run_address>0x9800</run_address>
         <size>0x2b</size>
         <alignment>0x1</alignment>
         <input_file_ref idref="fl-2"/>
      </object_component>
      <object_component id="oc-19b">
         <name>.text:EPWM_isBaseValid</name>
         <load_address>0x982b</load_address>
         <readonly>true</readonly>
         <executable>true</executable>
         <run_address>0x982b</run_address>
         <size>0x2b</size>
         <alignment>0x1</alignment>
         <input_file_ref idref="fl-9"/>
      </object_component>
      <object_component id="oc-3ee">
         <name>.text:__TI_auto_init_nobinit_nopinit</name>
         <load_address>0x9856</load_address>
         <readonly>true</readonly>
         <executable>true</executable>
         <run_address>0x9856</run_address>
         <size>0x2b</size>
         <alignment>0x1</alignment>
         <input_file_ref idref="fl-2a"/>
      </object_component>
      <object_component id="oc-278">
         <name>.text</name>
         <load_address>0x9881</load_address>
         <readonly>true</readonly>
         <executable>true</executable>
         <run_address>0x9881</run_address>
         <size>0x29</size>
         <alignment>0x1</alignment>
         <input_file_ref idref="fl-2e"/>
      </object_component>
      <object_component id="oc-39a">
         <name>.text:EPWM_setInterruptEventCount</name>
         <load_address>0x98aa</load_address>
         <readonly>true</readonly>
         <executable>true</executable>
         <run_address>0x98aa</run_address>
         <size>0x28</size>
         <alignment>0x1</alignment>
         <input_file_ref idref="fl-2"/>
      </object_component>
      <object_component id="oc-32e">
         <name>.text:EPWM_setSyncOutPulseMode</name>
         <load_address>0x98d2</load_address>
         <readonly>true</readonly>
         <executable>true</executable>
         <run_address>0x98d2</run_address>
         <size>0x27</size>
         <alignment>0x1</alignment>
         <input_file_ref idref="fl-2"/>
      </object_component>
      <object_component id="oc-2fd">
         <name>.text:SysCtl_setSyncInputConfig</name>
         <load_address>0x98f9</load_address>
         <readonly>true</readonly>
         <executable>true</executable>
         <run_address>0x98f9</run_address>
         <size>0x27</size>
         <alignment>0x1</alignment>
         <input_file_ref idref="fl-2"/>
      </object_component>
      <object_component id="oc-4f5">
         <name>.text:SCI_setFIFOInterruptLevel</name>
         <load_address>0x9920</load_address>
         <readonly>true</readonly>
         <executable>true</executable>
         <run_address>0x9920</run_address>
         <size>0x26</size>
         <alignment>0x1</alignment>
         <input_file_ref idref="fl-2"/>
      </object_component>
      <object_component id="oc-b0">
         <name>.text:GPIO_writePin</name>
         <load_address>0x9946</load_address>
         <readonly>true</readonly>
         <executable>true</executable>
         <run_address>0x9946</run_address>
         <size>0x25</size>
         <alignment>0x1</alignment>
         <input_file_ref idref="fl-9"/>
      </object_component>
      <object_component id="oc-435">
         <name>.text:SysCtl_selectXTALSingleEnded</name>
         <load_address>0x996b</load_address>
         <readonly>true</readonly>
         <executable>true</executable>
         <run_address>0x996b</run_address>
         <size>0x25</size>
         <alignment>0x1</alignment>
         <input_file_ref idref="fl-1a"/>
      </object_component>
      <object_component id="oc-472">
         <name>.text:DCC_enableSingleShotMode</name>
         <load_address>0x9990</load_address>
         <readonly>true</readonly>
         <executable>true</executable>
         <run_address>0x9990</run_address>
         <size>0x24</size>
         <alignment>0x1</alignment>
         <input_file_ref idref="fl-1a"/>
      </object_component>
      <object_component id="oc-352">
         <name>.text:EPWM_setDeadBandDelayPolarity</name>
         <load_address>0x99b4</load_address>
         <readonly>true</readonly>
         <executable>true</executable>
         <run_address>0x99b4</run_address>
         <size>0x24</size>
         <alignment>0x1</alignment>
         <input_file_ref idref="fl-2"/>
      </object_component>
      <object_component id="oc-c2">
         <name>.text:EPWM_setCounterCompareValue</name>
         <load_address>0x99d8</load_address>
         <readonly>true</readonly>
         <executable>true</executable>
         <run_address>0x99d8</run_address>
         <size>0x22</size>
         <alignment>0x1</alignment>
         <input_file_ref idref="fl-9"/>
      </object_component>
      <object_component id="oc-3da">
         <name>.text:f32toBytes</name>
         <load_address>0x99fa</load_address>
         <readonly>true</readonly>
         <executable>true</executable>
         <run_address>0x99fa</run_address>
         <size>0x21</size>
         <alignment>0x1</alignment>
         <input_file_ref idref="fl-4"/>
      </object_component>
      <object_component id="oc-495">
         <name>.text:XBAR_setInputPin</name>
         <load_address>0x9a1b</load_address>
         <readonly>true</readonly>
         <executable>true</executable>
         <run_address>0x9a1b</run_address>
         <size>0x20</size>
         <alignment>0x1</alignment>
         <input_file_ref idref="fl-2"/>
      </object_component>
      <object_component id="oc-5e">
         <name>.text</name>
         <load_address>0x9a3b</load_address>
         <readonly>true</readonly>
         <executable>true</executable>
         <run_address>0x9a3b</run_address>
         <size>0x20</size>
         <alignment>0x1</alignment>
         <input_file_ref idref="fl-34"/>
      </object_component>
      <object_component id="oc-370">
         <name>.text:EPWM_setFallingEdgeDelayCountShadowLoadMode</name>
         <load_address>0x9a5b</load_address>
         <readonly>true</readonly>
         <executable>true</executable>
         <run_address>0x9a5b</run_address>
         <size>0x1f</size>
         <alignment>0x1</alignment>
         <input_file_ref idref="fl-2"/>
      </object_component>
      <object_component id="oc-35e">
         <name>.text:EPWM_setRisingEdgeDelayCountShadowLoadMode</name>
         <load_address>0x9a7a</load_address>
         <readonly>true</readonly>
         <executable>true</executable>
         <run_address>0x9a7a</run_address>
         <size>0x1f</size>
         <alignment>0x1</alignment>
         <input_file_ref idref="fl-2"/>
      </object_component>
      <object_component id="oc-a9">
         <name>.text:EXPORT_receivedData</name>
         <load_address>0x9a99</load_address>
         <readonly>true</readonly>
         <executable>true</executable>
         <run_address>0x9a99</run_address>
         <size>0x1f</size>
         <alignment>0x1</alignment>
         <input_file_ref idref="fl-6"/>
      </object_component>
      <object_component id="oc-466">
         <name>.text:DCC_setCounter1ClkSource</name>
         <load_address>0x9ab8</load_address>
         <readonly>true</readonly>
         <executable>true</executable>
         <run_address>0x9ab8</run_address>
         <size>0x1e</size>
         <alignment>0x1</alignment>
         <input_file_ref idref="fl-1a"/>
      </object_component>
      <object_component id="oc-328">
         <name>.text:EPWM_setPhaseShift</name>
         <load_address>0x9ad6</load_address>
         <readonly>true</readonly>
         <executable>true</executable>
         <run_address>0x9ad6</run_address>
         <size>0x1e</size>
         <alignment>0x1</alignment>
         <input_file_ref idref="fl-2"/>
      </object_component>
      <object_component id="oc-49">
         <name>.text:Interrupt_initVectorTable</name>
         <load_address>0x9af4</load_address>
         <readonly>true</readonly>
         <executable>true</executable>
         <run_address>0x9af4</run_address>
         <size>0x1e</size>
         <alignment>0x1</alignment>
         <input_file_ref idref="fl-18"/>
      </object_component>
      <object_component id="oc-202">
         <name>.text:SYNC_init</name>
         <load_address>0x9b12</load_address>
         <readonly>true</readonly>
         <executable>true</executable>
         <run_address>0x9b12</run_address>
         <size>0x1e</size>
         <alignment>0x1</alignment>
         <input_file_ref idref="fl-2"/>
      </object_component>
      <object_component id="oc-37c">
         <name>.text:EPWM_setFallingEdgeDelayCount</name>
         <load_address>0x9b30</load_address>
         <readonly>true</readonly>
         <executable>true</executable>
         <run_address>0x9b30</run_address>
         <size>0x1d</size>
         <alignment>0x1</alignment>
         <input_file_ref idref="fl-2"/>
      </object_component>
      <object_component id="oc-36a">
         <name>.text:EPWM_setRisingEdgeDelayCount</name>
         <load_address>0x9b4d</load_address>
         <readonly>true</readonly>
         <executable>true</executable>
         <run_address>0x9b4d</run_address>
         <size>0x1d</size>
         <alignment>0x1</alignment>
         <input_file_ref idref="fl-2"/>
      </object_component>
      <object_component id="oc-4fb">
         <name>.text:SCI_enableFIFO</name>
         <load_address>0x9b6a</load_address>
         <readonly>true</readonly>
         <executable>true</executable>
         <run_address>0x9b6a</run_address>
         <size>0x1d</size>
         <alignment>0x1</alignment>
         <input_file_ref idref="fl-2"/>
      </object_component>
      <object_component id="oc-460">
         <name>.text:DCC_setCounter0ClkSource</name>
         <load_address>0x9b87</load_address>
         <readonly>true</readonly>
         <executable>true</executable>
         <run_address>0x9b87</run_address>
         <size>0x1c</size>
         <alignment>0x1</alignment>
         <input_file_ref idref="fl-1a"/>
      </object_component>
      <object_component id="oc-3a0">
         <name>.text:EPWM_enableADCTrigger</name>
         <load_address>0x9ba3</load_address>
         <readonly>true</readonly>
         <executable>true</executable>
         <run_address>0x9ba3</run_address>
         <size>0x1c</size>
         <alignment>0x1</alignment>
         <input_file_ref idref="fl-2"/>
      </object_component>
      <object_component id="oc-30a">
         <name>.text:EPWM_setClockPrescaler</name>
         <load_address>0x9bbf</load_address>
         <readonly>true</readonly>
         <executable>true</executable>
         <run_address>0x9bbf</run_address>
         <size>0x1c</size>
         <alignment>0x1</alignment>
         <input_file_ref idref="fl-2"/>
      </object_component>
      <object_component id="oc-382">
         <name>.text:EPWM_setDeadBandControlShadowLoadMode</name>
         <load_address>0x9bdb</load_address>
         <readonly>true</readonly>
         <executable>true</executable>
         <run_address>0x9bdb</run_address>
         <size>0x1b</size>
         <alignment>0x1</alignment>
         <input_file_ref idref="fl-2"/>
      </object_component>
      <object_component id="oc-340">
         <name>.text:EPWM_disableActionQualifierShadowLoadMode</name>
         <load_address>0x9bf6</load_address>
         <readonly>true</readonly>
         <executable>true</executable>
         <run_address>0x9bf6</run_address>
         <size>0x1a</size>
         <alignment>0x1</alignment>
         <input_file_ref idref="fl-2"/>
      </object_component>
      <object_component id="oc-1c0">
         <name>.text:SysCtl_getLowSpeedClock</name>
         <load_address>0x9c10</load_address>
         <readonly>true</readonly>
         <executable>true</executable>
         <run_address>0x9c10</run_address>
         <size>0x1a</size>
         <alignment>0x1</alignment>
         <input_file_ref idref="fl-1a"/>
      </object_component>
      <object_component id="oc-26">
         <name>.text:INTERRUPT_init</name>
         <load_address>0x9c2a</load_address>
         <readonly>true</readonly>
         <executable>true</executable>
         <run_address>0x9c2a</run_address>
         <size>0x19</size>
         <alignment>0x1</alignment>
         <input_file_ref idref="fl-2"/>
      </object_component>
      <object_component id="oc-508">
         <name>.text:SCI_writeCharBlockingFIFO</name>
         <load_address>0x9c43</load_address>
         <readonly>true</readonly>
         <executable>true</executable>
         <run_address>0x9c43</run_address>
         <size>0x19</size>
         <alignment>0x1</alignment>
         <input_file_ref idref="fl-5"/>
      </object_component>
      <object_component id="oc-388">
         <name>.text:EPWM_disableDeadBandControlShadowLoadMode</name>
         <load_address>0x9c5c</load_address>
         <readonly>true</readonly>
         <executable>true</executable>
         <run_address>0x9c5c</run_address>
         <size>0x18</size>
         <alignment>0x1</alignment>
         <input_file_ref idref="fl-2"/>
      </object_component>
      <object_component id="oc-376">
         <name>.text:EPWM_disableFallingEdgeDelayCountShadowLoadMode</name>
         <load_address>0x9c74</load_address>
         <readonly>true</readonly>
         <executable>true</executable>
         <run_address>0x9c74</run_address>
         <size>0x18</size>
         <alignment>0x1</alignment>
         <input_file_ref idref="fl-2"/>
      </object_component>
      <object_component id="oc-364">
         <name>.text:EPWM_disableRisingEdgeDelayCountShadowLoadMode</name>
         <load_address>0x9c8c</load_address>
         <readonly>true</readonly>
         <executable>true</executable>
         <run_address>0x9c8c</run_address>
         <size>0x18</size>
         <alignment>0x1</alignment>
         <input_file_ref idref="fl-2"/>
      </object_component>
      <object_component id="oc-56a">
         <name>.text:SCI_disableModule</name>
         <load_address>0x9ca4</load_address>
         <readonly>true</readonly>
         <executable>true</executable>
         <run_address>0x9ca4</run_address>
         <size>0x18</size>
         <alignment>0x1</alignment>
         <input_file_ref idref="fl-19"/>
      </object_component>
      <object_component id="oc-4e9">
         <name>.text:SCI_performSoftwareReset</name>
         <load_address>0x9cbc</load_address>
         <readonly>true</readonly>
         <executable>true</executable>
         <run_address>0x9cbc</run_address>
         <size>0x18</size>
         <alignment>0x1</alignment>
         <input_file_ref idref="fl-2"/>
      </object_component>
      <object_component id="oc-145">
         <name>.text:SCI_performSoftwareReset</name>
         <load_address>0x9cd4</load_address>
         <readonly>true</readonly>
         <executable>true</executable>
         <run_address>0x9cd4</run_address>
         <size>0x18</size>
         <alignment>0x1</alignment>
         <input_file_ref idref="fl-19"/>
      </object_component>
      <object_component id="oc-4d7">
         <name>.text:SCI_resetChannels</name>
         <load_address>0x9cec</load_address>
         <readonly>true</readonly>
         <executable>true</executable>
         <run_address>0x9cec</run_address>
         <size>0x18</size>
         <alignment>0x1</alignment>
         <input_file_ref idref="fl-2"/>
      </object_component>
      <object_component id="oc-4d1">
         <name>.text:SCI_resetRxFIFO</name>
         <load_address>0x9d04</load_address>
         <readonly>true</readonly>
         <executable>true</executable>
         <run_address>0x9d04</run_address>
         <size>0x18</size>
         <alignment>0x1</alignment>
         <input_file_ref idref="fl-2"/>
      </object_component>
      <object_component id="oc-4cb">
         <name>.text:SCI_resetTxFIFO</name>
         <load_address>0x9d1c</load_address>
         <readonly>true</readonly>
         <executable>true</executable>
         <run_address>0x9d1c</run_address>
         <size>0x18</size>
         <alignment>0x1</alignment>
         <input_file_ref idref="fl-2"/>
      </object_component>
      <object_component id="oc-ef">
         <name>.text:SysCtl_disablePeripheral</name>
         <load_address>0x9d34</load_address>
         <readonly>true</readonly>
         <executable>true</executable>
         <run_address>0x9d34</run_address>
         <size>0x18</size>
         <alignment>0x1</alignment>
         <input_file_ref idref="fl-9"/>
      </object_component>
      <object_component id="oc-3b2">
         <name>.text:EPWM_selectPeriodLoadEvent</name>
         <load_address>0x9d4c</load_address>
         <readonly>true</readonly>
         <executable>true</executable>
         <run_address>0x9d4c</run_address>
         <size>0x17</size>
         <alignment>0x1</alignment>
         <input_file_ref idref="fl-2"/>
      </object_component>
      <object_component id="oc-2c6">
         <name>.text:SysCtl_enablePeripheral</name>
         <load_address>0x9d63</load_address>
         <readonly>true</readonly>
         <executable>true</executable>
         <run_address>0x9d63</run_address>
         <size>0x17</size>
         <alignment>0x1</alignment>
         <input_file_ref idref="fl-a"/>
      </object_component>
      <object_component id="oc-43c">
         <name>.text:SysCtl_enablePeripheral</name>
         <load_address>0x9d7a</load_address>
         <readonly>true</readonly>
         <executable>true</executable>
         <run_address>0x9d7a</run_address>
         <size>0x17</size>
         <alignment>0x1</alignment>
         <input_file_ref idref="fl-1a"/>
      </object_component>
      <object_component id="oc-107">
         <name>.text:SysCtl_enablePeripheral</name>
         <load_address>0x9d91</load_address>
         <readonly>true</readonly>
         <executable>true</executable>
         <run_address>0x9d91</run_address>
         <size>0x17</size>
         <alignment>0x1</alignment>
         <input_file_ref idref="fl-9"/>
      </object_component>
      <object_component id="oc-12a">
         <name>.text</name>
         <load_address>0x9da8</load_address>
         <readonly>true</readonly>
         <executable>true</executable>
         <run_address>0x9da8</run_address>
         <size>0x17</size>
         <alignment>0x1</alignment>
         <input_file_ref idref="fl-26"/>
      </object_component>
      <object_component id="oc-45a">
         <name>.text:DCC_disableDoneSignal</name>
         <load_address>0x9dbf</load_address>
         <readonly>true</readonly>
         <executable>true</executable>
         <run_address>0x9dbf</run_address>
         <size>0x16</size>
         <alignment>0x1</alignment>
         <input_file_ref idref="fl-1a"/>
      </object_component>
      <object_component id="oc-47e">
         <name>.text:DCC_enableDoneSignal</name>
         <load_address>0x9dd5</load_address>
         <readonly>true</readonly>
         <executable>true</executable>
         <run_address>0x9dd5</run_address>
         <size>0x16</size>
         <alignment>0x1</alignment>
         <input_file_ref idref="fl-1a"/>
      </object_component>
      <object_component id="oc-43">
         <name>.text:Interrupt_defaultHandler</name>
         <load_address>0x9deb</load_address>
         <readonly>true</readonly>
         <executable>true</executable>
         <run_address>0x9deb</run_address>
         <size>0x16</size>
         <alignment>0x1</alignment>
         <input_file_ref idref="fl-18"/>
      </object_component>
      <object_component id="oc-448">
         <name>.text:DCC_clearDoneFlag</name>
         <load_address>0x9e01</load_address>
         <readonly>true</readonly>
         <executable>true</executable>
         <run_address>0x9e01</run_address>
         <size>0x15</size>
         <alignment>0x1</alignment>
         <input_file_ref idref="fl-1a"/>
      </object_component>
      <object_component id="oc-442">
         <name>.text:DCC_clearErrorFlag</name>
         <load_address>0x9e16</load_address>
         <readonly>true</readonly>
         <executable>true</executable>
         <run_address>0x9e16</run_address>
         <size>0x15</size>
         <alignment>0x1</alignment>
         <input_file_ref idref="fl-1a"/>
      </object_component>
      <object_component id="oc-454">
         <name>.text:DCC_disableErrorSignal</name>
         <load_address>0x9e2b</load_address>
         <readonly>true</readonly>
         <executable>true</executable>
         <run_address>0x9e2b</run_address>
         <size>0x15</size>
         <alignment>0x1</alignment>
         <input_file_ref idref="fl-1a"/>
      </object_component>
      <object_component id="oc-478">
         <name>.text:DCC_enableErrorSignal</name>
         <load_address>0x9e40</load_address>
         <readonly>true</readonly>
         <executable>true</executable>
         <run_address>0x9e40</run_address>
         <size>0x15</size>
         <alignment>0x1</alignment>
         <input_file_ref idref="fl-1a"/>
      </object_component>
      <object_component id="oc-1ec">
         <name>.text:GPIO_unlockPortConfig</name>
         <load_address>0x9e55</load_address>
         <readonly>true</readonly>
         <executable>true</executable>
         <run_address>0x9e55</run_address>
         <size>0x15</size>
         <alignment>0x1</alignment>
         <input_file_ref idref="fl-a"/>
      </object_component>
      <object_component id="oc-44e">
         <name>.text:DCC_disableModule</name>
         <load_address>0x9e6a</load_address>
         <readonly>true</readonly>
         <executable>true</executable>
         <run_address>0x9e6a</run_address>
         <size>0x14</size>
         <alignment>0x1</alignment>
         <input_file_ref idref="fl-1a"/>
      </object_component>
      <object_component id="oc-484">
         <name>.text:DCC_enableModule</name>
         <load_address>0x9e7e</load_address>
         <readonly>true</readonly>
         <executable>true</executable>
         <run_address>0x9e7e</run_address>
         <size>0x14</size>
         <alignment>0x1</alignment>
         <input_file_ref idref="fl-1a"/>
      </object_component>
      <object_component id="oc-31c">
         <name>.text:EPWM_setTimeBaseCounterMode</name>
         <load_address>0x9e92</load_address>
         <readonly>true</readonly>
         <executable>true</executable>
         <run_address>0x9e92</run_address>
         <size>0x14</size>
         <alignment>0x1</alignment>
         <input_file_ref idref="fl-2"/>
      </object_component>
      <object_component id="oc-310">
         <name>.text:EPWM_setTimeBasePeriod</name>
         <load_address>0x9ea6</load_address>
         <readonly>true</readonly>
         <executable>true</executable>
         <run_address>0x9ea6</run_address>
         <size>0x14</size>
         <alignment>0x1</alignment>
         <input_file_ref idref="fl-2"/>
      </object_component>
      <object_component id="oc-2ce">
         <name>.text:GPIO_isPinValid</name>
         <load_address>0x9eba</load_address>
         <readonly>true</readonly>
         <executable>true</executable>
         <run_address>0x9eba</run_address>
         <size>0x14</size>
         <alignment>0x1</alignment>
         <input_file_ref idref="fl-17"/>
      </object_component>
      <object_component id="oc-174">
         <name>.text:GPIO_isPinValid</name>
         <load_address>0x9ece</load_address>
         <readonly>true</readonly>
         <executable>true</executable>
         <run_address>0x9ece</run_address>
         <size>0x14</size>
         <alignment>0x1</alignment>
         <input_file_ref idref="fl-9"/>
      </object_component>
      <object_component id="oc-57d">
         <name>.text:SCI_getTxFIFOStatus</name>
         <load_address>0x9ee2</load_address>
         <readonly>true</readonly>
         <executable>true</executable>
         <run_address>0x9ee2</run_address>
         <size>0x14</size>
         <alignment>0x1</alignment>
         <input_file_ref idref="fl-5"/>
      </object_component>
      <object_component id="oc-1c6">
         <name>.text:SysCtl_deviceCal</name>
         <load_address>0x9ef6</load_address>
         <readonly>true</readonly>
         <executable>true</executable>
         <run_address>0x9ef6</run_address>
         <size>0x14</size>
         <alignment>0x1</alignment>
         <input_file_ref idref="fl-a"/>
      </object_component>
      <object_component id="oc-c8">
         <name>.text:EPWM_clearEventTriggerInterruptFlag</name>
         <load_address>0x9f0a</load_address>
         <readonly>true</readonly>
         <executable>true</executable>
         <run_address>0x9f0a</run_address>
         <size>0x13</size>
         <alignment>0x1</alignment>
         <input_file_ref idref="fl-9"/>
      </object_component>
      <object_component id="oc-38e">
         <name>.text:EPWM_enableInterrupt</name>
         <load_address>0x9f1d</load_address>
         <readonly>true</readonly>
         <executable>true</executable>
         <run_address>0x9f1d</run_address>
         <size>0x13</size>
         <alignment>0x1</alignment>
         <input_file_ref idref="fl-2"/>
      </object_component>
      <object_component id="oc-4c5">
         <name>.text:SCI_clearOverflowStatus</name>
         <load_address>0x9f30</load_address>
         <readonly>true</readonly>
         <executable>true</executable>
         <run_address>0x9f30</run_address>
         <size>0x13</size>
         <alignment>0x1</alignment>
         <input_file_ref idref="fl-2"/>
      </object_component>
      <object_component id="oc-78">
         <name>.text:SCI_clearOverflowStatus</name>
         <load_address>0x9f43</load_address>
         <readonly>true</readonly>
         <executable>true</executable>
         <run_address>0x9f43</run_address>
         <size>0x13</size>
         <alignment>0x1</alignment>
         <input_file_ref idref="fl-5"/>
      </object_component>
      <object_component id="oc-501">
         <name>.text:SCI_enableModule</name>
         <load_address>0x9f56</load_address>
         <readonly>true</readonly>
         <executable>true</executable>
         <run_address>0x9f56</run_address>
         <size>0x13</size>
         <alignment>0x1</alignment>
         <input_file_ref idref="fl-2"/>
      </object_component>
      <object_component id="oc-570">
         <name>.text:SCI_enableModule</name>
         <load_address>0x9f69</load_address>
         <readonly>true</readonly>
         <executable>true</executable>
         <run_address>0x9f69</run_address>
         <size>0x13</size>
         <alignment>0x1</alignment>
         <input_file_ref idref="fl-19"/>
      </object_component>
      <object_component id="oc-560">
         <name>.text:SCI_isBaseValid</name>
         <load_address>0x9f7c</load_address>
         <readonly>true</readonly>
         <executable>true</executable>
         <run_address>0x9f7c</run_address>
         <size>0x13</size>
         <alignment>0x1</alignment>
         <input_file_ref idref="fl-2"/>
      </object_component>
      <object_component id="oc-13e">
         <name>.text:SCI_isBaseValid</name>
         <load_address>0x9f8f</load_address>
         <readonly>true</readonly>
         <executable>true</executable>
         <run_address>0x9f8f</run_address>
         <size>0x13</size>
         <alignment>0x1</alignment>
         <input_file_ref idref="fl-19"/>
      </object_component>
      <object_component id="oc-130">
         <name>.text:SCI_isBaseValid</name>
         <load_address>0x9fa2</load_address>
         <readonly>true</readonly>
         <executable>true</executable>
         <run_address>0x9fa2</run_address>
         <size>0x13</size>
         <alignment>0x1</alignment>
         <input_file_ref idref="fl-5"/>
      </object_component>
      <object_component id="oc-316">
         <name>.text:EPWM_setTimeBaseCounter</name>
         <load_address>0x9fb5</load_address>
         <readonly>true</readonly>
         <executable>true</executable>
         <run_address>0x9fb5</run_address>
         <size>0x12</size>
         <alignment>0x1</alignment>
         <input_file_ref idref="fl-2"/>
      </object_component>
      <object_component id="oc-23b">
         <name>.text:SIGNALSIGHT_sendAcknowledge</name>
         <load_address>0x9fc7</load_address>
         <readonly>true</readonly>
         <executable>true</executable>
         <run_address>0x9fc7</run_address>
         <size>0x12</size>
         <alignment>0x1</alignment>
         <input_file_ref idref="fl-7"/>
      </object_component>
      <object_component id="oc-2f7">
         <name>.text:SysCtl_setSyncOutputConfig</name>
         <load_address>0x9fd9</load_address>
         <readonly>true</readonly>
         <executable>true</executable>
         <run_address>0x9fd9</run_address>
         <size>0x12</size>
         <alignment>0x1</alignment>
         <input_file_ref idref="fl-2"/>
      </object_component>
      <object_component id="oc-272">
         <name>.text</name>
         <load_address>0x9feb</load_address>
         <readonly>true</readonly>
         <executable>true</executable>
         <run_address>0x9feb</run_address>
         <size>0x12</size>
         <alignment>0x1</alignment>
         <input_file_ref idref="fl-30"/>
      </object_component>
      <object_component id="oc-20e">
         <name>.text:SCI_init</name>
         <load_address>0x9ffd</load_address>
         <readonly>true</readonly>
         <executable>true</executable>
         <run_address>0x9ffd</run_address>
         <size>0x3</size>
         <alignment>0x1</alignment>
         <input_file_ref idref="fl-2"/>
      </object_component>
      <object_component id="oc-322">
         <name>.text:EPWM_disablePhaseShiftLoad</name>
         <load_address>0xa000</load_address>
         <readonly>true</readonly>
         <executable>true</executable>
         <run_address>0xa000</run_address>
         <size>0x11</size>
         <alignment>0x1</alignment>
         <input_file_ref idref="fl-2"/>
      </object_component>
      <object_component id="oc-3b8">
         <name>.text:EPWM_enablePhaseShiftLoad</name>
         <load_address>0xa011</load_address>
         <readonly>true</readonly>
         <executable>true</executable>
         <run_address>0xa011</run_address>
         <size>0x11</size>
         <alignment>0x1</alignment>
         <input_file_ref idref="fl-2"/>
      </object_component>
      <object_component id="oc-4e3">
         <name>.text:SCI_disableLoopback</name>
         <load_address>0xa022</load_address>
         <readonly>true</readonly>
         <executable>true</executable>
         <run_address>0xa022</run_address>
         <size>0x11</size>
         <alignment>0x1</alignment>
         <input_file_ref idref="fl-2"/>
      </object_component>
      <object_component id="oc-a0">
         <name>.text:SCI_readCharNonBlocking</name>
         <load_address>0xa033</load_address>
         <readonly>true</readonly>
         <executable>true</executable>
         <run_address>0xa033</run_address>
         <size>0x11</size>
         <alignment>0x1</alignment>
         <input_file_ref idref="fl-5"/>
      </object_component>
      <object_component id="oc-54c">
         <name>.text:DCC_isBaseValid</name>
         <load_address>0xa044</load_address>
         <readonly>true</readonly>
         <executable>true</executable>
         <run_address>0xa044</run_address>
         <size>0x10</size>
         <alignment>0x1</alignment>
         <input_file_ref idref="fl-1a"/>
      </object_component>
      <object_component id="oc-dd">
         <name>.text:Device_initGPIO</name>
         <load_address>0xa054</load_address>
         <readonly>true</readonly>
         <executable>true</executable>
         <run_address>0xa054</run_address>
         <size>0x10</size>
         <alignment>0x1</alignment>
         <input_file_ref idref="fl-a"/>
      </object_component>
      <object_component id="oc-1d2">
         <name>.text:ASysCtl_disableDCDC</name>
         <load_address>0xa064</load_address>
         <readonly>true</readonly>
         <executable>true</executable>
         <run_address>0xa064</run_address>
         <size>0xf</size>
         <alignment>0x1</alignment>
         <input_file_ref idref="fl-a"/>
      </object_component>
      <object_component id="oc-f5">
         <name>.text:Board_init</name>
         <load_address>0xa073</load_address>
         <readonly>true</readonly>
         <executable>true</executable>
         <run_address>0xa073</run_address>
         <size>0xf</size>
         <alignment>0x1</alignment>
         <input_file_ref idref="fl-2"/>
      </object_component>
      <object_component id="oc-8a">
         <name>.text:Interrupt_register</name>
         <load_address>0xa082</load_address>
         <readonly>true</readonly>
         <executable>true</executable>
         <run_address>0xa082</run_address>
         <size>0xf</size>
         <alignment>0x1</alignment>
         <input_file_ref idref="fl-2"/>
      </object_component>
      <object_component id="oc-e9">
         <name>.text:Interrupt_register</name>
         <load_address>0xa091</load_address>
         <readonly>true</readonly>
         <executable>true</executable>
         <run_address>0xa091</run_address>
         <size>0xf</size>
         <alignment>0x1</alignment>
         <input_file_ref idref="fl-9"/>
      </object_component>
      <object_component id="oc-2a0">
         <name>.text:SIGNALSIGHT_getVariableAddressAtHashIndex</name>
         <load_address>0xa0a0</load_address>
         <readonly>true</readonly>
         <executable>true</executable>
         <run_address>0xa0a0</run_address>
         <size>0xe</size>
         <alignment>0x1</alignment>
         <input_file_ref idref="fl-7"/>
      </object_component>
      <object_component id="oc-14f">
         <name>.text:Interrupt_disableGlobal</name>
         <load_address>0xa0ae</load_address>
         <readonly>true</readonly>
         <executable>true</executable>
         <run_address>0xa0ae</run_address>
         <size>0xd</size>
         <alignment>0x1</alignment>
         <input_file_ref idref="fl-18"/>
      </object_component>
      <object_component id="oc-155">
         <name>.text:Interrupt_enableGlobal</name>
         <load_address>0xa0bb</load_address>
         <readonly>true</readonly>
         <executable>true</executable>
         <run_address>0xa0bb</run_address>
         <size>0xd</size>
         <alignment>0x1</alignment>
         <input_file_ref idref="fl-18"/>
      </object_component>
      <object_component id="oc-1b3">
         <name>.text:SysCtl_setLowSpeedClock</name>
         <load_address>0xa0c8</load_address>
         <readonly>true</readonly>
         <executable>true</executable>
         <run_address>0xa0c8</run_address>
         <size>0xd</size>
         <alignment>0x1</alignment>
         <input_file_ref idref="fl-a"/>
      </object_component>
      <object_component id="oc-66">
         <name>.text:decompress:ZI:__TI_zero_init_nomemset</name>
         <load_address>0xa0d5</load_address>
         <readonly>true</readonly>
         <executable>true</executable>
         <run_address>0xa0d5</run_address>
         <size>0xd</size>
         <alignment>0x1</alignment>
         <input_file_ref idref="fl-2b"/>
      </object_component>
      <object_component id="oc-303">
         <name>.text:SysCtl_enableExtADCSOCSource</name>
         <load_address>0xa0e2</load_address>
         <readonly>true</readonly>
         <executable>true</executable>
         <run_address>0xa0e2</run_address>
         <size>0xc</size>
         <alignment>0x1</alignment>
         <input_file_ref idref="fl-2"/>
      </object_component>
      <object_component id="oc-1a7">
         <name>.text:SysCtl_disableWatchdog</name>
         <load_address>0xa0ee</load_address>
         <readonly>true</readonly>
         <executable>true</executable>
         <run_address>0xa0ee</run_address>
         <size>0xb</size>
         <alignment>0x1</alignment>
         <input_file_ref idref="fl-a"/>
      </object_component>
      <object_component id="oc-2ad">
         <name>.text:SysCtl_isMCDClockFailureDetected</name>
         <load_address>0xa0f9</load_address>
         <readonly>true</readonly>
         <executable>true</executable>
         <run_address>0xa0f9</run_address>
         <size>0xb</size>
         <alignment>0x1</alignment>
         <input_file_ref idref="fl-1a"/>
      </object_component>
      <object_component id="oc-228">
         <name>.text:__relaxed_cosf</name>
         <load_address>0xa104</load_address>
         <readonly>true</readonly>
         <executable>true</executable>
         <run_address>0xa104</run_address>
         <size>0xb</size>
         <alignment>0x1</alignment>
         <input_file_ref idref="fl-c"/>
      </object_component>
      <object_component id="oc-22f">
         <name>.text:__relaxed_sinf</name>
         <load_address>0xa10f</load_address>
         <readonly>true</readonly>
         <executable>true</executable>
         <run_address>0xa10f</run_address>
         <size>0xb</size>
         <alignment>0x1</alignment>
         <input_file_ref idref="fl-c"/>
      </object_component>
      <object_component id="oc-4f">
         <name>.text:Interrupt_illegalOperationHandler</name>
         <load_address>0xa11a</load_address>
         <readonly>true</readonly>
         <executable>true</executable>
         <run_address>0xa11a</run_address>
         <size>0xa</size>
         <alignment>0x1</alignment>
         <input_file_ref idref="fl-18"/>
      </object_component>
      <object_component id="oc-55">
         <name>.text:Interrupt_nmiHandler</name>
         <load_address>0xa124</load_address>
         <readonly>true</readonly>
         <executable>true</executable>
         <run_address>0xa124</run_address>
         <size>0xa</size>
         <alignment>0x1</alignment>
         <input_file_ref idref="fl-18"/>
      </object_component>
      <object_component id="oc-3d4">
         <name>.text:EXPORT_transmitCharBlocking</name>
         <load_address>0xa12e</load_address>
         <readonly>true</readonly>
         <executable>true</executable>
         <run_address>0xa12e</run_address>
         <size>0x9</size>
         <alignment>0x1</alignment>
         <input_file_ref idref="fl-5"/>
      </object_component>
      <object_component id="oc-21b">
         <name>.text:SIGNALSIGHT_resetStates</name>
         <load_address>0xa137</load_address>
         <readonly>true</readonly>
         <executable>true</executable>
         <run_address>0xa137</run_address>
         <size>0x9</size>
         <alignment>0x1</alignment>
         <input_file_ref idref="fl-7"/>
      </object_component>
      <object_component id="oc-52e">
         <name>.text</name>
         <load_address>0xa140</load_address>
         <readonly>true</readonly>
         <executable>true</executable>
         <run_address>0xa140</run_address>
         <size>0x9</size>
         <alignment>0x1</alignment>
         <input_file_ref idref="fl-2f"/>
      </object_component>
      <object_component id="oc-19">
         <name>.text:decompress:none</name>
         <load_address>0xa149</load_address>
         <readonly>true</readonly>
         <executable>true</executable>
         <run_address>0xa149</run_address>
         <size>0x8</size>
         <alignment>0x1</alignment>
         <input_file_ref idref="fl-2c"/>
      </object_component>
      <object_component id="oc-72">
         <name>.text</name>
         <load_address>0xa151</load_address>
         <readonly>true</readonly>
         <executable>true</executable>
         <run_address>0xa151</run_address>
         <size>0x8</size>
         <alignment>0x1</alignment>
         <input_file_ref idref="fl-b"/>
      </object_component>
      <object_component id="oc-543">
         <name>.text:SysCtl_resetMCD</name>
         <load_address>0xa159</load_address>
         <readonly>true</readonly>
         <executable>true</executable>
         <run_address>0xa159</run_address>
         <size>0x7</size>
         <alignment>0x1</alignment>
         <input_file_ref idref="fl-1a"/>
      </object_component>
      <object_component id="oc-137">
         <name>.text:__error__</name>
         <load_address>0xa160</load_address>
         <readonly>true</readonly>
         <executable>true</executable>
         <run_address>0xa160</run_address>
         <size>0x7</size>
         <alignment>0x1</alignment>
         <input_file_ref idref="fl-a"/>
      </object_component>
      <object_component id="oc-84">
         <name>.text:Interrupt_clearACKGroup</name>
         <load_address>0xa167</load_address>
         <readonly>true</readonly>
         <executable>true</executable>
         <run_address>0xa167</run_address>
         <size>0x6</size>
         <alignment>0x1</alignment>
         <input_file_ref idref="fl-5"/>
      </object_component>
      <object_component id="oc-ce">
         <name>.text:Interrupt_clearACKGroup</name>
         <load_address>0xa16d</load_address>
         <readonly>true</readonly>
         <executable>true</executable>
         <run_address>0xa16d</run_address>
         <size>0x6</size>
         <alignment>0x1</alignment>
         <input_file_ref idref="fl-9"/>
      </object_component>
      <object_component id="oc-fb">
         <name>.text:SIGNALSIGHT_init</name>
         <load_address>0xa173</load_address>
         <readonly>true</readonly>
         <executable>true</executable>
         <run_address>0xa173</run_address>
         <size>0x5</size>
         <alignment>0x1</alignment>
         <input_file_ref idref="fl-7"/>
      </object_component>
      <object_component id="oc-2ea">
         <name>.text:myINPUTXBARINPUT0_init</name>
         <load_address>0xa178</load_address>
         <readonly>true</readonly>
         <executable>true</executable>
         <run_address>0xa178</run_address>
         <size>0x5</size>
         <alignment>0x1</alignment>
         <input_file_ref idref="fl-2"/>
      </object_component>
      <object_component id="oc-2f0">
         <name>.text:myINPUTXBARINPUT1_init</name>
         <load_address>0xa17d</load_address>
         <readonly>true</readonly>
         <executable>true</executable>
         <run_address>0xa17d</run_address>
         <size>0x5</size>
         <alignment>0x1</alignment>
         <input_file_ref idref="fl-2"/>
      </object_component>
      <object_component id="oc-215">
         <name>.text:EXPORT_init</name>
         <load_address>0xa182</load_address>
         <readonly>true</readonly>
         <executable>true</executable>
         <run_address>0xa182</run_address>
         <size>0x1</size>
         <alignment>0x1</alignment>
         <input_file_ref idref="fl-5"/>
      </object_component>
      <object_component id="oc-514">
         <name>.text</name>
         <load_address>0xa183</load_address>
         <readonly>true</readonly>
         <executable>true</executable>
         <run_address>0xa183</run_address>
         <size>0x1</size>
         <alignment>0x1</alignment>
         <input_file_ref idref="fl-35"/>
      </object_component>
      <object_component id="oc-5db">
         <name>.cinit..data.load</name>
         <load_address>0xfa</load_address>
         <readonly>true</readonly>
         <run_address>0xfa</run_address>
         <size>0x28</size>
         <alignment>0x1</alignment>
      </object_component>
      <object_component id="oc-5cb">
         <name>__TI_handler_table</name>
         <load_address>0x122</load_address>
         <readonly>true</readonly>
         <run_address>0x122</run_address>
         <size>0x6</size>
         <alignment>0x2</alignment>
      </object_component>
      <object_component id="oc-5d9">
         <name>.cinit..bss.load</name>
         <load_address>0x128</load_address>
         <readonly>true</readonly>
         <run_address>0x128</run_address>
         <size>0x4</size>
         <alignment>0x2</alignment>
      </object_component>
      <object_component id="oc-5cc">
         <name>__TI_cinit_table</name>
         <load_address>0x12c</load_address>
         <readonly>true</readonly>
         <run_address>0x12c</run_address>
         <size>0x8</size>
         <alignment>0x2</alignment>
      </object_component>
      <object_component id="oc-5b">
         <name>.stack</name>
         <uninitialized>true</uninitialized>
         <readwrite>true</readwrite>
         <run_address>0x400</run_address>
         <size>0x0</size>
         <alignment>0x1</alignment>
         <input_file_ref idref="fl-26"/>
      </object_component>
      <object_component id="oc-5cf">
         <name>.stack</name>
         <uninitialized>true</uninitialized>
         <readwrite>true</readwrite>
         <run_address>0x400</run_address>
         <size>0x0</size>
         <alignment>0x2</alignment>
      </object_component>
      <object_component id="oc-17f">
         <name>.bss</name>
         <uninitialized>true</uninitialized>
         <readwrite>true</readwrite>
         <run_address>0xb2c0</run_address>
         <size>0x22</size>
         <alignment>0x2</alignment>
         <input_file_ref idref="fl-c"/>
      </object_component>
      <object_component id="oc-4a6">
         <name>.const:.string</name>
         <load_address>0xae94</load_address>
         <readonly>true</readonly>
         <run_address>0xae94</run_address>
         <size>0xd0</size>
         <alignment>0x2</alignment>
         <input_file_ref idref="fl-2"/>
      </object_component>
      <object_component id="oc-2ac">
         <name>.const:.string</name>
         <load_address>0xaf64</load_address>
         <readonly>true</readonly>
         <run_address>0xaf64</run_address>
         <size>0x9a</size>
         <alignment>0x2</alignment>
         <input_file_ref idref="fl-1a"/>
      </object_component>
      <object_component id="oc-2d4">
         <name>.const:.string</name>
         <load_address>0xb000</load_address>
         <readonly>true</readonly>
         <run_address>0xb000</run_address>
         <size>0x98</size>
         <alignment>0x2</alignment>
         <input_file_ref idref="fl-17"/>
      </object_component>
      <object_component id="oc-144">
         <name>.const:.string</name>
         <load_address>0xb098</load_address>
         <readonly>true</readonly>
         <run_address>0xb098</run_address>
         <size>0x97</size>
         <alignment>0x2</alignment>
         <input_file_ref idref="fl-19"/>
      </object_component>
      <object_component id="oc-17a">
         <name>.const:.string</name>
         <load_address>0xb130</load_address>
         <readonly>true</readonly>
         <run_address>0xb130</run_address>
         <size>0x8b</size>
         <alignment>0x2</alignment>
         <input_file_ref idref="fl-9"/>
      </object_component>
      <object_component id="oc-1bf">
         <name>.const:.string</name>
         <load_address>0xb1bc</load_address>
         <readonly>true</readonly>
         <run_address>0xb1bc</run_address>
         <size>0x5b</size>
         <alignment>0x2</alignment>
         <input_file_ref idref="fl-a"/>
      </object_component>
      <object_component id="oc-288">
         <name>.const:.string</name>
         <load_address>0xb218</load_address>
         <readonly>true</readonly>
         <run_address>0xb218</run_address>
         <size>0x51</size>
         <alignment>0x2</alignment>
         <input_file_ref idref="fl-18"/>
      </object_component>
      <object_component id="oc-136">
         <name>.const:.string</name>
         <load_address>0xb26a</load_address>
         <readonly>true</readonly>
         <run_address>0xb26a</run_address>
         <size>0x44</size>
         <alignment>0x2</alignment>
         <input_file_ref idref="fl-5"/>
      </object_component>
      <object_component id="oc-182">
         <name>.data:alphaSnapshot</name>
         <load_address>0xa800</load_address>
         <readwrite>true</readwrite>
         <run_address>0xa800</run_address>
         <size>0x190</size>
         <alignment>0x2</alignment>
         <input_file_ref idref="fl-c"/>
      </object_component>
      <object_component id="oc-185">
         <name>.data:betaSnapshot</name>
         <load_address>0xa990</load_address>
         <readwrite>true</readwrite>
         <run_address>0xa990</run_address>
         <size>0x190</size>
         <alignment>0x2</alignment>
         <input_file_ref idref="fl-c"/>
      </object_component>
      <object_component id="oc-241">
         <name>.data:SS_streamA_buffer2</name>
         <load_address>0xab20</load_address>
         <readwrite>true</readwrite>
         <run_address>0xab20</run_address>
         <size>0x64</size>
         <alignment>0x2</alignment>
         <input_file_ref idref="fl-7"/>
      </object_component>
      <object_component id="oc-253">
         <name>.data:SS_streamA_buffer</name>
         <load_address>0xab84</load_address>
         <readwrite>true</readwrite>
         <run_address>0xab84</run_address>
         <size>0x64</size>
         <alignment>0x2</alignment>
         <input_file_ref idref="fl-7"/>
      </object_component>
      <object_component id="oc-244">
         <name>.data:SS_streamB_buffer2</name>
         <load_address>0xabe8</load_address>
         <readwrite>true</readwrite>
         <run_address>0xabe8</run_address>
         <size>0x64</size>
         <alignment>0x2</alignment>
         <input_file_ref idref="fl-7"/>
      </object_component>
      <object_component id="oc-256">
         <name>.data:SS_streamB_buffer</name>
         <load_address>0xac4c</load_address>
         <readwrite>true</readwrite>
         <run_address>0xac4c</run_address>
         <size>0x64</size>
         <alignment>0x2</alignment>
         <input_file_ref idref="fl-7"/>
      </object_component>
      <object_component id="oc-247">
         <name>.data:SS_streamC_buffer2</name>
         <load_address>0xacb0</load_address>
         <readwrite>true</readwrite>
         <run_address>0xacb0</run_address>
         <size>0x64</size>
         <alignment>0x2</alignment>
         <input_file_ref idref="fl-7"/>
      </object_component>
      <object_component id="oc-259">
         <name>.data:SS_streamC_buffer</name>
         <load_address>0xad14</load_address>
         <readwrite>true</readwrite>
         <run_address>0xad14</run_address>
         <size>0x64</size>
         <alignment>0x2</alignment>
         <input_file_ref idref="fl-7"/>
      </object_component>
      <object_component id="oc-24a">
         <name>.data:SS_streamD_buffer2</name>
         <load_address>0xad78</load_address>
         <readwrite>true</readwrite>
         <run_address>0xad78</run_address>
         <size>0x64</size>
         <alignment>0x2</alignment>
         <input_file_ref idref="fl-7"/>
      </object_component>
      <object_component id="oc-25c">
         <name>.data:SS_streamD_buffer</name>
         <load_address>0xaddc</load_address>
         <readwrite>true</readwrite>
         <run_address>0xaddc</run_address>
         <size>0x64</size>
         <alignment>0x2</alignment>
         <input_file_ref idref="fl-7"/>
      </object_component>
      <object_component id="oc-17c">
         <name>.data</name>
         <load_address>0xae40</load_address>
         <readwrite>true</readwrite>
         <run_address>0xae40</run_address>
         <size>0x14</size>
         <alignment>0x2</alignment>
         <input_file_ref idref="fl-c"/>
      </object_component>
      <object_component id="oc-42a">
         <name>.data:SSHASH_hash_table</name>
         <load_address>0xae54</load_address>
         <readwrite>true</readwrite>
         <run_address>0xae54</run_address>
         <size>0x12</size>
         <alignment>0x2</alignment>
         <input_file_ref idref="fl-8"/>
      </object_component>
      <object_component id="oc-a6">
         <name>.data:exportRXData</name>
         <load_address>0xae66</load_address>
         <readwrite>true</readwrite>
[...]
            <load_size>0x4</load_size>
            <run_address>0xb2c0</run_address>
            <run_size>0x22</run_size>
            <compression>zero_init</compression>
         </cprec>
      </cptbl>
   </cptbl_list>
   <handler_table>
      <handler_table_name>__TI_handler_table</handler_table_name>
      <handler>
         <index>0x0</index>
         <name>__TI_zero_init</name>
      </handler>
      <handler>
         <index>0x1</index>
         <name>__TI_decompress_lzss</name>
      </handler>
      <handler>
         <index>0x2</index>
         <name>__TI_decompress_none</name>
      </handler>
   </handler_table>
   <symbol_table>
      <symbol id="sm-1">
         <name>__TI_CINIT_Base</name>
         <value>0x12c</value>
      </symbol>
      <symbol id="sm-2">
         <name>__TI_CINIT_Limit</name>
         <value>0x134</value>
      </symbol>
      <symbol id="sm-3">
         <name>__TI_CINIT_Warm</name>
         <value>0x134</value>
      </symbol>
      <symbol id="sm-4">
         <name>__TI_Handler_Table_Base</name>
         <value>0x122</value>
      </symbol>
      <symbol id="sm-5">
         <name>__TI_Handler_Table_Limit</name>
         <value>0x128</value>
      </symbol>
      <symbol id="sm-6">
         <name>__TI_STACK_SIZE</name>
         <value>0x3f8</value>
      </symbol>
      <symbol id="sm-7">
         <name>__TI_STACK_END</name>
         <value>0x7f8</value>
      </symbol>
      <symbol id="sm-8">
         <name>__c_args__</name>
         <value>0xffffffff</value>
      </symbol>
      <symbol id="sm-9">
         <name>__TI_pprof_out_hndl</name>
         <value>0xffffffff</value>
      </symbol>
      <symbol id="sm-a">
         <name>__TI_prof_data_start</name>
         <value>0xffffffff</value>
      </symbol>
      <symbol id="sm-b">
         <name>__TI_prof_data_size</name>
         <value>0xffffffff</value>
      </symbol>
      <symbol id="sm-23e">
         <name>INPUTXBAR_init</name>
         <value>0x87fb</value>
         <object_component_ref idref="oc-1fc"/>
      </symbol>
      <symbol id="sm-23f">
         <name>INTERRUPT_init</name>
         <value>0x9c2a</value>
         <object_component_ref idref="oc-26"/>
      </symbol>
      <symbol id="sm-240">
         <name>myMCUSignalSight0_transferLayer_SCI_init</name>
         <value>0x93bb</value>
         <object_component_ref idref="oc-3bf"/>
      </symbol>
      <symbol id="sm-241">
         <name>PinMux_init</name>
         <value>0x8f06</value>
         <object_component_ref idref="oc-1f6"/>
      </symbol>
      <symbol id="sm-242">
         <name>myINPUTXBARINPUT1_init</name>
         <value>0xa17d</value>
         <object_component_ref idref="oc-2f0"/>
      </symbol>
      <symbol id="sm-243">
         <name>myINPUTXBARINPUT0_init</name>
         <value>0xa178</value>
         <object_component_ref idref="oc-2ea"/>
      </symbol>
      <symbol id="sm-244">
         <name>SCI_init</name>
         <value>0x9ffd</value>
         <object_component_ref idref="oc-20e"/>
      </symbol>
      <symbol id="sm-245">
         <name>Board_init</name>
         <value>0xa073</value>
         <object_component_ref idref="oc-f5"/>
      </symbol>
      <symbol id="sm-246">
         <name>SYNC_init</name>
         <value>0x9b12</value>
         <object_component_ref idref="oc-202"/>
      </symbol>
      <symbol id="sm-247">
         <name>EPWM_init</name>
         <value>0x848b</value>
         <object_component_ref idref="oc-208"/>
      </symbol>
      <symbol id="sm-255">
         <name>f32toBytes</name>
         <value>0x99fa</value>
         <object_component_ref idref="oc-3da"/>
      </symbol>
      <symbol id="sm-2b7">
         <name>EXPORT_init</name>
         <value>0xa182</value>
         <object_component_ref idref="oc-215"/>
      </symbol>
      <symbol id="sm-2b8">
         <name>EXPORT_transmitCharBlocking</name>
         <value>0xa12e</value>
         <object_component_ref idref="oc-3d4"/>
      </symbol>
      <symbol id="sm-2b9">
         <name>exportRXData</name>
         <value>0xae66</value>
         <object_component_ref idref="oc-a6"/>
      </symbol>
      <symbol id="sm-2ba">
         <name>INT_myMCUSignalSight0_transferLayer_SCI_RX_ISR</name>
         <value>0x90bb</value>
         <object_component_ref idref="oc-31"/>
      </symbol>
      <symbol id="sm-2bb">
         <name>INT_myMCUSignalSight0_transferLayer_SCI_TX_ISR</name>
         <value>0x95b3</value>
         <object_component_ref idref="oc-25"/>
      </symbol>
      <symbol id="sm-2d6">
         <name>EXPORT_receivedData</name>
         <value>0x9a99</value>
         <object_component_ref idref="oc-a9"/>
      </symbol>
      <symbol id="sm-2d7">
         <name>EXPORTPACKAGE_sendFloatArrayAsByteArray</name>
         <value>0x9577</value>
         <object_component_ref idref="oc-24d"/>
      </symbol>
      <symbol id="sm-39f">
         <name>SIGNALSIGHT_getVariableAddressAtHashIndex</name>
         <value>0xa0a0</value>
         <object_component_ref idref="oc-2a0"/>
      </symbol>
      <symbol id="sm-3a0">
         <name>SS_currentStreamState</name>
         <value>0xae76</value>
         <object_component_ref idref="oc-190"/>
      </symbol>
      <symbol id="sm-3a1">
         <name>EXPORTPACKAGE_takeActionOnMessage</name>
         <value>0x8972</value>
         <object_component_ref idref="oc-16c"/>
      </symbol>
      <symbol id="sm-3a2">
         <name>SS_currentPlotHashIndices</name>
         <value>0xae86</value>
         <object_component_ref idref="oc-28a"/>
      </symbol>
      <symbol id="sm-3a3">
         <name>SIGNALSIGHT_resetStates</name>
         <value>0xa137</value>
         <object_component_ref idref="oc-21b"/>
      </symbol>
      <symbol id="sm-3a4">
         <name>SS_streamC_buffer</name>
         <value>0xad14</value>
         <object_component_ref idref="oc-259"/>
      </symbol>
      <symbol id="sm-3a5">
         <name>SS_streamD_buffer</name>
         <value>0xaddc</value>
         <object_component_ref idref="oc-25c"/>
      </symbol>
      <symbol id="sm-3a6">
         <name>SS_streamD_buffer2</name>
         <value>0xad78</value>
         <object_component_ref idref="oc-24a"/>
      </symbol>
      <symbol id="sm-3a7">
         <name>SS_streamDataSkips</name>
         <value>0xae7a</value>
         <object_component_ref idref="oc-190"/>
      </symbol>
      <symbol id="sm-3a8">
         <name>SS_initiallyClearBuffer</name>
         <value>0xae7b</value>
         <object_component_ref idref="oc-190"/>
      </symbol>
      <symbol id="sm-3a9">
         <name>SS_nextTxCMD</name>
         <value>0xae77</value>
         <object_component_ref idref="oc-190"/>
      </symbol>
      <symbol id="sm-3aa">
         <name>SS_streamC_buffer2</name>
         <value>0xacb0</value>
         <object_component_ref idref="oc-247"/>
      </symbol>
      <symbol id="sm-3ab">
         <name>SIGNALSIGHT_sendAcknowledge</name>
         <value>0x9fc7</value>
         <object_component_ref idref="oc-23b"/>
      </symbol>
      <symbol id="sm-3ac">
         <name>SS_streamB_buffer</name>
         <value>0xac4c</value>
         <object_component_ref idref="oc-256"/>
      </symbol>
      <symbol id="sm-3ad">
         <name>SIGNALSIGHT_capturePlotData</name>
         <value>0x92ea</value>
         <object_component_ref idref="oc-bc"/>
      </symbol>
      <symbol id="sm-3ae">
         <name>SS_streamDataSkips2</name>
         <value>0xae7f</value>
         <object_component_ref idref="oc-190"/>
      </symbol>
      <symbol id="sm-3af">
         <name>SIGNALSIGHT_queueUpStreamData</name>
         <value>0x8b34</value>
         <object_component_ref idref="oc-193"/>
      </symbol>
      <symbol id="sm-3b0">
         <name>SS_streamA_buffer2</name>
         <value>0xab20</value>
         <object_component_ref idref="oc-241"/>
      </symbol>
      <symbol id="sm-3b1">
         <name>SS_bufferIsFull</name>
         <value>0xae79</value>
         <object_component_ref idref="oc-190"/>
      </symbol>
      <symbol id="sm-3b2">
         <name>SIGNALSIGHT_sendPlotData</name>
         <value>0x8800</value>
         <object_component_ref idref="oc-10d"/>
      </symbol>
      <symbol id="sm-3b3">
         <name>SS_streamToggleStates</name>
         <value>0xae8a</value>
         <object_component_ref idref="oc-238"/>
      </symbol>
      <symbol id="sm-3b4">
         <name>SIGNALSIGHT_init</name>
         <value>0xa173</value>
         <object_component_ref idref="oc-fb"/>
      </symbol>
      <symbol id="sm-3b5">
         <name>SS_writeBuffer1readBuffer2</name>
         <value>0xae7e</value>
         <object_component_ref idref="oc-190"/>
      </symbol>
      <symbol id="sm-3b6">
         <name>SS_bufferElementIndex2</name>
         <value>0xae7c</value>
         <object_component_ref idref="oc-190"/>
      </symbol>
      <symbol id="sm-3b7">
         <name>SS_streamA_buffer</name>
         <value>0xab84</value>
         <object_component_ref idref="oc-253"/>
      </symbol>
      <symbol id="sm-3b8">
         <name>SS_bufferIsFull2</name>
         <value>0xae7d</value>
         <object_component_ref idref="oc-190"/>
      </symbol>
      <symbol id="sm-3b9">
         <name>SS_streamB_buffer2</name>
         <value>0xabe8</value>
         <object_component_ref idref="oc-244"/>
      </symbol>
      <symbol id="sm-3ba">
         <name>SS_bufferElementIndex</name>
         <value>0xae78</value>
         <object_component_ref idref="oc-190"/>
      </symbol>
      <symbol id="sm-3c5">
         <name>SSHASH_hash_table</name>
         <value>0xae54</value>
         <object_component_ref idref="oc-42a"/>
      </symbol>
      <symbol id="sm-435">
         <name>main</name>
         <value>0x9773</value>
         <object_component_ref idref="oc-3b"/>
      </symbol>
      <symbol id="sm-436">
         <name>epwm1ISR</name>
         <value>0x8d89</value>
         <object_component_ref idref="oc-37"/>
      </symbol>
      <symbol id="sm-48d">
         <name>Device_enableAllPeripherals</name>
         <value>0x8a54</value>
         <object_component_ref idref="oc-1cc"/>
      </symbol>
      <symbol id="sm-48e">
         <name>Device_initGPIO</name>
         <value>0xa054</value>
         <object_component_ref idref="oc-dd"/>
      </symbol>
      <symbol id="sm-48f">
         <name>Device_init</name>
         <value>0x9163</value>
         <object_component_ref idref="oc-d7"/>
      </symbol>
      <symbol id="sm-490">
         <name>__error__</name>
         <value>0xa160</value>
         <object_component_ref idref="oc-137"/>
      </symbol>
      <symbol id="sm-49f">
         <name>code_start</name>
         <value>0x0</value>
         <object_component_ref idref="oc-20"/>
      </symbol>
      <symbol id="sm-505">
         <name>__relaxed_sinf</name>
         <value>0xa10f</value>
         <object_component_ref idref="oc-22f"/>
      </symbol>
      <symbol id="sm-506">
         <name>svm_Ualpha</name>
         <value>0xae4e</value>
         <object_component_ref idref="oc-17c"/>
      </symbol>
      <symbol id="sm-507">
         <name>svm_Ta</name>
         <value>0xae42</value>
         <object_component_ref idref="oc-17c"/>
      </symbol>
      <symbol id="sm-508">
         <name>svm_Tb</name>
         <value>0xae44</value>
         <object_component_ref idref="oc-17c"/>
      </symbol>
      <symbol id="sm-509">
         <name>svm_Tc</name>
         <value>0xae46</value>
         <object_component_ref idref="oc-17c"/>
      </symbol>
      <symbol id="sm-50a">
         <name>SVM_openLoopInit</name>
         <value>0x905e</value>
         <object_component_ref idref="oc-101"/>
      </symbol>
      <symbol id="sm-50b">
         <name>SVM_openLoopRun</name>
         <value>0x8f78</value>
         <object_component_ref idref="oc-b6"/>
      </symbol>
      <symbol id="sm-50c">
         <name>__relaxed_cosf</name>
         <value>0xa104</value>
         <object_component_ref idref="oc-228"/>
      </symbol>
      <symbol id="sm-50d">
         <name>svm_Ubeta</name>
         <value>0xae50</value>
         <object_component_ref idref="oc-17c"/>
      </symbol>
      <symbol id="sm-50e">
         <name>svm_d0</name>
         <value>0xae4c</value>
         <object_component_ref idref="oc-17c"/>
      </symbol>
      <symbol id="sm-50f">
         <name>svm_d1</name>
         <value>0xae48</value>
         <object_component_ref idref="oc-17c"/>
      </symbol>
      <symbol id="sm-510">
         <name>svm_d2</name>
         <value>0xae4a</value>
         <object_component_ref idref="oc-17c"/>
      </symbol>
      <symbol id="sm-511">
         <name>svm_Sector</name>
         <value>0xae52</value>
         <object_component_ref idref="oc-17c"/>
      </symbol>
      <symbol id="sm-558">
         <name>GPIO_setQualificationMode</name>
         <value>0x96d4</value>
         <object_component_ref idref="oc-2e3"/>
      </symbol>
      <symbol id="sm-559">
         <name>GPIO_setPadConfig</name>
         <value>0x9111</value>
         <object_component_ref idref="oc-1d8"/>
      </symbol>
      <symbol id="sm-55a">
         <name>GPIO_setAnalogMode</name>
         <value>0x9663</value>
         <object_component_ref idref="oc-1e4"/>
      </symbol>
      <symbol id="sm-55b">
         <name>GPIO_setDirectionMode</name>
         <value>0x9742</value>
         <object_component_ref idref="oc-1de"/>
      </symbol>
      <symbol id="sm-55c">
         <name>GPIO_setPinConfig</name>
         <value>0x969d</value>
         <object_component_ref idref="oc-2dd"/>
      </symbol>
      <symbol id="sm-5d5">
         <name>Interrupt_defaultHandler</name>
         <value>0x9deb</value>
         <object_component_ref idref="oc-43"/>
      </symbol>
      <symbol id="sm-5d6">
         <name>Interrupt_disable</name>
         <value>0x9204</value>
         <object_component_ref idref="oc-96"/>
      </symbol>
      <symbol id="sm-5d7">
         <name>Interrupt_initModule</name>
         <value>0x953a</value>
         <object_component_ref idref="oc-e3"/>
      </symbol>
      <symbol id="sm-5d8">
         <name>Interrupt_nmiHandler</name>
         <value>0xa124</value>
         <object_component_ref idref="oc-55"/>
      </symbol>
      <symbol id="sm-5d9">
         <name>Interrupt_enable</name>
         <value>0x970b</value>
         <object_component_ref idref="oc-90"/>
      </symbol>
      <symbol id="sm-5da">
         <name>Interrupt_initVectorTable</name>
         <value>0x9af4</value>
         <object_component_ref idref="oc-49"/>
      </symbol>
      <symbol id="sm-5db">
         <name>Interrupt_illegalOperationHandler</name>
         <value>0xa11a</value>
         <object_component_ref idref="oc-4f"/>
      </symbol>
      <symbol id="sm-62c">
         <name>SCI_clearInterruptStatus</name>
         <value>0x9332</value>
         <object_component_ref idref="oc-7e"/>
      </symbol>
      <symbol id="sm-62d">
         <name>SCI_setConfig</name>
         <value>0x94fc</value>
         <object_component_ref idref="oc-4dd"/>
      </symbol>
      <symbol id="sm-62e">
         <name>SCI_enableInterrupt</name>
         <value>0x9377</value>
         <object_component_ref idref="oc-4ef"/>
      </symbol>
      <symbol id="sm-741">
         <name>SysCtl_isPLLValid</name>
         <value>0x8ccc</value>
         <object_component_ref idref="oc-2ba"/>
      </symbol>
      <symbol id="sm-742">
         <name>SysCtl_delay</name>
         <value>0xf6</value>
         <object_component_ref idref="oc-2b9"/>
      </symbol>
      <symbol id="sm-743">
         <name>SysCtl_selectXTALSingleEnded</name>
         <value>0x996b</value>
         <object_component_ref idref="oc-435"/>
      </symbol>
      <symbol id="sm-744">
         <name>SysCtl_selectXTAL</name>
         <value>0x947e</value>
         <object_component_ref idref="oc-42f"/>
      </symbol>
      <symbol id="sm-745">
         <name>SysCtl_selectOscSource</name>
         <value>0x9252</value>
         <object_component_ref idref="oc-2b3"/>
      </symbol>
      <symbol id="sm-746">
         <name>SysCtl_getLowSpeedClock</name>
         <value>0x9c10</value>
         <object_component_ref idref="oc-1c0"/>
      </symbol>
      <symbol id="sm-747">
         <name>SysCtl_setClock</name>
         <value>0x8c04</value>
         <object_component_ref idref="oc-1ad"/>
      </symbol>
      <symbol id="sm-748">
         <name>SysCtl_getClock</name>
         <value>0x9000</value>
         <object_component_ref idref="oc-1b9"/>
      </symbol>
      <symbol id="sm-752">
         <name>_c_int00</name>
         <value>0x9da8</value>
         <object_component_ref idref="oc-12a"/>
      </symbol>
      <symbol id="sm-753">
         <name>__stack</name>
         <value>0x400</value>
         <object_component_ref idref="oc-5b"/>
      </symbol>
      <symbol id="sm-762">
         <name>_system_pre_init</name>
         <value>0x97fe</value>
         <object_component_ref idref="oc-26b"/>
      </symbol>
      <symbol id="sm-771">
         <name>__TI_auto_init_nobinit_nopinit</name>
         <value>0x9856</value>
         <object_component_ref idref="oc-3ee"/>
      </symbol>
      <symbol id="sm-780">
         <name>__TI_zero_init_nomemset</name>
         <value>0xa0d5</value>
         <object_component_ref idref="oc-66"/>
      </symbol>
      <symbol id="sm-78d">
         <name>__TI_decompress_none</name>
         <value>0xa149</value>
         <object_component_ref idref="oc-19"/>
      </symbol>
      <symbol id="sm-7a1">
         <name>__TI_decompress_lzss</name>
         <value>0x97a4</value>
         <object_component_ref idref="oc-13"/>
      </symbol>
      <symbol id="sm-7b7">
         <name>C$$EXIT</name>
         <value>0x9881</value>
         <object_component_ref idref="oc-278"/>
      </symbol>
      <symbol id="sm-7b8">
         <name>abort</name>
         <value>0x9881</value>
         <object_component_ref idref="oc-278"/>
      </symbol>
      <symbol id="sm-7b9">
         <name>exit</name>
         <value>0x9883</value>
         <object_component_ref idref="oc-278"/>
      </symbol>
      <symbol id="sm-7ba">
         <name>__TI_dtors_ptr</name>
         <value>0xae84</value>
         <object_component_ref idref="oc-420"/>
      </symbol>
      <symbol id="sm-7bb">
         <name>__TI_cleanup_ptr</name>
         <value>0xae82</value>
         <object_component_ref idref="oc-420"/>
      </symbol>
      <symbol id="sm-7bc">
         <name>__TI_enable_exit_profile_output</name>
         <value>0xae80</value>
         <object_component_ref idref="oc-420"/>
      </symbol>
      <symbol id="sm-7d3">
         <name>_nop</name>
         <value>0xa148</value>
         <object_component_ref idref="oc-52e"/>
      </symbol>
      <symbol id="sm-7d4">
         <name>_lock</name>
         <value>0xae8e</value>
         <object_component_ref idref="oc-423"/>
      </symbol>
      <symbol id="sm-7d5">
         <name>_unlock</name>
         <value>0xae90</value>
         <object_component_ref idref="oc-58e"/>
      </symbol>
      <symbol id="sm-7d6">
         <name>_register_lock</name>
         <value>0xa144</value>
         <object_component_ref idref="oc-52e"/>
      </symbol>
      <symbol id="sm-7d7">
         <name>_register_unlock</name>
         <value>0xa140</value>
         <object_component_ref idref="oc-52e"/>
      </symbol>
      <symbol id="sm-7e6">
         <name>_args_main</name>
         <value>0x9feb</value>
         <object_component_ref idref="oc-272"/>
      </symbol>
      <symbol id="sm-7fb">
         <name>memcpy</name>
         <value>0x9a3b</value>
         <object_component_ref idref="oc-5e"/>
      </symbol>
      <symbol id="sm-808">
         <name>_system_post_cinit</name>
         <value>0xa183</value>
         <object_component_ref idref="oc-514"/>
      </symbol>
   </symbol_table>
   <title>Link successful</title>
</link_info>
