******************************************************************************
             TMS320C2000 Linker PC v25.11.0                    
******************************************************************************
>> Linked Sat Jun 27 18:34:30 2026

OUTPUT FILE NAME:   <epwm_svm.out>
ENTRY POINT SYMBOL: "code_start"  address: 00000000


MEMORY CONFIGURATION

         name            origin    length      used     unused   attr    fill
----------------------  --------  ---------  --------  --------  ----  --------
PAGE 0:
  BEGIN                 00000000   00000002  00000002  00000000  RWIX
  RAMM0                 000000f6   0000030a  00000052  000002b8  RWIX
  RAMLS0                00008000   00000800  00000800  00000000  RWIX
  RAMLS1                00008800   00000800  00000800  00000000  RWIX
  RAMLS2                00009000   00000800  00000800  00000000  RWIX
  RAMLS3                00009800   00000800  00000800  00000000  RWIX
  RAMLS4                0000a000   00000800  0000054a  000002b6  RWIX
  FLASH_BANK0_SEC0      00080000   00001000  00000000  00001000  RWIX
  FLASH_BANK0_SEC1      00081000   00001000  00000000  00001000  RWIX
  FLASH_BANK0_SEC2      00082000   00001000  00000000  00001000  RWIX
  FLASH_BANK0_SEC3      00083000   00001000  00000000  00001000  RWIX
  FLASH_BANK0_SEC4      00084000   00001000  00000000  00001000  RWIX
  FLASH_BANK0_SEC5      00085000   00001000  00000000  00001000  RWIX
  FLASH_BANK0_SEC6      00086000   00001000  00000000  00001000  RWIX
  FLASH_BANK0_SEC7      00087000   00001000  00000000  00001000  RWIX
  FLASH_BANK0_SEC8      00088000   00001000  00000000  00001000  RWIX
  FLASH_BANK0_SEC9      00089000   00001000  00000000  00001000  RWIX
  FLASH_BANK0_SEC10     0008a000   00001000  00000000  00001000  RWIX
  FLASH_BANK0_SEC11     0008b000   00001000  00000000  00001000  RWIX
  FLASH_BANK0_SEC12     0008c000   00001000  00000000  00001000  RWIX
  FLASH_BANK0_SEC13     0008d000   00001000  00000000  00001000  RWIX
  FLASH_BANK0_SEC14     0008e000   00001000  00000000  00001000  RWIX
  FLASH_BANK0_SEC15     0008f000   00001000  00000000  00001000  RWIX
  FLASH_BANK1_SEC0      00090000   00001000  00000000  00001000  RWIX
  FLASH_BANK1_SEC1      00091000   00001000  00000000  00001000  RWIX
  FLASH_BANK1_SEC2      00092000   00001000  00000000  00001000  RWIX
  FLASH_BANK1_SEC3      00093000   00001000  00000000  00001000  RWIX
  FLASH_BANK1_SEC4      00094000   00001000  00000000  00001000  RWIX
  FLASH_BANK1_SEC5      00095000   00001000  00000000  00001000  RWIX
  FLASH_BANK1_SEC6      00096000   00001000  00000000  00001000  RWIX
  FLASH_BANK1_SEC7      00097000   00001000  00000000  00001000  RWIX
  FLASH_BANK1_SEC8      00098000   00001000  00000000  00001000  RWIX
  FLASH_BANK1_SEC9      00099000   00001000  00000000  00001000  RWIX
  FLASH_BANK1_SEC10     0009a000   00001000  00000000  00001000  RWIX
  FLASH_BANK1_SEC11     0009b000   00001000  00000000  00001000  RWIX
  FLASH_BANK1_SEC12     0009c000   00001000  00000000  00001000  RWIX
  FLASH_BANK1_SEC13     0009d000   00001000  00000000  00001000  RWIX
  FLASH_BANK1_SEC14     0009e000   00001000  00000000  00001000  RWIX
  FLASH_BANK1_SEC15     0009f000   00001000  00000000  00001000  RWIX
  RESET                 003fffc0   00000002  00000000  00000002  RWIX

PAGE 1:
  BOOT_RSVD             00000002   000000f1  00000000  000000f1  RWIX
  RAMM1                 00000400   000003f8  000003f8  00000000  RWIX
  RAMLS5                0000a800   00000800  00000800  00000000  RWIX
  RAMLS6                0000b000   00000800  00000800  00000000  RWIX
  RAMLS7                0000b800   00000800  00000000  00000800  RWIX
  RAMGS0                0000c000   00002000  000004b0  00001b50  RWIX
  RAMGS1                0000e000   00002000  00000000  00002000  RWIX
  RAMGS2                00010000   00002000  00000c56  000013aa  RWIX
  RAMGS3                00012000   00001ff8  00000000  00001ff8  RWIX


SECTION ALLOCATION MAP

 output                                  attributes/
section   page    origin      length       input sections
--------  ----  ----------  ----------   ----------------
codestart 
*          0    00000000    00000002     
                  00000000    00000002     f28004x_codestartbranch.obj (codestart)

.TI.ramfunc 
*          0    000000f6    00000004     
                  000000f6    00000004     driverlib_eabi.lib : sysctl.obj (.TI.ramfunc)

.cinit     0    000000fa    0000004e     
                  000000fa    0000001c     (.cinit..data.2.load) [load image, compression = lzss]
                  00000116    0000000e     (.cinit..data.1.load) [load image, compression = lzss]
                  00000124    0000000a     (.cinit..data.3.load) [load image, compression = lzss]
                  0000012e    00000006     (__TI_handler_table)
                  00000134    00000004     (.cinit.ramgs0.load) [load image, compression = zero_init]
                  00000138    00000010     (__TI_cinit_table)

.reset     0    003fffc0    00000000     DSECT

.stack     1    00000400    000003f8     UNINITIALIZED
                  00000400    000003f8     --HOLE--

.init_array 
*          0    000000f6    00000000     UNINITIALIZED

ramgs0     1    0000c000    000004b0     UNINITIALIZED
                  0000c000    000004b0     sopwm.obj (ramgs0)

.text.1    0    00008000    00000800     
                  00008000    00000562     board.obj (.text:EPWM_init)
                  00008562    00000172     signalsight.obj (.text:SIGNALSIGHT_sendPlotData)
                  000086d4    000000ed     sopwm.obj (.text:SOPWM_BuildSchedule)
                  000087c1    0000003e     board.obj (.text:EPWM_setCounterCompareShadowLoadMode)
                  000087ff    00000001     export.obj (.text:EXPORT_init)

.text.2    0    00008800    00000800     
                  00008800    000000e2     signalsight.obj (.text:EXPORTPACKAGE_takeActionOnMessage)
                  000088e2    000000e0     device.obj (.text:Device_enableAllPeripherals)
                  000089c2    000000d0     signalsight.obj (.text:SIGNALSIGHT_queueUpStreamData)
                  00008a92    000000c8     sopwm.obj (.text:SOPWM_GetAngles)
                  00008b5a    000000c8     driverlib_eabi.lib : sysctl.obj (.text:SysCtl_setClock)
                  00008c22    000000c6     board.obj (.text:PinMux_init)
                  00008ce8    000000bd     driverlib_eabi.lib : sysctl.obj (.text:SysCtl_isPLLValid)
                  00008da5    000000a6     sopwm.obj (.text:sopwm_bin_lut)
                  00008e4b    000000a5     main.obj (.text:epwm1ISR)
                  00008ef0    0000009d     driverlib_eabi.lib : dma.obj (.text:DMA_configMode)
                  00008f8d    00000073                        : sysctl.obj (.text:DCC_setCounterSeeds)

.text.3    0    00009000    00000800     
                  00009000    0000008d     main.obj (.text:main)
                  0000908d    0000007f     driverlib_eabi.lib : interrupt.obj (.text:Interrupt_clearIFR)
                  0000910c    00000075     board.obj (.text:EPWM_setADCTriggerSource)
                  00009181    0000006e     sopwm.obj (.text:sopwm_halfwave_closure)
                  000091ef    0000005e     driverlib_eabi.lib : sysctl.obj (.text:SysCtl_getClock)
                  0000924d    00000056     export.obj (.text:INT_myMCUSignalSight0_transferLayer_SCI_RX_ISR)
                  000092a3    00000052     driverlib_eabi.lib : gpio.obj (.text:GPIO_setPadConfig)
                  000092f5    00000051     device.obj (.text:Device_init)
                  00009346    0000004e     driverlib_eabi.lib : interrupt.obj (.text:Interrupt_disable)
                  00009394    0000004d                        : sysctl.obj (.text:SysCtl_selectOscSource)
                  000093e1    0000004b     board.obj (.text:EPWM_setInterruptSource)
                  0000942c    00000048     signalsight.obj (.text:SIGNALSIGHT_capturePlotData)
                  00009474    00000046     driverlib_eabi.lib : dma.obj (.text:DMA_configWrap)
                  000094ba    00000045                        : sci.obj (.text:SCI_clearInterruptStatus)
                  000094ff    00000044                        : sci.obj (.text:SCI_enableInterrupt)
                  00009543    00000043     board.obj (.text:myMCUSignalSight0_transferLayer_SCI_init)
                  00009586    00000040     board.obj (.text:EPWM_setActionQualifierAction)
                  000095c6    00000040     driverlib_eabi.lib : sysctl.obj (.text:SysCtl_pollX1Counter)
                  00009606    00000040                        : sysctl.obj (.text:SysCtl_selectXTAL)
                  00009646    0000003e                        : sci.obj (.text:SCI_setConfig)
                  00009684    0000003d                        : interrupt.obj (.text:Interrupt_initModule)
                  000096c1    0000003c                        : dma.obj (.text:DMA_configTransfer)
                  000096fd    0000003c     export_package.obj (.text:EXPORTPACKAGE_sendFloatArrayAsByteArray)
                  00009739    0000003c     export.obj (.text:INT_myMCUSignalSight0_transferLayer_SCI_TX_ISR)
                  00009775    0000003a     board.obj (.text:EPWM_setADCTriggerEventPrescale)
                  000097af    0000003a     board.obj (.text:EPWM_setActionQualifierShadowLoadMode)
                  000097e9    00000017     device.obj (.text:SysCtl_enablePeripheral)

.text.4    0    00009800    00000800     
                  00009800    0000003a     driverlib_eabi.lib : gpio.obj (.text:GPIO_setAnalogMode)
                  0000983a    00000039     board.obj (.text:myDMA0_init)
                  00009873    00000039     board.obj (.text:myDMA1_init)
                  000098ac    00000039     board.obj (.text:myDMA2_init)
                  000098e5    00000037     driverlib_eabi.lib : dma.obj (.text:DMA_configBurst)
                  0000991c    00000037                        : gpio.obj (.text:GPIO_setPinConfig)
                  00009953    00000037                        : gpio.obj (.text:GPIO_setQualificationMode)
                  0000998a    00000037                        : interrupt.obj (.text:Interrupt_enable)
                  000099c1    00000037     sopwm.obj (.text:sopwm_copy_rotated_phase)
                  000099f8    00000031     driverlib_eabi.lib : gpio.obj (.text:GPIO_setDirectionMode)
                  00009a29    0000002e     rts2800_fpu32_eabi.lib : copy_decompress_lzss.c.obj (.text:decompress:lzss)
                  00009a57    0000002c     board.obj (.text:EPWM_setDeadBandDelayMode)
                  00009a83    0000002b     board.obj (.text:EPWM_isBaseValid)
                  00009aae    0000002b     main.obj (.text:EPWM_isBaseValid)
                  00009ad9    0000002b     rts2800_fpu32_eabi.lib : autoinit.c.obj (.text:__TI_auto_init_nobinit_nopinit)
                  00009b04    00000029                            : exit.c.obj (.text)
                  00009b2d    00000028     board.obj (.text:EPWM_setInterruptEventCount)
                  00009b55    00000027     board.obj (.text:EPWM_setSyncOutPulseMode)
                  00009b7c    00000027     board.obj (.text:SysCtl_setSyncInputConfig)
                  00009ba3    00000026     board.obj (.text:SCI_setFIFOInterruptLevel)
                  00009bc9    00000025     driverlib_eabi.lib : dma.obj (.text:DMA_configAddresses)
                  00009bee    00000025     main.obj (.text:GPIO_writePin)
                  00009c13    00000025     driverlib_eabi.lib : sysctl.obj (.text:SysCtl_selectXTALSingleEnded)
                  00009c38    00000024                        : sysctl.obj (.text:DCC_enableSingleShotMode)
                  00009c5c    00000024     board.obj (.text:EPWM_setDeadBandDelayPolarity)
                  00009c80    00000023     board.obj (.text:DMA_isBaseValid)
                  00009ca3    00000023     driverlib_eabi.lib : dma.obj (.text:DMA_isBaseValid)
                  00009cc6    00000023     main.obj (.text:DMA_isBaseValid)
                  00009ce9    00000022     main.obj (.text:EPWM_getCounterCompareValue)
                  00009d0b    00000022     board.obj (.text:EPWM_setCounterCompareValue)
                  00009d2d    00000021     transfer_utils.obj (.text:f32toBytes)
                  00009d4e    00000020     board.obj (.text:XBAR_setInputPin)
                  00009d6e    00000020     rts2800_fpu32_eabi.lib : memcpy.c.obj (.text)
                  00009d8e    0000001f     board.obj (.text:EPWM_setFallingEdgeDelayCountShadowLoadMode)
                  00009dad    0000001f     board.obj (.text:EPWM_setRisingEdgeDelayCountShadowLoadMode)
                  00009dcc    0000001f     export_package.obj (.text:EXPORT_receivedData)
                  00009deb    0000001e     driverlib_eabi.lib : sysctl.obj (.text:DCC_setCounter1ClkSource)
                  00009e09    0000001e     board.obj (.text:EPWM_setPhaseShift)
                  00009e27    0000001e     driverlib_eabi.lib : interrupt.obj (.text:Interrupt_initVectorTable)
                  00009e45    0000001e     board.obj (.text:SYNC_init)
                  00009e63    0000001d     board.obj (.text:EPWM_setFallingEdgeDelayCount)
                  00009e80    0000001d     board.obj (.text:EPWM_setRisingEdgeDelayCount)
                  00009e9d    0000001d     board.obj (.text:SCI_enableFIFO)
                  00009eba    0000001d     sopwm.obj (.text:SOPWM_InitSchedule)
                  00009ed7    0000001c     driverlib_eabi.lib : sysctl.obj (.text:DCC_setCounter0ClkSource)
                  00009ef3    0000001c     main.obj (.text:EPWM_disableADCTrigger)
                  00009f0f    0000001c     board.obj (.text:EPWM_enableADCTrigger)
                  00009f2b    0000001c     board.obj (.text:EPWM_setClockPrescaler)
                  00009f47    0000001b     board.obj (.text:EPWM_setDeadBandControlShadowLoadMode)
                  00009f62    0000001a     driverlib_eabi.lib : sysctl.obj (.text:SysCtl_getLowSpeedClock)
                  00009f7c    00000019     board.obj (.text:INTERRUPT_init)
                  00009f95    00000019     export.obj (.text:SCI_writeCharBlockingFIFO)
                  00009fae    00000018     board.obj (.text:EPWM_disableDeadBandControlShadowLoadMode)
                  00009fc6    00000018     board.obj (.text:EPWM_disableFallingEdgeDelayCountShadowLoadMode)
                  00009fde    00000018     board.obj (.text:EPWM_disableRisingEdgeDelayCountShadowLoadMode)
                  00009ff6    0000000a     board.obj (.text:DMA_initController)

.text.5    0    0000a000    0000054a     
                  0000a000    00000018     driverlib_eabi.lib : sci.obj (.text:SCI_disableModule)
                  0000a018    00000018     board.obj (.text:SCI_performSoftwareReset)
                  0000a030    00000018     driverlib_eabi.lib : sci.obj (.text:SCI_performSoftwareReset)
                  0000a048    00000018     board.obj (.text:SCI_resetChannels)
                  0000a060    00000018     board.obj (.text:SCI_resetRxFIFO)
                  0000a078    00000018     board.obj (.text:SCI_resetTxFIFO)
                  0000a090    00000018     main.obj (.text:SysCtl_disablePeripheral)
                  0000a0a8    00000017     driverlib_eabi.lib : sysctl.obj (.text:SysCtl_enablePeripheral)
                  0000a0bf    00000017     main.obj (.text:SysCtl_enablePeripheral)
                  0000a0d6    00000017     rts2800_fpu32_eabi.lib : boot28.asm.obj (.text)
                  0000a0ed    00000016     driverlib_eabi.lib : sysctl.obj (.text:DCC_disableDoneSignal)
                  0000a103    00000016                        : sysctl.obj (.text:DCC_enableDoneSignal)
                  0000a119    00000016                        : interrupt.obj (.text:Interrupt_defaultHandler)
                  0000a12f    00000015                        : sysctl.obj (.text:DCC_clearDoneFlag)
                  0000a144    00000015                        : sysctl.obj (.text:DCC_clearErrorFlag)
                  0000a159    00000015                        : sysctl.obj (.text:DCC_disableErrorSignal)
                  0000a16e    00000015                        : sysctl.obj (.text:DCC_enableErrorSignal)
                  0000a183    00000015     board.obj (.text:DMA_setEmulationMode)
                  0000a198    00000015     main.obj (.text:DMA_startChannel)
                  0000a1ad    00000015     board.obj (.text:DMA_stopChannel)
                  0000a1c2    00000015     device.obj (.text:GPIO_unlockPortConfig)
                  0000a1d7    00000014     driverlib_eabi.lib : sysctl.obj (.text:DCC_disableModule)
                  0000a1eb    00000014                        : sysctl.obj (.text:DCC_enableModule)
                  0000a1ff    00000014     board.obj (.text:EPWM_setTimeBaseCounterMode)
                  0000a213    00000014     board.obj (.text:EPWM_setTimeBasePeriod)
                  0000a227    00000014     driverlib_eabi.lib : gpio.obj (.text:GPIO_isPinValid)
                  0000a23b    00000014     main.obj (.text:GPIO_isPinValid)
                  0000a24f    00000014     export.obj (.text:SCI_getTxFIFOStatus)
                  0000a263    00000014     device.obj (.text:SysCtl_deviceCal)
                  0000a277    00000013     board.obj (.text:DMA_enableTrigger)
                  0000a28a    00000013     main.obj (.text:EPWM_clearEventTriggerInterruptFlag)
                  0000a29d    00000013     main.obj (.text:EPWM_disableInterrupt)
                  0000a2b0    00000013     board.obj (.text:EPWM_enableInterrupt)
                  0000a2c3    00000013     board.obj (.text:SCI_clearOverflowStatus)
                  0000a2d6    00000013     export.obj (.text:SCI_clearOverflowStatus)
                  0000a2e9    00000013     board.obj (.text:SCI_enableModule)
                  0000a2fc    00000013     driverlib_eabi.lib : sci.obj (.text:SCI_enableModule)
                  0000a30f    00000013     board.obj (.text:SCI_isBaseValid)
                  0000a322    00000013     driverlib_eabi.lib : sci.obj (.text:SCI_isBaseValid)
                  0000a335    00000013     export.obj (.text:SCI_isBaseValid)
                  0000a348    00000012     board.obj (.text:EPWM_setTimeBaseCounter)
                  0000a35a    00000012     signalsight.obj (.text:SIGNALSIGHT_sendAcknowledge)
                  0000a36c    00000012     board.obj (.text:SysCtl_setSyncOutputConfig)
                  0000a37e    00000012     rts2800_fpu32_eabi.lib : args_main.c.obj (.text)
                  0000a390    00000011     board.obj (.text:Board_init)
                  0000a3a1    00000011     board.obj (.text:EPWM_disablePhaseShiftLoad)
                  0000a3b2    00000011     main.obj (.text:EPWM_disablePhaseShiftLoad)
                  0000a3c3    00000011     board.obj (.text:EPWM_enablePhaseShiftLoad)
                  0000a3d4    00000011     board.obj (.text:SCI_disableLoopback)
                  0000a3e5    00000011     export.obj (.text:SCI_readCharNonBlocking)
                  0000a3f6    00000011     sopwm.obj (.text:SOPWM_schedISR)
                  0000a407    00000010     driverlib_eabi.lib : sysctl.obj (.text:DCC_isBaseValid)
                  0000a417    00000010     device.obj (.text:Device_initGPIO)
                  0000a427    0000000f     device.obj (.text:ASysCtl_disableDCDC)
                  0000a436    0000000f     board.obj (.text:Interrupt_register)
                  0000a445    0000000f     main.obj (.text:Interrupt_register)
                  0000a454    0000000e     signalsight.obj (.text:SIGNALSIGHT_getVariableAddressAtHashIndex)
                  0000a462    0000000d     driverlib_eabi.lib : interrupt.obj (.text:Interrupt_disableGlobal)
                  0000a46f    0000000d                        : interrupt.obj (.text:Interrupt_enableGlobal)
                  0000a47c    0000000d     device.obj (.text:SysCtl_setLowSpeedClock)
                  0000a489    0000000d     device.obj (.text:__error__)
                  0000a496    0000000c     board.obj (.text:SysCtl_enableExtADCSOCSource)
                  0000a4a2    0000000b     device.obj (.text:SysCtl_disableWatchdog)
                  0000a4ad    0000000b     driverlib_eabi.lib : sysctl.obj (.text:SysCtl_isMCDClockFailureDetected)
                  0000a4b8    0000000b     rts2800_fpu32_eabi.lib : u_div28.asm.obj (.text)
                  0000a4c3    0000000a     driverlib_eabi.lib : interrupt.obj (.text:Interrupt_illegalOperationHandler)
                  0000a4cd    0000000a                        : interrupt.obj (.text:Interrupt_nmiHandler)
                  0000a4d7    00000009     board.obj (.text:DMA_init)
                  0000a4e0    00000009     export.obj (.text:EXPORT_transmitCharBlocking)
                  0000a4e9    00000009     signalsight.obj (.text:SIGNALSIGHT_resetStates)
                  0000a4f2    00000009     rts2800_fpu32_eabi.lib : _lock.c.obj (.text)
                  0000a4fb    00000008                            : copy_decompress_none.c.obj (.text:decompress:none)
                  0000a503    00000008     f28004x_codestartbranch.obj (.text)
                  0000a50b    00000007     driverlib_eabi.lib : sysctl.obj (.text:SysCtl_resetMCD)
                  0000a512    00000007     rts2800_fpu32_eabi.lib : memset.c.obj (.text)
                  0000a519    00000006     export.obj (.text:Interrupt_clearACKGroup)
                  0000a51f    00000006     main.obj (.text:Interrupt_clearACKGroup)
                  0000a525    00000006     rts2800_fpu32_eabi.lib : copy_zero_init.c.obj (.text:decompress:ZI)
                  0000a52b    00000005     board.obj (.text:INPUTXBAR_init)
                  0000a530    00000005     signalsight.obj (.text:SIGNALSIGHT_init)
                  0000a535    00000005     sopwm.obj (.text:SOPWM_CommitSchedule)
                  0000a53a    00000005     board.obj (.text:myINPUTXBARINPUT0_init)
                  0000a53f    00000005     board.obj (.text:myINPUTXBARINPUT1_init)
                  0000a544    00000003     board.obj (.text:SCI_init)
                  0000a547    00000002     rts2800_fpu32_eabi.lib : pre_init.c.obj (.text)
                  0000a549    00000001                            : startup.c.obj (.text)

.const.1   1    0000a800    000007d6     
                  0000a800    00000578     sopwm.obj (.const:SOPWM_LUT_N15)
                  0000ad78    00000258     sopwm.obj (.const:SOPWM_LUT_N7)
                  0000afd0    00000003     sopwm.obj (.const:SOPWM_PHASE_MID_SLOT)
                  0000afd3    00000003     sopwm.obj (.const:SOPWM_PHASE_SLOT_OFFSET)

.data.1    1    0000afd6    0000002a     UNINITIALIZED
                  0000afd6    00000020     sopwm.obj (.data)
                  0000aff6    0000000a     main.obj (.data)

.const.2   1    0000b000    000007d0     
                  0000b000    000004b0     sopwm.obj (.const:SOPWM_LUT_N13)
                  0000b4b0    00000320     sopwm.obj (.const:SOPWM_LUT_N9)

.data.2    1    0000b7d0    00000030     UNINITIALIZED
                  0000b7d0    00000012     signalsight_hash.obj (.data:SSHASH_hash_table)
                  0000b7e2    00000010     export.obj (.data:exportRXData)
                  0000b7f2    0000000a     signalsight.obj (.data)
                  0000b7fc    00000004     signalsight.obj (.data:SS_currentPlotHashIndices)

.const.3   1    00010000    00000920     
                  00010000    000003e8     sopwm.obj (.const:SOPWM_LUT_N11)
                  000103e8    00000114     board.obj (.const:.string)
                  000104fc    000000cf     main.obj (.const:.string)
                  000105cb    00000001     --HOLE-- [fill = 0]
                  000105cc    0000009a     driverlib_eabi.lib : sysctl.obj (.const:.string)
                  00010666    00000098                        : gpio.obj (.const:.string)
                  000106fe    00000097                        : dma.obj (.const:.string)
                  00010795    00000001     --HOLE-- [fill = 0]
                  00010796    00000097                        : sci.obj (.const:.string)
                  0001082d    00000001     --HOLE-- [fill = 0]
                  0001082e    0000005b     device.obj (.const:.string)
                  00010889    00000001     --HOLE-- [fill = 0]
                  0001088a    00000051     driverlib_eabi.lib : interrupt.obj (.const:.string)
                  000108db    00000001     --HOLE-- [fill = 0]
                  000108dc    00000044     export.obj (.const:.string)

.data.3    1    00010920    00000336     UNINITIALIZED
                  00010920    00000064     signalsight.obj (.data:SS_streamA_buffer2)
                  00010984    00000064     signalsight.obj (.data:SS_streamA_buffer)
                  000109e8    00000064     signalsight.obj (.data:SS_streamB_buffer2)
                  00010a4c    00000064     signalsight.obj (.data:SS_streamB_buffer)
                  00010ab0    00000064     signalsight.obj (.data:SS_streamC_buffer2)
                  00010b14    00000064     signalsight.obj (.data:SS_streamC_buffer)
                  00010b78    00000064     signalsight.obj (.data:SS_streamD_buffer2)
                  00010bdc    00000064     signalsight.obj (.data:SS_streamD_buffer)
                  00010c40    00000008     device.obj (.data)
                  00010c48    00000006     rts2800_fpu32_eabi.lib : exit.c.obj (.data)
                  00010c4e    00000004     signalsight.obj (.data:SS_streamToggleStates)
                  00010c52    00000002     rts2800_fpu32_eabi.lib : _lock.c.obj (.data:_lock)
                  00010c54    00000002                            : _lock.c.obj (.data:_unlock)

MODULE SUMMARY

       Module                        code   ro data   rw data
       ------                        ----   -------   -------
    .\
       main.obj                      647    207       10     
    +--+-----------------------------+------+---------+---------+
       Total:                        647    207       10     
                                                             
    .\device\
       device.obj                    437    91        8      
       f28004x_codestartbranch.obj   10     0         0      
    +--+-----------------------------+------+---------+---------+
       Total:                        447    91        8      
                                                             
    .\pwm\sopwm\
       sopwm.obj                     819    5006      1232   
    +--+-----------------------------+------+---------+---------+
       Total:                        819    5006      1232   
                                                             
    .\syscfg\
       board.obj                     3458   276       0      
       transfer_utils.obj            33     0         0      
    +--+-----------------------------+------+---------+---------+
       Total:                        3491   276       0      
                                                             
    .\syscfg\export\
       export.obj                    262    68        16     
       export_package.obj            91     0         0      
    +--+-----------------------------+------+---------+---------+
       Total:                        353    68        16     
                                                             
    .\syscfg\signalsight\
       signalsight.obj               922    0         818    
       signalsight_hash.obj          0      0         18     
    +--+-----------------------------+------+---------+---------+
       Total:                        922    0         836    
                                                             
    C:\ti\c2000\C2000Ware_26_00_00_00\driverlib\f28004x\driverlib\ccs\Debug\driverlib_eabi.lib
       sysctl.obj                    1189   154       0      
       dma.obj                       414    151       0      
       interrupt.obj                 419    81        0      
       gpio.obj                      319    152       0      
       sci.obj                       285    151       0      
    +--+-----------------------------+------+---------+---------+
       Total:                        2626   689       0      
                                                             
    C:\ti\ccs2050\ccs\tools\compiler\ti-cgt-c2000_25.11.0.LTS\lib\rts2800_fpu32_eabi.lib
       exit.c.obj                    41     0         6      
       copy_decompress_lzss.c.obj    46     0         0      
       autoinit.c.obj                43     0         0      
       memcpy.c.obj                  32     0         0      
       boot28.asm.obj                23     0         0      
       args_main.c.obj               18     0         0      
       _lock.c.obj                   9      0         4      
       u_div28.asm.obj               11     0         0      
       copy_decompress_none.c.obj    8      0         0      
       memset.c.obj                  7      0         0      
       copy_zero_init.c.obj          6      0         0      
       pre_init.c.obj                2      0         0      
       startup.c.obj                 1      0         0      
    +--+-----------------------------+------+---------+---------+
       Total:                        247    0         10     
                                                             
       Stack:                        0      0         1016   
       Linker Generated:             0      78        0      
    +--+-----------------------------+------+---------+---------+
       Grand Total:                  9552   6415      3128   


LINKER GENERATED COPY TABLES

__TI_cinit_table @ 00000138 records: 4, size/record: 4, table size: 16
	.data.2: load addr=000000fa, load size=0000001c bytes, run addr=0000b7d0, run size=00000030 bytes, compression=lzss
	.data.1: load addr=00000116, load size=0000000e bytes, run addr=0000afd6, run size=0000002a bytes, compression=lzss
	.data.3: load addr=00000124, load size=0000000a bytes, run addr=00010920, run size=00000336 bytes, compression=lzss
	ramgs0: load addr=00000134, load size=00000004 bytes, run addr=0000c000, run size=000004b0 bytes, compression=zero_init


LINKER GENERATED HANDLER TABLE

__TI_handler_table @ 0000012e records: 3, size/record: 2, table size: 6
	index: 0, handler: __TI_decompress_lzss
	index: 1, handler: __TI_decompress_none
	index: 2, handler: __TI_zero_init


GLOBAL DATA SYMBOLS: SORTED BY DATA PAGE

address     data page           name
--------    ----------------    ----
00000400      10 (00000400)     __stack

0000a800     2a0 (0000a800)     SOPWM_LUT_N15

0000ad78     2b5 (0000ad40)     SOPWM_LUT_N7

0000afd9     2bf (0000afc0)     sopwm_num_angles
0000afda     2bf (0000afc0)     sopwm_sched_active
0000afdb     2bf (0000afc0)     sopwm_fund_tick
0000afdc     2bf (0000afc0)     sopwm_init_done
0000afdd     2bf (0000afc0)     sopwm_lut_n_base
0000afde     2bf (0000afc0)     sopwm_build_count
0000afe0     2bf (0000afc0)     sopwm_cycle_idx
0000afe4     2bf (0000afc0)     sopwm_m
0000afe6     2bf (0000afc0)     sopwm_theta
0000afe8     2bf (0000afc0)     sopwm_angle1
0000afea     2bf (0000afc0)     sopwm_angle2
0000afec     2bf (0000afc0)     sopwm_angle3
0000afee     2bf (0000afc0)     sopwm_angle4
0000aff0     2bf (0000afc0)     sopwm_angle5
0000aff2     2bf (0000afc0)     sopwm_angle6
0000aff4     2bf (0000afc0)     sopwm_angle7
0000aff6     2bf (0000afc0)     sopwm_N_cmd
0000aff7     2bf (0000afc0)     dbg_cmpa_snapshot
0000aff8     2bf (0000afc0)     dbg_cmpb_snapshot
0000aff9     2bf (0000afc0)     dbg_phB_cmpa_slot0
0000affa     2bf (0000afc0)     dbg_phC_cmpa_slot17
0000affc     2bf (0000afc0)     sopwm_m_cmd
0000affe     2bf (0000afc0)     dbg_isr_count

0000b000     2c0 (0000b000)     SOPWM_LUT_N13

0000b4b0     2d2 (0000b480)     SOPWM_LUT_N9

0000b7d0     2df (0000b7c0)     SSHASH_hash_table
0000b7e2     2df (0000b7c0)     exportRXData
0000b7f2     2df (0000b7c0)     SS_currentStreamState
0000b7f3     2df (0000b7c0)     SS_nextTxCMD
0000b7f4     2df (0000b7c0)     SS_bufferElementIndex
0000b7f5     2df (0000b7c0)     SS_bufferIsFull
0000b7f6     2df (0000b7c0)     SS_streamDataSkips
0000b7f7     2df (0000b7c0)     SS_initiallyClearBuffer
0000b7f8     2df (0000b7c0)     SS_bufferElementIndex2
0000b7f9     2df (0000b7c0)     SS_bufferIsFull2
0000b7fa     2df (0000b7c0)     SS_writeBuffer1readBuffer2
0000b7fb     2df (0000b7c0)     SS_streamDataSkips2
0000b7fc     2df (0000b7c0)     SS_currentPlotHashIndices

0000c000     300 (0000c000)     sopwm_sched

00010000     400 (00010000)     SOPWM_LUT_N11

00010920     424 (00010900)     SS_streamA_buffer2

00010984     426 (00010980)     SS_streamA_buffer

000109e8     427 (000109c0)     SS_streamB_buffer2

00010a4c     429 (00010a40)     SS_streamB_buffer

00010ab0     42a (00010a80)     SS_streamC_buffer2

00010b14     42c (00010b00)     SS_streamC_buffer

00010b78     42d (00010b40)     SS_streamD_buffer2

00010bdc     42f (00010bc0)     SS_streamD_buffer

00010c40     431 (00010c40)     Device_assertFile
00010c42     431 (00010c40)     Device_assertLine
00010c44     431 (00010c40)     Example_PassCount
00010c46     431 (00010c40)     Example_Fail
00010c48     431 (00010c40)     __TI_enable_exit_profile_output
00010c4a     431 (00010c40)     __TI_cleanup_ptr
00010c4c     431 (00010c40)     __TI_dtors_ptr
00010c4e     431 (00010c40)     SS_streamToggleStates
00010c52     431 (00010c40)     _lock
00010c54     431 (00010c40)     _unlock


GLOBAL SYMBOLS: SORTED ALPHABETICALLY BY Name 

page  address   name                                          
----  -------   ----                                          
0     0000a390  Board_init                                    
0     00009b04  C$$EXIT                                       
0     00009bc9  DMA_configAddresses                           
0     000098e5  DMA_configBurst                               
0     00008ef0  DMA_configMode                                
0     000096c1  DMA_configTransfer                            
0     00009474  DMA_configWrap                                
0     0000a4d7  DMA_init                                      
1     00010c40  Device_assertFile                             
1     00010c42  Device_assertLine                             
0     000088e2  Device_enableAllPeripherals                   
0     000092f5  Device_init                                   
0     0000a417  Device_initGPIO                               
0     00008000  EPWM_init                                     
0     000096fd  EXPORTPACKAGE_sendFloatArrayAsByteArray       
0     00008800  EXPORTPACKAGE_takeActionOnMessage             
0     000087ff  EXPORT_init                                   
0     00009dcc  EXPORT_receivedData                           
0     0000a4e0  EXPORT_transmitCharBlocking                   
1     00010c46  Example_Fail                                  
1     00010c44  Example_PassCount                             
0     00009800  GPIO_setAnalogMode                            
0     000099f8  GPIO_setDirectionMode                         
0     000092a3  GPIO_setPadConfig                             
0     0000991c  GPIO_setPinConfig                             
0     00009953  GPIO_setQualificationMode                     
0     0000a52b  INPUTXBAR_init                                
0     00009f7c  INTERRUPT_init                                
0     0000924d  INT_myMCUSignalSight0_transferLayer_SCI_RX_ISR
0     00009739  INT_myMCUSignalSight0_transferLayer_SCI_TX_ISR
0     0000a119  Interrupt_defaultHandler                      
0     00009346  Interrupt_disable                             
0     0000998a  Interrupt_enable                              
0     0000a4c3  Interrupt_illegalOperationHandler             
0     00009684  Interrupt_initModule                          
0     00009e27  Interrupt_initVectorTable                     
0     0000a4cd  Interrupt_nmiHandler                          
0     00008c22  PinMux_init                                   
0     000094ba  SCI_clearInterruptStatus                      
0     000094ff  SCI_enableInterrupt                           
0     0000a544  SCI_init                                      
0     00009646  SCI_setConfig                                 
0     0000942c  SIGNALSIGHT_capturePlotData                   
0     0000a454  SIGNALSIGHT_getVariableAddressAtHashIndex     
0     0000a530  SIGNALSIGHT_init                              
0     000089c2  SIGNALSIGHT_queueUpStreamData                 
0     0000a4e9  SIGNALSIGHT_resetStates                       
0     0000a35a  SIGNALSIGHT_sendAcknowledge                   
0     00008562  SIGNALSIGHT_sendPlotData                      
0     000086d4  SOPWM_BuildSchedule                           
0     0000a535  SOPWM_CommitSchedule                          
0     00009eba  SOPWM_InitSchedule                            
1     00010000  SOPWM_LUT_N11                                 
1     0000b000  SOPWM_LUT_N13                                 
1     0000a800  SOPWM_LUT_N15                                 
1     0000ad78  SOPWM_LUT_N7                                  
1     0000b4b0  SOPWM_LUT_N9                                  
0     0000a3f6  SOPWM_schedISR                                
1     0000b7d0  SSHASH_hash_table                             
1     0000b7f4  SS_bufferElementIndex                         
1     0000b7f8  SS_bufferElementIndex2                        
1     0000b7f5  SS_bufferIsFull                               
1     0000b7f9  SS_bufferIsFull2                              
1     0000b7fc  SS_currentPlotHashIndices                     
1     0000b7f2  SS_currentStreamState                         
1     0000b7f7  SS_initiallyClearBuffer                       
1     0000b7f3  SS_nextTxCMD                                  
1     00010984  SS_streamA_buffer                             
1     00010920  SS_streamA_buffer2                            
1     00010a4c  SS_streamB_buffer                             
1     000109e8  SS_streamB_buffer2                            
1     00010b14  SS_streamC_buffer                             
1     00010ab0  SS_streamC_buffer2                            
1     00010bdc  SS_streamD_buffer                             
1     00010b78  SS_streamD_buffer2                            
1     0000b7f6  SS_streamDataSkips                            
1     0000b7fb  SS_streamDataSkips2                           
1     00010c4e  SS_streamToggleStates                         
1     0000b7fa  SS_writeBuffer1readBuffer2                    
0     00009e45  SYNC_init                                     
0     000000f6  SysCtl_delay                                  
0     000091ef  SysCtl_getClock                               
0     00009f62  SysCtl_getLowSpeedClock                       
0     00008ce8  SysCtl_isPLLValid                             
0     00009394  SysCtl_selectOscSource                        
0     00009606  SysCtl_selectXTAL                             
0     00009c13  SysCtl_selectXTALSingleEnded                  
0     00008b5a  SysCtl_setClock                               
0     00000138  __TI_CINIT_Base                               
0     00000148  __TI_CINIT_Limit                              
0     00000148  __TI_CINIT_Warm                               
0     0000012e  __TI_Handler_Table_Base                       
0     00000134  __TI_Handler_Table_Limit                      
1     000007f8  __TI_STACK_END                                
abs   000003f8  __TI_STACK_SIZE                               
0     00009ad9  __TI_auto_init_nobinit_nopinit                
1     00010c4a  __TI_cleanup_ptr                              
0     00009a29  __TI_decompress_lzss                          
0     0000a4fb  __TI_decompress_none                          
1     00010c4c  __TI_dtors_ptr                                
1     00010c48  __TI_enable_exit_profile_output               
abs   ffffffff  __TI_pprof_out_hndl                           
abs   ffffffff  __TI_prof_data_size                           
abs   ffffffff  __TI_prof_data_start                          
0     0000a525  __TI_zero_init                                
0     0000a4b8  __c28xabi_divu                                
0     0000a4bd  __c28xabi_modu                                
abs   ffffffff  __c_args__                                    
0     0000a489  __error__                                     
1     00000400  __stack                                       
0     0000a37e  _args_main                                    
0     0000a0d6  _c_int00                                      
1     00010c52  _lock                                         
0     0000a4fa  _nop                                          
0     0000a4f6  _register_lock                                
0     0000a4f2  _register_unlock                              
0     0000a549  _system_post_cinit                            
0     0000a547  _system_pre_init                              
1     00010c54  _unlock                                       
0     00009b04  abort                                         
0     00000000  code_start                                    
1     0000aff7  dbg_cmpa_snapshot                             
1     0000aff8  dbg_cmpb_snapshot                             
1     0000affe  dbg_isr_count                                 
1     0000aff9  dbg_phB_cmpa_slot0                            
1     0000affa  dbg_phC_cmpa_slot17                           
0     00008e4b  epwm1ISR                                      
0     00009b06  exit                                          
1     0000b7e2  exportRXData                                  
0     00009d2d  f32toBytes                                    
0     00009000  main                                          
0     00009d6e  memcpy                                        
0     0000a512  memset                                        
0     0000983a  myDMA0_init                                   
0     00009873  myDMA1_init                                   
0     000098ac  myDMA2_init                                   
0     0000a53a  myINPUTXBARINPUT0_init                        
0     0000a53f  myINPUTXBARINPUT1_init                        
0     00009543  myMCUSignalSight0_transferLayer_SCI_init      
1     0000aff6  sopwm_N_cmd                                   
1     0000afe8  sopwm_angle1                                  
1     0000afea  sopwm_angle2                                  
1     0000afec  sopwm_angle3                                  
1     0000afee  sopwm_angle4                                  
1     0000aff0  sopwm_angle5                                  
1     0000aff2  sopwm_angle6                                  
1     0000aff4  sopwm_angle7                                  
1     0000afde  sopwm_build_count                             
1     0000afe0  sopwm_cycle_idx                               
1     0000afdb  sopwm_fund_tick                               
1     0000afdc  sopwm_init_done                               
1     0000afdd  sopwm_lut_n_base                              
1     0000afe4  sopwm_m                                       
1     0000affc  sopwm_m_cmd                                   
1     0000afd9  sopwm_num_angles                              
1     0000c000  sopwm_sched                                   
1     0000afda  sopwm_sched_active                            
1     0000afe6  sopwm_theta                                   


GLOBAL SYMBOLS: SORTED BY Symbol Address 

page  address   name                                          
----  -------   ----                                          
0     00000000  code_start                                    
0     000000f6  SysCtl_delay                                  
0     0000012e  __TI_Handler_Table_Base                       
0     00000134  __TI_Handler_Table_Limit                      
0     00000138  __TI_CINIT_Base                               
0     00000148  __TI_CINIT_Limit                              
0     00000148  __TI_CINIT_Warm                               
0     00008000  EPWM_init                                     
0     00008562  SIGNALSIGHT_sendPlotData                      
0     000086d4  SOPWM_BuildSchedule                           
0     000087ff  EXPORT_init                                   
0     00008800  EXPORTPACKAGE_takeActionOnMessage             
0     000088e2  Device_enableAllPeripherals                   
0     000089c2  SIGNALSIGHT_queueUpStreamData                 
0     00008b5a  SysCtl_setClock                               
0     00008c22  PinMux_init                                   
0     00008ce8  SysCtl_isPLLValid                             
0     00008e4b  epwm1ISR                                      
0     00008ef0  DMA_configMode                                
0     00009000  main                                          
0     000091ef  SysCtl_getClock                               
0     0000924d  INT_myMCUSignalSight0_transferLayer_SCI_RX_ISR
0     000092a3  GPIO_setPadConfig                             
0     000092f5  Device_init                                   
0     00009346  Interrupt_disable                             
0     00009394  SysCtl_selectOscSource                        
0     0000942c  SIGNALSIGHT_capturePlotData                   
0     00009474  DMA_configWrap                                
0     000094ba  SCI_clearInterruptStatus                      
0     000094ff  SCI_enableInterrupt                           
0     00009543  myMCUSignalSight0_transferLayer_SCI_init      
0     00009606  SysCtl_selectXTAL                             
0     00009646  SCI_setConfig                                 
0     00009684  Interrupt_initModule                          
0     000096c1  DMA_configTransfer                            
0     000096fd  EXPORTPACKAGE_sendFloatArrayAsByteArray       
0     00009739  INT_myMCUSignalSight0_transferLayer_SCI_TX_ISR
0     00009800  GPIO_setAnalogMode                            
0     0000983a  myDMA0_init                                   
0     00009873  myDMA1_init                                   
0     000098ac  myDMA2_init                                   
0     000098e5  DMA_configBurst                               
0     0000991c  GPIO_setPinConfig                             
0     00009953  GPIO_setQualificationMode                     
0     0000998a  Interrupt_enable                              
0     000099f8  GPIO_setDirectionMode                         
0     00009a29  __TI_decompress_lzss                          
0     00009ad9  __TI_auto_init_nobinit_nopinit                
0     00009b04  C$$EXIT                                       
0     00009b04  abort                                         
0     00009b06  exit                                          
0     00009bc9  DMA_configAddresses                           
0     00009c13  SysCtl_selectXTALSingleEnded                  
0     00009d2d  f32toBytes                                    
0     00009d6e  memcpy                                        
0     00009dcc  EXPORT_receivedData                           
0     00009e27  Interrupt_initVectorTable                     
0     00009e45  SYNC_init                                     
0     00009eba  SOPWM_InitSchedule                            
0     00009f62  SysCtl_getLowSpeedClock                       
0     00009f7c  INTERRUPT_init                                
0     0000a0d6  _c_int00                                      
0     0000a119  Interrupt_defaultHandler                      
0     0000a35a  SIGNALSIGHT_sendAcknowledge                   
0     0000a37e  _args_main                                    
0     0000a390  Board_init                                    
0     0000a3f6  SOPWM_schedISR                                
0     0000a417  Device_initGPIO                               
0     0000a454  SIGNALSIGHT_getVariableAddressAtHashIndex     
0     0000a489  __error__                                     
0     0000a4b8  __c28xabi_divu                                
0     0000a4bd  __c28xabi_modu                                
0     0000a4c3  Interrupt_illegalOperationHandler             
0     0000a4cd  Interrupt_nmiHandler                          
0     0000a4d7  DMA_init                                      
0     0000a4e0  EXPORT_transmitCharBlocking                   
0     0000a4e9  SIGNALSIGHT_resetStates                       
0     0000a4f2  _register_unlock                              
0     0000a4f6  _register_lock                                
0     0000a4fa  _nop                                          
0     0000a4fb  __TI_decompress_none                          
0     0000a512  memset                                        
0     0000a525  __TI_zero_init                                
0     0000a52b  INPUTXBAR_init                                
0     0000a530  SIGNALSIGHT_init                              
0     0000a535  SOPWM_CommitSchedule                          
0     0000a53a  myINPUTXBARINPUT0_init                        
0     0000a53f  myINPUTXBARINPUT1_init                        
0     0000a544  SCI_init                                      
0     0000a547  _system_pre_init                              
0     0000a549  _system_post_cinit                            
1     00000400  __stack                                       
1     000007f8  __TI_STACK_END                                
1     0000a800  SOPWM_LUT_N15                                 
1     0000ad78  SOPWM_LUT_N7                                  
1     0000afd9  sopwm_num_angles                              
1     0000afda  sopwm_sched_active                            
1     0000afdb  sopwm_fund_tick                               
1     0000afdc  sopwm_init_done                               
1     0000afdd  sopwm_lut_n_base                              
1     0000afde  sopwm_build_count                             
1     0000afe0  sopwm_cycle_idx                               
1     0000afe4  sopwm_m                                       
1     0000afe6  sopwm_theta                                   
1     0000afe8  sopwm_angle1                                  
1     0000afea  sopwm_angle2                                  
1     0000afec  sopwm_angle3                                  
1     0000afee  sopwm_angle4                                  
1     0000aff0  sopwm_angle5                                  
1     0000aff2  sopwm_angle6                                  
1     0000aff4  sopwm_angle7                                  
1     0000aff6  sopwm_N_cmd                                   
1     0000aff7  dbg_cmpa_snapshot                             
1     0000aff8  dbg_cmpb_snapshot                             
1     0000aff9  dbg_phB_cmpa_slot0                            
1     0000affa  dbg_phC_cmpa_slot17                           
1     0000affc  sopwm_m_cmd                                   
1     0000affe  dbg_isr_count                                 
1     0000b000  SOPWM_LUT_N13                                 
1     0000b4b0  SOPWM_LUT_N9                                  
1     0000b7d0  SSHASH_hash_table                             
1     0000b7e2  exportRXData                                  
1     0000b7f2  SS_currentStreamState                         
1     0000b7f3  SS_nextTxCMD                                  
1     0000b7f4  SS_bufferElementIndex                         
1     0000b7f5  SS_bufferIsFull                               
1     0000b7f6  SS_streamDataSkips                            
1     0000b7f7  SS_initiallyClearBuffer                       
1     0000b7f8  SS_bufferElementIndex2                        
1     0000b7f9  SS_bufferIsFull2                              
1     0000b7fa  SS_writeBuffer1readBuffer2                    
1     0000b7fb  SS_streamDataSkips2                           
1     0000b7fc  SS_currentPlotHashIndices                     
1     0000c000  sopwm_sched                                   
1     00010000  SOPWM_LUT_N11                                 
1     00010920  SS_streamA_buffer2                            
1     00010984  SS_streamA_buffer                             
1     000109e8  SS_streamB_buffer2                            
1     00010a4c  SS_streamB_buffer                             
1     00010ab0  SS_streamC_buffer2                            
1     00010b14  SS_streamC_buffer                             
1     00010b78  SS_streamD_buffer2                            
1     00010bdc  SS_streamD_buffer                             
1     00010c40  Device_assertFile                             
1     00010c42  Device_assertLine                             
1     00010c44  Example_PassCount                             
1     00010c46  Example_Fail                                  
1     00010c48  __TI_enable_exit_profile_output               
1     00010c4a  __TI_cleanup_ptr                              
1     00010c4c  __TI_dtors_ptr                                
1     00010c4e  SS_streamToggleStates                         
1     00010c52  _lock                                         
1     00010c54  _unlock                                       
abs   000003f8  __TI_STACK_SIZE                               
abs   ffffffff  __TI_pprof_out_hndl                           
abs   ffffffff  __TI_prof_data_size                           
abs   ffffffff  __TI_prof_data_start                          
abs   ffffffff  __c_args__                                    

[158 symbols]
