******************************************************************************
             TMS320C2000 Linker PC v25.11.0                    
******************************************************************************
>> Linked Wed Jul  1 14:38:04 2026

OUTPUT FILE NAME:   <epwm_svm.out>
ENTRY POINT SYMBOL: "code_start"  address: 00000000


MEMORY CONFIGURATION

         name            origin    length      used     unused   attr    fill
----------------------  --------  ---------  --------  --------  ----  --------
PAGE 0:
  BEGIN                 00000000   00000002  00000002  00000000  RWIX
  RAMM0                 000000f6   0000030a  00000052  000002b8  RWIX
  RAMLS0                00008000   00000800  00000800  00000000  RWIX
  RAMLS1                00008800   00000800  00000800  00000000  RWIX
  RAMLS2                00009000   00000800  00000800  00000000  RWIX
  RAMLS3                00009800   00000800  00000800  00000000  RWIX
  RAMLS4                0000a000   00000800  000001c2  0000063e  RWIX
  FLASH_BANK0_SEC0      00080000   00001000  00000000  00001000  RWIX
  FLASH_BANK0_SEC1      00081000   00001000  00000000  00001000  RWIX
  FLASH_BANK0_SEC2      00082000   00001000  00000000  00001000  RWIX
  FLASH_BANK0_SEC3      00083000   00001000  00000000  00001000  RWIX
  FLASH_BANK0_SEC4      00084000   00001000  00000000  00001000  RWIX
  FLASH_BANK0_SEC5      00085000   00001000  00000000  00001000  RWIX
  FLASH_BANK0_SEC6      00086000   00001000  00000000  00001000  RWIX
  FLASH_BANK0_SEC7      00087000   00001000  00000000  00001000  RWIX
  FLASH_BANK0_SEC8      00088000   00001000  00000000  00001000  RWIX
  FLASH_BANK0_SEC9      00089000   00001000  00000000  00001000  RWIX
  FLASH_BANK0_SEC10     0008a000   00001000  00000000  00001000  RWIX
  FLASH_BANK0_SEC11     0008b000   00001000  00000000  00001000  RWIX
  FLASH_BANK0_SEC12     0008c000   00001000  00000000  00001000  RWIX
  FLASH_BANK0_SEC13     0008d000   00001000  00000000  00001000  RWIX
  FLASH_BANK0_SEC14     0008e000   00001000  00000000  00001000  RWIX
  FLASH_BANK0_SEC15     0008f000   00001000  00000000  00001000  RWIX
  FLASH_BANK1_SEC0      00090000   00001000  00000000  00001000  RWIX
  FLASH_BANK1_SEC1      00091000   00001000  00000000  00001000  RWIX
  FLASH_BANK1_SEC2      00092000   00001000  00000000  00001000  RWIX
  FLASH_BANK1_SEC3      00093000   00001000  00000000  00001000  RWIX
  FLASH_BANK1_SEC4      00094000   00001000  00000000  00001000  RWIX
  FLASH_BANK1_SEC5      00095000   00001000  00000000  00001000  RWIX
  FLASH_BANK1_SEC6      00096000   00001000  00000000  00001000  RWIX
  FLASH_BANK1_SEC7      00097000   00001000  00000000  00001000  RWIX
  FLASH_BANK1_SEC8      00098000   00001000  00000000  00001000  RWIX
  FLASH_BANK1_SEC9      00099000   00001000  00000000  00001000  RWIX
  FLASH_BANK1_SEC10     0009a000   00001000  00000000  00001000  RWIX
  FLASH_BANK1_SEC11     0009b000   00001000  00000000  00001000  RWIX
  FLASH_BANK1_SEC12     0009c000   00001000  00000000  00001000  RWIX
  FLASH_BANK1_SEC13     0009d000   00001000  00000000  00001000  RWIX
  FLASH_BANK1_SEC14     0009e000   00001000  00000000  00001000  RWIX
  FLASH_BANK1_SEC15     0009f000   00001000  00000000  00001000  RWIX
  RESET                 003fffc0   00000002  00000000  00000002  RWIX

PAGE 1:
  BOOT_RSVD             00000002   000000f1  00000000  000000f1  RWIX
  RAMM1                 00000400   000003f8  000003f8  00000000  RWIX
  RAMLS5                0000a800   00000800  00000800  00000000  RWIX
  RAMLS6                0000b000   00000800  00000800  00000000  RWIX
  RAMLS7                0000b800   00000800  00000000  00000800  RWIX
  RAMGS0                0000c000   00002000  00000258  00001da8  RWIX
  RAMGS1                0000e000   00002000  00000000  00002000  RWIX
  RAMGS2                00010000   00002000  00000c4e  000013b2  RWIX
  RAMGS3                00012000   00001ff8  00000000  00001ff8  RWIX


SECTION ALLOCATION MAP

 output                                  attributes/
section   page    origin      length       input sections
--------  ----  ----------  ----------   ----------------
codestart 
*          0    00000000    00000002     
                  00000000    00000002     f28004x_codestartbranch.obj (codestart)

.TI.ramfunc 
*          0    000000f6    00000004     
                  000000f6    00000004     driverlib_eabi.lib : sysctl.obj (.TI.ramfunc)

.cinit     0    000000fa    0000004e     
                  000000fa    0000001c     (.cinit..data.2.load) [load image, compression = lzss]
                  00000116    0000000e     (.cinit..data.1.load) [load image, compression = lzss]
                  00000124    0000000a     (.cinit..data.3.load) [load image, compression = lzss]
                  0000012e    00000006     (__TI_handler_table)
                  00000134    00000004     (.cinit.ramgs0.load) [load image, compression = zero_init]
                  00000138    00000010     (__TI_cinit_table)

.reset     0    003fffc0    00000000     DSECT

.stack     1    00000400    000003f8     UNINITIALIZED
                  00000400    000003f8     --HOLE--

.init_array 
*          0    000000f6    00000000     UNINITIALIZED

ramgs0     1    0000c000    00000258     UNINITIALIZED
                  0000c000    00000258     sopwm.obj (ramgs0)

.text.1    0    00008000    00000800     
                  00008000    000002bf     board.obj (.text:EPWM_init)
                  000082bf    00000172     signalsight.obj (.text:SIGNALSIGHT_sendPlotData)
                  00008431    00000124     sopwm.obj (.text:SOPWM_BuildSchedule)
                  00008555    000000fb     sopwm.obj (.text:sopwm_build_phase)
                  00008650    000000e2     signalsight.obj (.text:EXPORTPACKAGE_takeActionOnMessage)
                  00008732    000000c8     sopwm.obj (.text:SOPWM_GetAngles)
                  000087fa    00000006     export.obj (.text:Interrupt_clearACKGroup)

.text.2    0    00008800    00000800     
                  00008800    000000e0     device.obj (.text:Device_enableAllPeripherals)
                  000088e0    000000d0     signalsight.obj (.text:SIGNALSIGHT_queueUpStreamData)
                  000089b0    000000c8     driverlib_eabi.lib : sysctl.obj (.text:SysCtl_setClock)
                  00008a78    000000bd                        : sysctl.obj (.text:SysCtl_isPLLValid)
                  00008b35    000000a5     main.obj (.text:epwm1ISR)
                  00008bda    0000009d     driverlib_eabi.lib : dma.obj (.text:DMA_configMode)
                  00008c77    0000007f                        : interrupt.obj (.text:Interrupt_clearIFR)
                  00008cf6    00000075     board.obj (.text:EPWM_setADCTriggerSource)
                  00008d6b    00000073     driverlib_eabi.lib : sysctl.obj (.text:DCC_setCounterSeeds)
                  00008dde    00000072     board.obj (.text:PinMux_init)
                  00008e50    00000066     main.obj (.text:main)
                  00008eb6    0000005e     driverlib_eabi.lib : sysctl.obj (.text:SysCtl_getClock)
                  00008f14    00000056     export.obj (.text:INT_myMCUSignalSight0_transferLayer_SCI_RX_ISR)
                  00008f6a    00000052     driverlib_eabi.lib : gpio.obj (.text:GPIO_setPadConfig)
                  00008fbc    00000044                        : sci.obj (.text:SCI_enableInterrupt)

.text.3    0    00009000    00000800     
                  00009000    00000051     device.obj (.text:Device_init)
                  00009051    0000004e     driverlib_eabi.lib : interrupt.obj (.text:Interrupt_disable)
                  0000909f    0000004d                        : sysctl.obj (.text:SysCtl_selectOscSource)
                  000090ec    0000004b     board.obj (.text:EPWM_setInterruptSource)
                  00009137    00000048     signalsight.obj (.text:SIGNALSIGHT_capturePlotData)
                  0000917f    00000046     driverlib_eabi.lib : dma.obj (.text:DMA_configWrap)
                  000091c5    00000045                        : sci.obj (.text:SCI_clearInterruptStatus)
                  0000920a    00000043     board.obj (.text:myMCUSignalSight0_transferLayer_SCI_init)
                  0000924d    00000040     board.obj (.text:EPWM_setActionQualifierAction)
                  0000928d    00000040     driverlib_eabi.lib : sysctl.obj (.text:SysCtl_pollX1Counter)
                  000092cd    00000040                        : sysctl.obj (.text:SysCtl_selectXTAL)
                  0000930d    0000003e     board.obj (.text:EPWM_setCounterCompareShadowLoadMode)
                  0000934b    0000003e     driverlib_eabi.lib : sci.obj (.text:SCI_setConfig)
                  00009389    0000003d                        : interrupt.obj (.text:Interrupt_initModule)
                  000093c6    0000003c                        : dma.obj (.text:DMA_configTransfer)
                  00009402    0000003c     export_package.obj (.text:EXPORTPACKAGE_sendFloatArrayAsByteArray)
                  0000943e    0000003c     export.obj (.text:INT_myMCUSignalSight0_transferLayer_SCI_TX_ISR)
                  0000947a    0000003a     board.obj (.text:EPWM_setADCTriggerEventPrescale)
                  000094b4    0000003a     board.obj (.text:EPWM_setActionQualifierShadowLoadMode)
                  000094ee    0000003a     driverlib_eabi.lib : gpio.obj (.text:GPIO_setAnalogMode)
                  00009528    00000039     board.obj (.text:myDMA0_init)
                  00009561    00000039     board.obj (.text:myDMA1_init)
                  0000959a    00000039     board.obj (.text:myDMA2_init)
                  000095d3    00000037     driverlib_eabi.lib : dma.obj (.text:DMA_configBurst)
                  0000960a    00000037                        : gpio.obj (.text:GPIO_setPinConfig)
                  00009641    00000037                        : gpio.obj (.text:GPIO_setQualificationMode)
                  00009678    00000037                        : interrupt.obj (.text:Interrupt_enable)
                  000096af    00000031                        : gpio.obj (.text:GPIO_setDirectionMode)
                  000096e0    0000002e     rts2800_fpu32_eabi.lib : copy_decompress_lzss.c.obj (.text:decompress:lzss)
                  0000970e    0000002c     board.obj (.text:EPWM_setDeadBandDelayMode)
                  0000973a    0000002b     board.obj (.text:EPWM_isBaseValid)
                  00009765    0000002b     main.obj (.text:EPWM_isBaseValid)
                  00009790    0000002b     rts2800_fpu32_eabi.lib : autoinit.c.obj (.text:__TI_auto_init_nobinit_nopinit)
                  000097bb    00000029                            : exit.c.obj (.text)
                  000097e4    0000001c     driverlib_eabi.lib : sysctl.obj (.text:DCC_setCounter0ClkSource)

.text.4    0    00009800    00000800     
                  00009800    00000028     board.obj (.text:EPWM_setInterruptEventCount)
                  00009828    00000027     board.obj (.text:EPWM_setSyncOutPulseMode)
                  0000984f    00000027     board.obj (.text:SysCtl_setSyncInputConfig)
                  00009876    00000026     board.obj (.text:SCI_setFIFOInterruptLevel)
                  0000989c    00000025     driverlib_eabi.lib : dma.obj (.text:DMA_configAddresses)
                  000098c1    00000025     main.obj (.text:GPIO_writePin)
                  000098e6    00000025     driverlib_eabi.lib : sysctl.obj (.text:SysCtl_selectXTALSingleEnded)
                  0000990b    00000024                        : sysctl.obj (.text:DCC_enableSingleShotMode)
                  0000992f    00000024     board.obj (.text:EPWM_setDeadBandDelayPolarity)
                  00009953    00000023     board.obj (.text:DMA_isBaseValid)
                  00009976    00000023     driverlib_eabi.lib : dma.obj (.text:DMA_isBaseValid)
                  00009999    00000023     main.obj (.text:DMA_isBaseValid)
                  000099bc    00000022     main.obj (.text:EPWM_getCounterCompareValue)
                  000099de    00000022     board.obj (.text:EPWM_setCounterCompareValue)
                  00009a00    00000021     transfer_utils.obj (.text:f32toBytes)
                  00009a21    00000020     board.obj (.text:XBAR_setInputPin)
                  00009a41    00000020     rts2800_fpu32_eabi.lib : memcpy.c.obj (.text)
                  00009a61    0000001f     board.obj (.text:EPWM_setFallingEdgeDelayCountShadowLoadMode)
                  00009a80    0000001f     board.obj (.text:EPWM_setRisingEdgeDelayCountShadowLoadMode)
                  00009a9f    0000001f     export_package.obj (.text:EXPORT_receivedData)
                  00009abe    0000001e     driverlib_eabi.lib : sysctl.obj (.text:DCC_setCounter1ClkSource)
                  00009adc    0000001e     board.obj (.text:EPWM_setPhaseShift)
                  00009afa    0000001e     driverlib_eabi.lib : interrupt.obj (.text:Interrupt_initVectorTable)
                  00009b18    0000001e     board.obj (.text:SYNC_init)
                  00009b36    0000001d     board.obj (.text:EPWM_setFallingEdgeDelayCount)
                  00009b53    0000001d     board.obj (.text:EPWM_setRisingEdgeDelayCount)
                  00009b70    0000001d     board.obj (.text:SCI_enableFIFO)
                  00009b8d    0000001d     sopwm.obj (.text:SOPWM_InitSchedule)
                  00009baa    0000001c     board.obj (.text:EPWM_enableADCTrigger)
                  00009bc6    0000001c     board.obj (.text:EPWM_setClockPrescaler)
                  00009be2    0000001b     board.obj (.text:EPWM_setDeadBandControlShadowLoadMode)
                  00009bfd    0000001a     driverlib_eabi.lib : sysctl.obj (.text:SysCtl_getLowSpeedClock)
                  00009c17    00000019     board.obj (.text:INTERRUPT_init)
                  00009c30    00000019     export.obj (.text:SCI_writeCharBlockingFIFO)
                  00009c49    00000018     board.obj (.text:EPWM_disableDeadBandControlShadowLoadMode)
                  00009c61    00000018     board.obj (.text:EPWM_disableFallingEdgeDelayCountShadowLoadMode)
                  00009c79    00000018     board.obj (.text:EPWM_disableRisingEdgeDelayCountShadowLoadMode)
                  00009c91    00000018     driverlib_eabi.lib : sci.obj (.text:SCI_disableModule)
                  00009ca9    00000018     board.obj (.text:SCI_performSoftwareReset)
                  00009cc1    00000018     driverlib_eabi.lib : sci.obj (.text:SCI_performSoftwareReset)
                  00009cd9    00000018     board.obj (.text:SCI_resetChannels)
                  00009cf1    00000018     board.obj (.text:SCI_resetRxFIFO)
                  00009d09    00000018     board.obj (.text:SCI_resetTxFIFO)
                  00009d21    00000018     main.obj (.text:SysCtl_disablePeripheral)
                  00009d39    00000017     device.obj (.text:SysCtl_enablePeripheral)
                  00009d50    00000017     driverlib_eabi.lib : sysctl.obj (.text:SysCtl_enablePeripheral)
                  00009d67    00000017     main.obj (.text:SysCtl_enablePeripheral)
                  00009d7e    00000017     rts2800_fpu32_eabi.lib : boot28.asm.obj (.text)
                  00009d95    00000016     driverlib_eabi.lib : sysctl.obj (.text:DCC_disableDoneSignal)
                  00009dab    00000016                        : sysctl.obj (.text:DCC_enableDoneSignal)
                  00009dc1    00000016                        : interrupt.obj (.text:Interrupt_defaultHandler)
                  00009dd7    00000015                        : sysctl.obj (.text:DCC_clearDoneFlag)
                  00009dec    00000015                        : sysctl.obj (.text:DCC_clearErrorFlag)
                  00009e01    00000015                        : sysctl.obj (.text:DCC_disableErrorSignal)
                  00009e16    00000015                        : sysctl.obj (.text:DCC_enableErrorSignal)
                  00009e2b    00000015     board.obj (.text:DMA_setEmulationMode)
                  00009e40    00000015     main.obj (.text:DMA_startChannel)
                  00009e55    00000015     board.obj (.text:DMA_stopChannel)
                  00009e6a    00000015     device.obj (.text:GPIO_unlockPortConfig)
                  00009e7f    00000014     driverlib_eabi.lib : sysctl.obj (.text:DCC_disableModule)
                  00009e93    00000014                        : sysctl.obj (.text:DCC_enableModule)
                  00009ea7    00000014     board.obj (.text:EPWM_setTimeBaseCounterMode)
                  00009ebb    00000014     board.obj (.text:EPWM_setTimeBasePeriod)
                  00009ecf    00000014     driverlib_eabi.lib : gpio.obj (.text:GPIO_isPinValid)
                  00009ee3    00000014     main.obj (.text:GPIO_isPinValid)
                  00009ef7    00000014     export.obj (.text:SCI_getTxFIFOStatus)
                  00009f0b    00000014     device.obj (.text:SysCtl_deviceCal)
                  00009f1f    00000013     board.obj (.text:DMA_enableTrigger)
                  00009f32    00000013     main.obj (.text:EPWM_clearEventTriggerInterruptFlag)
                  00009f45    00000013     board.obj (.text:EPWM_enableInterrupt)
                  00009f58    00000013     board.obj (.text:SCI_clearOverflowStatus)
                  00009f6b    00000013     export.obj (.text:SCI_clearOverflowStatus)
                  00009f7e    00000013     board.obj (.text:SCI_enableModule)
                  00009f91    00000013     driverlib_eabi.lib : sci.obj (.text:SCI_enableModule)
                  00009fa4    00000013     board.obj (.text:SCI_isBaseValid)
                  00009fb7    00000013     driverlib_eabi.lib : sci.obj (.text:SCI_isBaseValid)
                  00009fca    00000013     export.obj (.text:SCI_isBaseValid)
                  00009fdd    00000012     board.obj (.text:EPWM_setTimeBaseCounter)
                  00009fef    00000011     board.obj (.text:Board_init)

.text.5    0    0000a000    000001c2     
                  0000a000    00000012     signalsight.obj (.text:SIGNALSIGHT_sendAcknowledge)
                  0000a012    00000012     board.obj (.text:SysCtl_setSyncOutputConfig)
                  0000a024    00000012     rts2800_fpu32_eabi.lib : args_main.c.obj (.text)
                  0000a036    00000011     board.obj (.text:EPWM_disablePhaseShiftLoad)
                  0000a047    00000011     board.obj (.text:EPWM_enablePhaseShiftLoad)
                  0000a058    00000011     board.obj (.text:SCI_disableLoopback)
                  0000a069    00000011     export.obj (.text:SCI_readCharNonBlocking)
                  0000a07a    00000011     sopwm.obj (.text:SOPWM_schedISR)
                  0000a08b    00000010     driverlib_eabi.lib : sysctl.obj (.text:DCC_isBaseValid)
                  0000a09b    00000010     device.obj (.text:Device_initGPIO)
                  0000a0ab    0000000f     device.obj (.text:ASysCtl_disableDCDC)
                  0000a0ba    0000000f     board.obj (.text:Interrupt_register)
                  0000a0c9    0000000f     main.obj (.text:Interrupt_register)
                  0000a0d8    0000000e     signalsight.obj (.text:SIGNALSIGHT_getVariableAddressAtHashIndex)
                  0000a0e6    0000000d     driverlib_eabi.lib : interrupt.obj (.text:Interrupt_disableGlobal)
                  0000a0f3    0000000d                        : interrupt.obj (.text:Interrupt_enableGlobal)
                  0000a100    0000000d     device.obj (.text:SysCtl_setLowSpeedClock)
                  0000a10d    0000000d     rts2800_fpu32_eabi.lib : copy_zero_init.c.obj (.text:decompress:ZI:__TI_zero_init_nomemset)
                  0000a11a    0000000c     board.obj (.text:SysCtl_enableExtADCSOCSource)
                  0000a126    0000000b     device.obj (.text:SysCtl_disableWatchdog)
                  0000a131    0000000b     driverlib_eabi.lib : sysctl.obj (.text:SysCtl_isMCDClockFailureDetected)
                  0000a13c    0000000a     board.obj (.text:DMA_initController)
                  0000a146    0000000a     driverlib_eabi.lib : interrupt.obj (.text:Interrupt_illegalOperationHandler)
                  0000a150    0000000a                        : interrupt.obj (.text:Interrupt_nmiHandler)
                  0000a15a    00000009     board.obj (.text:DMA_init)
                  0000a163    00000009     export.obj (.text:EXPORT_transmitCharBlocking)
                  0000a16c    00000009     signalsight.obj (.text:SIGNALSIGHT_resetStates)
                  0000a175    00000009     rts2800_fpu32_eabi.lib : _lock.c.obj (.text)
                  0000a17e    00000008                            : copy_decompress_none.c.obj (.text:decompress:none)
                  0000a186    00000008     f28004x_codestartbranch.obj (.text)
                  0000a18e    00000007     driverlib_eabi.lib : sysctl.obj (.text:SysCtl_resetMCD)
                  0000a195    00000007     device.obj (.text:__error__)
                  0000a19c    00000006     main.obj (.text:Interrupt_clearACKGroup)
                  0000a1a2    00000005     board.obj (.text:INPUTXBAR_init)
                  0000a1a7    00000005     signalsight.obj (.text:SIGNALSIGHT_init)
                  0000a1ac    00000005     sopwm.obj (.text:SOPWM_CommitSchedule)
                  0000a1b1    00000005     board.obj (.text:myINPUTXBARINPUT0_init)
                  0000a1b6    00000005     board.obj (.text:myINPUTXBARINPUT1_init)
                  0000a1bb    00000003     board.obj (.text:SCI_init)
                  0000a1be    00000002     rts2800_fpu32_eabi.lib : pre_init.c.obj (.text)
                  0000a1c0    00000001     export.obj (.text:EXPORT_init)
                  0000a1c1    00000001     rts2800_fpu32_eabi.lib : startup.c.obj (.text)

.const.1   1    0000a800    000007d6     
                  0000a800    00000578     sopwm.obj (.const:SOPWM_LUT_N15)
                  0000ad78    00000258     sopwm.obj (.const:SOPWM_LUT_N7)
                  0000afd0    00000006     sopwm.obj (.const:SOPWM_PHASE_OFFSET_DEG)

.data.1    1    0000afd6    0000002a     UNINITIALIZED
                  0000afd6    00000020     sopwm.obj (.data)
                  0000aff6    0000000a     main.obj (.data)

.const.2   1    0000b000    000007d0     
                  0000b000    000004b0     sopwm.obj (.const:SOPWM_LUT_N13)
                  0000b4b0    00000320     sopwm.obj (.const:SOPWM_LUT_N9)

.data.2    1    0000b7d0    00000030     UNINITIALIZED
                  0000b7d0    00000012     signalsight_hash.obj (.data:SSHASH_hash_table)
                  0000b7e2    00000010     export.obj (.data:exportRXData)
                  0000b7f2    0000000a     signalsight.obj (.data)
                  0000b7fc    00000004     signalsight.obj (.data:SS_currentPlotHashIndices)

.const.3   1    00010000    00000920     
                  00010000    000003e8     sopwm.obj (.const:SOPWM_LUT_N11)
                  000103e8    00000114     board.obj (.const:.string)
                  000104fc    000000cf     main.obj (.const:.string)
                  000105cb    00000001     --HOLE-- [fill = 0]
                  000105cc    0000009a     driverlib_eabi.lib : sysctl.obj (.const:.string)
                  00010666    00000098                        : gpio.obj (.const:.string)
                  000106fe    00000097                        : dma.obj (.const:.string)
                  00010795    00000001     --HOLE-- [fill = 0]
                  00010796    00000097                        : sci.obj (.const:.string)
                  0001082d    00000001     --HOLE-- [fill = 0]
                  0001082e    0000005b     device.obj (.const:.string)
                  00010889    00000001     --HOLE-- [fill = 0]
                  0001088a    00000051     driverlib_eabi.lib : interrupt.obj (.const:.string)
                  000108db    00000001     --HOLE-- [fill = 0]
                  000108dc    00000044     export.obj (.const:.string)

.data.3    1    00010920    0000032e     UNINITIALIZED
                  00010920    00000064     signalsight.obj (.data:SS_streamA_buffer2)
                  00010984    00000064     signalsight.obj (.data:SS_streamA_buffer)
                  000109e8    00000064     signalsight.obj (.data:SS_streamB_buffer2)
                  00010a4c    00000064     signalsight.obj (.data:SS_streamB_buffer)
                  00010ab0    00000064     signalsight.obj (.data:SS_streamC_buffer2)
                  00010b14    00000064     signalsight.obj (.data:SS_streamC_buffer)
                  00010b78    00000064     signalsight.obj (.data:SS_streamD_buffer2)
                  00010bdc    00000064     signalsight.obj (.data:SS_streamD_buffer)
                  00010c40    00000006     rts2800_fpu32_eabi.lib : exit.c.obj (.data)
                  00010c46    00000004     signalsight.obj (.data:SS_streamToggleStates)
                  00010c4a    00000002     rts2800_fpu32_eabi.lib : _lock.c.obj (.data:_lock)
                  00010c4c    00000002                            : _lock.c.obj (.data:_unlock)

MODULE SUMMARY

       Module                        code   ro data   rw data
       ------                        ----   -------   -------
    .\
       main.obj                      544    207       10     
    +--+-----------------------------+------+---------+---------+
       Total:                        544    207       10     
                                                             
    .\device\
       device.obj                    431    91        0      
       f28004x_codestartbranch.obj   10     0         0      
    +--+-----------------------------+------+---------+---------+
       Total:                        441    91        0      
                                                             
    .\pwm\sopwm\
       sopwm.obj                     794    5006      632    
    +--+-----------------------------+------+---------+---------+
       Total:                        794    5006      632    
                                                             
    .\syscfg\
       board.obj                     2699   276       0      
       transfer_utils.obj            33     0         0      
    +--+-----------------------------+------+---------+---------+
       Total:                        2732   276       0      
                                                             
    .\syscfg\export\
       export.obj                    262    68        16     
       export_package.obj            91     0         0      
    +--+-----------------------------+------+---------+---------+
       Total:                        353    68        16     
                                                             
    .\syscfg\signalsight\
       signalsight.obj               922    0         818    
       signalsight_hash.obj          0      0         18     
    +--+-----------------------------+------+---------+---------+
       Total:                        922    0         836    
                                                             
    C:\ti\c2000\C2000Ware_26_00_00_00\driverlib\f28004x\driverlib\ccs\Debug\driverlib_eabi.lib
       sysctl.obj                    1189   154       0      
       dma.obj                       414    151       0      
       interrupt.obj                 419    81        0      
       gpio.obj                      319    152       0      
       sci.obj                       285    151       0      
    +--+-----------------------------+------+---------+---------+
       Total:                        2626   689       0      
                                                             
    C:\ti\ccs2050\ccs\tools\compiler\ti-cgt-c2000_25.11.0.LTS\lib\rts2800_fpu32_eabi.lib
       exit.c.obj                    41     0         6      
       copy_decompress_lzss.c.obj    46     0         0      
       autoinit.c.obj                43     0         0      
       memcpy.c.obj                  32     0         0      
       boot28.asm.obj                23     0         0      
       args_main.c.obj               18     0         0      
       _lock.c.obj                   9      0         4      
       copy_zero_init.c.obj          13     0         0      
       copy_decompress_none.c.obj    8      0         0      
       pre_init.c.obj                2      0         0      
       startup.c.obj                 1      0         0      
    +--+-----------------------------+------+---------+---------+
       Total:                        236    0         10     
                                                             
       Stack:                        0      0         1016   
       Linker Generated:             0      78        0      
    +--+-----------------------------+------+---------+---------+
       Grand Total:                  8648   6415      2520   


LINKER GENERATED COPY TABLES

__TI_cinit_table @ 00000138 records: 4, size/record: 4, table size: 16
	.data.2: load addr=000000fa, load size=0000001c bytes, run addr=0000b7d0, run size=00000030 bytes, compression=lzss
	.data.1: load addr=00000116, load size=0000000e bytes, run addr=0000afd6, run size=0000002a bytes, compression=lzss
	.data.3: load addr=00000124, load size=0000000a bytes, run addr=00010920, run size=0000032e bytes, compression=lzss
	ramgs0: load addr=00000134, load size=00000004 bytes, run addr=0000c000, run size=00000258 bytes, compression=zero_init


LINKER GENERATED HANDLER TABLE

__TI_handler_table @ 0000012e records: 3, size/record: 2, table size: 6
	index: 0, handler: __TI_decompress_lzss
	index: 1, handler: __TI_decompress_none
	index: 2, handler: __TI_zero_init


GLOBAL DATA SYMBOLS: SORTED BY DATA PAGE

address     data page           name
--------    ----------------    ----
00000400      10 (00000400)     __stack

0000a800     2a0 (0000a800)     SOPWM_LUT_N15

0000ad78     2b5 (0000ad40)     SOPWM_LUT_N7

0000afd9     2bf (0000afc0)     sopwm_num_angles
0000afda     2bf (0000afc0)     sopwm_sched_active
0000afdb     2bf (0000afc0)     sopwm_fund_tick
0000afdc     2bf (0000afc0)     sopwm_init_done
0000afdd     2bf (0000afc0)     sopwm_lut_n_base
0000afde     2bf (0000afc0)     sopwm_build_count
0000afe0     2bf (0000afc0)     sopwm_cycle_idx
0000afe4     2bf (0000afc0)     sopwm_m
0000afe6     2bf (0000afc0)     sopwm_theta
0000afe8     2bf (0000afc0)     sopwm_angle1
0000afea     2bf (0000afc0)     sopwm_angle2
0000afec     2bf (0000afc0)     sopwm_angle3
0000afee     2bf (0000afc0)     sopwm_angle4
0000aff0     2bf (0000afc0)     sopwm_angle5
0000aff2     2bf (0000afc0)     sopwm_angle6
0000aff4     2bf (0000afc0)     sopwm_angle7
0000aff6     2bf (0000afc0)     sopwm_N_cmd
0000aff7     2bf (0000afc0)     dbg_cmpa_snapshot
0000aff8     2bf (0000afc0)     dbg_cmpb_snapshot
0000aff9     2bf (0000afc0)     dbg_phB_cmpa_slot0
0000affa     2bf (0000afc0)     dbg_phC_cmpa_slot17
0000affc     2bf (0000afc0)     sopwm_m_cmd
0000affe     2bf (0000afc0)     dbg_isr_count

0000b000     2c0 (0000b000)     SOPWM_LUT_N13

0000b4b0     2d2 (0000b480)     SOPWM_LUT_N9

0000b7d0     2df (0000b7c0)     SSHASH_hash_table
0000b7e2     2df (0000b7c0)     exportRXData
0000b7f2     2df (0000b7c0)     SS_currentStreamState
0000b7f3     2df (0000b7c0)     SS_nextTxCMD
0000b7f4     2df (0000b7c0)     SS_bufferElementIndex
0000b7f5     2df (0000b7c0)     SS_bufferIsFull
0000b7f6     2df (0000b7c0)     SS_streamDataSkips
0000b7f7     2df (0000b7c0)     SS_initiallyClearBuffer
0000b7f8     2df (0000b7c0)     SS_bufferElementIndex2
0000b7f9     2df (0000b7c0)     SS_bufferIsFull2
0000b7fa     2df (0000b7c0)     SS_writeBuffer1readBuffer2
0000b7fb     2df (0000b7c0)     SS_streamDataSkips2
0000b7fc     2df (0000b7c0)     SS_currentPlotHashIndices

0000c000     300 (0000c000)     sopwm_sched

00010000     400 (00010000)     SOPWM_LUT_N11

00010920     424 (00010900)     SS_streamA_buffer2

00010984     426 (00010980)     SS_streamA_buffer

000109e8     427 (000109c0)     SS_streamB_buffer2

00010a4c     429 (00010a40)     SS_streamB_buffer

00010ab0     42a (00010a80)     SS_streamC_buffer2

00010b14     42c (00010b00)     SS_streamC_buffer

00010b78     42d (00010b40)     SS_streamD_buffer2

00010bdc     42f (00010bc0)     SS_streamD_buffer

00010c40     431 (00010c40)     __TI_enable_exit_profile_output
00010c42     431 (00010c40)     __TI_cleanup_ptr
00010c44     431 (00010c40)     __TI_dtors_ptr
00010c46     431 (00010c40)     SS_streamToggleStates
00010c4a     431 (00010c40)     _lock
00010c4c     431 (00010c40)     _unlock


GLOBAL SYMBOLS: SORTED ALPHABETICALLY BY Name 

page  address   name                                          
----  -------   ----                                          
0     00009fef  Board_init                                    
0     000097bb  C$$EXIT                                       
0     0000989c  DMA_configAddresses                           
0     000095d3  DMA_configBurst                               
0     00008bda  DMA_configMode                                
0     000093c6  DMA_configTransfer                            
0     0000917f  DMA_configWrap                                
0     0000a15a  DMA_init                                      
0     00008800  Device_enableAllPeripherals                   
0     00009000  Device_init                                   
0     0000a09b  Device_initGPIO                               
0     00008000  EPWM_init                                     
0     00009402  EXPORTPACKAGE_sendFloatArrayAsByteArray       
0     00008650  EXPORTPACKAGE_takeActionOnMessage             
0     0000a1c0  EXPORT_init                                   
0     00009a9f  EXPORT_receivedData                           
0     0000a163  EXPORT_transmitCharBlocking                   
0     000094ee  GPIO_setAnalogMode                            
0     000096af  GPIO_setDirectionMode                         
0     00008f6a  GPIO_setPadConfig                             
0     0000960a  GPIO_setPinConfig                             
0     00009641  GPIO_setQualificationMode                     
0     0000a1a2  INPUTXBAR_init                                
0     00009c17  INTERRUPT_init                                
0     00008f14  INT_myMCUSignalSight0_transferLayer_SCI_RX_ISR
0     0000943e  INT_myMCUSignalSight0_transferLayer_SCI_TX_ISR
0     00009dc1  Interrupt_defaultHandler                      
0     00009051  Interrupt_disable                             
0     00009678  Interrupt_enable                              
0     0000a146  Interrupt_illegalOperationHandler             
0     00009389  Interrupt_initModule                          
0     00009afa  Interrupt_initVectorTable                     
0     0000a150  Interrupt_nmiHandler                          
0     00008dde  PinMux_init                                   
0     000091c5  SCI_clearInterruptStatus                      
0     00008fbc  SCI_enableInterrupt                           
0     0000a1bb  SCI_init                                      
0     0000934b  SCI_setConfig                                 
0     00009137  SIGNALSIGHT_capturePlotData                   
0     0000a0d8  SIGNALSIGHT_getVariableAddressAtHashIndex     
0     0000a1a7  SIGNALSIGHT_init                              
0     000088e0  SIGNALSIGHT_queueUpStreamData                 
0     0000a16c  SIGNALSIGHT_resetStates                       
0     0000a000  SIGNALSIGHT_sendAcknowledge                   
0     000082bf  SIGNALSIGHT_sendPlotData                      
0     00008431  SOPWM_BuildSchedule                           
0     0000a1ac  SOPWM_CommitSchedule                          
0     00009b8d  SOPWM_InitSchedule                            
1     00010000  SOPWM_LUT_N11                                 
1     0000b000  SOPWM_LUT_N13                                 
1     0000a800  SOPWM_LUT_N15                                 
1     0000ad78  SOPWM_LUT_N7                                  
1     0000b4b0  SOPWM_LUT_N9                                  
0     0000a07a  SOPWM_schedISR                                
1     0000b7d0  SSHASH_hash_table                             
1     0000b7f4  SS_bufferElementIndex                         
1     0000b7f8  SS_bufferElementIndex2                        
1     0000b7f5  SS_bufferIsFull                               
1     0000b7f9  SS_bufferIsFull2                              
1     0000b7fc  SS_currentPlotHashIndices                     
1     0000b7f2  SS_currentStreamState                         
1     0000b7f7  SS_initiallyClearBuffer                       
1     0000b7f3  SS_nextTxCMD                                  
1     00010984  SS_streamA_buffer                             
1     00010920  SS_streamA_buffer2                            
1     00010a4c  SS_streamB_buffer                             
1     000109e8  SS_streamB_buffer2                            
1     00010b14  SS_streamC_buffer                             
1     00010ab0  SS_streamC_buffer2                            
1     00010bdc  SS_streamD_buffer                             
1     00010b78  SS_streamD_buffer2                            
1     0000b7f6  SS_streamDataSkips                            
1     0000b7fb  SS_streamDataSkips2                           
1     00010c46  SS_streamToggleStates                         
1     0000b7fa  SS_writeBuffer1readBuffer2                    
0     00009b18  SYNC_init                                     
0     000000f6  SysCtl_delay                                  
0     00008eb6  SysCtl_getClock                               
0     00009bfd  SysCtl_getLowSpeedClock                       
0     00008a78  SysCtl_isPLLValid                             
0     0000909f  SysCtl_selectOscSource                        
0     000092cd  SysCtl_selectXTAL                             
0     000098e6  SysCtl_selectXTALSingleEnded                  
0     000089b0  SysCtl_setClock                               
0     00000138  __TI_CINIT_Base                               
0     00000148  __TI_CINIT_Limit                              
0     00000148  __TI_CINIT_Warm                               
0     0000012e  __TI_Handler_Table_Base                       
0     00000134  __TI_Handler_Table_Limit                      
1     000007f8  __TI_STACK_END                                
abs   000003f8  __TI_STACK_SIZE                               
0     00009790  __TI_auto_init_nobinit_nopinit                
1     00010c42  __TI_cleanup_ptr                              
0     000096e0  __TI_decompress_lzss                          
0     0000a17e  __TI_decompress_none                          
1     00010c44  __TI_dtors_ptr                                
1     00010c40  __TI_enable_exit_profile_output               
abs   ffffffff  __TI_pprof_out_hndl                           
abs   ffffffff  __TI_prof_data_size                           
abs   ffffffff  __TI_prof_data_start                          
0     0000a10d  __TI_zero_init_nomemset                       
abs   ffffffff  __c_args__                                    
0     0000a195  __error__                                     
1     00000400  __stack                                       
0     0000a024  _args_main                                    
0     00009d7e  _c_int00                                      
1     00010c4a  _lock                                         
0     0000a17d  _nop                                          
0     0000a179  _register_lock                                
0     0000a175  _register_unlock                              
0     0000a1c1  _system_post_cinit                            
0     0000a1be  _system_pre_init                              
1     00010c4c  _unlock                                       
0     000097bb  abort                                         
0     00000000  code_start                                    
1     0000aff7  dbg_cmpa_snapshot                             
1     0000aff8  dbg_cmpb_snapshot                             
1     0000affe  dbg_isr_count                                 
1     0000aff9  dbg_phB_cmpa_slot0                            
1     0000affa  dbg_phC_cmpa_slot17                           
0     00008b35  epwm1ISR                                      
0     000097bd  exit                                          
1     0000b7e2  exportRXData                                  
0     00009a00  f32toBytes                                    
0     00008e50  main                                          
0     00009a41  memcpy                                        
0     00009528  myDMA0_init                                   
0     00009561  myDMA1_init                                   
0     0000959a  myDMA2_init                                   
0     0000a1b1  myINPUTXBARINPUT0_init                        
0     0000a1b6  myINPUTXBARINPUT1_init                        
0     0000920a  myMCUSignalSight0_transferLayer_SCI_init      
1     0000aff6  sopwm_N_cmd                                   
1     0000afe8  sopwm_angle1                                  
1     0000afea  sopwm_angle2                                  
1     0000afec  sopwm_angle3                                  
1     0000afee  sopwm_angle4                                  
1     0000aff0  sopwm_angle5                                  
1     0000aff2  sopwm_angle6                                  
1     0000aff4  sopwm_angle7                                  
1     0000afde  sopwm_build_count                             
1     0000afe0  sopwm_cycle_idx                               
1     0000afdb  sopwm_fund_tick                               
1     0000afdc  sopwm_init_done                               
1     0000afdd  sopwm_lut_n_base                              
1     0000afe4  sopwm_m                                       
1     0000affc  sopwm_m_cmd                                   
1     0000afd9  sopwm_num_angles                              
1     0000c000  sopwm_sched                                   
1     0000afda  sopwm_sched_active                            
1     0000afe6  sopwm_theta                                   


GLOBAL SYMBOLS: SORTED BY Symbol Address 

page  address   name                                          
----  -------   ----                                          
0     00000000  code_start                                    
0     000000f6  SysCtl_delay                                  
0     0000012e  __TI_Handler_Table_Base                       
0     00000134  __TI_Handler_Table_Limit                      
0     00000138  __TI_CINIT_Base                               
0     00000148  __TI_CINIT_Limit                              
0     00000148  __TI_CINIT_Warm                               
0     00008000  EPWM_init                                     
0     000082bf  SIGNALSIGHT_sendPlotData                      
0     00008431  SOPWM_BuildSchedule                           
0     00008650  EXPORTPACKAGE_takeActionOnMessage             
0     00008800  Device_enableAllPeripherals                   
0     000088e0  SIGNALSIGHT_queueUpStreamData                 
0     000089b0  SysCtl_setClock                               
0     00008a78  SysCtl_isPLLValid                             
0     00008b35  epwm1ISR                                      
0     00008bda  DMA_configMode                                
0     00008dde  PinMux_init                                   
0     00008e50  main                                          
0     00008eb6  SysCtl_getClock                               
0     00008f14  INT_myMCUSignalSight0_transferLayer_SCI_RX_ISR
0     00008f6a  GPIO_setPadConfig                             
0     00008fbc  SCI_enableInterrupt                           
0     00009000  Device_init                                   
0     00009051  Interrupt_disable                             
0     0000909f  SysCtl_selectOscSource                        
0     00009137  SIGNALSIGHT_capturePlotData                   
0     0000917f  DMA_configWrap                                
0     000091c5  SCI_clearInterruptStatus                      
0     0000920a  myMCUSignalSight0_transferLayer_SCI_init      
0     000092cd  SysCtl_selectXTAL                             
0     0000934b  SCI_setConfig                                 
0     00009389  Interrupt_initModule                          
0     000093c6  DMA_configTransfer                            
0     00009402  EXPORTPACKAGE_sendFloatArrayAsByteArray       
0     0000943e  INT_myMCUSignalSight0_transferLayer_SCI_TX_ISR
0     000094ee  GPIO_setAnalogMode                            
0     00009528  myDMA0_init                                   
0     00009561  myDMA1_init                                   
0     0000959a  myDMA2_init                                   
0     000095d3  DMA_configBurst                               
0     0000960a  GPIO_setPinConfig                             
0     00009641  GPIO_setQualificationMode                     
0     00009678  Interrupt_enable                              
0     000096af  GPIO_setDirectionMode                         
0     000096e0  __TI_decompress_lzss                          
0     00009790  __TI_auto_init_nobinit_nopinit                
0     000097bb  C$$EXIT                                       
0     000097bb  abort                                         
0     000097bd  exit                                          
0     0000989c  DMA_configAddresses                           
0     000098e6  SysCtl_selectXTALSingleEnded                  
0     00009a00  f32toBytes                                    
0     00009a41  memcpy                                        
0     00009a9f  EXPORT_receivedData                           
0     00009afa  Interrupt_initVectorTable                     
0     00009b18  SYNC_init                                     
0     00009b8d  SOPWM_InitSchedule                            
0     00009bfd  SysCtl_getLowSpeedClock                       
0     00009c17  INTERRUPT_init                                
0     00009d7e  _c_int00                                      
0     00009dc1  Interrupt_defaultHandler                      
0     00009fef  Board_init                                    
0     0000a000  SIGNALSIGHT_sendAcknowledge                   
0     0000a024  _args_main                                    
0     0000a07a  SOPWM_schedISR                                
0     0000a09b  Device_initGPIO                               
0     0000a0d8  SIGNALSIGHT_getVariableAddressAtHashIndex     
0     0000a10d  __TI_zero_init_nomemset                       
0     0000a146  Interrupt_illegalOperationHandler             
0     0000a150  Interrupt_nmiHandler                          
0     0000a15a  DMA_init                                      
0     0000a163  EXPORT_transmitCharBlocking                   
0     0000a16c  SIGNALSIGHT_resetStates                       
0     0000a175  _register_unlock                              
0     0000a179  _register_lock                                
0     0000a17d  _nop                                          
0     0000a17e  __TI_decompress_none                          
0     0000a195  __error__                                     
0     0000a1a2  INPUTXBAR_init                                
0     0000a1a7  SIGNALSIGHT_init                              
0     0000a1ac  SOPWM_CommitSchedule                          
0     0000a1b1  myINPUTXBARINPUT0_init                        
0     0000a1b6  myINPUTXBARINPUT1_init                        
0     0000a1bb  SCI_init                                      
0     0000a1be  _system_pre_init                              
0     0000a1c0  EXPORT_init                                   
0     0000a1c1  _system_post_cinit                            
1     00000400  __stack                                       
1     000007f8  __TI_STACK_END                                
1     0000a800  SOPWM_LUT_N15                                 
1     0000ad78  SOPWM_LUT_N7                                  
1     0000afd9  sopwm_num_angles                              
1     0000afda  sopwm_sched_active                            
1     0000afdb  sopwm_fund_tick                               
1     0000afdc  sopwm_init_done                               
1     0000afdd  sopwm_lut_n_base                              
1     0000afde  sopwm_build_count                             
1     0000afe0  sopwm_cycle_idx                               
1     0000afe4  sopwm_m                                       
1     0000afe6  sopwm_theta                                   
1     0000afe8  sopwm_angle1                                  
1     0000afea  sopwm_angle2                                  
1     0000afec  sopwm_angle3                                  
1     0000afee  sopwm_angle4                                  
1     0000aff0  sopwm_angle5                                  
1     0000aff2  sopwm_angle6                                  
1     0000aff4  sopwm_angle7                                  
1     0000aff6  sopwm_N_cmd                                   
1     0000aff7  dbg_cmpa_snapshot                             
1     0000aff8  dbg_cmpb_snapshot                             
1     0000aff9  dbg_phB_cmpa_slot0                            
1     0000affa  dbg_phC_cmpa_slot17                           
1     0000affc  sopwm_m_cmd                                   
1     0000affe  dbg_isr_count                                 
1     0000b000  SOPWM_LUT_N13                                 
1     0000b4b0  SOPWM_LUT_N9                                  
1     0000b7d0  SSHASH_hash_table                             
1     0000b7e2  exportRXData                                  
1     0000b7f2  SS_currentStreamState                         
1     0000b7f3  SS_nextTxCMD                                  
1     0000b7f4  SS_bufferElementIndex                         
1     0000b7f5  SS_bufferIsFull                               
1     0000b7f6  SS_streamDataSkips                            
1     0000b7f7  SS_initiallyClearBuffer                       
1     0000b7f8  SS_bufferElementIndex2                        
1     0000b7f9  SS_bufferIsFull2                              
1     0000b7fa  SS_writeBuffer1readBuffer2                    
1     0000b7fb  SS_streamDataSkips2                           
1     0000b7fc  SS_currentPlotHashIndices                     
1     0000c000  sopwm_sched                                   
1     00010000  SOPWM_LUT_N11                                 
1     00010920  SS_streamA_buffer2                            
1     00010984  SS_streamA_buffer                             
1     000109e8  SS_streamB_buffer2                            
1     00010a4c  SS_streamB_buffer                             
1     00010ab0  SS_streamC_buffer2                            
1     00010b14  SS_streamC_buffer                             
1     00010b78  SS_streamD_buffer2                            
1     00010bdc  SS_streamD_buffer                             
1     00010c40  __TI_enable_exit_profile_output               
1     00010c42  __TI_cleanup_ptr                              
1     00010c44  __TI_dtors_ptr                                
1     00010c46  SS_streamToggleStates                         
1     00010c4a  _lock                                         
1     00010c4c  _unlock                                       
abs   000003f8  __TI_STACK_SIZE                               
abs   ffffffff  __TI_pprof_out_hndl                           
abs   ffffffff  __TI_prof_data_size                           
abs   ffffffff  __TI_prof_data_start                          
abs   ffffffff  __c_args__                                    

[151 symbols]
