******************************************************************************
             TMS320C2000 Linker PC v25.11.0                    
******************************************************************************
>> Linked Sat Jun 27 18:22:55 2026

OUTPUT FILE NAME:   <epwm_svm.out>
ENTRY POINT SYMBOL: "code_start"  address: 00000000


MEMORY CONFIGURATION

         name            origin    length      used     unused   attr    fill
----------------------  --------  ---------  --------  --------  ----  --------
PAGE 0:
  BEGIN                 00000000   00000002  00000002  00000000  RWIX
  RAMM0                 000000f6   0000030a  00000054  000002b6  RWIX
  RAMLS0                00008000   00000800  00000800  00000000  RWIX
  RAMLS1                00008800   00000800  00000800  00000000  RWIX
  RAMLS2                00009000   00000800  00000800  00000000  RWIX
  RAMLS3                00009800   00000800  00000800  00000000  RWIX
  RAMLS4                0000a000   00000800  00000556  000002aa  RWIX
  FLASH_BANK0_SEC0      00080000   00001000  00000000  00001000  RWIX
  FLASH_BANK0_SEC1      00081000   00001000  00000000  00001000  RWIX
  FLASH_BANK0_SEC2      00082000   00001000  00000000  00001000  RWIX
  FLASH_BANK0_SEC3      00083000   00001000  00000000  00001000  RWIX
  FLASH_BANK0_SEC4      00084000   00001000  00000000  00001000  RWIX
  FLASH_BANK0_SEC5      00085000   00001000  00000000  00001000  RWIX
  FLASH_BANK0_SEC6      00086000   00001000  00000000  00001000  RWIX
  FLASH_BANK0_SEC7      00087000   00001000  00000000  00001000  RWIX
  FLASH_BANK0_SEC8      00088000   00001000  00000000  00001000  RWIX
  FLASH_BANK0_SEC9      00089000   00001000  00000000  00001000  RWIX
  FLASH_BANK0_SEC10     0008a000   00001000  00000000  00001000  RWIX
  FLASH_BANK0_SEC11     0008b000   00001000  00000000  00001000  RWIX
  FLASH_BANK0_SEC12     0008c000   00001000  00000000  00001000  RWIX
  FLASH_BANK0_SEC13     0008d000   00001000  00000000  00001000  RWIX
  FLASH_BANK0_SEC14     0008e000   00001000  00000000  00001000  RWIX
  FLASH_BANK0_SEC15     0008f000   00001000  00000000  00001000  RWIX
  FLASH_BANK1_SEC0      00090000   00001000  00000000  00001000  RWIX
  FLASH_BANK1_SEC1      00091000   00001000  00000000  00001000  RWIX
  FLASH_BANK1_SEC2      00092000   00001000  00000000  00001000  RWIX
  FLASH_BANK1_SEC3      00093000   00001000  00000000  00001000  RWIX
  FLASH_BANK1_SEC4      00094000   00001000  00000000  00001000  RWIX
  FLASH_BANK1_SEC5      00095000   00001000  00000000  00001000  RWIX
  FLASH_BANK1_SEC6      00096000   00001000  00000000  00001000  RWIX
  FLASH_BANK1_SEC7      00097000   00001000  00000000  00001000  RWIX
  FLASH_BANK1_SEC8      00098000   00001000  00000000  00001000  RWIX
  FLASH_BANK1_SEC9      00099000   00001000  00000000  00001000  RWIX
  FLASH_BANK1_SEC10     0009a000   00001000  00000000  00001000  RWIX
  FLASH_BANK1_SEC11     0009b000   00001000  00000000  00001000  RWIX
  FLASH_BANK1_SEC12     0009c000   00001000  00000000  00001000  RWIX
  FLASH_BANK1_SEC13     0009d000   00001000  00000000  00001000  RWIX
  FLASH_BANK1_SEC14     0009e000   00001000  00000000  00001000  RWIX
  FLASH_BANK1_SEC15     0009f000   00001000  00000000  00001000  RWIX
  RESET                 003fffc0   00000002  00000000  00000002  RWIX

PAGE 1:
  BOOT_RSVD             00000002   000000f1  00000000  000000f1  RWIX
  RAMM1                 00000400   000003f8  000003f8  00000000  RWIX
  RAMLS5                0000a800   00000800  000007ff  00000001  RWIX
  RAMLS6                0000b000   00000800  00000800  00000000  RWIX
  RAMLS7                0000b800   00000800  00000000  00000800  RWIX
  RAMGS0                0000c000   00002000  000004b0  00001b50  RWIX
  RAMGS1                0000e000   00002000  00000000  00002000  RWIX
  RAMGS2                00010000   00002000  00000c54  000013ac  RWIX
  RAMGS3                00012000   00001ff8  00000000  00001ff8  RWIX


SECTION ALLOCATION MAP

 output                                  attributes/
section   page    origin      length       input sections
--------  ----  ----------  ----------   ----------------
codestart 
*          0    00000000    00000002     
                  00000000    00000002     f28004x_codestartbranch.obj (codestart)

.TI.ramfunc 
*          0    000000f6    00000004     
                  000000f6    00000004     driverlib_eabi.lib : sysctl.obj (.TI.ramfunc)

.cinit     0    000000fa    00000050     
                  000000fa    0000001c     (.cinit..data.2.load) [load image, compression = lzss]
                  00000116    00000010     (.cinit..data.1.load) [load image, compression = lzss]
                  00000126    0000000a     (.cinit..data.3.load) [load image, compression = lzss]
                  00000130    00000006     (__TI_handler_table)
                  00000136    00000004     (.cinit.ramgs0.load) [load image, compression = zero_init]
                  0000013a    00000010     (__TI_cinit_table)

.reset     0    003fffc0    00000000     DSECT

.stack     1    00000400    000003f8     UNINITIALIZED
                  00000400    000003f8     --HOLE--

.init_array 
*          0    000000f6    00000000     UNINITIALIZED

ramgs0     1    0000c000    000004b0     UNINITIALIZED
                  0000c000    000004b0     sopwm.obj (ramgs0)

.text.1    0    00008000    00000800     
                  00008000    00000562     board.obj (.text:EPWM_init)
                  00008562    00000172     signalsight.obj (.text:SIGNALSIGHT_sendPlotData)
                  000086d4    000000e2     signalsight.obj (.text:EXPORTPACKAGE_takeActionOnMessage)
                  000087b6    00000048     signalsight.obj (.text:SIGNALSIGHT_capturePlotData)
                  000087fe    00000002     rts2800_fpu32_eabi.lib : pre_init.c.obj (.text)

.text.2    0    00008800    00000800     
                  00008800    00000141     sopwm.obj (.text:sopwm_build_phase)
                  00008941    000000e0     device.obj (.text:Device_enableAllPeripherals)
                  00008a21    000000d0     signalsight.obj (.text:SIGNALSIGHT_queueUpStreamData)
                  00008af1    000000cc     sopwm.obj (.text:SOPWM_BuildSchedule)
                  00008bbd    000000c8     sopwm.obj (.text:SOPWM_GetAngles)
                  00008c85    000000c8     driverlib_eabi.lib : sysctl.obj (.text:SysCtl_setClock)
                  00008d4d    000000c6     board.obj (.text:PinMux_init)
                  00008e13    000000bd     driverlib_eabi.lib : sysctl.obj (.text:SysCtl_isPLLValid)
                  00008ed0    000000a5     main.obj (.text:epwm1ISR)
                  00008f75    0000007f     driverlib_eabi.lib : interrupt.obj (.text:Interrupt_clearIFR)
                  00008ff4    0000000c     board.obj (.text:SysCtl_enableExtADCSOCSource)

.text.3    0    00009000    00000800     
                  00009000    0000009d     driverlib_eabi.lib : dma.obj (.text:DMA_configMode)
                  0000909d    0000008d     main.obj (.text:main)
                  0000912a    00000075     board.obj (.text:EPWM_setADCTriggerSource)
                  0000919f    00000073     driverlib_eabi.lib : sysctl.obj (.text:DCC_setCounterSeeds)
                  00009212    0000005e                        : sysctl.obj (.text:SysCtl_getClock)
                  00009270    00000056     export.obj (.text:INT_myMCUSignalSight0_transferLayer_SCI_RX_ISR)
                  000092c6    00000052     driverlib_eabi.lib : gpio.obj (.text:GPIO_setPadConfig)
                  00009318    00000051     device.obj (.text:Device_init)
                  00009369    0000004e     driverlib_eabi.lib : interrupt.obj (.text:Interrupt_disable)
                  000093b7    0000004d                        : sysctl.obj (.text:SysCtl_selectOscSource)
                  00009404    0000004b     board.obj (.text:EPWM_setInterruptSource)
                  0000944f    00000046     driverlib_eabi.lib : dma.obj (.text:DMA_configWrap)
                  00009495    00000045                        : sci.obj (.text:SCI_clearInterruptStatus)
                  000094da    00000044                        : sci.obj (.text:SCI_enableInterrupt)
                  0000951e    00000043     board.obj (.text:myMCUSignalSight0_transferLayer_SCI_init)
                  00009561    00000040     board.obj (.text:EPWM_setActionQualifierAction)
                  000095a1    00000040     driverlib_eabi.lib : sysctl.obj (.text:SysCtl_pollX1Counter)
                  000095e1    00000040                        : sysctl.obj (.text:SysCtl_selectXTAL)
                  00009621    0000003e     board.obj (.text:EPWM_setCounterCompareShadowLoadMode)
                  0000965f    0000003e     driverlib_eabi.lib : sci.obj (.text:SCI_setConfig)
                  0000969d    0000003d                        : interrupt.obj (.text:Interrupt_initModule)
                  000096da    0000003c                        : dma.obj (.text:DMA_configTransfer)
                  00009716    0000003c     export_package.obj (.text:EXPORTPACKAGE_sendFloatArrayAsByteArray)
                  00009752    0000003c     export.obj (.text:INT_myMCUSignalSight0_transferLayer_SCI_TX_ISR)
                  0000978e    0000003a     board.obj (.text:EPWM_setADCTriggerEventPrescale)
                  000097c8    00000037     driverlib_eabi.lib : dma.obj (.text:DMA_configBurst)
                  000097ff    00000001     export.obj (.text:EXPORT_init)

.text.4    0    00009800    00000800     
                  00009800    0000003a     board.obj (.text:EPWM_setActionQualifierShadowLoadMode)
                  0000983a    0000003a     driverlib_eabi.lib : gpio.obj (.text:GPIO_setAnalogMode)
                  00009874    00000039     board.obj (.text:myDMA0_init)
                  000098ad    00000039     board.obj (.text:myDMA1_init)
                  000098e6    00000039     board.obj (.text:myDMA2_init)
                  0000991f    00000037     driverlib_eabi.lib : gpio.obj (.text:GPIO_setPinConfig)
                  00009956    00000037                        : gpio.obj (.text:GPIO_setQualificationMode)
                  0000998d    00000037                        : interrupt.obj (.text:Interrupt_enable)
                  000099c4    00000037     sopwm.obj (.text:sopwm_copy_rotated_phase)
                  000099fb    00000031     driverlib_eabi.lib : gpio.obj (.text:GPIO_setDirectionMode)
                  00009a2c    0000002e     rts2800_fpu32_eabi.lib : copy_decompress_lzss.c.obj (.text:decompress:lzss)
                  00009a5a    0000002c     board.obj (.text:EPWM_setDeadBandDelayMode)
                  00009a86    0000002b     board.obj (.text:EPWM_isBaseValid)
                  00009ab1    0000002b     main.obj (.text:EPWM_isBaseValid)
                  00009adc    0000002b     rts2800_fpu32_eabi.lib : autoinit.c.obj (.text:__TI_auto_init_nobinit_nopinit)
                  00009b07    00000029                            : exit.c.obj (.text)
                  00009b30    00000028     board.obj (.text:EPWM_setInterruptEventCount)
                  00009b58    00000027     board.obj (.text:EPWM_setSyncOutPulseMode)
                  00009b7f    00000027     board.obj (.text:SysCtl_setSyncInputConfig)
                  00009ba6    00000026     board.obj (.text:SCI_setFIFOInterruptLevel)
                  00009bcc    00000025     driverlib_eabi.lib : dma.obj (.text:DMA_configAddresses)
                  00009bf1    00000025     main.obj (.text:GPIO_writePin)
                  00009c16    00000025     driverlib_eabi.lib : sysctl.obj (.text:SysCtl_selectXTALSingleEnded)
                  00009c3b    00000024                        : sysctl.obj (.text:DCC_enableSingleShotMode)
                  00009c5f    00000024     board.obj (.text:EPWM_setDeadBandDelayPolarity)
                  00009c83    00000023     board.obj (.text:DMA_isBaseValid)
                  00009ca6    00000023     driverlib_eabi.lib : dma.obj (.text:DMA_isBaseValid)
                  00009cc9    00000023     main.obj (.text:DMA_isBaseValid)
                  00009cec    00000022     main.obj (.text:EPWM_getCounterCompareValue)
                  00009d0e    00000022     board.obj (.text:EPWM_setCounterCompareValue)
                  00009d30    00000021     transfer_utils.obj (.text:f32toBytes)
                  00009d51    00000020     board.obj (.text:XBAR_setInputPin)
                  00009d71    00000020     rts2800_fpu32_eabi.lib : memcpy.c.obj (.text)
                  00009d91    0000001f     board.obj (.text:EPWM_setFallingEdgeDelayCountShadowLoadMode)
                  00009db0    0000001f     board.obj (.text:EPWM_setRisingEdgeDelayCountShadowLoadMode)
                  00009dcf    0000001f     export_package.obj (.text:EXPORT_receivedData)
                  00009dee    0000001e     driverlib_eabi.lib : sysctl.obj (.text:DCC_setCounter1ClkSource)
                  00009e0c    0000001e     board.obj (.text:EPWM_setPhaseShift)
                  00009e2a    0000001e     driverlib_eabi.lib : interrupt.obj (.text:Interrupt_initVectorTable)
                  00009e48    0000001e     board.obj (.text:SYNC_init)
                  00009e66    0000001d     board.obj (.text:EPWM_setFallingEdgeDelayCount)
                  00009e83    0000001d     board.obj (.text:EPWM_setRisingEdgeDelayCount)
                  00009ea0    0000001d     board.obj (.text:SCI_enableFIFO)
                  00009ebd    0000001d     sopwm.obj (.text:SOPWM_InitSchedule)
                  00009eda    0000001c     driverlib_eabi.lib : sysctl.obj (.text:DCC_setCounter0ClkSource)
                  00009ef6    0000001c     main.obj (.text:EPWM_disableADCTrigger)
                  00009f12    0000001c     board.obj (.text:EPWM_enableADCTrigger)
                  00009f2e    0000001c     board.obj (.text:EPWM_setClockPrescaler)
                  00009f4a    0000001b     board.obj (.text:EPWM_setDeadBandControlShadowLoadMode)
                  00009f65    0000001a     driverlib_eabi.lib : sysctl.obj (.text:SysCtl_getLowSpeedClock)
                  00009f7f    00000019     board.obj (.text:INTERRUPT_init)
                  00009f98    00000019     export.obj (.text:SCI_writeCharBlockingFIFO)
                  00009fb1    00000018     board.obj (.text:EPWM_disableDeadBandControlShadowLoadMode)
                  00009fc9    00000018     board.obj (.text:EPWM_disableFallingEdgeDelayCountShadowLoadMode)
                  00009fe1    00000018     board.obj (.text:EPWM_disableRisingEdgeDelayCountShadowLoadMode)
                  00009ff9    00000007     driverlib_eabi.lib : sysctl.obj (.text:SysCtl_resetMCD)

.text.5    0    0000a000    00000556     
                  0000a000    00000018     driverlib_eabi.lib : sci.obj (.text:SCI_disableModule)
                  0000a018    00000018     board.obj (.text:SCI_performSoftwareReset)
                  0000a030    00000018     driverlib_eabi.lib : sci.obj (.text:SCI_performSoftwareReset)
                  0000a048    00000018     board.obj (.text:SCI_resetChannels)
                  0000a060    00000018     board.obj (.text:SCI_resetRxFIFO)
                  0000a078    00000018     board.obj (.text:SCI_resetTxFIFO)
                  0000a090    00000018     main.obj (.text:SysCtl_disablePeripheral)
                  0000a0a8    00000017     device.obj (.text:SysCtl_enablePeripheral)
                  0000a0bf    00000017     driverlib_eabi.lib : sysctl.obj (.text:SysCtl_enablePeripheral)
                  0000a0d6    00000017     main.obj (.text:SysCtl_enablePeripheral)
                  0000a0ed    00000017     rts2800_fpu32_eabi.lib : boot28.asm.obj (.text)
                  0000a104    00000016     driverlib_eabi.lib : sysctl.obj (.text:DCC_disableDoneSignal)
                  0000a11a    00000016                        : sysctl.obj (.text:DCC_enableDoneSignal)
                  0000a130    00000016                        : interrupt.obj (.text:Interrupt_defaultHandler)
                  0000a146    00000015                        : sysctl.obj (.text:DCC_clearDoneFlag)
                  0000a15b    00000015                        : sysctl.obj (.text:DCC_clearErrorFlag)
                  0000a170    00000015                        : sysctl.obj (.text:DCC_disableErrorSignal)
                  0000a185    00000015                        : sysctl.obj (.text:DCC_enableErrorSignal)
                  0000a19a    00000015     board.obj (.text:DMA_setEmulationMode)
                  0000a1af    00000015     main.obj (.text:DMA_startChannel)
                  0000a1c4    00000015     board.obj (.text:DMA_stopChannel)
                  0000a1d9    00000015     device.obj (.text:GPIO_unlockPortConfig)
                  0000a1ee    00000014     driverlib_eabi.lib : sysctl.obj (.text:DCC_disableModule)
                  0000a202    00000014                        : sysctl.obj (.text:DCC_enableModule)
                  0000a216    00000014     board.obj (.text:EPWM_setTimeBaseCounterMode)
                  0000a22a    00000014     board.obj (.text:EPWM_setTimeBasePeriod)
                  0000a23e    00000014     driverlib_eabi.lib : gpio.obj (.text:GPIO_isPinValid)
                  0000a252    00000014     main.obj (.text:GPIO_isPinValid)
                  0000a266    00000014     export.obj (.text:SCI_getTxFIFOStatus)
                  0000a27a    00000014     device.obj (.text:SysCtl_deviceCal)
                  0000a28e    00000013     board.obj (.text:DMA_enableTrigger)
                  0000a2a1    00000013     main.obj (.text:EPWM_clearEventTriggerInterruptFlag)
                  0000a2b4    00000013     main.obj (.text:EPWM_disableInterrupt)
                  0000a2c7    00000013     board.obj (.text:EPWM_enableInterrupt)
                  0000a2da    00000013     board.obj (.text:SCI_clearOverflowStatus)
                  0000a2ed    00000013     export.obj (.text:SCI_clearOverflowStatus)
                  0000a300    00000013     board.obj (.text:SCI_enableModule)
                  0000a313    00000013     driverlib_eabi.lib : sci.obj (.text:SCI_enableModule)
                  0000a326    00000013     board.obj (.text:SCI_isBaseValid)
                  0000a339    00000013     driverlib_eabi.lib : sci.obj (.text:SCI_isBaseValid)
                  0000a34c    00000013     export.obj (.text:SCI_isBaseValid)
                  0000a35f    00000012     board.obj (.text:EPWM_setTimeBaseCounter)
                  0000a371    00000012     signalsight.obj (.text:SIGNALSIGHT_sendAcknowledge)
                  0000a383    00000012     board.obj (.text:SysCtl_setSyncOutputConfig)
                  0000a395    00000012     rts2800_fpu32_eabi.lib : args_main.c.obj (.text)
                  0000a3a7    00000011     board.obj (.text:Board_init)
                  0000a3b8    00000011     board.obj (.text:EPWM_disablePhaseShiftLoad)
                  0000a3c9    00000011     main.obj (.text:EPWM_disablePhaseShiftLoad)
                  0000a3da    00000011     board.obj (.text:EPWM_enablePhaseShiftLoad)
                  0000a3eb    00000011     board.obj (.text:SCI_disableLoopback)
                  0000a3fc    00000011     export.obj (.text:SCI_readCharNonBlocking)
                  0000a40d    00000011     sopwm.obj (.text:SOPWM_schedISR)
                  0000a41e    00000010     driverlib_eabi.lib : sysctl.obj (.text:DCC_isBaseValid)
                  0000a42e    00000010     device.obj (.text:Device_initGPIO)
                  0000a43e    0000000f     device.obj (.text:ASysCtl_disableDCDC)
                  0000a44d    0000000f     board.obj (.text:Interrupt_register)
                  0000a45c    0000000f     main.obj (.text:Interrupt_register)
                  0000a46b    0000000e     signalsight.obj (.text:SIGNALSIGHT_getVariableAddressAtHashIndex)
                  0000a479    0000000d     driverlib_eabi.lib : interrupt.obj (.text:Interrupt_disableGlobal)
                  0000a486    0000000d                        : interrupt.obj (.text:Interrupt_enableGlobal)
                  0000a493    0000000d     device.obj (.text:SysCtl_setLowSpeedClock)
                  0000a4a0    0000000d     device.obj (.text:__error__)
                  0000a4ad    0000000b     device.obj (.text:SysCtl_disableWatchdog)
                  0000a4b8    0000000b     driverlib_eabi.lib : sysctl.obj (.text:SysCtl_isMCDClockFailureDetected)
                  0000a4c3    0000000b     rts2800_fpu32_eabi.lib : u_div28.asm.obj (.text)
                  0000a4ce    0000000a     board.obj (.text:DMA_initController)
                  0000a4d8    0000000a     driverlib_eabi.lib : interrupt.obj (.text:Interrupt_illegalOperationHandler)
                  0000a4e2    0000000a                        : interrupt.obj (.text:Interrupt_nmiHandler)
                  0000a4ec    00000009     board.obj (.text:DMA_init)
                  0000a4f5    00000009     export.obj (.text:EXPORT_transmitCharBlocking)
                  0000a4fe    00000009     signalsight.obj (.text:SIGNALSIGHT_resetStates)
                  0000a507    00000009     rts2800_fpu32_eabi.lib : _lock.c.obj (.text)
                  0000a510    00000008                            : copy_decompress_none.c.obj (.text:decompress:none)
                  0000a518    00000008     f28004x_codestartbranch.obj (.text)
                  0000a520    00000007     rts2800_fpu32_eabi.lib : memset.c.obj (.text)
                  0000a527    00000006     export.obj (.text:Interrupt_clearACKGroup)
                  0000a52d    00000006     main.obj (.text:Interrupt_clearACKGroup)
                  0000a533    00000006     rts2800_fpu32_eabi.lib : copy_zero_init.c.obj (.text:decompress:ZI)
                  0000a539    00000005     board.obj (.text:INPUTXBAR_init)
                  0000a53e    00000005     signalsight.obj (.text:SIGNALSIGHT_init)
                  0000a543    00000005     sopwm.obj (.text:SOPWM_CommitSchedule)
                  0000a548    00000005     board.obj (.text:myINPUTXBARINPUT0_init)
                  0000a54d    00000005     board.obj (.text:myINPUTXBARINPUT1_init)
                  0000a552    00000003     board.obj (.text:SCI_init)
                  0000a555    00000001     rts2800_fpu32_eabi.lib : startup.c.obj (.text)

.const.1   1    0000a800    000007d3     
                  0000a800    00000578     sopwm.obj (.const:SOPWM_LUT_N15)
                  0000ad78    00000258     sopwm.obj (.const:SOPWM_LUT_N7)
                  0000afd0    00000003     sopwm.obj (.const:SOPWM_PHASE_SLOT_OFFSET)

.data.1    1    0000afd4    0000002c     UNINITIALIZED
                  0000afd4    00000020     sopwm.obj (.data)
                  0000aff4    0000000a     main.obj (.data)
                  0000affe    00000002     rts2800_fpu32_eabi.lib : _lock.c.obj (.data:_lock)

.const.2   1    0000b000    000007d0     
                  0000b000    000004b0     sopwm.obj (.const:SOPWM_LUT_N13)
                  0000b4b0    00000320     sopwm.obj (.const:SOPWM_LUT_N9)

.data.2    1    0000b7d0    00000030     UNINITIALIZED
                  0000b7d0    00000012     signalsight_hash.obj (.data:SSHASH_hash_table)
                  0000b7e2    00000010     export.obj (.data:exportRXData)
                  0000b7f2    0000000a     signalsight.obj (.data)
                  0000b7fc    00000004     signalsight.obj (.data:SS_currentPlotHashIndices)

.const.3   1    00010000    00000920     
                  00010000    000003e8     sopwm.obj (.const:SOPWM_LUT_N11)
                  000103e8    00000114     board.obj (.const:.string)
                  000104fc    000000cf     main.obj (.const:.string)
                  000105cb    00000001     --HOLE-- [fill = 0]
                  000105cc    0000009a     driverlib_eabi.lib : sysctl.obj (.const:.string)
                  00010666    00000098                        : gpio.obj (.const:.string)
                  000106fe    00000097                        : dma.obj (.const:.string)
                  00010795    00000001     --HOLE-- [fill = 0]
                  00010796    00000097                        : sci.obj (.const:.string)
                  0001082d    00000001     --HOLE-- [fill = 0]
                  0001082e    0000005b     device.obj (.const:.string)
                  00010889    00000001     --HOLE-- [fill = 0]
                  0001088a    00000051     driverlib_eabi.lib : interrupt.obj (.const:.string)
                  000108db    00000001     --HOLE-- [fill = 0]
                  000108dc    00000044     export.obj (.const:.string)

.data.3    1    00010920    00000334     UNINITIALIZED
                  00010920    00000064     signalsight.obj (.data:SS_streamA_buffer2)
                  00010984    00000064     signalsight.obj (.data:SS_streamA_buffer)
                  000109e8    00000064     signalsight.obj (.data:SS_streamB_buffer2)
                  00010a4c    00000064     signalsight.obj (.data:SS_streamB_buffer)
                  00010ab0    00000064     signalsight.obj (.data:SS_streamC_buffer2)
                  00010b14    00000064     signalsight.obj (.data:SS_streamC_buffer)
                  00010b78    00000064     signalsight.obj (.data:SS_streamD_buffer2)
                  00010bdc    00000064     signalsight.obj (.data:SS_streamD_buffer)
                  00010c40    00000008     device.obj (.data)
                  00010c48    00000006     rts2800_fpu32_eabi.lib : exit.c.obj (.data)
                  00010c4e    00000004     signalsight.obj (.data:SS_streamToggleStates)
                  00010c52    00000002     rts2800_fpu32_eabi.lib : _lock.c.obj (.data:_unlock)

MODULE SUMMARY

       Module                        code   ro data   rw data
       ------                        ----   -------   -------
    .\
       main.obj                      647    207       10     
    +--+-----------------------------+------+---------+---------+
       Total:                        647    207       10     
                                                             
    .\device\
       device.obj                    437    91        8      
       f28004x_codestartbranch.obj   10     0         0      
    +--+-----------------------------+------+---------+---------+
       Total:                        447    91        8      
                                                             
    .\pwm\sopwm\
       sopwm.obj                     831    5003      1232   
    +--+-----------------------------+------+---------+---------+
       Total:                        831    5003      1232   
                                                             
    .\syscfg\
       board.obj                     3458   276       0      
       transfer_utils.obj            33     0         0      
    +--+-----------------------------+------+---------+---------+
       Total:                        3491   276       0      
                                                             
    .\syscfg\export\
       export.obj                    262    68        16     
       export_package.obj            91     0         0      
    +--+-----------------------------+------+---------+---------+
       Total:                        353    68        16     
                                                             
    .\syscfg\signalsight\
       signalsight.obj               922    0         818    
       signalsight_hash.obj          0      0         18     
    +--+-----------------------------+------+---------+---------+
       Total:                        922    0         836    
                                                             
    C:\ti\c2000\C2000Ware_26_00_00_00\driverlib\f28004x\driverlib\ccs\Debug\driverlib_eabi.lib
       sysctl.obj                    1189   154       0      
       dma.obj                       414    151       0      
       interrupt.obj                 419    81        0      
       gpio.obj                      319    152       0      
       sci.obj                       285    151       0      
    +--+-----------------------------+------+---------+---------+
       Total:                        2626   689       0      
                                                             
    C:\ti\ccs2050\ccs\tools\compiler\ti-cgt-c2000_25.11.0.LTS\lib\rts2800_fpu32_eabi.lib
       exit.c.obj                    41     0         6      
       copy_decompress_lzss.c.obj    46     0         0      
       autoinit.c.obj                43     0         0      
       memcpy.c.obj                  32     0         0      
       boot28.asm.obj                23     0         0      
       args_main.c.obj               18     0         0      
       _lock.c.obj                   9      0         4      
       u_div28.asm.obj               11     0         0      
       copy_decompress_none.c.obj    8      0         0      
       memset.c.obj                  7      0         0      
       copy_zero_init.c.obj          6      0         0      
       pre_init.c.obj                2      0         0      
       startup.c.obj                 1      0         0      
    +--+-----------------------------+------+---------+---------+
       Total:                        247    0         10     
                                                             
       Stack:                        0      0         1016   
       Linker Generated:             0      80        0      
    +--+-----------------------------+------+---------+---------+
       Grand Total:                  9564   6414      3128   


LINKER GENERATED COPY TABLES

__TI_cinit_table @ 0000013a records: 4, size/record: 4, table size: 16
	.data.2: load addr=000000fa, load size=0000001c bytes, run addr=0000b7d0, run size=00000030 bytes, compression=lzss
	.data.1: load addr=00000116, load size=00000010 bytes, run addr=0000afd4, run size=0000002c bytes, compression=lzss
	.data.3: load addr=00000126, load size=0000000a bytes, run addr=00010920, run size=00000334 bytes, compression=lzss
	ramgs0: load addr=00000136, load size=00000004 bytes, run addr=0000c000, run size=000004b0 bytes, compression=zero_init


LINKER GENERATED HANDLER TABLE

__TI_handler_table @ 00000130 records: 3, size/record: 2, table size: 6
	index: 0, handler: __TI_decompress_lzss
	index: 1, handler: __TI_decompress_none
	index: 2, handler: __TI_zero_init


GLOBAL DATA SYMBOLS: SORTED BY DATA PAGE

address     data page           name
--------    ----------------    ----
00000400      10 (00000400)     __stack

0000a800     2a0 (0000a800)     SOPWM_LUT_N15

0000ad78     2b5 (0000ad40)     SOPWM_LUT_N7

0000afd7     2bf (0000afc0)     sopwm_num_angles
0000afd8     2bf (0000afc0)     sopwm_sched_active
0000afd9     2bf (0000afc0)     sopwm_fund_tick
0000afda     2bf (0000afc0)     sopwm_init_done
0000afdb     2bf (0000afc0)     sopwm_lut_n_base
0000afdc     2bf (0000afc0)     sopwm_build_count
0000afde     2bf (0000afc0)     sopwm_cycle_idx
0000afe2     2bf (0000afc0)     sopwm_m
0000afe4     2bf (0000afc0)     sopwm_theta
0000afe6     2bf (0000afc0)     sopwm_angle1
0000afe8     2bf (0000afc0)     sopwm_angle2
0000afea     2bf (0000afc0)     sopwm_angle3
0000afec     2bf (0000afc0)     sopwm_angle4
0000afee     2bf (0000afc0)     sopwm_angle5
0000aff0     2bf (0000afc0)     sopwm_angle6
0000aff2     2bf (0000afc0)     sopwm_angle7
0000aff4     2bf (0000afc0)     sopwm_N_cmd
0000aff5     2bf (0000afc0)     dbg_cmpa_snapshot
0000aff6     2bf (0000afc0)     dbg_cmpb_snapshot
0000aff7     2bf (0000afc0)     dbg_phB_cmpa_slot0
0000aff8     2bf (0000afc0)     dbg_phC_cmpa_slot17
0000affa     2bf (0000afc0)     sopwm_m_cmd
0000affc     2bf (0000afc0)     dbg_isr_count
0000affe     2bf (0000afc0)     _lock

0000b000     2c0 (0000b000)     SOPWM_LUT_N13

0000b4b0     2d2 (0000b480)     SOPWM_LUT_N9

0000b7d0     2df (0000b7c0)     SSHASH_hash_table
0000b7e2     2df (0000b7c0)     exportRXData
0000b7f2     2df (0000b7c0)     SS_currentStreamState
0000b7f3     2df (0000b7c0)     SS_nextTxCMD
0000b7f4     2df (0000b7c0)     SS_bufferElementIndex
0000b7f5     2df (0000b7c0)     SS_bufferIsFull
0000b7f6     2df (0000b7c0)     SS_streamDataSkips
0000b7f7     2df (0000b7c0)     SS_initiallyClearBuffer
0000b7f8     2df (0000b7c0)     SS_bufferElementIndex2
0000b7f9     2df (0000b7c0)     SS_bufferIsFull2
0000b7fa     2df (0000b7c0)     SS_writeBuffer1readBuffer2
0000b7fb     2df (0000b7c0)     SS_streamDataSkips2
0000b7fc     2df (0000b7c0)     SS_currentPlotHashIndices

0000c000     300 (0000c000)     sopwm_sched

00010000     400 (00010000)     SOPWM_LUT_N11

00010920     424 (00010900)     SS_streamA_buffer2

00010984     426 (00010980)     SS_streamA_buffer

000109e8     427 (000109c0)     SS_streamB_buffer2

00010a4c     429 (00010a40)     SS_streamB_buffer

00010ab0     42a (00010a80)     SS_streamC_buffer2

00010b14     42c (00010b00)     SS_streamC_buffer

00010b78     42d (00010b40)     SS_streamD_buffer2

00010bdc     42f (00010bc0)     SS_streamD_buffer

00010c40     431 (00010c40)     Device_assertFile
00010c42     431 (00010c40)     Device_assertLine
00010c44     431 (00010c40)     Example_PassCount
00010c46     431 (00010c40)     Example_Fail
00010c48     431 (00010c40)     __TI_enable_exit_profile_output
00010c4a     431 (00010c40)     __TI_cleanup_ptr
00010c4c     431 (00010c40)     __TI_dtors_ptr
00010c4e     431 (00010c40)     SS_streamToggleStates
00010c52     431 (00010c40)     _unlock


GLOBAL SYMBOLS: SORTED ALPHABETICALLY BY Name 

page  address   name                                          
----  -------   ----                                          
0     0000a3a7  Board_init                                    
0     00009b07  C$$EXIT                                       
0     00009bcc  DMA_configAddresses                           
0     000097c8  DMA_configBurst                               
0     00009000  DMA_configMode                                
0     000096da  DMA_configTransfer                            
0     0000944f  DMA_configWrap                                
0     0000a4ec  DMA_init                                      
1     00010c40  Device_assertFile                             
1     00010c42  Device_assertLine                             
0     00008941  Device_enableAllPeripherals                   
0     00009318  Device_init                                   
0     0000a42e  Device_initGPIO                               
0     00008000  EPWM_init                                     
0     00009716  EXPORTPACKAGE_sendFloatArrayAsByteArray       
0     000086d4  EXPORTPACKAGE_takeActionOnMessage             
0     000097ff  EXPORT_init                                   
0     00009dcf  EXPORT_receivedData                           
0     0000a4f5  EXPORT_transmitCharBlocking                   
1     00010c46  Example_Fail                                  
1     00010c44  Example_PassCount                             
0     0000983a  GPIO_setAnalogMode                            
0     000099fb  GPIO_setDirectionMode                         
0     000092c6  GPIO_setPadConfig                             
0     0000991f  GPIO_setPinConfig                             
0     00009956  GPIO_setQualificationMode                     
0     0000a539  INPUTXBAR_init                                
0     00009f7f  INTERRUPT_init                                
0     00009270  INT_myMCUSignalSight0_transferLayer_SCI_RX_ISR
0     00009752  INT_myMCUSignalSight0_transferLayer_SCI_TX_ISR
0     0000a130  Interrupt_defaultHandler                      
0     00009369  Interrupt_disable                             
0     0000998d  Interrupt_enable                              
0     0000a4d8  Interrupt_illegalOperationHandler             
0     0000969d  Interrupt_initModule                          
0     00009e2a  Interrupt_initVectorTable                     
0     0000a4e2  Interrupt_nmiHandler                          
0     00008d4d  PinMux_init                                   
0     00009495  SCI_clearInterruptStatus                      
0     000094da  SCI_enableInterrupt                           
0     0000a552  SCI_init                                      
0     0000965f  SCI_setConfig                                 
0     000087b6  SIGNALSIGHT_capturePlotData                   
0     0000a46b  SIGNALSIGHT_getVariableAddressAtHashIndex     
0     0000a53e  SIGNALSIGHT_init                              
0     00008a21  SIGNALSIGHT_queueUpStreamData                 
0     0000a4fe  SIGNALSIGHT_resetStates                       
0     0000a371  SIGNALSIGHT_sendAcknowledge                   
0     00008562  SIGNALSIGHT_sendPlotData                      
0     00008af1  SOPWM_BuildSchedule                           
0     0000a543  SOPWM_CommitSchedule                          
0     00009ebd  SOPWM_InitSchedule                            
1     00010000  SOPWM_LUT_N11                                 
1     0000b000  SOPWM_LUT_N13                                 
1     0000a800  SOPWM_LUT_N15                                 
1     0000ad78  SOPWM_LUT_N7                                  
1     0000b4b0  SOPWM_LUT_N9                                  
0     0000a40d  SOPWM_schedISR                                
1     0000b7d0  SSHASH_hash_table                             
1     0000b7f4  SS_bufferElementIndex                         
1     0000b7f8  SS_bufferElementIndex2                        
1     0000b7f5  SS_bufferIsFull                               
1     0000b7f9  SS_bufferIsFull2                              
1     0000b7fc  SS_currentPlotHashIndices                     
1     0000b7f2  SS_currentStreamState                         
1     0000b7f7  SS_initiallyClearBuffer                       
1     0000b7f3  SS_nextTxCMD                                  
1     00010984  SS_streamA_buffer                             
1     00010920  SS_streamA_buffer2                            
1     00010a4c  SS_streamB_buffer                             
1     000109e8  SS_streamB_buffer2                            
1     00010b14  SS_streamC_buffer                             
1     00010ab0  SS_streamC_buffer2                            
1     00010bdc  SS_streamD_buffer                             
1     00010b78  SS_streamD_buffer2                            
1     0000b7f6  SS_streamDataSkips                            
1     0000b7fb  SS_streamDataSkips2                           
1     00010c4e  SS_streamToggleStates                         
1     0000b7fa  SS_writeBuffer1readBuffer2                    
0     00009e48  SYNC_init                                     
0     000000f6  SysCtl_delay                                  
0     00009212  SysCtl_getClock                               
0     00009f65  SysCtl_getLowSpeedClock                       
0     00008e13  SysCtl_isPLLValid                             
0     000093b7  SysCtl_selectOscSource                        
0     000095e1  SysCtl_selectXTAL                             
0     00009c16  SysCtl_selectXTALSingleEnded                  
0     00008c85  SysCtl_setClock                               
0     0000013a  __TI_CINIT_Base                               
0     0000014a  __TI_CINIT_Limit                              
0     0000014a  __TI_CINIT_Warm                               
0     00000130  __TI_Handler_Table_Base                       
0     00000136  __TI_Handler_Table_Limit                      
1     000007f8  __TI_STACK_END                                
abs   000003f8  __TI_STACK_SIZE                               
0     00009adc  __TI_auto_init_nobinit_nopinit                
1     00010c4a  __TI_cleanup_ptr                              
0     00009a2c  __TI_decompress_lzss                          
0     0000a510  __TI_decompress_none                          
1     00010c4c  __TI_dtors_ptr                                
1     00010c48  __TI_enable_exit_profile_output               
abs   ffffffff  __TI_pprof_out_hndl                           
abs   ffffffff  __TI_prof_data_size                           
abs   ffffffff  __TI_prof_data_start                          
0     0000a533  __TI_zero_init                                
0     0000a4c3  __c28xabi_divu                                
0     0000a4c8  __c28xabi_modu                                
abs   ffffffff  __c_args__                                    
0     0000a4a0  __error__                                     
1     00000400  __stack                                       
0     0000a395  _args_main                                    
0     0000a0ed  _c_int00                                      
1     0000affe  _lock                                         
0     0000a50f  _nop                                          
0     0000a50b  _register_lock                                
0     0000a507  _register_unlock                              
0     0000a555  _system_post_cinit                            
0     000087fe  _system_pre_init                              
1     00010c52  _unlock                                       
0     00009b07  abort                                         
0     00000000  code_start                                    
1     0000aff5  dbg_cmpa_snapshot                             
1     0000aff6  dbg_cmpb_snapshot                             
1     0000affc  dbg_isr_count                                 
1     0000aff7  dbg_phB_cmpa_slot0                            
1     0000aff8  dbg_phC_cmpa_slot17                           
0     00008ed0  epwm1ISR                                      
0     00009b09  exit                                          
1     0000b7e2  exportRXData                                  
0     00009d30  f32toBytes                                    
0     0000909d  main                                          
0     00009d71  memcpy                                        
0     0000a520  memset                                        
0     00009874  myDMA0_init                                   
0     000098ad  myDMA1_init                                   
0     000098e6  myDMA2_init                                   
0     0000a548  myINPUTXBARINPUT0_init                        
0     0000a54d  myINPUTXBARINPUT1_init                        
0     0000951e  myMCUSignalSight0_transferLayer_SCI_init      
1     0000aff4  sopwm_N_cmd                                   
1     0000afe6  sopwm_angle1                                  
1     0000afe8  sopwm_angle2                                  
1     0000afea  sopwm_angle3                                  
1     0000afec  sopwm_angle4                                  
1     0000afee  sopwm_angle5                                  
1     0000aff0  sopwm_angle6                                  
1     0000aff2  sopwm_angle7                                  
1     0000afdc  sopwm_build_count                             
1     0000afde  sopwm_cycle_idx                               
1     0000afd9  sopwm_fund_tick                               
1     0000afda  sopwm_init_done                               
1     0000afdb  sopwm_lut_n_base                              
1     0000afe2  sopwm_m                                       
1     0000affa  sopwm_m_cmd                                   
1     0000afd7  sopwm_num_angles                              
1     0000c000  sopwm_sched                                   
1     0000afd8  sopwm_sched_active                            
1     0000afe4  sopwm_theta                                   


GLOBAL SYMBOLS: SORTED BY Symbol Address 

page  address   name                                          
----  -------   ----                                          
0     00000000  code_start                                    
0     000000f6  SysCtl_delay                                  
0     00000130  __TI_Handler_Table_Base                       
0     00000136  __TI_Handler_Table_Limit                      
0     0000013a  __TI_CINIT_Base                               
0     0000014a  __TI_CINIT_Limit                              
0     0000014a  __TI_CINIT_Warm                               
0     00008000  EPWM_init                                     
0     00008562  SIGNALSIGHT_sendPlotData                      
0     000086d4  EXPORTPACKAGE_takeActionOnMessage             
0     000087b6  SIGNALSIGHT_capturePlotData                   
0     000087fe  _system_pre_init                              
0     00008941  Device_enableAllPeripherals                   
0     00008a21  SIGNALSIGHT_queueUpStreamData                 
0     00008af1  SOPWM_BuildSchedule                           
0     00008c85  SysCtl_setClock                               
0     00008d4d  PinMux_init                                   
0     00008e13  SysCtl_isPLLValid                             
0     00008ed0  epwm1ISR                                      
0     00009000  DMA_configMode                                
0     0000909d  main                                          
0     00009212  SysCtl_getClock                               
0     00009270  INT_myMCUSignalSight0_transferLayer_SCI_RX_ISR
0     000092c6  GPIO_setPadConfig                             
0     00009318  Device_init                                   
0     00009369  Interrupt_disable                             
0     000093b7  SysCtl_selectOscSource                        
0     0000944f  DMA_configWrap                                
0     00009495  SCI_clearInterruptStatus                      
0     000094da  SCI_enableInterrupt                           
0     0000951e  myMCUSignalSight0_transferLayer_SCI_init      
0     000095e1  SysCtl_selectXTAL                             
0     0000965f  SCI_setConfig                                 
0     0000969d  Interrupt_initModule                          
0     000096da  DMA_configTransfer                            
0     00009716  EXPORTPACKAGE_sendFloatArrayAsByteArray       
0     00009752  INT_myMCUSignalSight0_transferLayer_SCI_TX_ISR
0     000097c8  DMA_configBurst                               
0     000097ff  EXPORT_init                                   
0     0000983a  GPIO_setAnalogMode                            
0     00009874  myDMA0_init                                   
0     000098ad  myDMA1_init                                   
0     000098e6  myDMA2_init                                   
0     0000991f  GPIO_setPinConfig                             
0     00009956  GPIO_setQualificationMode                     
0     0000998d  Interrupt_enable                              
0     000099fb  GPIO_setDirectionMode                         
0     00009a2c  __TI_decompress_lzss                          
0     00009adc  __TI_auto_init_nobinit_nopinit                
0     00009b07  C$$EXIT                                       
0     00009b07  abort                                         
0     00009b09  exit                                          
0     00009bcc  DMA_configAddresses                           
0     00009c16  SysCtl_selectXTALSingleEnded                  
0     00009d30  f32toBytes                                    
0     00009d71  memcpy                                        
0     00009dcf  EXPORT_receivedData                           
0     00009e2a  Interrupt_initVectorTable                     
0     00009e48  SYNC_init                                     
0     00009ebd  SOPWM_InitSchedule                            
0     00009f65  SysCtl_getLowSpeedClock                       
0     00009f7f  INTERRUPT_init                                
0     0000a0ed  _c_int00                                      
0     0000a130  Interrupt_defaultHandler                      
0     0000a371  SIGNALSIGHT_sendAcknowledge                   
0     0000a395  _args_main                                    
0     0000a3a7  Board_init                                    
0     0000a40d  SOPWM_schedISR                                
0     0000a42e  Device_initGPIO                               
0     0000a46b  SIGNALSIGHT_getVariableAddressAtHashIndex     
0     0000a4a0  __error__                                     
0     0000a4c3  __c28xabi_divu                                
0     0000a4c8  __c28xabi_modu                                
0     0000a4d8  Interrupt_illegalOperationHandler             
0     0000a4e2  Interrupt_nmiHandler                          
0     0000a4ec  DMA_init                                      
0     0000a4f5  EXPORT_transmitCharBlocking                   
0     0000a4fe  SIGNALSIGHT_resetStates                       
0     0000a507  _register_unlock                              
0     0000a50b  _register_lock                                
0     0000a50f  _nop                                          
0     0000a510  __TI_decompress_none                          
0     0000a520  memset                                        
0     0000a533  __TI_zero_init                                
0     0000a539  INPUTXBAR_init                                
0     0000a53e  SIGNALSIGHT_init                              
0     0000a543  SOPWM_CommitSchedule                          
0     0000a548  myINPUTXBARINPUT0_init                        
0     0000a54d  myINPUTXBARINPUT1_init                        
0     0000a552  SCI_init                                      
0     0000a555  _system_post_cinit                            
1     00000400  __stack                                       
1     000007f8  __TI_STACK_END                                
1     0000a800  SOPWM_LUT_N15                                 
1     0000ad78  SOPWM_LUT_N7                                  
1     0000afd7  sopwm_num_angles                              
1     0000afd8  sopwm_sched_active                            
1     0000afd9  sopwm_fund_tick                               
1     0000afda  sopwm_init_done                               
1     0000afdb  sopwm_lut_n_base                              
1     0000afdc  sopwm_build_count                             
1     0000afde  sopwm_cycle_idx                               
1     0000afe2  sopwm_m                                       
1     0000afe4  sopwm_theta                                   
1     0000afe6  sopwm_angle1                                  
1     0000afe8  sopwm_angle2                                  
1     0000afea  sopwm_angle3                                  
1     0000afec  sopwm_angle4                                  
1     0000afee  sopwm_angle5                                  
1     0000aff0  sopwm_angle6                                  
1     0000aff2  sopwm_angle7                                  
1     0000aff4  sopwm_N_cmd                                   
1     0000aff5  dbg_cmpa_snapshot                             
1     0000aff6  dbg_cmpb_snapshot                             
1     0000aff7  dbg_phB_cmpa_slot0                            
1     0000aff8  dbg_phC_cmpa_slot17                           
1     0000affa  sopwm_m_cmd                                   
1     0000affc  dbg_isr_count                                 
1     0000affe  _lock                                         
1     0000b000  SOPWM_LUT_N13                                 
1     0000b4b0  SOPWM_LUT_N9                                  
1     0000b7d0  SSHASH_hash_table                             
1     0000b7e2  exportRXData                                  
1     0000b7f2  SS_currentStreamState                         
1     0000b7f3  SS_nextTxCMD                                  
1     0000b7f4  SS_bufferElementIndex                         
1     0000b7f5  SS_bufferIsFull                               
1     0000b7f6  SS_streamDataSkips                            
1     0000b7f7  SS_initiallyClearBuffer                       
1     0000b7f8  SS_bufferElementIndex2                        
1     0000b7f9  SS_bufferIsFull2                              
1     0000b7fa  SS_writeBuffer1readBuffer2                    
1     0000b7fb  SS_streamDataSkips2                           
1     0000b7fc  SS_currentPlotHashIndices                     
1     0000c000  sopwm_sched                                   
1     00010000  SOPWM_LUT_N11                                 
1     00010920  SS_streamA_buffer2                            
1     00010984  SS_streamA_buffer                             
1     000109e8  SS_streamB_buffer2                            
1     00010a4c  SS_streamB_buffer                             
1     00010ab0  SS_streamC_buffer2                            
1     00010b14  SS_streamC_buffer                             
1     00010b78  SS_streamD_buffer2                            
1     00010bdc  SS_streamD_buffer                             
1     00010c40  Device_assertFile                             
1     00010c42  Device_assertLine                             
1     00010c44  Example_PassCount                             
1     00010c46  Example_Fail                                  
1     00010c48  __TI_enable_exit_profile_output               
1     00010c4a  __TI_cleanup_ptr                              
1     00010c4c  __TI_dtors_ptr                                
1     00010c4e  SS_streamToggleStates                         
1     00010c52  _unlock                                       
abs   000003f8  __TI_STACK_SIZE                               
abs   ffffffff  __TI_pprof_out_hndl                           
abs   ffffffff  __TI_prof_data_size                           
abs   ffffffff  __TI_prof_data_start                          
abs   ffffffff  __c_args__                                    

[158 symbols]
