<?xml version="1.0" encoding="ISO-8859-1" ?>
<link_info>
   <banner>TMS320C2000 Linker PC v25.11.0.LTS</banner>
   <copyright>Copyright (c) 1996-2018 Texas Instruments Incorporated</copyright>
   <command_line>C:\ti\ccs2050\ccs\tools\compiler\ti-cgt-c2000_25.11.0.LTS\bin\lnk2000.exe -lC:\\Users\\giv6hc\\AppData\\Local\\Temp\\{5408CEDA-61DA-4D32-9BD3-88CCD234602D}</command_line>
   <link_time>0x6a44eb3b</link_time>
   <link_errors>0x0</link_errors>
   <output_file>C:\Users\giv6hc\workspace_ccstheia\epwm_svm\CPU1_RAM\epwm_svm.out</output_file>
   <entry_point>
      <name>code_start</name>
      <address>0x0</address>
   </entry_point>
   <input_file_list>
      <input_file id="fl-2">
         <path>C:\Users\giv6hc\workspace_ccstheia\epwm_svm\CPU1_RAM\.\syscfg\</path>
         <kind>object</kind>
         <file>board.obj</file>
         <name>board.obj</name>
      </input_file>
      <input_file id="fl-3">
         <path>C:\Users\giv6hc\workspace_ccstheia\epwm_svm\CPU1_RAM\.\syscfg\</path>
         <kind>object</kind>
         <file>c2000ware_libraries.obj</file>
         <name>c2000ware_libraries.obj</name>
      </input_file>
      <input_file id="fl-4">
         <path>C:\Users\giv6hc\workspace_ccstheia\epwm_svm\CPU1_RAM\.\syscfg\</path>
         <kind>object</kind>
         <file>transfer_utils.obj</file>
         <name>transfer_utils.obj</name>
      </input_file>
      <input_file id="fl-5">
         <path>C:\Users\giv6hc\workspace_ccstheia\epwm_svm\CPU1_RAM\.\syscfg\export\</path>
         <kind>object</kind>
         <file>export.obj</file>
         <name>export.obj</name>
      </input_file>
      <input_file id="fl-6">
         <path>C:\Users\giv6hc\workspace_ccstheia\epwm_svm\CPU1_RAM\.\syscfg\export\</path>
         <kind>object</kind>
         <file>export_package.obj</file>
         <name>export_package.obj</name>
      </input_file>
      <input_file id="fl-7">
         <path>C:\Users\giv6hc\workspace_ccstheia\epwm_svm\CPU1_RAM\.\syscfg\signalsight\</path>
         <kind>object</kind>
         <file>signalsight.obj</file>
         <name>signalsight.obj</name>
      </input_file>
      <input_file id="fl-8">
         <path>C:\Users\giv6hc\workspace_ccstheia\epwm_svm\CPU1_RAM\.\syscfg\signalsight\</path>
         <kind>object</kind>
         <file>signalsight_hash.obj</file>
         <name>signalsight_hash.obj</name>
      </input_file>
      <input_file id="fl-9">
         <path>C:\Users\giv6hc\workspace_ccstheia\epwm_svm\CPU1_RAM\.\</path>
         <kind>object</kind>
         <file>main.obj</file>
         <name>main.obj</name>
      </input_file>
      <input_file id="fl-a">
         <path>C:\Users\giv6hc\workspace_ccstheia\epwm_svm\CPU1_RAM\.\device\</path>
         <kind>object</kind>
         <file>device.obj</file>
         <name>device.obj</name>
      </input_file>
      <input_file id="fl-b">
         <path>C:\Users\giv6hc\workspace_ccstheia\epwm_svm\CPU1_RAM\.\device\</path>
         <kind>object</kind>
         <file>f28004x_codestartbranch.obj</file>
         <name>f28004x_codestartbranch.obj</name>
      </input_file>
      <input_file id="fl-c">
         <path>C:\Users\giv6hc\workspace_ccstheia\epwm_svm\CPU1_RAM\.\pwm\sopwm\</path>
         <kind>object</kind>
         <file>enhanced_sopwm.obj</file>
         <name>enhanced_sopwm.obj</name>
      </input_file>
      <input_file id="fl-d">
         <path>C:\Users\giv6hc\workspace_ccstheia\epwm_svm\CPU1_RAM\.\pwm\sopwm\</path>
         <kind>object</kind>
         <file>sopwm.obj</file>
         <name>sopwm.obj</name>
      </input_file>
      <input_file id="fl-e">
         <path>C:\Users\giv6hc\workspace_ccstheia\epwm_svm\CPU1_RAM\.\pwm\svm\</path>
         <kind>object</kind>
         <file>svm.obj</file>
         <name>svm.obj</name>
      </input_file>
      <input_file id="fl-14">
         <path>C:\Users\giv6hc\workspace_ccstheia\epwm_svm\CPU1_RAM\</path>
         <kind>object</kind>
         <file>&lt;internal&gt;</file>
         <name>&lt;internal&gt;</name>
      </input_file>
      <input_file id="fl-18">
         <path>C:\ti\c2000\C2000Ware_26_00_00_00\driverlib\f28004x\driverlib\ccs\Debug\</path>
         <kind>archive</kind>
         <file>driverlib_eabi.lib</file>
         <name>dcc.obj</name>
      </input_file>
      <input_file id="fl-19">
         <path>C:\ti\c2000\C2000Ware_26_00_00_00\driverlib\f28004x\driverlib\ccs\Debug\</path>
         <kind>archive</kind>
         <file>driverlib_eabi.lib</file>
         <name>dma.obj</name>
      </input_file>
      <input_file id="fl-1a">
         <path>C:\ti\c2000\C2000Ware_26_00_00_00\driverlib\f28004x\driverlib\ccs\Debug\</path>
         <kind>archive</kind>
         <file>driverlib_eabi.lib</file>
         <name>gpio.obj</name>
      </input_file>
      <input_file id="fl-1b">
         <path>C:\ti\c2000\C2000Ware_26_00_00_00\driverlib\f28004x\driverlib\ccs\Debug\</path>
         <kind>archive</kind>
         <file>driverlib_eabi.lib</file>
         <name>interrupt.obj</name>
      </input_file>
      <input_file id="fl-1c">
         <path>C:\ti\c2000\C2000Ware_26_00_00_00\driverlib\f28004x\driverlib\ccs\Debug\</path>
         <kind>archive</kind>
         <file>driverlib_eabi.lib</file>
         <name>sci.obj</name>
      </input_file>
      <input_file id="fl-1d">
         <path>C:\ti\c2000\C2000Ware_26_00_00_00\driverlib\f28004x\driverlib\ccs\Debug\</path>
         <kind>archive</kind>
         <file>driverlib_eabi.lib</file>
         <name>sysctl.obj</name>
      </input_file>
      <input_file id="fl-29">
         <path>C:\ti\ccs2050\ccs\tools\compiler\ti-cgt-c2000_25.11.0.LTS\lib\</path>
         <kind>archive</kind>
         <file>rts2800_fpu32_eabi.lib</file>
         <name>boot28.asm.obj</name>
      </input_file>
      <input_file id="fl-2a">
         <path>C:\ti\ccs2050\ccs\tools\compiler\ti-cgt-c2000_25.11.0.LTS\lib\</path>
         <kind>archive</kind>
         <file>rts2800_fpu32_eabi.lib</file>
         <name>fs_div28.asm.obj</name>
      </input_file>
      <input_file id="fl-2b">
         <path>C:\ti\ccs2050\ccs\tools\compiler\ti-cgt-c2000_25.11.0.LTS\lib\</path>
         <kind>archive</kind>
         <file>rts2800_fpu32_eabi.lib</file>
         <name>ll_cmp28.asm.obj</name>
      </input_file>
      <input_file id="fl-2c">
         <path>C:\ti\ccs2050\ccs\tools\compiler\ti-cgt-c2000_25.11.0.LTS\lib\</path>
         <kind>archive</kind>
         <file>rts2800_fpu32_eabi.lib</file>
         <name>u_div28.asm.obj</name>
      </input_file>
      <input_file id="fl-2d">
         <path>C:\ti\ccs2050\ccs\tools\compiler\ti-cgt-c2000_25.11.0.LTS\lib\</path>
         <kind>archive</kind>
         <file>rts2800_fpu32_eabi.lib</file>
         <name>pre_init.c.obj</name>
      </input_file>
      <input_file id="fl-2e">
         <path>C:\ti\ccs2050\ccs\tools\compiler\ti-cgt-c2000_25.11.0.LTS\lib\</path>
         <kind>archive</kind>
         <file>rts2800_fpu32_eabi.lib</file>
         <name>autoinit.c.obj</name>
      </input_file>
      <input_file id="fl-2f">
         <path>C:\ti\ccs2050\ccs\tools\compiler\ti-cgt-c2000_25.11.0.LTS\lib\</path>
         <kind>archive</kind>
         <file>rts2800_fpu32_eabi.lib</file>
         <name>copy_zero_init.c.obj</name>
      </input_file>
      <input_file id="fl-30">
         <path>C:\ti\ccs2050\ccs\tools\compiler\ti-cgt-c2000_25.11.0.LTS\lib\</path>
         <kind>archive</kind>
         <file>rts2800_fpu32_eabi.lib</file>
         <name>copy_decompress_none.c.obj</name>
      </input_file>
      <input_file id="fl-31">
         <path>C:\ti\ccs2050\ccs\tools\compiler\ti-cgt-c2000_25.11.0.LTS\lib\</path>
         <kind>archive</kind>
         <file>rts2800_fpu32_eabi.lib</file>
         <name>copy_decompress_lzss.c.obj</name>
      </input_file>
      <input_file id="fl-32">
         <path>C:\ti\ccs2050\ccs\tools\compiler\ti-cgt-c2000_25.11.0.LTS\lib\</path>
         <kind>archive</kind>
         <file>rts2800_fpu32_eabi.lib</file>
         <name>exit.c.obj</name>
      </input_file>
      <input_file id="fl-33">
         <path>C:\ti\ccs2050\ccs\tools\compiler\ti-cgt-c2000_25.11.0.LTS\lib\</path>
         <kind>archive</kind>
         <file>rts2800_fpu32_eabi.lib</file>
         <name>_lock.c.obj</name>
      </input_file>
      <input_file id="fl-34">
         <path>C:\ti\ccs2050\ccs\tools\compiler\ti-cgt-c2000_25.11.0.LTS\lib\</path>
         <kind>archive</kind>
         <file>rts2800_fpu32_eabi.lib</file>
         <name>args_main.c.obj</name>
      </input_file>
      <input_file id="fl-35">
         <path>C:\ti\ccs2050\ccs\tools\compiler\ti-cgt-c2000_25.11.0.LTS\lib\</path>
         <kind>archive</kind>
         <file>rts2800_fpu32_eabi.lib</file>
         <name>memset.c.obj</name>
      </input_file>
      <input_file id="fl-36">
         <path>C:\ti\ccs2050\ccs\tools\compiler\ti-cgt-c2000_25.11.0.LTS\lib\</path>
         <kind>archive</kind>
         <file>rts2800_fpu32_eabi.lib</file>
         <name>strlen.c.obj</name>
      </input_file>
      <input_file id="fl-37">
         <path>C:\ti\ccs2050\ccs\tools\compiler\ti-cgt-c2000_25.11.0.LTS\lib\</path>
         <kind>archive</kind>
         <file>rts2800_fpu32_eabi.lib</file>
         <name>cpy_tbl.c.obj</name>
      </input_file>
      <input_file id="fl-38">
         <path>C:\ti\ccs2050\ccs\tools\compiler\ti-cgt-c2000_25.11.0.LTS\lib\</path>
         <kind>archive</kind>
         <file>rts2800_fpu32_eabi.lib</file>
         <name>memcpy.c.obj</name>
      </input_file>
      <input_file id="fl-39">
         <path>C:\ti\ccs2050\ccs\tools\compiler\ti-cgt-c2000_25.11.0.LTS\lib\</path>
         <kind>archive</kind>
         <file>rts2800_fpu32_eabi.lib</file>
         <name>startup.c.obj</name>
      </input_file>
   </input_file_list>
   <object_component_list>
      <object_component id="oc-20">
         <name>codestart</name>
         <load_address>0x0</load_address>
         <readonly>true</readonly>
         <executable>true</executable>
         <run_address>0x0</run_address>
         <size>0x2</size>
         <alignment>0x1</alignment>
         <input_file_ref idref="fl-b"/>
      </object_component>
      <object_component id="oc-302">
         <name>.TI.ramfunc</name>
         <load_address>0xf6</load_address>
         <readonly>true</readonly>
         <executable>true</executable>
         <run_address>0xf6</run_address>
         <size>0x4</size>
         <alignment>0x1</alignment>
         <input_file_ref idref="fl-1d"/>
      </object_component>
      <object_component id="oc-22b">
         <name>.text:EPWM_init</name>
         <load_address>0x8000</load_address>
         <readonly>true</readonly>
         <executable>true</executable>
         <run_address>0x8000</run_address>
         <size>0x2bf</size>
         <alignment>0x1</alignment>
         <input_file_ref idref="fl-2"/>
      </object_component>
      <object_component id="oc-143">
         <name>.text:SIGNALSIGHT_sendPlotData</name>
         <load_address>0x82bf</load_address>
         <readonly>true</readonly>
         <executable>true</executable>
         <run_address>0x82bf</run_address>
         <size>0x172</size>
         <alignment>0x1</alignment>
         <input_file_ref idref="fl-7"/>
      </object_component>
      <object_component id="oc-1a4">
         <name>.text:EXPORTPACKAGE_takeActionOnMessage</name>
         <load_address>0x8431</load_address>
         <readonly>true</readonly>
         <executable>true</executable>
         <run_address>0x8431</run_address>
         <size>0xe2</size>
         <alignment>0x1</alignment>
         <input_file_ref idref="fl-7"/>
      </object_component>
      <object_component id="oc-1e9">
         <name>.text:Device_enableAllPeripherals</name>
         <load_address>0x8513</load_address>
         <readonly>true</readonly>
         <executable>true</executable>
         <run_address>0x8513</run_address>
         <size>0xe0</size>
         <alignment>0x1</alignment>
         <input_file_ref idref="fl-a"/>
      </object_component>
      <object_component id="oc-131">
         <name>.text:SOPWM_BuildSchedule</name>
         <load_address>0x85f3</load_address>
         <readonly>true</readonly>
         <executable>true</executable>
         <run_address>0x85f3</run_address>
         <size>0xd6</size>
         <alignment>0x1</alignment>
         <input_file_ref idref="fl-d"/>
      </object_component>
      <object_component id="oc-28c">
         <name>.text:SIGNALSIGHT_queueUpStreamData</name>
         <load_address>0x86c9</load_address>
         <readonly>true</readonly>
         <executable>true</executable>
         <run_address>0x86c9</run_address>
         <size>0xd0</size>
         <alignment>0x1</alignment>
         <input_file_ref idref="fl-7"/>
      </object_component>
      <object_component id="oc-1d6">
         <name>.text:SysCtl_getClock</name>
         <load_address>0x8799</load_address>
         <readonly>true</readonly>
         <executable>true</executable>
         <run_address>0x8799</run_address>
         <size>0x5e</size>
         <alignment>0x1</alignment>
         <input_file_ref idref="fl-1d"/>
      </object_component>
      <object_component id="oc-225">
         <name>.text:DMA_init</name>
         <load_address>0x87f7</load_address>
         <readonly>true</readonly>
         <executable>true</executable>
         <run_address>0x87f7</run_address>
         <size>0x9</size>
         <alignment>0x1</alignment>
         <input_file_ref idref="fl-2"/>
      </object_component>
      <object_component id="oc-26f">
         <name>.text:SOPWM_GetAngles</name>
         <load_address>0x8800</load_address>
         <readonly>true</readonly>
         <executable>true</executable>
         <run_address>0x8800</run_address>
         <size>0xc8</size>
         <alignment>0x1</alignment>
         <input_file_ref idref="fl-d"/>
      </object_component>
      <object_component id="oc-1ca">
         <name>.text:SysCtl_setClock</name>
         <load_address>0x88c8</load_address>
         <readonly>true</readonly>
         <executable>true</executable>
         <run_address>0x88c8</run_address>
         <size>0xc8</size>
         <alignment>0x1</alignment>
         <input_file_ref idref="fl-1d"/>
      </object_component>
      <object_component id="oc-303">
         <name>.text:SysCtl_isPLLValid</name>
         <load_address>0x8990</load_address>
         <readonly>true</readonly>
         <executable>true</executable>
         <run_address>0x8990</run_address>
         <size>0xbd</size>
         <alignment>0x1</alignment>
         <input_file_ref idref="fl-1d"/>
      </object_component>
      <object_component id="oc-275">
         <name>.text:sopwm_bin_lut</name>
         <load_address>0x8a4d</load_address>
         <readonly>true</readonly>
         <executable>true</executable>
         <run_address>0x8a4d</run_address>
         <size>0xa0</size>
         <alignment>0x1</alignment>
         <input_file_ref idref="fl-d"/>
      </object_component>
      <object_component id="oc-52a">
         <name>.text:DMA_configMode</name>
         <load_address>0x8aed</load_address>
         <readonly>true</readonly>
         <executable>true</executable>
         <run_address>0x8aed</run_address>
         <size>0x9d</size>
         <alignment>0x1</alignment>
         <input_file_ref idref="fl-19"/>
      </object_component>
      <object_component id="oc-38">
         <name>.text:main</name>
         <load_address>0x8b8a</load_address>
         <readonly>true</readonly>
         <executable>true</executable>
         <run_address>0x8b8a</run_address>
         <size>0x9b</size>
         <alignment>0x1</alignment>
         <input_file_ref idref="fl-9"/>
      </object_component>
      <object_component id="oc-194">
         <name>.text:Interrupt_clearIFR</name>
         <load_address>0x8c25</load_address>
         <readonly>true</readonly>
         <executable>true</executable>
         <run_address>0x8c25</run_address>
         <size>0x7f</size>
         <alignment>0x1</alignment>
         <input_file_ref idref="fl-1b"/>
      </object_component>
      <object_component id="oc-37">
         <name>.text:epwm1ISR</name>
         <load_address>0x8ca4</load_address>
         <readonly>true</readonly>
         <executable>true</executable>
         <run_address>0x8ca4</run_address>
         <size>0x7a</size>
         <alignment>0x1</alignment>
         <input_file_ref idref="fl-9"/>
      </object_component>
      <object_component id="oc-27b">
         <name>.text:sopwm_frame_closure</name>
         <load_address>0x8d1e</load_address>
         <readonly>true</readonly>
         <executable>true</executable>
         <run_address>0x8d1e</run_address>
         <size>0x78</size>
         <alignment>0x1</alignment>
         <input_file_ref idref="fl-d"/>
      </object_component>
      <object_component id="oc-402">
         <name>.text:EPWM_setADCTriggerSource</name>
         <load_address>0x8d96</load_address>
         <readonly>true</readonly>
         <executable>true</executable>
         <run_address>0x8d96</run_address>
         <size>0x75</size>
         <alignment>0x1</alignment>
         <input_file_ref idref="fl-2"/>
      </object_component>
      <object_component id="oc-4e9">
         <name>.text:DCC_setCounterSeeds</name>
         <load_address>0x8e0b</load_address>
         <readonly>true</readonly>
         <executable>true</executable>
         <run_address>0x8e0b</run_address>
         <size>0x73</size>
         <alignment>0x1</alignment>
         <input_file_ref idref="fl-1d"/>
      </object_component>
      <object_component id="oc-213">
         <name>.text:PinMux_init</name>
         <load_address>0x8e7e</load_address>
         <readonly>true</readonly>
         <executable>true</executable>
         <run_address>0x8e7e</run_address>
         <size>0x72</size>
         <alignment>0x1</alignment>
         <input_file_ref idref="fl-2"/>
      </object_component>
      <object_component id="oc-104">
         <name>.text:SOPWM_SetFundamentalHz</name>
         <load_address>0x8ef0</load_address>
         <readonly>true</readonly>
         <executable>true</executable>
         <run_address>0x8ef0</run_address>
         <size>0x68</size>
         <alignment>0x1</alignment>
         <input_file_ref idref="fl-d"/>
      </object_component>
      <object_component id="oc-31">
         <name>.text:INT_myMCUSignalSight0_transferLayer_SCI_RX_ISR</name>
         <load_address>0x8f58</load_address>
         <readonly>true</readonly>
         <executable>true</executable>
         <run_address>0x8f58</run_address>
         <size>0x56</size>
         <alignment>0x1</alignment>
         <input_file_ref idref="fl-5"/>
      </object_component>
      <object_component id="oc-1f5">
         <name>.text:GPIO_setPadConfig</name>
         <load_address>0x8fae</load_address>
         <readonly>true</readonly>
         <executable>true</executable>
         <run_address>0x8fae</run_address>
         <size>0x52</size>
         <alignment>0x1</alignment>
         <input_file_ref idref="fl-1a"/>
      </object_component>
      <object_component id="oc-da">
         <name>.text:Device_init</name>
         <load_address>0x9000</load_address>
         <readonly>true</readonly>
         <executable>true</executable>
         <run_address>0x9000</run_address>
         <size>0x51</size>
         <alignment>0x1</alignment>
         <input_file_ref idref="fl-a"/>
      </object_component>
      <object_component id="oc-96">
         <name>.text:Interrupt_disable</name>
         <load_address>0x9051</load_address>
         <readonly>true</readonly>
         <executable>true</executable>
         <run_address>0x9051</run_address>
         <size>0x4e</size>
         <alignment>0x1</alignment>
         <input_file_ref idref="fl-1b"/>
      </object_component>
      <object_component id="oc-2fc">
         <name>.text:SysCtl_selectOscSource</name>
         <load_address>0x909f</load_address>
         <readonly>true</readonly>
         <executable>true</executable>
         <run_address>0x909f</run_address>
         <size>0x4d</size>
         <alignment>0x1</alignment>
         <input_file_ref idref="fl-1d"/>
      </object_component>
      <object_component id="oc-3f0">
         <name>.text:EPWM_setInterruptSource</name>
         <load_address>0x90ec</load_address>
         <readonly>true</readonly>
         <executable>true</executable>
         <run_address>0x90ec</run_address>
         <size>0x4b</size>
         <alignment>0x1</alignment>
         <input_file_ref idref="fl-2"/>
      </object_component>
      <object_component id="oc-13d">
         <name>.text:SIGNALSIGHT_capturePlotData</name>
         <load_address>0x9137</load_address>
         <readonly>true</readonly>
         <executable>true</executable>
         <run_address>0x9137</run_address>
         <size>0x48</size>
         <alignment>0x1</alignment>
         <input_file_ref idref="fl-7"/>
      </object_component>
      <object_component id="oc-259">
         <name>.text:DMA_configWrap</name>
         <load_address>0x917f</load_address>
         <readonly>true</readonly>
         <executable>true</executable>
         <run_address>0x917f</run_address>
         <size>0x46</size>
         <alignment>0x1</alignment>
         <input_file_ref idref="fl-19"/>
      </object_component>
      <object_component id="oc-7e">
         <name>.text:SCI_clearInterruptStatus</name>
         <load_address>0x91c5</load_address>
         <readonly>true</readonly>
         <executable>true</executable>
         <run_address>0x91c5</run_address>
         <size>0x45</size>
         <alignment>0x1</alignment>
         <input_file_ref idref="fl-1c"/>
      </object_component>
      <object_component id="oc-58c">
         <name>.text:SCI_enableInterrupt</name>
         <load_address>0x920a</load_address>
         <readonly>true</readonly>
         <executable>true</executable>
         <run_address>0x920a</run_address>
         <size>0x44</size>
         <alignment>0x1</alignment>
         <input_file_ref idref="fl-1c"/>
      </object_component>
      <object_component id="oc-415">
         <name>.text:myMCUSignalSight0_transferLayer_SCI_init</name>
         <load_address>0x924e</load_address>
         <readonly>true</readonly>
         <executable>true</executable>
         <run_address>0x924e</run_address>
         <size>0x43</size>
         <alignment>0x1</alignment>
         <input_file_ref idref="fl-2"/>
      </object_component>
      <object_component id="oc-3a8">
         <name>.text:EPWM_setActionQualifierAction</name>
         <load_address>0x9291</load_address>
         <readonly>true</readonly>
         <executable>true</executable>
         <run_address>0x9291</run_address>
         <size>0x40</size>
         <alignment>0x1</alignment>
         <input_file_ref idref="fl-2"/>
      </object_component>
      <object_component id="oc-5e6">
         <name>.text:SysCtl_pollX1Counter</name>
         <load_address>0x92d1</load_address>
         <readonly>true</readonly>
         <executable>true</executable>
         <run_address>0x92d1</run_address>
         <size>0x40</size>
         <alignment>0x1</alignment>
         <input_file_ref idref="fl-1d"/>
      </object_component>
      <object_component id="oc-4ac">
         <name>.text:SysCtl_selectXTAL</name>
         <load_address>0x9311</load_address>
         <readonly>true</readonly>
         <executable>true</executable>
         <run_address>0x9311</run_address>
         <size>0x40</size>
         <alignment>0x1</alignment>
         <input_file_ref idref="fl-1d"/>
      </object_component>
      <object_component id="oc-39c">
         <name>.text:EPWM_setCounterCompareShadowLoadMode</name>
         <load_address>0x9351</load_address>
         <readonly>true</readonly>
         <executable>true</executable>
         <run_address>0x9351</run_address>
         <size>0x3e</size>
         <alignment>0x1</alignment>
         <input_file_ref idref="fl-2"/>
      </object_component>
      <object_component id="oc-57a">
         <name>.text:SCI_setConfig</name>
         <load_address>0x938f</load_address>
         <readonly>true</readonly>
         <executable>true</executable>
         <run_address>0x938f</run_address>
         <size>0x3e</size>
         <alignment>0x1</alignment>
         <input_file_ref idref="fl-1c"/>
      </object_component>
      <object_component id="oc-e6">
         <name>.text:Interrupt_initModule</name>
         <load_address>0x93cd</load_address>
         <readonly>true</readonly>
         <executable>true</executable>
         <run_address>0x93cd</run_address>
         <size>0x3d</size>
         <alignment>0x1</alignment>
         <input_file_ref idref="fl-1b"/>
      </object_component>
      <object_component id="oc-253">
         <name>.text:DMA_configTransfer</name>
         <load_address>0x940a</load_address>
         <readonly>true</readonly>
         <executable>true</executable>
         <run_address>0x940a</run_address>
         <size>0x3c</size>
         <alignment>0x1</alignment>
         <input_file_ref idref="fl-19"/>
      </object_component>
      <object_component id="oc-2a8">
         <name>.text:EXPORTPACKAGE_sendFloatArrayAsByteArray</name>
         <load_address>0x9446</load_address>
         <readonly>true</readonly>
         <executable>true</executable>
         <run_address>0x9446</run_address>
         <size>0x3c</size>
         <alignment>0x1</alignment>
         <input_file_ref idref="fl-6"/>
      </object_component>
      <object_component id="oc-25">
         <name>.text:INT_myMCUSignalSight0_transferLayer_SCI_TX_ISR</name>
         <load_address>0x9482</load_address>
         <readonly>true</readonly>
         <executable>true</executable>
         <run_address>0x9482</run_address>
         <size>0x3c</size>
         <alignment>0x1</alignment>
         <input_file_ref idref="fl-5"/>
      </object_component>
      <object_component id="oc-119">
         <name>.text:SOPWM_ReconfigDma</name>
         <load_address>0x94be</load_address>
         <readonly>true</readonly>
         <executable>true</executable>
         <run_address>0x94be</run_address>
         <size>0x3c</size>
         <alignment>0x1</alignment>
         <input_file_ref idref="fl-d"/>
      </object_component>
      <object_component id="oc-408">
         <name>.text:EPWM_setADCTriggerEventPrescale</name>
         <load_address>0x94fa</load_address>
         <readonly>true</readonly>
         <executable>true</executable>
         <run_address>0x94fa</run_address>
         <size>0x3a</size>
         <alignment>0x1</alignment>
         <input_file_ref idref="fl-2"/>
      </object_component>
      <object_component id="oc-3a2">
         <name>.text:EPWM_setActionQualifierShadowLoadMode</name>
         <load_address>0x9534</load_address>
         <readonly>true</readonly>
         <executable>true</executable>
         <run_address>0x9534</run_address>
         <size>0x3a</size>
         <alignment>0x1</alignment>
         <input_file_ref idref="fl-2"/>
      </object_component>
      <object_component id="oc-201">
         <name>.text:GPIO_setAnalogMode</name>
         <load_address>0x956e</load_address>
         <readonly>true</readonly>
         <executable>true</executable>
         <run_address>0x956e</run_address>
         <size>0x3a</size>
         <alignment>0x1</alignment>
         <input_file_ref idref="fl-1a"/>
      </object_component>
      <object_component id="oc-359">
         <name>.text:myDMA0_init</name>
         <load_address>0x95a8</load_address>
         <readonly>true</readonly>
         <executable>true</executable>
         <run_address>0x95a8</run_address>
         <size>0x39</size>
         <alignment>0x1</alignment>
         <input_file_ref idref="fl-2"/>
      </object_component>
      <object_component id="oc-35f">
         <name>.text:myDMA1_init</name>
         <load_address>0x95e1</load_address>
         <readonly>true</readonly>
         <executable>true</executable>
         <run_address>0x95e1</run_address>
         <size>0x39</size>
         <alignment>0x1</alignment>
         <input_file_ref idref="fl-2"/>
      </object_component>
      <object_component id="oc-365">
         <name>.text:myDMA2_init</name>
         <load_address>0x961a</load_address>
         <readonly>true</readonly>
         <executable>true</executable>
         <run_address>0x961a</run_address>
         <size>0x39</size>
         <alignment>0x1</alignment>
         <input_file_ref idref="fl-2"/>
      </object_component>
      <object_component id="oc-524">
         <name>.text:DMA_configBurst</name>
         <load_address>0x9653</load_address>
         <readonly>true</readonly>
         <executable>true</executable>
         <run_address>0x9653</run_address>
         <size>0x37</size>
         <alignment>0x1</alignment>
         <input_file_ref idref="fl-19"/>
      </object_component>
      <object_component id="oc-326">
         <name>.text:GPIO_setPinConfig</name>
         <load_address>0x968a</load_address>
         <readonly>true</readonly>
         <executable>true</executable>
         <run_address>0x968a</run_address>
         <size>0x37</size>
         <alignment>0x1</alignment>
         <input_file_ref idref="fl-1a"/>
      </object_component>
      <object_component id="oc-32c">
         <name>.text:GPIO_setQualificationMode</name>
         <load_address>0x96c1</load_address>
         <readonly>true</readonly>
         <executable>true</executable>
         <run_address>0x96c1</run_address>
         <size>0x37</size>
         <alignment>0x1</alignment>
         <input_file_ref idref="fl-1a"/>
      </object_component>
      <object_component id="oc-90">
         <name>.text:Interrupt_enable</name>
         <load_address>0x96f8</load_address>
         <readonly>true</readonly>
         <executable>true</executable>
         <run_address>0x96f8</run_address>
         <size>0x37</size>
         <alignment>0x1</alignment>
         <input_file_ref idref="fl-1b"/>
      </object_component>
      <object_component id="oc-281">
         <name>.text:sopwm_copy_rotated_phase</name>
         <load_address>0x972f</load_address>
         <readonly>true</readonly>
         <executable>true</executable>
         <run_address>0x972f</run_address>
         <size>0x37</size>
         <alignment>0x1</alignment>
         <input_file_ref idref="fl-d"/>
      </object_component>
      <object_component id="oc-12b">
         <name>.text:sopwm_apply_timing_change</name>
         <load_address>0x9766</load_address>
         <readonly>true</readonly>
         <executable>true</executable>
         <run_address>0x9766</run_address>
         <size>0x36</size>
         <alignment>0x1</alignment>
         <input_file_ref idref="fl-9"/>
      </object_component>
      <object_component id="oc-1fb">
         <name>.text:GPIO_setDirectionMode</name>
         <load_address>0x979c</load_address>
         <readonly>true</readonly>
         <executable>true</executable>
         <run_address>0x979c</run_address>
         <size>0x31</size>
         <alignment>0x1</alignment>
         <input_file_ref idref="fl-1a"/>
      </object_component>
      <object_component id="oc-13">
         <name>.text:decompress:lzss</name>
         <load_address>0x97cd</load_address>
         <readonly>true</readonly>
         <executable>true</executable>
         <run_address>0x97cd</run_address>
         <size>0x2e</size>
         <alignment>0x1</alignment>
         <input_file_ref idref="fl-31"/>
      </object_component>
      <object_component id="oc-219">
         <name>.text:INPUTXBAR_init</name>
         <load_address>0x97fb</load_address>
         <readonly>true</readonly>
         <executable>true</executable>
         <run_address>0x97fb</run_address>
         <size>0x5</size>
         <alignment>0x1</alignment>
         <input_file_ref idref="fl-2"/>
      </object_component>
      <object_component id="oc-c2">
         <name>.text:sopwm_repoint_dma</name>
         <load_address>0x9800</load_address>
         <readonly>true</readonly>
         <executable>true</executable>
         <run_address>0x9800</run_address>
         <size>0x2e</size>
         <alignment>0x1</alignment>
         <input_file_ref idref="fl-9"/>
      </object_component>
      <object_component id="oc-3b4">
         <name>.text:EPWM_setDeadBandDelayMode</name>
         <load_address>0x982e</load_address>
         <readonly>true</readonly>
         <executable>true</executable>
         <run_address>0x982e</run_address>
         <size>0x2c</size>
         <alignment>0x1</alignment>
         <input_file_ref idref="fl-2"/>
      </object_component>
      <object_component id="oc-53f">
         <name>.text:EPWM_isBaseValid</name>
         <load_address>0x985a</load_address>
         <readonly>true</readonly>
         <executable>true</executable>
         <run_address>0x985a</run_address>
         <size>0x2b</size>
         <alignment>0x1</alignment>
         <input_file_ref idref="fl-2"/>
      </object_component>
      <object_component id="oc-1b6">
         <name>.text:EPWM_isBaseValid</name>
         <load_address>0x9885</load_address>
         <readonly>true</readonly>
         <executable>true</executable>
         <run_address>0x9885</run_address>
         <size>0x2b</size>
         <alignment>0x1</alignment>
         <input_file_ref idref="fl-9"/>
      </object_component>
      <object_component id="oc-46f">
         <name>.text:__TI_auto_init_nobinit_nopinit</name>
         <load_address>0x98b0</load_address>
         <readonly>true</readonly>
         <executable>true</executable>
         <run_address>0x98b0</run_address>
         <size>0x2b</size>
         <alignment>0x1</alignment>
         <input_file_ref idref="fl-2e"/>
      </object_component>
      <object_component id="oc-2d6">
         <name>.text</name>
         <load_address>0x98db</load_address>
         <readonly>true</readonly>
         <executable>true</executable>
         <run_address>0x98db</run_address>
         <size>0x29</size>
         <alignment>0x1</alignment>
         <input_file_ref idref="fl-32"/>
      </object_component>
      <object_component id="oc-3f6">
         <name>.text:EPWM_setInterruptEventCount</name>
         <load_address>0x9904</load_address>
         <readonly>true</readonly>
         <executable>true</executable>
         <run_address>0x9904</run_address>
         <size>0x28</size>
         <alignment>0x1</alignment>
         <input_file_ref idref="fl-2"/>
      </object_component>
      <object_component id="oc-390">
         <name>.text:EPWM_setSyncOutPulseMode</name>
         <load_address>0x992c</load_address>
         <readonly>true</readonly>
         <executable>true</executable>
         <run_address>0x992c</run_address>
         <size>0x27</size>
         <alignment>0x1</alignment>
         <input_file_ref idref="fl-2"/>
      </object_component>
      <object_component id="oc-346">
         <name>.text:SysCtl_setSyncInputConfig</name>
         <load_address>0x9953</load_address>
         <readonly>true</readonly>
         <executable>true</executable>
         <run_address>0x9953</run_address>
         <size>0x27</size>
         <alignment>0x1</alignment>
         <input_file_ref idref="fl-2"/>
      </object_component>
      <object_component id="oc-592">
         <name>.text:SCI_setFIFOInterruptLevel</name>
         <load_address>0x997a</load_address>
         <readonly>true</readonly>
         <executable>true</executable>
         <run_address>0x997a</run_address>
         <size>0x26</size>
         <alignment>0x1</alignment>
         <input_file_ref idref="fl-2"/>
      </object_component>
      <object_component id="oc-113">
         <name>.text:DMA_configAddresses</name>
         <load_address>0x99a0</load_address>
         <readonly>true</readonly>
         <executable>true</executable>
         <run_address>0x99a0</run_address>
         <size>0x25</size>
         <alignment>0x1</alignment>
         <input_file_ref idref="fl-19"/>
      </object_component>
      <object_component id="oc-b0">
         <name>.text:GPIO_writePin</name>
         <load_address>0x99c5</load_address>
         <readonly>true</readonly>
         <executable>true</executable>
         <run_address>0x99c5</run_address>
         <size>0x25</size>
         <alignment>0x1</alignment>
         <input_file_ref idref="fl-9"/>
      </object_component>
      <object_component id="oc-4b2">
         <name>.text:SysCtl_selectXTALSingleEnded</name>
         <load_address>0x99ea</load_address>
         <readonly>true</readonly>
         <executable>true</executable>
         <run_address>0x99ea</run_address>
         <size>0x25</size>
         <alignment>0x1</alignment>
         <input_file_ref idref="fl-1d"/>
      </object_component>
      <object_component id="oc-4ef">
         <name>.text:DCC_enableSingleShotMode</name>
         <load_address>0x9a0f</load_address>
         <readonly>true</readonly>
         <executable>true</executable>
         <run_address>0x9a0f</run_address>
         <size>0x24</size>
         <alignment>0x1</alignment>
         <input_file_ref idref="fl-1d"/>
      </object_component>
      <object_component id="oc-3ae">
         <name>.text:EPWM_setDeadBandDelayPolarity</name>
         <load_address>0x9a33</load_address>
         <readonly>true</readonly>
         <executable>true</executable>
         <run_address>0x9a33</run_address>
         <size>0x24</size>
         <alignment>0x1</alignment>
         <input_file_ref idref="fl-2"/>
      </object_component>
      <object_component id="oc-60b">
         <name>.text:DMA_isBaseValid</name>
         <load_address>0x9a57</load_address>
         <readonly>true</readonly>
         <executable>true</executable>
         <run_address>0x9a57</run_address>
         <size>0x23</size>
         <alignment>0x1</alignment>
         <input_file_ref idref="fl-2"/>
      </object_component>
      <object_component id="oc-24a">
         <name>.text:DMA_isBaseValid</name>
         <load_address>0x9a7a</load_address>
         <readonly>true</readonly>
         <executable>true</executable>
         <run_address>0x9a7a</run_address>
         <size>0x23</size>
         <alignment>0x1</alignment>
         <input_file_ref idref="fl-19"/>
      </object_component>
      <object_component id="oc-260">
         <name>.text:DMA_isBaseValid</name>
         <load_address>0x9a9d</load_address>
         <readonly>true</readonly>
         <executable>true</executable>
         <run_address>0x9a9d</run_address>
         <size>0x23</size>
         <alignment>0x1</alignment>
         <input_file_ref idref="fl-9"/>
      </object_component>
      <object_component id="oc-bc">
         <name>.text:EPWM_getCounterCompareValue</name>
         <load_address>0x9ac0</load_address>
         <readonly>true</readonly>
         <executable>true</executable>
         <run_address>0x9ac0</run_address>
         <size>0x22</size>
         <alignment>0x1</alignment>
         <input_file_ref idref="fl-9"/>
      </object_component>
      <object_component id="oc-396">
         <name>.text:EPWM_setCounterCompareValue</name>
         <load_address>0x9ae2</load_address>
         <readonly>true</readonly>
         <executable>true</executable>
         <run_address>0x9ae2</run_address>
         <size>0x22</size>
         <alignment>0x1</alignment>
         <input_file_ref idref="fl-2"/>
      </object_component>
      <object_component id="oc-45b">
         <name>.text:f32toBytes</name>
         <load_address>0x9b04</load_address>
         <readonly>true</readonly>
         <executable>true</executable>
         <run_address>0x9b04</run_address>
         <size>0x21</size>
         <alignment>0x1</alignment>
         <input_file_ref idref="fl-4"/>
      </object_component>
      <object_component id="oc-512">
         <name>.text:XBAR_setInputPin</name>
         <load_address>0x9b25</load_address>
         <readonly>true</readonly>
         <executable>true</executable>
         <run_address>0x9b25</run_address>
         <size>0x20</size>
         <alignment>0x1</alignment>
         <input_file_ref idref="fl-2"/>
      </object_component>
      <object_component id="oc-5e">
         <name>.text</name>
         <load_address>0x9b45</load_address>
         <readonly>true</readonly>
         <executable>true</executable>
         <run_address>0x9b45</run_address>
         <size>0x20</size>
         <alignment>0x1</alignment>
         <input_file_ref idref="fl-38"/>
      </object_component>
      <object_component id="oc-3cc">
         <name>.text:EPWM_setFallingEdgeDelayCountShadowLoadMode</name>
         <load_address>0x9b65</load_address>
         <readonly>true</readonly>
         <executable>true</executable>
         <run_address>0x9b65</run_address>
         <size>0x1f</size>
         <alignment>0x1</alignment>
         <input_file_ref idref="fl-2"/>
      </object_component>
      <object_component id="oc-3ba">
         <name>.text:EPWM_setRisingEdgeDelayCountShadowLoadMode</name>
         <load_address>0x9b84</load_address>
         <readonly>true</readonly>
         <executable>true</executable>
         <run_address>0x9b84</run_address>
         <size>0x1f</size>
         <alignment>0x1</alignment>
         <input_file_ref idref="fl-2"/>
      </object_component>
      <object_component id="oc-a9">
         <name>.text:EXPORT_receivedData</name>
         <load_address>0x9ba3</load_address>
         <readonly>true</readonly>
         <executable>true</executable>
         <run_address>0x9ba3</run_address>
         <size>0x1f</size>
         <alignment>0x1</alignment>
         <input_file_ref idref="fl-6"/>
      </object_component>
      <object_component id="oc-4e3">
         <name>.text:DCC_setCounter1ClkSource</name>
         <load_address>0x9bc2</load_address>
         <readonly>true</readonly>
         <executable>true</executable>
         <run_address>0x9bc2</run_address>
         <size>0x1e</size>
         <alignment>0x1</alignment>
         <input_file_ref idref="fl-1d"/>
      </object_component>
      <object_component id="oc-38a">
         <name>.text:EPWM_setPhaseShift</name>
         <load_address>0x9be0</load_address>
         <readonly>true</readonly>
         <executable>true</executable>
         <run_address>0x9be0</run_address>
         <size>0x1e</size>
         <alignment>0x1</alignment>
         <input_file_ref idref="fl-2"/>
      </object_component>
      <object_component id="oc-49">
         <name>.text:Interrupt_initVectorTable</name>
         <load_address>0x9bfe</load_address>
         <readonly>true</readonly>
         <executable>true</executable>
         <run_address>0x9bfe</run_address>
         <size>0x1e</size>
         <alignment>0x1</alignment>
         <input_file_ref idref="fl-1b"/>
      </object_component>
      <object_component id="oc-21f">
         <name>.text:SYNC_init</name>
         <load_address>0x9c1c</load_address>
         <readonly>true</readonly>
         <executable>true</executable>
         <run_address>0x9c1c</run_address>
         <size>0x1e</size>
         <alignment>0x1</alignment>
         <input_file_ref idref="fl-2"/>
      </object_component>
      <object_component id="oc-3d8">
         <name>.text:EPWM_setFallingEdgeDelayCount</name>
         <load_address>0x9c3a</load_address>
         <readonly>true</readonly>
         <executable>true</executable>
         <run_address>0x9c3a</run_address>
         <size>0x1d</size>
         <alignment>0x1</alignment>
         <input_file_ref idref="fl-2"/>
      </object_component>
      <object_component id="oc-3c6">
         <name>.text:EPWM_setRisingEdgeDelayCount</name>
         <load_address>0x9c57</load_address>
         <readonly>true</readonly>
         <executable>true</executable>
         <run_address>0x9c57</run_address>
         <size>0x1d</size>
         <alignment>0x1</alignment>
         <input_file_ref idref="fl-2"/>
      </object_component>
      <object_component id="oc-598">
         <name>.text:SCI_enableFIFO</name>
         <load_address>0x9c74</load_address>
         <readonly>true</readonly>
         <executable>true</executable>
         <run_address>0x9c74</run_address>
         <size>0x1d</size>
         <alignment>0x1</alignment>
         <input_file_ref idref="fl-2"/>
      </object_component>
      <object_component id="oc-10a">
         <name>.text:SOPWM_InitSchedule</name>
         <load_address>0x9c91</load_address>
         <readonly>true</readonly>
         <executable>true</executable>
         <run_address>0x9c91</run_address>
         <size>0x1d</size>
         <alignment>0x1</alignment>
         <input_file_ref idref="fl-d"/>
      </object_component>
      <object_component id="oc-4dd">
         <name>.text:DCC_setCounter0ClkSource</name>
         <load_address>0x9cae</load_address>
         <readonly>true</readonly>
         <executable>true</executable>
         <run_address>0x9cae</run_address>
         <size>0x1c</size>
         <alignment>0x1</alignment>
         <input_file_ref idref="fl-1d"/>
      </object_component>
      <object_component id="oc-3fc">
         <name>.text:EPWM_enableADCTrigger</name>
         <load_address>0x9cca</load_address>
         <readonly>true</readonly>
         <executable>true</executable>
         <run_address>0x9cca</run_address>
         <size>0x1c</size>
         <alignment>0x1</alignment>
         <input_file_ref idref="fl-2"/>
      </object_component>
      <object_component id="oc-36c">
         <name>.text:EPWM_setClockPrescaler</name>
         <load_address>0x9ce6</load_address>
         <readonly>true</readonly>
         <executable>true</executable>
         <run_address>0x9ce6</run_address>
         <size>0x1c</size>
         <alignment>0x1</alignment>
         <input_file_ref idref="fl-2"/>
      </object_component>
      <object_component id="oc-3de">
         <name>.text:EPWM_setDeadBandControlShadowLoadMode</name>
         <load_address>0x9d02</load_address>
         <readonly>true</readonly>
         <executable>true</executable>
         <run_address>0x9d02</run_address>
         <size>0x1b</size>
         <alignment>0x1</alignment>
         <input_file_ref idref="fl-2"/>
      </object_component>
      <object_component id="oc-1dd">
         <name>.text:SysCtl_getLowSpeedClock</name>
         <load_address>0x9d1d</load_address>
         <readonly>true</readonly>
         <executable>true</executable>
         <run_address>0x9d1d</run_address>
         <size>0x1a</size>
         <alignment>0x1</alignment>
         <input_file_ref idref="fl-1d"/>
      </object_component>
      <object_component id="oc-26">
         <name>.text:INTERRUPT_init</name>
         <load_address>0x9d37</load_address>
         <readonly>true</readonly>
         <executable>true</executable>
         <run_address>0x9d37</run_address>
         <size>0x19</size>
         <alignment>0x1</alignment>
         <input_file_ref idref="fl-2"/>
      </object_component>
      <object_component id="oc-5b4">
         <name>.text:SCI_writeCharBlockingFIFO</name>
         <load_address>0x9d50</load_address>
         <readonly>true</readonly>
         <executable>true</executable>
         <run_address>0x9d50</run_address>
         <size>0x19</size>
         <alignment>0x1</alignment>
         <input_file_ref idref="fl-5"/>
      </object_component>
      <object_component id="oc-3e4">
         <name>.text:EPWM_disableDeadBandControlShadowLoadMode</name>
         <load_address>0x9d69</load_address>
         <readonly>true</readonly>
         <executable>true</executable>
         <run_address>0x9d69</run_address>
         <size>0x18</size>
         <alignment>0x1</alignment>
         <input_file_ref idref="fl-2"/>
      </object_component>
      <object_component id="oc-3d2">
         <name>.text:EPWM_disableFallingEdgeDelayCountShadowLoadMode</name>
         <load_address>0x9d81</load_address>
         <readonly>true</readonly>
         <executable>true</executable>
         <run_address>0x9d81</run_address>
         <size>0x18</size>
         <alignment>0x1</alignment>
         <input_file_ref idref="fl-2"/>
      </object_component>
      <object_component id="oc-3c0">
         <name>.text:EPWM_disableRisingEdgeDelayCountShadowLoadMode</name>
         <load_address>0x9d99</load_address>
         <readonly>true</readonly>
         <executable>true</executable>
         <run_address>0x9d99</run_address>
         <size>0x18</size>
         <alignment>0x1</alignment>
         <input_file_ref idref="fl-2"/>
      </object_component>
      <object_component id="oc-61e">
         <name>.text:SCI_disableModule</name>
         <load_address>0x9db1</load_address>
         <readonly>true</readonly>
         <executable>true</executable>
         <run_address>0x9db1</run_address>
         <size>0x18</size>
         <alignment>0x1</alignment>
         <input_file_ref idref="fl-1c"/>
      </object_component>
      <object_component id="oc-586">
         <name>.text:SCI_performSoftwareReset</name>
         <load_address>0x9dc9</load_address>
         <readonly>true</readonly>
         <executable>true</executable>
         <run_address>0x9dc9</run_address>
         <size>0x18</size>
         <alignment>0x1</alignment>
         <input_file_ref idref="fl-2"/>
      </object_component>
      <object_component id="oc-17d">
         <name>.text:SCI_performSoftwareReset</name>
         <load_address>0x9de1</load_address>
         <readonly>true</readonly>
         <executable>true</executable>
         <run_address>0x9de1</run_address>
         <size>0x18</size>
         <alignment>0x1</alignment>
         <input_file_ref idref="fl-1c"/>
      </object_component>
      <object_component id="oc-574">
         <name>.text:SCI_resetChannels</name>
         <load_address>0x9df9</load_address>
         <readonly>true</readonly>
         <executable>true</executable>
         <run_address>0x9df9</run_address>
         <size>0x18</size>
         <alignment>0x1</alignment>
         <input_file_ref idref="fl-2"/>
      </object_component>
      <object_component id="oc-56e">
         <name>.text:SCI_resetRxFIFO</name>
         <load_address>0x9e11</load_address>
         <readonly>true</readonly>
         <executable>true</executable>
         <run_address>0x9e11</run_address>
         <size>0x18</size>
         <alignment>0x1</alignment>
         <input_file_ref idref="fl-2"/>
      </object_component>
      <object_component id="oc-568">
         <name>.text:SCI_resetTxFIFO</name>
         <load_address>0x9e29</load_address>
         <readonly>true</readonly>
         <executable>true</executable>
         <run_address>0x9e29</run_address>
         <size>0x18</size>
         <alignment>0x1</alignment>
         <input_file_ref idref="fl-2"/>
      </object_component>
      <object_component id="oc-f2">
         <name>.text:SysCtl_disablePeripheral</name>
         <load_address>0x9e41</load_address>
         <readonly>true</readonly>
         <executable>true</executable>
         <run_address>0x9e41</run_address>
         <size>0x18</size>
         <alignment>0x1</alignment>
         <input_file_ref idref="fl-9"/>
      </object_component>
      <object_component id="oc-30f">
         <name>.text:SysCtl_enablePeripheral</name>
         <load_address>0x9e59</load_address>
         <readonly>true</readonly>
         <executable>true</executable>
         <run_address>0x9e59</run_address>
         <size>0x17</size>
         <alignment>0x1</alignment>
         <input_file_ref idref="fl-a"/>
      </object_component>
      <object_component id="oc-4b9">
         <name>.text:SysCtl_enablePeripheral</name>
         <load_address>0x9e70</load_address>
         <readonly>true</readonly>
         <executable>true</executable>
         <run_address>0x9e70</run_address>
         <size>0x17</size>
         <alignment>0x1</alignment>
         <input_file_ref idref="fl-1d"/>
      </object_component>
      <object_component id="oc-125">
         <name>.text:SysCtl_enablePeripheral</name>
         <load_address>0x9e87</load_address>
         <readonly>true</readonly>
         <executable>true</executable>
         <run_address>0x9e87</run_address>
         <size>0x17</size>
         <alignment>0x1</alignment>
         <input_file_ref idref="fl-9"/>
      </object_component>
      <object_component id="oc-162">
         <name>.text</name>
         <load_address>0x9e9e</load_address>
         <readonly>true</readonly>
         <executable>true</executable>
         <run_address>0x9e9e</run_address>
         <size>0x17</size>
         <alignment>0x1</alignment>
         <input_file_ref idref="fl-29"/>
      </object_component>
      <object_component id="oc-4d7">
         <name>.text:DCC_disableDoneSignal</name>
         <load_address>0x9eb5</load_address>
         <readonly>true</readonly>
         <executable>true</executable>
         <run_address>0x9eb5</run_address>
         <size>0x16</size>
         <alignment>0x1</alignment>
         <input_file_ref idref="fl-1d"/>
      </object_component>
      <object_component id="oc-4fb">
         <name>.text:DCC_enableDoneSignal</name>
         <load_address>0x9ecb</load_address>
         <readonly>true</readonly>
         <executable>true</executable>
         <run_address>0x9ecb</run_address>
         <size>0x16</size>
         <alignment>0x1</alignment>
         <input_file_ref idref="fl-1d"/>
      </object_component>
      <object_component id="oc-43">
         <name>.text:Interrupt_defaultHandler</name>
         <load_address>0x9ee1</load_address>
         <readonly>true</readonly>
         <executable>true</executable>
         <run_address>0x9ee1</run_address>
         <size>0x16</size>
         <alignment>0x1</alignment>
         <input_file_ref idref="fl-1b"/>
      </object_component>
      <object_component id="oc-4c5">
         <name>.text:DCC_clearDoneFlag</name>
         <load_address>0x9ef7</load_address>
         <readonly>true</readonly>
         <executable>true</executable>
         <run_address>0x9ef7</run_address>
         <size>0x15</size>
         <alignment>0x1</alignment>
         <input_file_ref idref="fl-1d"/>
      </object_component>
      <object_component id="oc-4bf">
         <name>.text:DCC_clearErrorFlag</name>
         <load_address>0x9f0c</load_address>
         <readonly>true</readonly>
         <executable>true</executable>
         <run_address>0x9f0c</run_address>
         <size>0x15</size>
         <alignment>0x1</alignment>
         <input_file_ref idref="fl-1d"/>
      </object_component>
      <object_component id="oc-4d1">
         <name>.text:DCC_disableErrorSignal</name>
         <load_address>0x9f21</load_address>
         <readonly>true</readonly>
         <executable>true</executable>
         <run_address>0x9f21</run_address>
         <size>0x15</size>
         <alignment>0x1</alignment>
         <input_file_ref idref="fl-1d"/>
      </object_component>
      <object_component id="oc-4f5">
         <name>.text:DCC_enableErrorSignal</name>
         <load_address>0x9f36</load_address>
         <readonly>true</readonly>
         <executable>true</executable>
         <run_address>0x9f36</run_address>
         <size>0x15</size>
         <alignment>0x1</alignment>
         <input_file_ref idref="fl-1d"/>
      </object_component>
      <object_component id="oc-51e">
         <name>.text:DMA_setEmulationMode</name>
         <load_address>0x9f4b</load_address>
         <readonly>true</readonly>
         <executable>true</executable>
         <run_address>0x9f4b</run_address>
         <size>0x15</size>
         <alignment>0x1</alignment>
         <input_file_ref idref="fl-2"/>
      </object_component>
      <object_component id="oc-11f">
         <name>.text:DMA_startChannel</name>
         <load_address>0x9f60</load_address>
         <readonly>true</readonly>
         <executable>true</executable>
         <run_address>0x9f60</run_address>
         <size>0x15</size>
         <alignment>0x1</alignment>
         <input_file_ref idref="fl-9"/>
      </object_component>
      <object_component id="oc-536">
         <name>.text:DMA_stopChannel</name>
         <load_address>0x9f75</load_address>
         <readonly>true</readonly>
         <executable>true</executable>
         <run_address>0x9f75</run_address>
         <size>0x15</size>
         <alignment>0x1</alignment>
         <input_file_ref idref="fl-2"/>
      </object_component>
      <object_component id="oc-268">
         <name>.text:DMA_stopChannel</name>
         <load_address>0x9f8a</load_address>
         <readonly>true</readonly>
         <executable>true</executable>
         <run_address>0x9f8a</run_address>
         <size>0x15</size>
         <alignment>0x1</alignment>
         <input_file_ref idref="fl-9"/>
      </object_component>
      <object_component id="oc-209">
         <name>.text:GPIO_unlockPortConfig</name>
         <load_address>0x9f9f</load_address>
         <readonly>true</readonly>
         <executable>true</executable>
         <run_address>0x9f9f</run_address>
         <size>0x15</size>
         <alignment>0x1</alignment>
         <input_file_ref idref="fl-a"/>
      </object_component>
      <object_component id="oc-4cb">
         <name>.text:DCC_disableModule</name>
         <load_address>0x9fb4</load_address>
         <readonly>true</readonly>
         <executable>true</executable>
         <run_address>0x9fb4</run_address>
         <size>0x14</size>
         <alignment>0x1</alignment>
         <input_file_ref idref="fl-1d"/>
      </object_component>
      <object_component id="oc-501">
         <name>.text:DCC_enableModule</name>
         <load_address>0x9fc8</load_address>
         <readonly>true</readonly>
         <executable>true</executable>
         <run_address>0x9fc8</run_address>
         <size>0x14</size>
         <alignment>0x1</alignment>
         <input_file_ref idref="fl-1d"/>
      </object_component>
      <object_component id="oc-37e">
         <name>.text:EPWM_setTimeBaseCounterMode</name>
         <load_address>0x9fdc</load_address>
         <readonly>true</readonly>
         <executable>true</executable>
         <run_address>0x9fdc</run_address>
         <size>0x14</size>
         <alignment>0x1</alignment>
         <input_file_ref idref="fl-2"/>
      </object_component>
      <object_component id="oc-5f5">
         <name>.text:DCC_isBaseValid</name>
         <load_address>0x9ff0</load_address>
         <readonly>true</readonly>
         <executable>true</executable>
         <run_address>0x9ff0</run_address>
         <size>0x10</size>
         <alignment>0x1</alignment>
         <input_file_ref idref="fl-1d"/>
      </object_component>
      <object_component id="oc-372">
         <name>.text:EPWM_setTimeBasePeriod</name>
         <load_address>0xa000</load_address>
         <readonly>true</readonly>
         <executable>true</executable>
         <run_address>0xa000</run_address>
         <size>0x14</size>
         <alignment>0x1</alignment>
         <input_file_ref idref="fl-2"/>
      </object_component>
      <object_component id="oc-317">
         <name>.text:GPIO_isPinValid</name>
         <load_address>0xa014</load_address>
         <readonly>true</readonly>
         <executable>true</executable>
         <run_address>0xa014</run_address>
         <size>0x14</size>
         <alignment>0x1</alignment>
         <input_file_ref idref="fl-1a"/>
      </object_component>
      <object_component id="oc-1ac">
         <name>.text:GPIO_isPinValid</name>
         <load_address>0xa028</load_address>
         <readonly>true</readonly>
         <executable>true</executable>
         <run_address>0xa028</run_address>
         <size>0x14</size>
         <alignment>0x1</alignment>
         <input_file_ref idref="fl-9"/>
      </object_component>
      <object_component id="oc-634">
         <name>.text:SCI_getTxFIFOStatus</name>
         <load_address>0xa03c</load_address>
         <readonly>true</readonly>
         <executable>true</executable>
         <run_address>0xa03c</run_address>
         <size>0x14</size>
         <alignment>0x1</alignment>
         <input_file_ref idref="fl-5"/>
      </object_component>
      <object_component id="oc-1e3">
         <name>.text:SysCtl_deviceCal</name>
         <load_address>0xa050</load_address>
         <readonly>true</readonly>
         <executable>true</executable>
         <run_address>0xa050</run_address>
         <size>0x14</size>
         <alignment>0x1</alignment>
         <input_file_ref idref="fl-a"/>
      </object_component>
      <object_component id="oc-530">
         <name>.text:DMA_enableTrigger</name>
         <load_address>0xa064</load_address>
         <readonly>true</readonly>
         <executable>true</executable>
         <run_address>0xa064</run_address>
         <size>0x13</size>
         <alignment>0x1</alignment>
         <input_file_ref idref="fl-2"/>
      </object_component>
      <object_component id="oc-c8">
         <name>.text:EPWM_clearEventTriggerInterruptFlag</name>
         <load_address>0xa077</load_address>
         <readonly>true</readonly>
         <executable>true</executable>
         <run_address>0xa077</run_address>
         <size>0x13</size>
         <alignment>0x1</alignment>
         <input_file_ref idref="fl-9"/>
      </object_component>
      <object_component id="oc-3ea">
         <name>.text:EPWM_enableInterrupt</name>
         <load_address>0xa08a</load_address>
         <readonly>true</readonly>
         <executable>true</executable>
         <run_address>0xa08a</run_address>
         <size>0x13</size>
         <alignment>0x1</alignment>
         <input_file_ref idref="fl-2"/>
      </object_component>
      <object_component id="oc-562">
         <name>.text:SCI_clearOverflowStatus</name>
         <load_address>0xa09d</load_address>
         <readonly>true</readonly>
         <executable>true</executable>
         <run_address>0xa09d</run_address>
         <size>0x13</size>
         <alignment>0x1</alignment>
         <input_file_ref idref="fl-2"/>
      </object_component>
      <object_component id="oc-78">
         <name>.text:SCI_clearOverflowStatus</name>
         <load_address>0xa0b0</load_address>
         <readonly>true</readonly>
         <executable>true</executable>
         <run_address>0xa0b0</run_address>
         <size>0x13</size>
         <alignment>0x1</alignment>
         <input_file_ref idref="fl-5"/>
      </object_component>
      <object_component id="oc-59e">
         <name>.text:SCI_enableModule</name>
         <load_address>0xa0c3</load_address>
         <readonly>true</readonly>
         <executable>true</executable>
         <run_address>0xa0c3</run_address>
         <size>0x13</size>
         <alignment>0x1</alignment>
         <input_file_ref idref="fl-2"/>
      </object_component>
      <object_component id="oc-624">
         <name>.text:SCI_enableModule</name>
         <load_address>0xa0d6</load_address>
         <readonly>true</readonly>
         <executable>true</executable>
         <run_address>0xa0d6</run_address>
         <size>0x13</size>
         <alignment>0x1</alignment>
         <input_file_ref idref="fl-1c"/>
      </object_component>
      <object_component id="oc-614">
         <name>.text:SCI_isBaseValid</name>
         <load_address>0xa0e9</load_address>
         <readonly>true</readonly>
         <executable>true</executable>
         <run_address>0xa0e9</run_address>
         <size>0x13</size>
         <alignment>0x1</alignment>
         <input_file_ref idref="fl-2"/>
      </object_component>
      <object_component id="oc-176">
         <name>.text:SCI_isBaseValid</name>
         <load_address>0xa0fc</load_address>
         <readonly>true</readonly>
         <executable>true</executable>
         <run_address>0xa0fc</run_address>
         <size>0x13</size>
         <alignment>0x1</alignment>
         <input_file_ref idref="fl-1c"/>
      </object_component>
      <object_component id="oc-168">
         <name>.text:SCI_isBaseValid</name>
         <load_address>0xa10f</load_address>
         <readonly>true</readonly>
         <executable>true</executable>
         <run_address>0xa10f</run_address>
         <size>0x13</size>
         <alignment>0x1</alignment>
         <input_file_ref idref="fl-5"/>
      </object_component>
      <object_component id="oc-378">
         <name>.text:EPWM_setTimeBaseCounter</name>
         <load_address>0xa122</load_address>
         <readonly>true</readonly>
         <executable>true</executable>
         <run_address>0xa122</run_address>
         <size>0x12</size>
         <alignment>0x1</alignment>
         <input_file_ref idref="fl-2"/>
      </object_component>
      <object_component id="oc-296">
         <name>.text:SIGNALSIGHT_sendAcknowledge</name>
         <load_address>0xa134</load_address>
         <readonly>true</readonly>
         <executable>true</executable>
         <run_address>0xa134</run_address>
         <size>0x12</size>
         <alignment>0x1</alignment>
         <input_file_ref idref="fl-7"/>
      </object_component>
      <object_component id="oc-340">
         <name>.text:SysCtl_setSyncOutputConfig</name>
         <load_address>0xa146</load_address>
         <readonly>true</readonly>
         <executable>true</executable>
         <run_address>0xa146</run_address>
         <size>0x12</size>
         <alignment>0x1</alignment>
         <input_file_ref idref="fl-2"/>
      </object_component>
      <object_component id="oc-2d0">
         <name>.text</name>
         <load_address>0xa158</load_address>
         <readonly>true</readonly>
         <executable>true</executable>
         <run_address>0xa158</run_address>
         <size>0x12</size>
         <alignment>0x1</alignment>
         <input_file_ref idref="fl-34"/>
      </object_component>
      <object_component id="oc-f8">
         <name>.text:Board_init</name>
         <load_address>0xa16a</load_address>
         <readonly>true</readonly>
         <executable>true</executable>
         <run_address>0xa16a</run_address>
         <size>0x11</size>
         <alignment>0x1</alignment>
         <input_file_ref idref="fl-2"/>
      </object_component>
      <object_component id="oc-384">
         <name>.text:EPWM_disablePhaseShiftLoad</name>
         <load_address>0xa17b</load_address>
         <readonly>true</readonly>
         <executable>true</executable>
         <run_address>0xa17b</run_address>
         <size>0x11</size>
         <alignment>0x1</alignment>
         <input_file_ref idref="fl-2"/>
      </object_component>
      <object_component id="oc-40e">
         <name>.text:EPWM_enablePhaseShiftLoad</name>
         <load_address>0xa18c</load_address>
         <readonly>true</readonly>
         <executable>true</executable>
         <run_address>0xa18c</run_address>
         <size>0x11</size>
         <alignment>0x1</alignment>
         <input_file_ref idref="fl-2"/>
      </object_component>
      <object_component id="oc-580">
         <name>.text:SCI_disableLoopback</name>
         <load_address>0xa19d</load_address>
         <readonly>true</readonly>
         <executable>true</executable>
         <run_address>0xa19d</run_address>
         <size>0x11</size>
         <alignment>0x1</alignment>
         <input_file_ref idref="fl-2"/>
      </object_component>
      <object_component id="oc-a0">
         <name>.text:SCI_readCharNonBlocking</name>
         <load_address>0xa1ae</load_address>
         <readonly>true</readonly>
         <executable>true</executable>
         <run_address>0xa1ae</run_address>
         <size>0x11</size>
         <alignment>0x1</alignment>
         <input_file_ref idref="fl-5"/>
      </object_component>
      <object_component id="oc-b6">
         <name>.text:SOPWM_schedISR</name>
         <load_address>0xa1bf</load_address>
         <readonly>true</readonly>
         <executable>true</executable>
         <run_address>0xa1bf</run_address>
         <size>0x11</size>
         <alignment>0x1</alignment>
         <input_file_ref idref="fl-d"/>
      </object_component>
      <object_component id="oc-e0">
         <name>.text:Device_initGPIO</name>
         <load_address>0xa1d0</load_address>
         <readonly>true</readonly>
         <executable>true</executable>
         <run_address>0xa1d0</run_address>
         <size>0x10</size>
         <alignment>0x1</alignment>
         <input_file_ref idref="fl-a"/>
      </object_component>
      <object_component id="oc-1ef">
         <name>.text:ASysCtl_disableDCDC</name>
         <load_address>0xa1e0</load_address>
         <readonly>true</readonly>
         <executable>true</executable>
         <run_address>0xa1e0</run_address>
         <size>0xf</size>
         <alignment>0x1</alignment>
         <input_file_ref idref="fl-a"/>
      </object_component>
      <object_component id="oc-8a">
         <name>.text:Interrupt_register</name>
         <load_address>0xa1ef</load_address>
         <readonly>true</readonly>
         <executable>true</executable>
         <run_address>0xa1ef</run_address>
         <size>0xf</size>
         <alignment>0x1</alignment>
         <input_file_ref idref="fl-2"/>
      </object_component>
      <object_component id="oc-ec">
         <name>.text:Interrupt_register</name>
         <load_address>0xa1fe</load_address>
         <readonly>true</readonly>
         <executable>true</executable>
         <run_address>0xa1fe</run_address>
         <size>0xf</size>
         <alignment>0x1</alignment>
         <input_file_ref idref="fl-9"/>
      </object_component>
      <object_component id="oc-443">
         <name>.text:SIGNALSIGHT_getVariableAddressAtHashIndex</name>
         <load_address>0xa20d</load_address>
         <readonly>true</readonly>
         <executable>true</executable>
         <run_address>0xa20d</run_address>
         <size>0xe</size>
         <alignment>0x1</alignment>
         <input_file_ref idref="fl-7"/>
      </object_component>
      <object_component id="oc-187">
         <name>.text:Interrupt_disableGlobal</name>
         <load_address>0xa21b</load_address>
         <readonly>true</readonly>
         <executable>true</executable>
         <run_address>0xa21b</run_address>
         <size>0xd</size>
         <alignment>0x1</alignment>
         <input_file_ref idref="fl-1b"/>
      </object_component>
      <object_component id="oc-18d">
         <name>.text:Interrupt_enableGlobal</name>
         <load_address>0xa228</load_address>
         <readonly>true</readonly>
         <executable>true</executable>
         <run_address>0xa228</run_address>
         <size>0xd</size>
         <alignment>0x1</alignment>
         <input_file_ref idref="fl-1b"/>
      </object_component>
      <object_component id="oc-1d0">
         <name>.text:SysCtl_setLowSpeedClock</name>
         <load_address>0xa235</load_address>
         <readonly>true</readonly>
         <executable>true</executable>
         <run_address>0xa235</run_address>
         <size>0xd</size>
         <alignment>0x1</alignment>
         <input_file_ref idref="fl-a"/>
      </object_component>
      <object_component id="oc-34c">
         <name>.text:SysCtl_enableExtADCSOCSource</name>
         <load_address>0xa242</load_address>
         <readonly>true</readonly>
         <executable>true</executable>
         <run_address>0xa242</run_address>
         <size>0xc</size>
         <alignment>0x1</alignment>
         <input_file_ref idref="fl-2"/>
      </object_component>
      <object_component id="oc-1c4">
         <name>.text:SysCtl_disableWatchdog</name>
         <load_address>0xa24e</load_address>
         <readonly>true</readonly>
         <executable>true</executable>
         <run_address>0xa24e</run_address>
         <size>0xb</size>
         <alignment>0x1</alignment>
         <input_file_ref idref="fl-a"/>
      </object_component>
      <object_component id="oc-2f6">
         <name>.text:SysCtl_isMCDClockFailureDetected</name>
         <load_address>0xa259</load_address>
         <readonly>true</readonly>
         <executable>true</executable>
         <run_address>0xa259</run_address>
         <size>0xb</size>
         <alignment>0x1</alignment>
         <input_file_ref idref="fl-1d"/>
      </object_component>
      <object_component id="oc-43b">
         <name>.text</name>
         <load_address>0xa264</load_address>
         <readonly>true</readonly>
         <executable>true</executable>
         <run_address>0xa264</run_address>
         <size>0xb</size>
         <alignment>0x1</alignment>
         <input_file_ref idref="fl-2c"/>
      </object_component>
      <object_component id="oc-353">
         <name>.text:DMA_initController</name>
         <load_address>0xa26f</load_address>
         <readonly>true</readonly>
         <executable>true</executable>
         <run_address>0xa26f</run_address>
         <size>0xa</size>
         <alignment>0x1</alignment>
         <input_file_ref idref="fl-2"/>
      </object_component>
      <object_component id="oc-4f">
         <name>.text:Interrupt_illegalOperationHandler</name>
         <load_address>0xa279</load_address>
         <readonly>true</readonly>
         <executable>true</executable>
         <run_address>0xa279</run_address>
         <size>0xa</size>
         <alignment>0x1</alignment>
         <input_file_ref idref="fl-1b"/>
      </object_component>
      <object_component id="oc-55">
         <name>.text:Interrupt_nmiHandler</name>
         <load_address>0xa283</load_address>
         <readonly>true</readonly>
         <executable>true</executable>
         <run_address>0xa283</run_address>
         <size>0xa</size>
         <alignment>0x1</alignment>
         <input_file_ref idref="fl-1b"/>
      </object_component>
      <object_component id="oc-455">
         <name>.text:EXPORT_transmitCharBlocking</name>
         <load_address>0xa28d</load_address>
         <readonly>true</readonly>
         <executable>true</executable>
         <run_address>0xa28d</run_address>
         <size>0x9</size>
         <alignment>0x1</alignment>
         <input_file_ref idref="fl-5"/>
      </object_component>
      <object_component id="oc-23e">
         <name>.text:SIGNALSIGHT_resetStates</name>
         <load_address>0xa296</load_address>
         <readonly>true</readonly>
         <executable>true</executable>
         <run_address>0xa296</run_address>
         <size>0x9</size>
         <alignment>0x1</alignment>
         <input_file_ref idref="fl-7"/>
      </object_component>
      <object_component id="oc-5da">
         <name>.text</name>
         <load_address>0xa29f</load_address>
         <readonly>true</readonly>
         <executable>true</executable>
         <run_address>0xa29f</run_address>
         <size>0x9</size>
         <alignment>0x1</alignment>
         <input_file_ref idref="fl-33"/>
      </object_component>
      <object_component id="oc-19">
         <name>.text:decompress:none</name>
         <load_address>0xa2a8</load_address>
         <readonly>true</readonly>
         <executable>true</executable>
         <run_address>0xa2a8</run_address>
         <size>0x8</size>
         <alignment>0x1</alignment>
         <input_file_ref idref="fl-30"/>
      </object_component>
      <object_component id="oc-72">
         <name>.text</name>
         <load_address>0xa2b0</load_address>
         <readonly>true</readonly>
         <executable>true</executable>
         <run_address>0xa2b0</run_address>
         <size>0x8</size>
         <alignment>0x1</alignment>
         <input_file_ref idref="fl-b"/>
      </object_component>
      <object_component id="oc-5ec">
         <name>.text:SysCtl_resetMCD</name>
         <load_address>0xa2b8</load_address>
         <readonly>true</readonly>
         <executable>true</executable>
         <run_address>0xa2b8</run_address>
         <size>0x7</size>
         <alignment>0x1</alignment>
         <input_file_ref idref="fl-1d"/>
      </object_component>
      <object_component id="oc-16f">
         <name>.text:__error__</name>
         <load_address>0xa2bf</load_address>
         <readonly>true</readonly>
         <executable>true</executable>
         <run_address>0xa2bf</run_address>
         <size>0x7</size>
         <alignment>0x1</alignment>
         <input_file_ref idref="fl-a"/>
      </object_component>
      <object_component id="oc-15b">
         <name>.text</name>
         <load_address>0xa2c6</load_address>
         <readonly>true</readonly>
         <executable>true</executable>
         <run_address>0xa2c6</run_address>
         <size>0x7</size>
         <alignment>0x1</alignment>
         <input_file_ref idref="fl-35"/>
      </object_component>
      <object_component id="oc-84">
         <name>.text:Interrupt_clearACKGroup</name>
         <load_address>0xa2cd</load_address>
         <readonly>true</readonly>
         <executable>true</executable>
         <run_address>0xa2cd</run_address>
         <size>0x6</size>
         <alignment>0x1</alignment>
         <input_file_ref idref="fl-5"/>
      </object_component>
      <object_component id="oc-ce">
         <name>.text:Interrupt_clearACKGroup</name>
         <load_address>0xa2d3</load_address>
         <readonly>true</readonly>
         <executable>true</executable>
         <run_address>0xa2d3</run_address>
         <size>0x6</size>
         <alignment>0x1</alignment>
         <input_file_ref idref="fl-9"/>
      </object_component>
      <object_component id="oc-6c">
         <name>.text:decompress:ZI</name>
         <load_address>0xa2d9</load_address>
         <readonly>true</readonly>
         <executable>true</executable>
         <run_address>0xa2d9</run_address>
         <size>0x6</size>
         <alignment>0x1</alignment>
         <input_file_ref idref="fl-2f"/>
      </object_component>
      <object_component id="oc-fe">
         <name>.text:SIGNALSIGHT_init</name>
         <load_address>0xa2df</load_address>
         <readonly>true</readonly>
         <executable>true</executable>
         <run_address>0xa2df</run_address>
         <size>0x5</size>
         <alignment>0x1</alignment>
         <input_file_ref idref="fl-7"/>
      </object_component>
      <object_component id="oc-137">
         <name>.text:SOPWM_CommitSchedule</name>
         <load_address>0xa2e4</load_address>
         <readonly>true</readonly>
         <executable>true</executable>
         <run_address>0xa2e4</run_address>
         <size>0x5</size>
         <alignment>0x1</alignment>
         <input_file_ref idref="fl-d"/>
      </object_component>
      <object_component id="oc-333">
         <name>.text:myINPUTXBARINPUT0_init</name>
         <load_address>0xa2e9</load_address>
         <readonly>true</readonly>
         <executable>true</executable>
         <run_address>0xa2e9</run_address>
         <size>0x5</size>
         <alignment>0x1</alignment>
         <input_file_ref idref="fl-2"/>
      </object_component>
      <object_component id="oc-339">
         <name>.text:myINPUTXBARINPUT1_init</name>
         <load_address>0xa2ee</load_address>
         <readonly>true</readonly>
         <executable>true</executable>
         <run_address>0xa2ee</run_address>
         <size>0x5</size>
         <alignment>0x1</alignment>
         <input_file_ref idref="fl-2"/>
      </object_component>
      <object_component id="oc-231">
         <name>.text:SCI_init</name>
         <load_address>0xa2f3</load_address>
         <readonly>true</readonly>
         <executable>true</executable>
         <run_address>0xa2f3</run_address>
         <size>0x3</size>
         <alignment>0x1</alignment>
         <input_file_ref idref="fl-2"/>
      </object_component>
      <object_component id="oc-2c9">
         <name>.text</name>
[...]
         <name>SS_streamC_buffer</name>
         <value>0x10b14</value>
         <object_component_ref idref="oc-2b4"/>
      </symbol>
      <symbol id="sm-3e5">
         <name>SS_streamD_buffer</name>
         <value>0x10bdc</value>
         <object_component_ref idref="oc-2b7"/>
      </symbol>
      <symbol id="sm-3e6">
         <name>SS_streamD_buffer2</name>
         <value>0x10b78</value>
         <object_component_ref idref="oc-2a5"/>
      </symbol>
      <symbol id="sm-3e7">
         <name>SS_streamDataSkips</name>
         <value>0x10c44</value>
         <object_component_ref idref="oc-289"/>
      </symbol>
      <symbol id="sm-3e8">
         <name>SS_initiallyClearBuffer</name>
         <value>0x10c45</value>
         <object_component_ref idref="oc-289"/>
      </symbol>
      <symbol id="sm-3e9">
         <name>SS_nextTxCMD</name>
         <value>0x10c41</value>
         <object_component_ref idref="oc-289"/>
      </symbol>
      <symbol id="sm-3ea">
         <name>SS_streamC_buffer2</name>
         <value>0x10ab0</value>
         <object_component_ref idref="oc-2a2"/>
      </symbol>
      <symbol id="sm-3eb">
         <name>SIGNALSIGHT_sendAcknowledge</name>
         <value>0xa134</value>
         <object_component_ref idref="oc-296"/>
      </symbol>
      <symbol id="sm-3ec">
         <name>SS_streamB_buffer</name>
         <value>0x10a4c</value>
         <object_component_ref idref="oc-2b1"/>
      </symbol>
      <symbol id="sm-3ed">
         <name>SIGNALSIGHT_capturePlotData</name>
         <value>0x9137</value>
         <object_component_ref idref="oc-13d"/>
      </symbol>
      <symbol id="sm-3ee">
         <name>SS_streamDataSkips2</name>
         <value>0x10c49</value>
         <object_component_ref idref="oc-289"/>
      </symbol>
      <symbol id="sm-3ef">
         <name>SIGNALSIGHT_queueUpStreamData</name>
         <value>0x86c9</value>
         <object_component_ref idref="oc-28c"/>
      </symbol>
      <symbol id="sm-3f0">
         <name>SS_streamA_buffer2</name>
         <value>0x10920</value>
         <object_component_ref idref="oc-29c"/>
      </symbol>
      <symbol id="sm-3f1">
         <name>SS_bufferIsFull</name>
         <value>0x10c43</value>
         <object_component_ref idref="oc-289"/>
      </symbol>
      <symbol id="sm-3f2">
         <name>SIGNALSIGHT_sendPlotData</name>
         <value>0x82bf</value>
         <object_component_ref idref="oc-143"/>
      </symbol>
      <symbol id="sm-3f3">
         <name>SS_streamToggleStates</name>
         <value>0x10c4e</value>
         <object_component_ref idref="oc-293"/>
      </symbol>
      <symbol id="sm-3f4">
         <name>SIGNALSIGHT_init</name>
         <value>0xa2df</value>
         <object_component_ref idref="oc-fe"/>
      </symbol>
      <symbol id="sm-3f5">
         <name>SS_writeBuffer1readBuffer2</name>
         <value>0x10c48</value>
         <object_component_ref idref="oc-289"/>
      </symbol>
      <symbol id="sm-3f6">
         <name>SS_bufferElementIndex2</name>
         <value>0x10c46</value>
         <object_component_ref idref="oc-289"/>
      </symbol>
      <symbol id="sm-3f7">
         <name>SS_streamA_buffer</name>
         <value>0x10984</value>
         <object_component_ref idref="oc-2ae"/>
      </symbol>
      <symbol id="sm-3f8">
         <name>SS_bufferIsFull2</name>
         <value>0x10c47</value>
         <object_component_ref idref="oc-289"/>
      </symbol>
      <symbol id="sm-3f9">
         <name>SS_streamB_buffer2</name>
         <value>0x109e8</value>
         <object_component_ref idref="oc-29f"/>
      </symbol>
      <symbol id="sm-3fa">
         <name>SS_bufferElementIndex</name>
         <value>0x10c42</value>
         <object_component_ref idref="oc-289"/>
      </symbol>
      <symbol id="sm-405">
         <name>SSHASH_hash_table</name>
         <value>0xb7d0</value>
         <object_component_ref idref="oc-5b0"/>
      </symbol>
      <symbol id="sm-4ad">
         <name>sopwm_f_fund_cmd</name>
         <value>0xb7fa</value>
         <object_component_ref idref="oc-d4"/>
      </symbol>
      <symbol id="sm-4ae">
         <name>dbg_cmpa_snapshot</name>
         <value>0xb7f4</value>
         <object_component_ref idref="oc-d4"/>
      </symbol>
      <symbol id="sm-4af">
         <name>dbg_phB_cmpa_slot0</name>
         <value>0xb7f6</value>
         <object_component_ref idref="oc-d4"/>
      </symbol>
      <symbol id="sm-4b0">
         <name>main</name>
         <value>0x8b8a</value>
         <object_component_ref idref="oc-38"/>
      </symbol>
      <symbol id="sm-4b1">
         <name>dbg_isr_count</name>
         <value>0xb7fe</value>
         <object_component_ref idref="oc-d4"/>
      </symbol>
      <symbol id="sm-4b2">
         <name>epwm1ISR</name>
         <value>0x8ca4</value>
         <object_component_ref idref="oc-37"/>
      </symbol>
      <symbol id="sm-4b3">
         <name>sopwm_N_cmd</name>
         <value>0xb7f2</value>
         <object_component_ref idref="oc-d4"/>
      </symbol>
      <symbol id="sm-4b4">
         <name>sopwm_m_cmd</name>
         <value>0xb7f8</value>
         <object_component_ref idref="oc-d4"/>
      </symbol>
      <symbol id="sm-4b5">
         <name>dbg_cmpb_snapshot</name>
         <value>0xb7f5</value>
         <object_component_ref idref="oc-d4"/>
      </symbol>
      <symbol id="sm-4b6">
         <name>dbg_phC_cmpa_slot17</name>
         <value>0xb7f7</value>
         <object_component_ref idref="oc-d4"/>
      </symbol>
      <symbol id="sm-50d">
         <name>Device_enableAllPeripherals</name>
         <value>0x8513</value>
         <object_component_ref idref="oc-1e9"/>
      </symbol>
      <symbol id="sm-50e">
         <name>Device_initGPIO</name>
         <value>0xa1d0</value>
         <object_component_ref idref="oc-e0"/>
      </symbol>
      <symbol id="sm-50f">
         <name>Device_init</name>
         <value>0x9000</value>
         <object_component_ref idref="oc-da"/>
      </symbol>
      <symbol id="sm-510">
         <name>__error__</name>
         <value>0xa2bf</value>
         <object_component_ref idref="oc-16f"/>
      </symbol>
      <symbol id="sm-51f">
         <name>code_start</name>
         <value>0x0</value>
         <object_component_ref idref="oc-20"/>
      </symbol>
      <symbol id="sm-5d8">
         <name>SOPWM_ReconfigDma</name>
         <value>0x94be</value>
         <object_component_ref idref="oc-119"/>
      </symbol>
      <symbol id="sm-5d9">
         <name>SOPWM_LUT_N7</name>
         <value>0xad78</value>
         <object_component_ref idref="oc-429"/>
      </symbol>
      <symbol id="sm-5da">
         <name>SOPWM_LUT_N9</name>
         <value>0xb4b0</value>
         <object_component_ref idref="oc-42c"/>
      </symbol>
      <symbol id="sm-5db">
         <name>sopwm_angle1</name>
         <value>0xafe6</value>
         <object_component_ref idref="oc-d7"/>
      </symbol>
      <symbol id="sm-5dc">
         <name>sopwm_angle3</name>
         <value>0xafea</value>
         <object_component_ref idref="oc-d7"/>
      </symbol>
      <symbol id="sm-5dd">
         <name>sopwm_angle2</name>
         <value>0xafe8</value>
         <object_component_ref idref="oc-d7"/>
      </symbol>
      <symbol id="sm-5de">
         <name>sopwm_angle5</name>
         <value>0xafee</value>
         <object_component_ref idref="oc-d7"/>
      </symbol>
      <symbol id="sm-5df">
         <name>sopwm_angle4</name>
         <value>0xafec</value>
         <object_component_ref idref="oc-d7"/>
      </symbol>
      <symbol id="sm-5e0">
         <name>sopwm_angle7</name>
         <value>0xaff2</value>
         <object_component_ref idref="oc-d7"/>
      </symbol>
      <symbol id="sm-5e1">
         <name>sopwm_angle6</name>
         <value>0xaff0</value>
         <object_component_ref idref="oc-d7"/>
      </symbol>
      <symbol id="sm-5e2">
         <name>sopwm_m</name>
         <value>0xafe2</value>
         <object_component_ref idref="oc-d7"/>
      </symbol>
      <symbol id="sm-5e3">
         <name>sopwm_sched_active</name>
         <value>0xafd8</value>
         <object_component_ref idref="oc-d7"/>
      </symbol>
      <symbol id="sm-5e4">
         <name>SOPWM_InitSchedule</name>
         <value>0x9c91</value>
         <object_component_ref idref="oc-10a"/>
      </symbol>
      <symbol id="sm-5e5">
         <name>SOPWM_schedISR</name>
         <value>0xa1bf</value>
         <object_component_ref idref="oc-b6"/>
      </symbol>
      <symbol id="sm-5e6">
         <name>sopwm_phase_b_offset</name>
         <value>0xafd6</value>
         <object_component_ref idref="oc-d7"/>
      </symbol>
      <symbol id="sm-5e7">
         <name>SOPWM_LUT_N11</name>
         <value>0x10000</value>
         <object_component_ref idref="oc-42f"/>
      </symbol>
      <symbol id="sm-5e8">
         <name>SOPWM_LUT_N13</name>
         <value>0xb000</value>
         <object_component_ref idref="oc-432"/>
      </symbol>
      <symbol id="sm-5e9">
         <name>SOPWM_LUT_N15</name>
         <value>0xa800</value>
         <object_component_ref idref="oc-435"/>
      </symbol>
      <symbol id="sm-5ea">
         <name>sopwm_cycle_idx</name>
         <value>0xafde</value>
         <object_component_ref idref="oc-d7"/>
      </symbol>
      <symbol id="sm-5eb">
         <name>sopwm_f_fund_hz</name>
         <value>0xaff4</value>
         <object_component_ref idref="oc-d7"/>
      </symbol>
      <symbol id="sm-5ec">
         <name>sopwm_phase_c_offset</name>
         <value>0xafd7</value>
         <object_component_ref idref="oc-d7"/>
      </symbol>
      <symbol id="sm-5ed">
         <name>sopwm_lut_n_base</name>
         <value>0xafdb</value>
         <object_component_ref idref="oc-d7"/>
      </symbol>
      <symbol id="sm-5ee">
         <name>SOPWM_SetFundamentalHz</name>
         <value>0x8ef0</value>
         <object_component_ref idref="oc-104"/>
      </symbol>
      <symbol id="sm-5ef">
         <name>sopwm_num_angles</name>
         <value>0xafd3</value>
         <object_component_ref idref="oc-d7"/>
      </symbol>
      <symbol id="sm-5f0">
         <name>SOPWM_BuildSchedule</name>
         <value>0x85f3</value>
         <object_component_ref idref="oc-131"/>
      </symbol>
      <symbol id="sm-5f1">
         <name>SOPWM_CommitSchedule</name>
         <value>0xa2e4</value>
         <object_component_ref idref="oc-137"/>
      </symbol>
      <symbol id="sm-5f2">
         <name>sopwm_theta</name>
         <value>0xafe4</value>
         <object_component_ref idref="oc-d7"/>
      </symbol>
      <symbol id="sm-5f3">
         <name>sopwm_build_count</name>
         <value>0xafdc</value>
         <object_component_ref idref="oc-d7"/>
      </symbol>
      <symbol id="sm-5f4">
         <name>sopwm_sched</name>
         <value>0xc000</value>
         <object_component_ref idref="oc-110"/>
      </symbol>
      <symbol id="sm-5f5">
         <name>sopwm_init_done</name>
         <value>0xafda</value>
         <object_component_ref idref="oc-d7"/>
      </symbol>
      <symbol id="sm-5f6">
         <name>sopwm_n_carr</name>
         <value>0xafd4</value>
         <object_component_ref idref="oc-d7"/>
      </symbol>
      <symbol id="sm-5f7">
         <name>sopwm_mid_slot_a</name>
         <value>0xafd5</value>
         <object_component_ref idref="oc-d7"/>
      </symbol>
      <symbol id="sm-5f8">
         <name>sopwm_fund_tick</name>
         <value>0xafd9</value>
         <object_component_ref idref="oc-d7"/>
      </symbol>
      <symbol id="sm-648">
         <name>DMA_configTransfer</name>
         <value>0x940a</value>
         <object_component_ref idref="oc-253"/>
      </symbol>
      <symbol id="sm-649">
         <name>DMA_configAddresses</name>
         <value>0x99a0</value>
         <object_component_ref idref="oc-113"/>
      </symbol>
      <symbol id="sm-64a">
         <name>DMA_configBurst</name>
         <value>0x9653</value>
         <object_component_ref idref="oc-524"/>
      </symbol>
      <symbol id="sm-64b">
         <name>DMA_configWrap</name>
         <value>0x917f</value>
         <object_component_ref idref="oc-259"/>
      </symbol>
      <symbol id="sm-64c">
         <name>DMA_configMode</name>
         <value>0x8aed</value>
         <object_component_ref idref="oc-52a"/>
      </symbol>
      <symbol id="sm-692">
         <name>GPIO_setQualificationMode</name>
         <value>0x96c1</value>
         <object_component_ref idref="oc-32c"/>
      </symbol>
      <symbol id="sm-693">
         <name>GPIO_setPadConfig</name>
         <value>0x8fae</value>
         <object_component_ref idref="oc-1f5"/>
      </symbol>
      <symbol id="sm-694">
         <name>GPIO_setAnalogMode</name>
         <value>0x956e</value>
         <object_component_ref idref="oc-201"/>
      </symbol>
      <symbol id="sm-695">
         <name>GPIO_setDirectionMode</name>
         <value>0x979c</value>
         <object_component_ref idref="oc-1fb"/>
      </symbol>
      <symbol id="sm-696">
         <name>GPIO_setPinConfig</name>
         <value>0x968a</value>
         <object_component_ref idref="oc-326"/>
      </symbol>
      <symbol id="sm-70f">
         <name>Interrupt_defaultHandler</name>
         <value>0x9ee1</value>
         <object_component_ref idref="oc-43"/>
      </symbol>
      <symbol id="sm-710">
         <name>Interrupt_disable</name>
         <value>0x9051</value>
         <object_component_ref idref="oc-96"/>
      </symbol>
      <symbol id="sm-711">
         <name>Interrupt_initModule</name>
         <value>0x93cd</value>
         <object_component_ref idref="oc-e6"/>
      </symbol>
      <symbol id="sm-712">
         <name>Interrupt_nmiHandler</name>
         <value>0xa283</value>
         <object_component_ref idref="oc-55"/>
      </symbol>
      <symbol id="sm-713">
         <name>Interrupt_enable</name>
         <value>0x96f8</value>
         <object_component_ref idref="oc-90"/>
      </symbol>
      <symbol id="sm-714">
         <name>Interrupt_initVectorTable</name>
         <value>0x9bfe</value>
         <object_component_ref idref="oc-49"/>
      </symbol>
      <symbol id="sm-715">
         <name>Interrupt_illegalOperationHandler</name>
         <value>0xa279</value>
         <object_component_ref idref="oc-4f"/>
      </symbol>
      <symbol id="sm-766">
         <name>SCI_clearInterruptStatus</name>
         <value>0x91c5</value>
         <object_component_ref idref="oc-7e"/>
      </symbol>
      <symbol id="sm-767">
         <name>SCI_setConfig</name>
         <value>0x938f</value>
         <object_component_ref idref="oc-57a"/>
      </symbol>
      <symbol id="sm-768">
         <name>SCI_enableInterrupt</name>
         <value>0x920a</value>
         <object_component_ref idref="oc-58c"/>
      </symbol>
      <symbol id="sm-87b">
         <name>SysCtl_isPLLValid</name>
         <value>0x8990</value>
         <object_component_ref idref="oc-303"/>
      </symbol>
      <symbol id="sm-87c">
         <name>SysCtl_delay</name>
         <value>0xf6</value>
         <object_component_ref idref="oc-302"/>
      </symbol>
      <symbol id="sm-87d">
         <name>SysCtl_selectXTALSingleEnded</name>
         <value>0x99ea</value>
         <object_component_ref idref="oc-4b2"/>
      </symbol>
      <symbol id="sm-87e">
         <name>SysCtl_selectXTAL</name>
         <value>0x9311</value>
         <object_component_ref idref="oc-4ac"/>
      </symbol>
      <symbol id="sm-87f">
         <name>SysCtl_selectOscSource</name>
         <value>0x909f</value>
         <object_component_ref idref="oc-2fc"/>
      </symbol>
      <symbol id="sm-880">
         <name>SysCtl_getLowSpeedClock</name>
         <value>0x9d1d</value>
         <object_component_ref idref="oc-1dd"/>
      </symbol>
      <symbol id="sm-881">
         <name>SysCtl_setClock</name>
         <value>0x88c8</value>
         <object_component_ref idref="oc-1ca"/>
      </symbol>
      <symbol id="sm-882">
         <name>SysCtl_getClock</name>
         <value>0x8799</value>
         <object_component_ref idref="oc-1d6"/>
      </symbol>
      <symbol id="sm-88c">
         <name>_c_int00</name>
         <value>0x9e9e</value>
         <object_component_ref idref="oc-162"/>
      </symbol>
      <symbol id="sm-88d">
         <name>__stack</name>
         <value>0x400</value>
         <object_component_ref idref="oc-5b"/>
      </symbol>
      <symbol id="sm-897">
         <name>__c28xabi_modu</name>
         <value>0xa269</value>
         <object_component_ref idref="oc-43b"/>
      </symbol>
      <symbol id="sm-898">
         <name>__c28xabi_divu</name>
         <value>0xa264</value>
         <object_component_ref idref="oc-43b"/>
      </symbol>
      <symbol id="sm-8a5">
         <name>_system_pre_init</name>
         <value>0xa2f6</value>
         <object_component_ref idref="oc-2c9"/>
      </symbol>
      <symbol id="sm-8b4">
         <name>__TI_auto_init_nobinit_nopinit</name>
         <value>0x98b0</value>
         <object_component_ref idref="oc-46f"/>
      </symbol>
      <symbol id="sm-8c1">
         <name>__TI_zero_init</name>
         <value>0xa2d9</value>
         <object_component_ref idref="oc-6c"/>
      </symbol>
      <symbol id="sm-8ce">
         <name>__TI_decompress_none</name>
         <value>0xa2a8</value>
         <object_component_ref idref="oc-19"/>
      </symbol>
      <symbol id="sm-8e2">
         <name>__TI_decompress_lzss</name>
         <value>0x97cd</value>
         <object_component_ref idref="oc-13"/>
      </symbol>
      <symbol id="sm-8f8">
         <name>C$$EXIT</name>
         <value>0x98db</value>
         <object_component_ref idref="oc-2d6"/>
      </symbol>
      <symbol id="sm-8f9">
         <name>abort</name>
         <value>0x98db</value>
         <object_component_ref idref="oc-2d6"/>
      </symbol>
      <symbol id="sm-8fa">
         <name>exit</name>
         <value>0x98dd</value>
         <object_component_ref idref="oc-2d6"/>
      </symbol>
      <symbol id="sm-8fb">
         <name>__TI_dtors_ptr</name>
         <value>0xaffc</value>
         <object_component_ref idref="oc-4a1"/>
      </symbol>
      <symbol id="sm-8fc">
         <name>__TI_cleanup_ptr</name>
         <value>0xaffa</value>
         <object_component_ref idref="oc-4a1"/>
      </symbol>
      <symbol id="sm-8fd">
         <name>__TI_enable_exit_profile_output</name>
         <value>0xaff8</value>
         <object_component_ref idref="oc-4a1"/>
      </symbol>
      <symbol id="sm-914">
         <name>_nop</name>
         <value>0xa2a7</value>
         <object_component_ref idref="oc-5da"/>
      </symbol>
      <symbol id="sm-915">
         <name>_lock</name>
         <value>0xaffe</value>
         <object_component_ref idref="oc-4a4"/>
      </symbol>
      <symbol id="sm-916">
         <name>_unlock</name>
         <value>0x10c52</value>
         <object_component_ref idref="oc-645"/>
      </symbol>
      <symbol id="sm-917">
         <name>_register_lock</name>
         <value>0xa2a3</value>
         <object_component_ref idref="oc-5da"/>
      </symbol>
      <symbol id="sm-918">
         <name>_register_unlock</name>
         <value>0xa29f</value>
         <object_component_ref idref="oc-5da"/>
      </symbol>
      <symbol id="sm-927">
         <name>_args_main</name>
         <value>0xa158</value>
         <object_component_ref idref="oc-2d0"/>
      </symbol>
      <symbol id="sm-936">
         <name>memset</name>
         <value>0xa2c6</value>
         <object_component_ref idref="oc-15b"/>
      </symbol>
      <symbol id="sm-94a">
         <name>memcpy</name>
         <value>0x9b45</value>
         <object_component_ref idref="oc-5e"/>
      </symbol>
      <symbol id="sm-957">
         <name>_system_post_cinit</name>
         <value>0xa2f9</value>
         <object_component_ref idref="oc-5c0"/>
      </symbol>
   </symbol_table>
   <title>Link successful</title>
</link_info>
