******************************************************************************
             TMS320C2000 Linker PC v25.11.0                    
******************************************************************************
>> Linked Wed May 13 17:25:48 2026

OUTPUT FILE NAME:   <epwm_svm.out>
ENTRY POINT SYMBOL: "code_start"  address: 00000000


MEMORY CONFIGURATION

         name            origin    length      used     unused   attr    fill
----------------------  --------  ---------  --------  --------  ----  --------
PAGE 0:
  BEGIN                 00000000   00000002  00000002  00000000  RWIX
  RAMM0                 000000f6   0000030a  0000003e  000002cc  RWIX
  RAMLS0                00008000   00000800  00000800  00000000  RWIX
  RAMLS1                00008800   00000800  00000800  00000000  RWIX
  RAMLS2                00009000   00000800  00000800  00000000  RWIX
  RAMLS3                00009800   00000800  00000800  00000000  RWIX
  RAMLS4                0000a000   00000800  00000184  0000067c  RWIX
  FLASH_BANK0_SEC0      00080000   00001000  00000000  00001000  RWIX
  FLASH_BANK0_SEC1      00081000   00001000  00000000  00001000  RWIX
  FLASH_BANK0_SEC2      00082000   00001000  00000000  00001000  RWIX
  FLASH_BANK0_SEC3      00083000   00001000  00000000  00001000  RWIX
  FLASH_BANK0_SEC4      00084000   00001000  00000000  00001000  RWIX
  FLASH_BANK0_SEC5      00085000   00001000  00000000  00001000  RWIX
  FLASH_BANK0_SEC6      00086000   00001000  00000000  00001000  RWIX
  FLASH_BANK0_SEC7      00087000   00001000  00000000  00001000  RWIX
  FLASH_BANK0_SEC8      00088000   00001000  00000000  00001000  RWIX
  FLASH_BANK0_SEC9      00089000   00001000  00000000  00001000  RWIX
  FLASH_BANK0_SEC10     0008a000   00001000  00000000  00001000  RWIX
  FLASH_BANK0_SEC11     0008b000   00001000  00000000  00001000  RWIX
  FLASH_BANK0_SEC12     0008c000   00001000  00000000  00001000  RWIX
  FLASH_BANK0_SEC13     0008d000   00001000  00000000  00001000  RWIX
  FLASH_BANK0_SEC14     0008e000   00001000  00000000  00001000  RWIX
  FLASH_BANK0_SEC15     0008f000   00001000  00000000  00001000  RWIX
  FLASH_BANK1_SEC0      00090000   00001000  00000000  00001000  RWIX
  FLASH_BANK1_SEC1      00091000   00001000  00000000  00001000  RWIX
  FLASH_BANK1_SEC2      00092000   00001000  00000000  00001000  RWIX
  FLASH_BANK1_SEC3      00093000   00001000  00000000  00001000  RWIX
  FLASH_BANK1_SEC4      00094000   00001000  00000000  00001000  RWIX
  FLASH_BANK1_SEC5      00095000   00001000  00000000  00001000  RWIX
  FLASH_BANK1_SEC6      00096000   00001000  00000000  00001000  RWIX
  FLASH_BANK1_SEC7      00097000   00001000  00000000  00001000  RWIX
  FLASH_BANK1_SEC8      00098000   00001000  00000000  00001000  RWIX
  FLASH_BANK1_SEC9      00099000   00001000  00000000  00001000  RWIX
  FLASH_BANK1_SEC10     0009a000   00001000  00000000  00001000  RWIX
  FLASH_BANK1_SEC11     0009b000   00001000  00000000  00001000  RWIX
  FLASH_BANK1_SEC12     0009c000   00001000  00000000  00001000  RWIX
  FLASH_BANK1_SEC13     0009d000   00001000  00000000  00001000  RWIX
  FLASH_BANK1_SEC14     0009e000   00001000  00000000  00001000  RWIX
  FLASH_BANK1_SEC15     0009f000   00001000  00000000  00001000  RWIX
  RESET                 003fffc0   00000002  00000000  00000002  RWIX

PAGE 1:
  BOOT_RSVD             00000002   000000f1  00000000  000000f1  RWIX
  RAMM1                 00000400   000003f8  000003f8  00000000  RWIX
  RAMLS5                0000a800   00000800  000007fd  00000003  RWIX
  RAMLS6                0000b000   00000800  000002d0  00000530  RWIX
  RAMLS7                0000b800   00000800  00000000  00000800  RWIX
  RAMGS0                0000c000   00002000  00000000  00002000  RWIX
  RAMGS1                0000e000   00002000  00000000  00002000  RWIX
  RAMGS2                00010000   00002000  00000000  00002000  RWIX
  RAMGS3                00012000   00001ff8  00000000  00001ff8  RWIX


SECTION ALLOCATION MAP

 output                                  attributes/
section   page    origin      length       input sections
--------  ----  ----------  ----------   ----------------
codestart 
*          0    00000000    00000002     
                  00000000    00000002     f28004x_codestartbranch.obj (codestart)

.TI.ramfunc 
*          0    000000f6    00000004     
                  000000f6    00000004     driverlib_eabi.lib : sysctl.obj (.TI.ramfunc)

.cinit     0    000000fa    0000003a     
                  000000fa    00000028     (.cinit..data.load) [load image, compression = lzss]
                  00000122    00000006     (__TI_handler_table)
                  00000128    00000004     (.cinit..bss.load) [load image, compression = zero_init]
                  0000012c    00000008     (__TI_cinit_table)

.reset     0    003fffc0    00000000     DSECT

.stack     1    00000400    000003f8     UNINITIALIZED
                  00000400    000003f8     --HOLE--

.init_array 
*          0    000000f6    00000000     UNINITIALIZED

.text.1    0    00008000    00000800     
                  00008000    0000048b     svm.obj (.text:SVM_EXEC)
                  0000848b    000002fb     board.obj (.text:EPWM_init)
                  00008786    00000075     board.obj (.text:EPWM_setADCTriggerSource)
                  000087fb    00000005     board.obj (.text:INPUTXBAR_init)

.text.2    0    00008800    00000800     
                  00008800    00000172     signalsight.obj (.text:SIGNALSIGHT_sendPlotData)
                  00008972    000000e2     signalsight.obj (.text:EXPORTPACKAGE_takeActionOnMessage)
                  00008a54    000000e0     device.obj (.text:Device_enableAllPeripherals)
                  00008b34    000000d0     signalsight.obj (.text:SIGNALSIGHT_queueUpStreamData)
                  00008c04    000000c8     driverlib_eabi.lib : sysctl.obj (.text:SysCtl_setClock)
                  00008ccc    000000bd                        : sysctl.obj (.text:SysCtl_isPLLValid)
                  00008d89    0000008b     main.obj (.text:epwm1ISR)
                  00008e14    0000007f     driverlib_eabi.lib : interrupt.obj (.text:Interrupt_clearIFR)
                  00008e93    00000073                        : sysctl.obj (.text:DCC_setCounterSeeds)
                  00008f06    00000072     board.obj (.text:PinMux_init)
                  00008f78    00000066     svm.obj (.text:SVM_openLoopRun)
                  00008fde    00000022     board.obj (.text:EPWM_setCounterCompareValue)

.text.3    0    00009000    00000800     
                  00009000    0000005e     driverlib_eabi.lib : sysctl.obj (.text:SysCtl_getClock)
                  0000905e    0000005d     svm.obj (.text:SVM_openLoopInit)
                  000090bb    00000056     export.obj (.text:INT_myMCUSignalSight0_transferLayer_SCI_RX_ISR)
                  00009111    00000052     driverlib_eabi.lib : gpio.obj (.text:GPIO_setPadConfig)
                  00009163    00000051     device.obj (.text:Device_init)
                  000091b4    00000050     svm.obj (.text:SVM_INIT)
                  00009204    0000004e     driverlib_eabi.lib : interrupt.obj (.text:Interrupt_disable)
                  00009252    0000004d                        : sysctl.obj (.text:SysCtl_selectOscSource)
                  0000929f    0000004b     board.obj (.text:EPWM_setInterruptSource)
                  000092ea    00000048     signalsight.obj (.text:SIGNALSIGHT_capturePlotData)
                  00009332    00000045     driverlib_eabi.lib : sci.obj (.text:SCI_clearInterruptStatus)
                  00009377    00000044                        : sci.obj (.text:SCI_enableInterrupt)
                  000093bb    00000043     board.obj (.text:myMCUSignalSight0_transferLayer_SCI_init)
                  000093fe    00000040     board.obj (.text:EPWM_setActionQualifierAction)
                  0000943e    00000040     driverlib_eabi.lib : sysctl.obj (.text:SysCtl_pollX1Counter)
                  0000947e    00000040                        : sysctl.obj (.text:SysCtl_selectXTAL)
                  000094be    0000003e     board.obj (.text:EPWM_setCounterCompareShadowLoadMode)
                  000094fc    0000003e     driverlib_eabi.lib : sci.obj (.text:SCI_setConfig)
                  0000953a    0000003d                        : interrupt.obj (.text:Interrupt_initModule)
                  00009577    0000003c     export_package.obj (.text:EXPORTPACKAGE_sendFloatArrayAsByteArray)
                  000095b3    0000003c     export.obj (.text:INT_myMCUSignalSight0_transferLayer_SCI_TX_ISR)
                  000095ef    0000003a     board.obj (.text:EPWM_setADCTriggerEventPrescale)
                  00009629    0000003a     board.obj (.text:EPWM_setActionQualifierShadowLoadMode)
                  00009663    0000003a     driverlib_eabi.lib : gpio.obj (.text:GPIO_setAnalogMode)
                  0000969d    00000037                        : gpio.obj (.text:GPIO_setPinConfig)
                  000096d4    00000037                        : gpio.obj (.text:GPIO_setQualificationMode)
                  0000970b    00000037                        : interrupt.obj (.text:Interrupt_enable)
                  00009742    00000031                        : gpio.obj (.text:GPIO_setDirectionMode)
                  00009773    00000031     main.obj (.text:main)
                  000097a4    0000002e     rts2800_fpu32_eabi.lib : copy_decompress_lzss.c.obj (.text:decompress:lzss)
                  000097d2    0000002c     board.obj (.text:EPWM_setDeadBandDelayMode)
                  000097fe    00000002     rts2800_fpu32_eabi.lib : pre_init.c.obj (.text)

.text.4    0    00009800    00000800     
                  00009800    0000002b     board.obj (.text:EPWM_isBaseValid)
                  0000982b    0000002b     main.obj (.text:EPWM_isBaseValid)
                  00009856    0000002b     rts2800_fpu32_eabi.lib : autoinit.c.obj (.text:__TI_auto_init_nobinit_nopinit)
                  00009881    00000029                            : exit.c.obj (.text)
                  000098aa    00000028     board.obj (.text:EPWM_setInterruptEventCount)
                  000098d2    00000027     board.obj (.text:EPWM_setSyncOutPulseMode)
                  000098f9    00000027     board.obj (.text:SysCtl_setSyncInputConfig)
                  00009920    00000026     board.obj (.text:SCI_setFIFOInterruptLevel)
                  00009946    00000025     main.obj (.text:GPIO_writePin)
                  0000996b    00000025     driverlib_eabi.lib : sysctl.obj (.text:SysCtl_selectXTALSingleEnded)
                  00009990    00000024                        : sysctl.obj (.text:DCC_enableSingleShotMode)
                  000099b4    00000024     board.obj (.text:EPWM_setDeadBandDelayPolarity)
                  000099d8    00000022     main.obj (.text:EPWM_setCounterCompareValue)
                  000099fa    00000021     transfer_utils.obj (.text:f32toBytes)
                  00009a1b    00000020     board.obj (.text:XBAR_setInputPin)
                  00009a3b    00000020     rts2800_fpu32_eabi.lib : memcpy.c.obj (.text)
                  00009a5b    0000001f     board.obj (.text:EPWM_setFallingEdgeDelayCountShadowLoadMode)
                  00009a7a    0000001f     board.obj (.text:EPWM_setRisingEdgeDelayCountShadowLoadMode)
                  00009a99    0000001f     export_package.obj (.text:EXPORT_receivedData)
                  00009ab8    0000001e     driverlib_eabi.lib : sysctl.obj (.text:DCC_setCounter1ClkSource)
                  00009ad6    0000001e     board.obj (.text:EPWM_setPhaseShift)
                  00009af4    0000001e     driverlib_eabi.lib : interrupt.obj (.text:Interrupt_initVectorTable)
                  00009b12    0000001e     board.obj (.text:SYNC_init)
                  00009b30    0000001d     board.obj (.text:EPWM_setFallingEdgeDelayCount)
                  00009b4d    0000001d     board.obj (.text:EPWM_setRisingEdgeDelayCount)
                  00009b6a    0000001d     board.obj (.text:SCI_enableFIFO)
                  00009b87    0000001c     driverlib_eabi.lib : sysctl.obj (.text:DCC_setCounter0ClkSource)
                  00009ba3    0000001c     board.obj (.text:EPWM_enableADCTrigger)
                  00009bbf    0000001c     board.obj (.text:EPWM_setClockPrescaler)
                  00009bdb    0000001b     board.obj (.text:EPWM_setDeadBandControlShadowLoadMode)
                  00009bf6    0000001a     board.obj (.text:EPWM_disableActionQualifierShadowLoadMode)
                  00009c10    0000001a     driverlib_eabi.lib : sysctl.obj (.text:SysCtl_getLowSpeedClock)
                  00009c2a    00000019     board.obj (.text:INTERRUPT_init)
                  00009c43    00000019     export.obj (.text:SCI_writeCharBlockingFIFO)
                  00009c5c    00000018     board.obj (.text:EPWM_disableDeadBandControlShadowLoadMode)
                  00009c74    00000018     board.obj (.text:EPWM_disableFallingEdgeDelayCountShadowLoadMode)
                  00009c8c    00000018     board.obj (.text:EPWM_disableRisingEdgeDelayCountShadowLoadMode)
                  00009ca4    00000018     driverlib_eabi.lib : sci.obj (.text:SCI_disableModule)
                  00009cbc    00000018     board.obj (.text:SCI_performSoftwareReset)
                  00009cd4    00000018     driverlib_eabi.lib : sci.obj (.text:SCI_performSoftwareReset)
                  00009cec    00000018     board.obj (.text:SCI_resetChannels)
                  00009d04    00000018     board.obj (.text:SCI_resetRxFIFO)
                  00009d1c    00000018     board.obj (.text:SCI_resetTxFIFO)
                  00009d34    00000018     main.obj (.text:SysCtl_disablePeripheral)
                  00009d4c    00000017     board.obj (.text:EPWM_selectPeriodLoadEvent)
                  00009d63    00000017     device.obj (.text:SysCtl_enablePeripheral)
                  00009d7a    00000017     driverlib_eabi.lib : sysctl.obj (.text:SysCtl_enablePeripheral)
                  00009d91    00000017     main.obj (.text:SysCtl_enablePeripheral)
                  00009da8    00000017     rts2800_fpu32_eabi.lib : boot28.asm.obj (.text)
                  00009dbf    00000016     driverlib_eabi.lib : sysctl.obj (.text:DCC_disableDoneSignal)
                  00009dd5    00000016                        : sysctl.obj (.text:DCC_enableDoneSignal)
                  00009deb    00000016                        : interrupt.obj (.text:Interrupt_defaultHandler)
                  00009e01    00000015                        : sysctl.obj (.text:DCC_clearDoneFlag)
                  00009e16    00000015                        : sysctl.obj (.text:DCC_clearErrorFlag)
                  00009e2b    00000015                        : sysctl.obj (.text:DCC_disableErrorSignal)
                  00009e40    00000015                        : sysctl.obj (.text:DCC_enableErrorSignal)
                  00009e55    00000015     device.obj (.text:GPIO_unlockPortConfig)
                  00009e6a    00000014     driverlib_eabi.lib : sysctl.obj (.text:DCC_disableModule)
                  00009e7e    00000014                        : sysctl.obj (.text:DCC_enableModule)
                  00009e92    00000014     board.obj (.text:EPWM_setTimeBaseCounterMode)
                  00009ea6    00000014     board.obj (.text:EPWM_setTimeBasePeriod)
                  00009eba    00000014     driverlib_eabi.lib : gpio.obj (.text:GPIO_isPinValid)
                  00009ece    00000014     main.obj (.text:GPIO_isPinValid)
                  00009ee2    00000014     export.obj (.text:SCI_getTxFIFOStatus)
                  00009ef6    00000014     device.obj (.text:SysCtl_deviceCal)
                  00009f0a    00000013     main.obj (.text:EPWM_clearEventTriggerInterruptFlag)
                  00009f1d    00000013     board.obj (.text:EPWM_enableInterrupt)
                  00009f30    00000013     board.obj (.text:SCI_clearOverflowStatus)
                  00009f43    00000013     export.obj (.text:SCI_clearOverflowStatus)
                  00009f56    00000013     board.obj (.text:SCI_enableModule)
                  00009f69    00000013     driverlib_eabi.lib : sci.obj (.text:SCI_enableModule)
                  00009f7c    00000013     board.obj (.text:SCI_isBaseValid)
                  00009f8f    00000013     driverlib_eabi.lib : sci.obj (.text:SCI_isBaseValid)
                  00009fa2    00000013     export.obj (.text:SCI_isBaseValid)
                  00009fb5    00000012     board.obj (.text:EPWM_setTimeBaseCounter)
                  00009fc7    00000012     signalsight.obj (.text:SIGNALSIGHT_sendAcknowledge)
                  00009fd9    00000012     board.obj (.text:SysCtl_setSyncOutputConfig)
                  00009feb    00000012     rts2800_fpu32_eabi.lib : args_main.c.obj (.text)
                  00009ffd    00000003     board.obj (.text:SCI_init)

.text.5    0    0000a000    00000184     
                  0000a000    00000011     board.obj (.text:EPWM_disablePhaseShiftLoad)
                  0000a011    00000011     board.obj (.text:EPWM_enablePhaseShiftLoad)
                  0000a022    00000011     board.obj (.text:SCI_disableLoopback)
                  0000a033    00000011     export.obj (.text:SCI_readCharNonBlocking)
                  0000a044    00000010     driverlib_eabi.lib : sysctl.obj (.text:DCC_isBaseValid)
                  0000a054    00000010     device.obj (.text:Device_initGPIO)
                  0000a064    0000000f     device.obj (.text:ASysCtl_disableDCDC)
                  0000a073    0000000f     board.obj (.text:Board_init)
                  0000a082    0000000f     board.obj (.text:Interrupt_register)
                  0000a091    0000000f     main.obj (.text:Interrupt_register)
                  0000a0a0    0000000e     signalsight.obj (.text:SIGNALSIGHT_getVariableAddressAtHashIndex)
                  0000a0ae    0000000d     driverlib_eabi.lib : interrupt.obj (.text:Interrupt_disableGlobal)
                  0000a0bb    0000000d                        : interrupt.obj (.text:Interrupt_enableGlobal)
                  0000a0c8    0000000d     device.obj (.text:SysCtl_setLowSpeedClock)
                  0000a0d5    0000000d     rts2800_fpu32_eabi.lib : copy_zero_init.c.obj (.text:decompress:ZI:__TI_zero_init_nomemset)
                  0000a0e2    0000000c     board.obj (.text:SysCtl_enableExtADCSOCSource)
                  0000a0ee    0000000b     device.obj (.text:SysCtl_disableWatchdog)
                  0000a0f9    0000000b     driverlib_eabi.lib : sysctl.obj (.text:SysCtl_isMCDClockFailureDetected)
                  0000a104    0000000b     svm.obj (.text:__relaxed_cosf)
                  0000a10f    0000000b     svm.obj (.text:__relaxed_sinf)
                  0000a11a    0000000a     driverlib_eabi.lib : interrupt.obj (.text:Interrupt_illegalOperationHandler)
                  0000a124    0000000a                        : interrupt.obj (.text:Interrupt_nmiHandler)
                  0000a12e    00000009     export.obj (.text:EXPORT_transmitCharBlocking)
                  0000a137    00000009     signalsight.obj (.text:SIGNALSIGHT_resetStates)
                  0000a140    00000009     rts2800_fpu32_eabi.lib : _lock.c.obj (.text)
                  0000a149    00000008                            : copy_decompress_none.c.obj (.text:decompress:none)
                  0000a151    00000008     f28004x_codestartbranch.obj (.text)
                  0000a159    00000007     driverlib_eabi.lib : sysctl.obj (.text:SysCtl_resetMCD)
                  0000a160    00000007     device.obj (.text:__error__)
                  0000a167    00000006     export.obj (.text:Interrupt_clearACKGroup)
                  0000a16d    00000006     main.obj (.text:Interrupt_clearACKGroup)
                  0000a173    00000005     signalsight.obj (.text:SIGNALSIGHT_init)
                  0000a178    00000005     board.obj (.text:myINPUTXBARINPUT0_init)
                  0000a17d    00000005     board.obj (.text:myINPUTXBARINPUT1_init)
                  0000a182    00000001     export.obj (.text:EXPORT_init)
                  0000a183    00000001     rts2800_fpu32_eabi.lib : startup.c.obj (.text)

.data      1    0000a800    00000693     UNINITIALIZED
                  0000a800    00000190     svm.obj (.data:alphaSnapshot)
                  0000a990    00000190     svm.obj (.data:betaSnapshot)
                  0000ab20    00000064     signalsight.obj (.data:SS_streamA_buffer2)
                  0000ab84    00000064     signalsight.obj (.data:SS_streamA_buffer)
                  0000abe8    00000064     signalsight.obj (.data:SS_streamB_buffer2)
                  0000ac4c    00000064     signalsight.obj (.data:SS_streamB_buffer)
                  0000acb0    00000064     signalsight.obj (.data:SS_streamC_buffer2)
                  0000ad14    00000064     signalsight.obj (.data:SS_streamC_buffer)
                  0000ad78    00000064     signalsight.obj (.data:SS_streamD_buffer2)
                  0000addc    00000064     signalsight.obj (.data:SS_streamD_buffer)
                  0000ae40    00000014     svm.obj (.data)
                  0000ae54    00000012     signalsight_hash.obj (.data:SSHASH_hash_table)
                  0000ae66    00000010     export.obj (.data:exportRXData)
                  0000ae76    0000000a     signalsight.obj (.data)
                  0000ae80    00000006     rts2800_fpu32_eabi.lib : exit.c.obj (.data)
                  0000ae86    00000004     signalsight.obj (.data:SS_currentPlotHashIndices)
                  0000ae8a    00000004     signalsight.obj (.data:SS_streamToggleStates)
                  0000ae8e    00000002     rts2800_fpu32_eabi.lib : _lock.c.obj (.data:_lock)
                  0000ae90    00000002                            : _lock.c.obj (.data:_unlock)
                  0000ae92    00000001     main.obj (.data)

.const.1   1    0000ae94    0000016a     
                  0000ae94    000000d0     board.obj (.const:.string)
                  0000af64    0000009a     driverlib_eabi.lib : sysctl.obj (.const:.string)

.const.2   1    0000b000    000002ae     
                  0000b000    00000098     driverlib_eabi.lib : gpio.obj (.const:.string)
                  0000b098    00000097                        : sci.obj (.const:.string)
                  0000b12f    00000001     --HOLE-- [fill = 0]
                  0000b130    0000008b     main.obj (.const:.string)
                  0000b1bb    00000001     --HOLE-- [fill = 0]
                  0000b1bc    0000005b     device.obj (.const:.string)
                  0000b217    00000001     --HOLE-- [fill = 0]
                  0000b218    00000051     driverlib_eabi.lib : interrupt.obj (.const:.string)
                  0000b269    00000001     --HOLE-- [fill = 0]
                  0000b26a    00000044     export.obj (.const:.string)

.bss       1    0000b2c0    00000022     UNINITIALIZED
                  0000b2c0    00000022     svm.obj (.bss)

MODULE SUMMARY

       Module                        code   ro data   rw data
       ------                        ----   -------   -------
    .\
       main.obj                      409    139       1      
    +--+-----------------------------+------+---------+---------+
       Total:                        409    139       1      
                                                             
    .\device\
       device.obj                    431    91        0      
       f28004x_codestartbranch.obj   10     0         0      
    +--+-----------------------------+------+---------+---------+
       Total:                        441    91        0      
                                                             
    .\pwm\svm\
       svm.obj                       1460   0         854    
    +--+-----------------------------+------+---------+---------+
       Total:                        1460   0         854    
                                                             
    .\syscfg\
       board.obj                     2520   208       0      
       transfer_utils.obj            33     0         0      
    +--+-----------------------------+------+---------+---------+
       Total:                        2553   208       0      
                                                             
    .\syscfg\export\
       export.obj                    262    68        16     
       export_package.obj            91     0         0      
    +--+-----------------------------+------+---------+---------+
       Total:                        353    68        16     
                                                             
    .\syscfg\signalsight\
       signalsight.obj               922    0         818    
       signalsight_hash.obj          0      0         18     
    +--+-----------------------------+------+---------+---------+
       Total:                        922    0         836    
                                                             
    C:\ti\c2000\C2000Ware_26_00_00_00\driverlib\f28004x\driverlib\ccs\Debug\driverlib_eabi.lib
       sysctl.obj                    1189   154       0      
       interrupt.obj                 419    81        0      
       gpio.obj                      319    152       0      
       sci.obj                       285    151       0      
    +--+-----------------------------+------+---------+---------+
       Total:                        2212   538       0      
                                                             
    C:\ti\ccs2050\ccs\tools\compiler\ti-cgt-c2000_25.11.0.LTS\lib\rts2800_fpu32_eabi.lib
       exit.c.obj                    41     0         6      
       copy_decompress_lzss.c.obj    46     0         0      
       autoinit.c.obj                43     0         0      
       memcpy.c.obj                  32     0         0      
       boot28.asm.obj                23     0         0      
       args_main.c.obj               18     0         0      
       _lock.c.obj                   9      0         4      
       copy_zero_init.c.obj          13     0         0      
       copy_decompress_none.c.obj    8      0         0      
       pre_init.c.obj                2      0         0      
       startup.c.obj                 1      0         0      
    +--+-----------------------------+------+---------+---------+
       Total:                        236    0         10     
                                                             
       Stack:                        0      0         1016   
       Linker Generated:             0      58        0      
    +--+-----------------------------+------+---------+---------+
       Grand Total:                  8586   1102      2733   


LINKER GENERATED COPY TABLES

__TI_cinit_table @ 0000012c records: 2, size/record: 4, table size: 8
	.data: load addr=000000fa, load size=00000028 bytes, run addr=0000a800, run size=00000693 bytes, compression=lzss
	.bss: load addr=00000128, load size=00000004 bytes, run addr=0000b2c0, run size=00000022 bytes, compression=zero_init


LINKER GENERATED HANDLER TABLE

__TI_handler_table @ 00000122 records: 3, size/record: 2, table size: 6
	index: 0, handler: __TI_zero_init
	index: 1, handler: __TI_decompress_lzss
	index: 2, handler: __TI_decompress_none


GLOBAL DATA SYMBOLS: SORTED BY DATA PAGE

address     data page           name
--------    ----------------    ----
00000400      10 (00000400)     __stack

0000ab20     2ac (0000ab00)     SS_streamA_buffer2

0000ab84     2ae (0000ab80)     SS_streamA_buffer

0000abe8     2af (0000abc0)     SS_streamB_buffer2

0000ac4c     2b1 (0000ac40)     SS_streamB_buffer

0000acb0     2b2 (0000ac80)     SS_streamC_buffer2

0000ad14     2b4 (0000ad00)     SS_streamC_buffer

0000ad78     2b5 (0000ad40)     SS_streamD_buffer2

0000addc     2b7 (0000adc0)     SS_streamD_buffer

0000ae42     2b9 (0000ae40)     svm_Ta
0000ae44     2b9 (0000ae40)     svm_Tb
0000ae46     2b9 (0000ae40)     svm_Tc
0000ae48     2b9 (0000ae40)     svm_d1
0000ae4a     2b9 (0000ae40)     svm_d2
0000ae4c     2b9 (0000ae40)     svm_d0
0000ae4e     2b9 (0000ae40)     svm_Ualpha
0000ae50     2b9 (0000ae40)     svm_Ubeta
0000ae52     2b9 (0000ae40)     svm_Sector
0000ae54     2b9 (0000ae40)     SSHASH_hash_table
0000ae66     2b9 (0000ae40)     exportRXData
0000ae76     2b9 (0000ae40)     SS_currentStreamState
0000ae77     2b9 (0000ae40)     SS_nextTxCMD
0000ae78     2b9 (0000ae40)     SS_bufferElementIndex
0000ae79     2b9 (0000ae40)     SS_bufferIsFull
0000ae7a     2b9 (0000ae40)     SS_streamDataSkips
0000ae7b     2b9 (0000ae40)     SS_initiallyClearBuffer
0000ae7c     2b9 (0000ae40)     SS_bufferElementIndex2
0000ae7d     2b9 (0000ae40)     SS_bufferIsFull2
0000ae7e     2b9 (0000ae40)     SS_writeBuffer1readBuffer2
0000ae7f     2b9 (0000ae40)     SS_streamDataSkips2

0000ae80     2ba (0000ae80)     __TI_enable_exit_profile_output
0000ae82     2ba (0000ae80)     __TI_cleanup_ptr
0000ae84     2ba (0000ae80)     __TI_dtors_ptr
0000ae86     2ba (0000ae80)     SS_currentPlotHashIndices
0000ae8a     2ba (0000ae80)     SS_streamToggleStates
0000ae8e     2ba (0000ae80)     _lock
0000ae90     2ba (0000ae80)     _unlock


GLOBAL SYMBOLS: SORTED ALPHABETICALLY BY Name 

page  address   name                                          
----  -------   ----                                          
0     0000a073  Board_init                                    
0     00009881  C$$EXIT                                       
0     00008a54  Device_enableAllPeripherals                   
0     00009163  Device_init                                   
0     0000a054  Device_initGPIO                               
0     0000848b  EPWM_init                                     
0     00009577  EXPORTPACKAGE_sendFloatArrayAsByteArray       
0     00008972  EXPORTPACKAGE_takeActionOnMessage             
0     0000a182  EXPORT_init                                   
0     00009a99  EXPORT_receivedData                           
0     0000a12e  EXPORT_transmitCharBlocking                   
0     00009663  GPIO_setAnalogMode                            
0     00009742  GPIO_setDirectionMode                         
0     00009111  GPIO_setPadConfig                             
0     0000969d  GPIO_setPinConfig                             
0     000096d4  GPIO_setQualificationMode                     
0     000087fb  INPUTXBAR_init                                
0     00009c2a  INTERRUPT_init                                
0     000090bb  INT_myMCUSignalSight0_transferLayer_SCI_RX_ISR
0     000095b3  INT_myMCUSignalSight0_transferLayer_SCI_TX_ISR
0     00009deb  Interrupt_defaultHandler                      
0     00009204  Interrupt_disable                             
0     0000970b  Interrupt_enable                              
0     0000a11a  Interrupt_illegalOperationHandler             
0     0000953a  Interrupt_initModule                          
0     00009af4  Interrupt_initVectorTable                     
0     0000a124  Interrupt_nmiHandler                          
0     00008f06  PinMux_init                                   
0     00009332  SCI_clearInterruptStatus                      
0     00009377  SCI_enableInterrupt                           
0     00009ffd  SCI_init                                      
0     000094fc  SCI_setConfig                                 
0     000092ea  SIGNALSIGHT_capturePlotData                   
0     0000a0a0  SIGNALSIGHT_getVariableAddressAtHashIndex     
0     0000a173  SIGNALSIGHT_init                              
0     00008b34  SIGNALSIGHT_queueUpStreamData                 
0     0000a137  SIGNALSIGHT_resetStates                       
0     00009fc7  SIGNALSIGHT_sendAcknowledge                   
0     00008800  SIGNALSIGHT_sendPlotData                      
1     0000ae54  SSHASH_hash_table                             
1     0000ae78  SS_bufferElementIndex                         
1     0000ae7c  SS_bufferElementIndex2                        
1     0000ae79  SS_bufferIsFull                               
1     0000ae7d  SS_bufferIsFull2                              
1     0000ae86  SS_currentPlotHashIndices                     
1     0000ae76  SS_currentStreamState                         
1     0000ae7b  SS_initiallyClearBuffer                       
1     0000ae77  SS_nextTxCMD                                  
1     0000ab84  SS_streamA_buffer                             
1     0000ab20  SS_streamA_buffer2                            
1     0000ac4c  SS_streamB_buffer                             
1     0000abe8  SS_streamB_buffer2                            
1     0000ad14  SS_streamC_buffer                             
1     0000acb0  SS_streamC_buffer2                            
1     0000addc  SS_streamD_buffer                             
1     0000ad78  SS_streamD_buffer2                            
1     0000ae7a  SS_streamDataSkips                            
1     0000ae7f  SS_streamDataSkips2                           
1     0000ae8a  SS_streamToggleStates                         
1     0000ae7e  SS_writeBuffer1readBuffer2                    
0     0000905e  SVM_openLoopInit                              
0     00008f78  SVM_openLoopRun                               
0     00009b12  SYNC_init                                     
0     000000f6  SysCtl_delay                                  
0     00009000  SysCtl_getClock                               
0     00009c10  SysCtl_getLowSpeedClock                       
0     00008ccc  SysCtl_isPLLValid                             
0     00009252  SysCtl_selectOscSource                        
0     0000947e  SysCtl_selectXTAL                             
0     0000996b  SysCtl_selectXTALSingleEnded                  
0     00008c04  SysCtl_setClock                               
0     0000012c  __TI_CINIT_Base                               
0     00000134  __TI_CINIT_Limit                              
0     00000134  __TI_CINIT_Warm                               
0     00000122  __TI_Handler_Table_Base                       
0     00000128  __TI_Handler_Table_Limit                      
1     000007f8  __TI_STACK_END                                
abs   000003f8  __TI_STACK_SIZE                               
0     00009856  __TI_auto_init_nobinit_nopinit                
1     0000ae82  __TI_cleanup_ptr                              
0     000097a4  __TI_decompress_lzss                          
0     0000a149  __TI_decompress_none                          
1     0000ae84  __TI_dtors_ptr                                
1     0000ae80  __TI_enable_exit_profile_output               
abs   ffffffff  __TI_pprof_out_hndl                           
abs   ffffffff  __TI_prof_data_size                           
abs   ffffffff  __TI_prof_data_start                          
0     0000a0d5  __TI_zero_init_nomemset                       
abs   ffffffff  __c_args__                                    
0     0000a160  __error__                                     
0     0000a104  __relaxed_cosf                                
0     0000a10f  __relaxed_sinf                                
1     00000400  __stack                                       
0     00009feb  _args_main                                    
0     00009da8  _c_int00                                      
1     0000ae8e  _lock                                         
0     0000a148  _nop                                          
0     0000a144  _register_lock                                
0     0000a140  _register_unlock                              
0     0000a183  _system_post_cinit                            
0     000097fe  _system_pre_init                              
1     0000ae90  _unlock                                       
0     00009881  abort                                         
0     00000000  code_start                                    
0     00008d89  epwm1ISR                                      
0     00009883  exit                                          
1     0000ae66  exportRXData                                  
0     000099fa  f32toBytes                                    
0     00009773  main                                          
0     00009a3b  memcpy                                        
0     0000a178  myINPUTXBARINPUT0_init                        
0     0000a17d  myINPUTXBARINPUT1_init                        
0     000093bb  myMCUSignalSight0_transferLayer_SCI_init      
1     0000ae52  svm_Sector                                    
1     0000ae42  svm_Ta                                        
1     0000ae44  svm_Tb                                        
1     0000ae46  svm_Tc                                        
1     0000ae4e  svm_Ualpha                                    
1     0000ae50  svm_Ubeta                                     
1     0000ae4c  svm_d0                                        
1     0000ae48  svm_d1                                        
1     0000ae4a  svm_d2                                        


GLOBAL SYMBOLS: SORTED BY Symbol Address 

page  address   name                                          
----  -------   ----                                          
0     00000000  code_start                                    
0     000000f6  SysCtl_delay                                  
0     00000122  __TI_Handler_Table_Base                       
0     00000128  __TI_Handler_Table_Limit                      
0     0000012c  __TI_CINIT_Base                               
0     00000134  __TI_CINIT_Limit                              
0     00000134  __TI_CINIT_Warm                               
0     0000848b  EPWM_init                                     
0     000087fb  INPUTXBAR_init                                
0     00008800  SIGNALSIGHT_sendPlotData                      
0     00008972  EXPORTPACKAGE_takeActionOnMessage             
0     00008a54  Device_enableAllPeripherals                   
0     00008b34  SIGNALSIGHT_queueUpStreamData                 
0     00008c04  SysCtl_setClock                               
0     00008ccc  SysCtl_isPLLValid                             
0     00008d89  epwm1ISR                                      
0     00008f06  PinMux_init                                   
0     00008f78  SVM_openLoopRun                               
0     00009000  SysCtl_getClock                               
0     0000905e  SVM_openLoopInit                              
0     000090bb  INT_myMCUSignalSight0_transferLayer_SCI_RX_ISR
0     00009111  GPIO_setPadConfig                             
0     00009163  Device_init                                   
0     00009204  Interrupt_disable                             
0     00009252  SysCtl_selectOscSource                        
0     000092ea  SIGNALSIGHT_capturePlotData                   
0     00009332  SCI_clearInterruptStatus                      
0     00009377  SCI_enableInterrupt                           
0     000093bb  myMCUSignalSight0_transferLayer_SCI_init      
0     0000947e  SysCtl_selectXTAL                             
0     000094fc  SCI_setConfig                                 
0     0000953a  Interrupt_initModule                          
0     00009577  EXPORTPACKAGE_sendFloatArrayAsByteArray       
0     000095b3  INT_myMCUSignalSight0_transferLayer_SCI_TX_ISR
0     00009663  GPIO_setAnalogMode                            
0     0000969d  GPIO_setPinConfig                             
0     000096d4  GPIO_setQualificationMode                     
0     0000970b  Interrupt_enable                              
0     00009742  GPIO_setDirectionMode                         
0     00009773  main                                          
0     000097a4  __TI_decompress_lzss                          
0     000097fe  _system_pre_init                              
0     00009856  __TI_auto_init_nobinit_nopinit                
0     00009881  C$$EXIT                                       
0     00009881  abort                                         
0     00009883  exit                                          
0     0000996b  SysCtl_selectXTALSingleEnded                  
0     000099fa  f32toBytes                                    
0     00009a3b  memcpy                                        
0     00009a99  EXPORT_receivedData                           
0     00009af4  Interrupt_initVectorTable                     
0     00009b12  SYNC_init                                     
0     00009c10  SysCtl_getLowSpeedClock                       
0     00009c2a  INTERRUPT_init                                
0     00009da8  _c_int00                                      
0     00009deb  Interrupt_defaultHandler                      
0     00009fc7  SIGNALSIGHT_sendAcknowledge                   
0     00009feb  _args_main                                    
0     00009ffd  SCI_init                                      
0     0000a054  Device_initGPIO                               
0     0000a073  Board_init                                    
0     0000a0a0  SIGNALSIGHT_getVariableAddressAtHashIndex     
0     0000a0d5  __TI_zero_init_nomemset                       
0     0000a104  __relaxed_cosf                                
0     0000a10f  __relaxed_sinf                                
0     0000a11a  Interrupt_illegalOperationHandler             
0     0000a124  Interrupt_nmiHandler                          
0     0000a12e  EXPORT_transmitCharBlocking                   
0     0000a137  SIGNALSIGHT_resetStates                       
0     0000a140  _register_unlock                              
0     0000a144  _register_lock                                
0     0000a148  _nop                                          
0     0000a149  __TI_decompress_none                          
0     0000a160  __error__                                     
0     0000a173  SIGNALSIGHT_init                              
0     0000a178  myINPUTXBARINPUT0_init                        
0     0000a17d  myINPUTXBARINPUT1_init                        
0     0000a182  EXPORT_init                                   
0     0000a183  _system_post_cinit                            
1     00000400  __stack                                       
1     000007f8  __TI_STACK_END                                
1     0000ab20  SS_streamA_buffer2                            
1     0000ab84  SS_streamA_buffer                             
1     0000abe8  SS_streamB_buffer2                            
1     0000ac4c  SS_streamB_buffer                             
1     0000acb0  SS_streamC_buffer2                            
1     0000ad14  SS_streamC_buffer                             
1     0000ad78  SS_streamD_buffer2                            
1     0000addc  SS_streamD_buffer                             
1     0000ae42  svm_Ta                                        
1     0000ae44  svm_Tb                                        
1     0000ae46  svm_Tc                                        
1     0000ae48  svm_d1                                        
1     0000ae4a  svm_d2                                        
1     0000ae4c  svm_d0                                        
1     0000ae4e  svm_Ualpha                                    
1     0000ae50  svm_Ubeta                                     
1     0000ae52  svm_Sector                                    
1     0000ae54  SSHASH_hash_table                             
1     0000ae66  exportRXData                                  
1     0000ae76  SS_currentStreamState                         
1     0000ae77  SS_nextTxCMD                                  
1     0000ae78  SS_bufferElementIndex                         
1     0000ae79  SS_bufferIsFull                               
1     0000ae7a  SS_streamDataSkips                            
1     0000ae7b  SS_initiallyClearBuffer                       
1     0000ae7c  SS_bufferElementIndex2                        
1     0000ae7d  SS_bufferIsFull2                              
1     0000ae7e  SS_writeBuffer1readBuffer2                    
1     0000ae7f  SS_streamDataSkips2                           
1     0000ae80  __TI_enable_exit_profile_output               
1     0000ae82  __TI_cleanup_ptr                              
1     0000ae84  __TI_dtors_ptr                                
1     0000ae86  SS_currentPlotHashIndices                     
1     0000ae8a  SS_streamToggleStates                         
1     0000ae8e  _lock                                         
1     0000ae90  _unlock                                       
abs   000003f8  __TI_STACK_SIZE                               
abs   ffffffff  __TI_pprof_out_hndl                           
abs   ffffffff  __TI_prof_data_size                           
abs   ffffffff  __TI_prof_data_start                          
abs   ffffffff  __c_args__                                    

[122 symbols]
