\BOOKMARK [1][-]{section.1}{\376\377\000G\000i\036\333\000i\000\040\000t\000h\000i\036\307\000u}{}% 1
\BOOKMARK [2][-]{subsection.1.1}{\376\377\000B\036\321\000i\000\040\000c\036\243\000n\000h\000:\000\040\001\021\000i\036\301\000u\000\040\000c\000h\036\277\000\040\001\021\036\323\000n\000g\000\040\000b\036\331\000\040\000v\000\340\000\040\000S\000O\000P\000W\000M}{section.1}% 2
\BOOKMARK [2][-]{subsection.1.2}{\376\377\000N\036\301\000n\000\040\000t\036\243\000n\000g\000\040\000p\000h\036\247\000n\000\040\000c\036\351\000n\000g}{section.1}% 3
\BOOKMARK [1][-]{section.2}{\376\377\000V\036\245\000n\000\040\001\021\036\301\000\040\0001\000:\000\040\000G\000i\036\333\000i\000\040\000h\036\241\000n\000\040\000p\000h\036\247\000n\000\040\000c\036\351\000n\000g\000\040\040\024\000\040\000h\000a\000i\000\040\000C\000M\000P\000\040\000n\000h\001\260\000n\000g\000\040\000c\036\247\000n\000\040\0004\000M\000\040\000s\036\361\000\040\000k\000i\036\307\000n}{}% 4
\BOOKMARK [2][-]{subsection.2.1}{\376\377\000P\000h\000\341\000t\000\040\000b\000i\036\303\000u\000\040\000b\000\340\000i\000\040\000t\000o\000\341\000n}{section.2}% 5
\BOOKMARK [2][-]{subsection.2.2}{\376\377\000N\000g\000u\000y\000\352\000n\000\040\000l\000\375\000\040\000g\000i\036\243\000i\000\040\000p\000h\000\341\000p\000:\000\040\000b\036\243\000n\000g\000\040\000l\036\313\000c\000h\000\040\000t\000h\000e\000o\000\040\000c\000h\000u\000\040\000k\036\363\000\040\000m\000a\000n\000g}{section.2}% 6
\BOOKMARK [2][-]{subsection.2.3}{\376\377\000M\036\337\000\040\000r\036\331\000n\000g\000\040\000q\000u\000a\000r\000t\000e\000r\000-\000w\000a\000v\000e\000\040\000t\036\353\000\040\000L\000U\000T}{section.2}% 7
\BOOKMARK [2][-]{subsection.2.4}{\376\377\001\020\036\321\000i\000\040\000x\036\351\000n\000g\000\040\000n\036\355\000a\000\040\000c\000h\000u\000\040\000k\036\363\000\040\000v\000\340\000\040\000b\000a\000\040\000p\000h\000a}{section.2}% 8
\BOOKMARK [1][-]{section.3}{\376\377\000V\036\245\000n\000\040\001\021\036\301\000\040\0002\000:\000\040\000T\000\355\000n\000h\000\040\000c\036\247\000n\000\040\000t\000h\000i\036\277\000t\000\040\000c\036\347\000a\000\040\000D\000M\000A\000\040\000t\000r\000o\000n\000g\000\040\000c\036\255\000p\000\040\000n\000h\036\255\000t\000\040\000g\000\363\000c}{}% 9
\BOOKMARK [2][-]{subsection.3.1}{\376\377\000T\036\241\000i\000\040\000s\000a\000o\000\040\000C\000P\000U\000\040\000k\000h\000\364\000n\000g\000\040\001\021\036\347}{section.3}% 10
\BOOKMARK [2][-]{subsection.3.2}{\376\377\000C\036\245\000u\000\040\000h\000\354\000n\000h\000\040\000D\000M\000A\000\040\000t\000r\000o\000n\000g\000\040\000d\036\361\000\040\000\341\000n}{section.3}% 11
\BOOKMARK [2][-]{subsection.3.3}{\376\377\001\020\036\323\000n\000g\000\040\000b\036\331\000\040\000D\000M\000A\000\040\040\023\000\040\000I\000S\000R\000\040\040\023\000\040\000v\000\362\000n\000g\000\040\000l\036\267\000p\000\040\000c\000h\000\355\000n\000h}{section.3}% 12
\BOOKMARK [2][-]{subsection.3.4}{\376\377\000C\000h\036\311\000\040\000s\036\321\000\040\001\021\000i\036\301\000u\000\040\000c\000h\036\277\000\040\000v\000\340\000\040\000c\036\255\000p\000\040\000n\000h\036\255\000t\000\040\000g\000\363\000c}{section.3}% 13
\BOOKMARK [1][-]{section.4}{\376\377\000V\036\245\000n\000\040\001\021\036\301\000\040\0003\000:\000\040\000P\000h\000\342\000n\000\040\000b\036\321\000\040\000b\036\331\000\040\000n\000h\036\333\000\040\000F\000L\000A\000S\000H\000/\000R\000A\000M}{}% 14
\BOOKMARK [2][-]{subsection.4.1}{\376\377\000P\000h\000\341\000t\000\040\000b\000i\036\303\000u\000\040\000v\036\245\000n\000\040\001\021\036\301}{section.4}% 15
\BOOKMARK [2][-]{subsection.4.2}{\376\377\000C\036\245\000u\000\040\000h\000\354\000n\000h\000\040\000b\036\331\000\040\000n\000h\036\333\000\040\000t\000r\000o\000n\000g\000\040\000d\036\361\000\040\000\341\000n}{section.4}% 16
\BOOKMARK [3][-]{subsubsection.4.2.1}{\376\377\000B\036\243\000n\000\040\001\021\036\323\000\040\000v\036\255\000t\000\040\000l\000\375\000\040\000F\0002\0008\0000\0000\0004\0009\000C\000\040\000\050\000t\000r\000\355\000c\000h\000\040\0002\0008\0000\0000\0004\000x\000\137\000g\000e\000n\000e\000r\000i\000c\000\137\000f\000l\000a\000s\000h\000\137\000l\000n\000k\000.\000c\000m\000d\000\051}{subsection.4.2}% 17
\BOOKMARK [3][-]{subsubsection.4.2.2}{\376\377\000C\036\245\000u\000\040\000h\000\354\000n\000h\000\040\000s\000e\000c\000t\000i\000o\000n\000\040\000t\000r\000o\000n\000g\000\040\000f\000i\000l\000e\000\040\000l\000i\000\352\000n\000\040\000k\036\277\000t}{subsection.4.2}% 18
\BOOKMARK [3][-]{subsubsection.4.2.3}{\376\377\000R\000\340\000n\000g\000\040\000b\000u\036\331\000c\000\040\000b\000u\000i\000l\000d\000\040\000C\000C\000S}{subsection.4.2}% 19
\BOOKMARK [2][-]{subsection.4.3}{\376\377\001\020\000\363\000n\000g\000\040\000g\000\363\000p\000\040\000c\036\347\000a\000\040\000m\000\343\000\040\000n\000g\000u\036\323\000n}{section.4}% 20
\BOOKMARK [3][-]{subsubsection.4.3.1}{\376\377\000M\000i\000n\000h\000\040\000h\000o\036\241\000\040\000p\000l\000a\000c\000e\000m\000e\000n\000t\000\040\000t\000r\000o\000n\000g\000\040\000s\000o\000p\000w\000m\000.\000c}{subsection.4.3}% 21
\BOOKMARK [2][-]{subsection.4.4}{\376\377\000S\001\241\000\040\001\021\036\323\000\040\000p\000h\000\342\000n\000\040\000v\000\371\000n\000g\000\040\000l\000o\000g\000i\000c}{section.4}% 22
\BOOKMARK [2][-]{subsection.4.5}{\376\377\000C\000h\000i\000\040\000t\000i\036\277\000t\000\040\000d\000u\000n\000g\000\040\000l\001\260\036\343\000n\000g\000\040\000L\000U\000T}{section.4}% 23
\BOOKMARK [2][-]{subsection.4.6}{\376\377\000K\036\277\000t\000\040\000q\000u\036\243\000\040\000v\000\340\000\040\000h\036\307\000\040\000q\000u\036\243\000\040\000t\000h\000i\036\277\000t\000\040\000k\036\277}{section.4}% 24
\BOOKMARK [1][-]{section.5}{\376\377\000C\000\364\000n\000g\000\040\000t\000h\036\351\000c\000\040\000t\036\325\000n\000g\000\040\000h\036\343\000p\000\040\000v\000\340\000\040\000v\000\355\000\040\000d\036\345\000\040\000s\036\321}{}% 25
\BOOKMARK [2][-]{subsection.5.1}{\376\377\000V\000\355\000\040\000d\036\345\000:\000\040\000N\000=\0007\000,\000\040\000m\000=\0000\000,\0005\0000}{section.5}% 26
\BOOKMARK [2][-]{subsection.5.2}{\376\377\001\020\000i\036\301\000u\000\040\000k\000i\036\307\000n\000\040\000t\000\355\000n\000h\000\040\001\021\000\372\000n\000g\000\040\000c\036\347\000a\000\040\000S\000O\000P\000W\000M\000\040\001\021\036\323\000n\000g\000\040\000b\036\331}{section.5}% 27
\BOOKMARK [1][-]{section.6}{\376\377\000K\036\277\000t\000\040\000l\000u\036\255\000n}{}% 28
\BOOKMARK [1][-]{appendix.A}{\376\377\000T\000h\000a\000m\000\040\000c\000h\000i\036\277\000u\000\040\000m\000\343\000\040\000n\000g\000u\036\323\000n}{}% 29
